#
# There is insufficient memory for the Java Runtime Environment to continue.
# Native memory allocation (malloc) failed to allocate 361168 bytes. Error detail: Chunk::new
# Possible reasons:
#   The system is out of physical RAM or swap space
#   This process is running with CompressedOops enabled, and the Java Heap may be blocking the growth of the native heap
# Possible solutions:
#   Reduce memory load on the system
#   Increase physical memory or swap space
#   Check if swap backing store is full
#   Decrease Java heap size (-Xmx/-Xms)
#   Decrease number of Java threads
#   Decrease Java thread stack sizes (-Xss)
#   Set larger code cache with -XX:ReservedCodeCacheSize=
#   JVM is running with Zero Based Compressed Oops mode in which the Java heap is
#     placed in the first 32GB address space. The Java Heap base address is the
#     maximum limit for the native heap growth. Please use -XX:HeapBaseMinAddress
#     to set the Java Heap base and to place the Java Heap above 32GB virtual address.
# This output file may be truncated or incomplete.
#
#  Out of Memory Error (arena.cpp:191), pid=16512, tid=1280
#
# JRE version: OpenJDK Runtime Environment JBR-17.0.12+1-1207.37-nomod (17.0.12+1) (build 17.0.12+1-b1207.37)
# Java VM: OpenJDK 64-Bit Server VM JBR-17.0.12+1-1207.37-nomod (17.0.12+1-b1207.37, mixed mode, sharing, tiered, compressed oops, compressed class ptrs, g1 gc, windows-amd64)
# No core dump will be written. Minidumps are not enabled by default on client versions of Windows
#

---------------  S U M M A R Y ------------

Command Line: -Dclassworlds.conf=C:\Program Files\JetBrains\IntelliJ IDEA 2025.2.3\plugins\maven\lib\maven3\bin\m2.conf -Dmaven.home=C:\Program Files\JetBrains\IntelliJ IDEA 2025.2.3\plugins\maven\lib\maven3 -Dlibrary.jansi.path=C:\Program Files\JetBrains\IntelliJ IDEA 2025.2.3\plugins\maven\lib\maven3\lib\jansi-native -Dmaven.multiModuleProjectDirectory=C:\Users\User_01\projet_Greencore org.codehaus.plexus.classworlds.launcher.Launcher -Didea.version=2025.2.3 -Dmaven.ext.class.path=C:\Program Files\JetBrains\IntelliJ IDEA 2025.2.3\plugins\maven\lib\maven-event-listener.jar -Djansi.passthrough=true -Dstyle.color=always -Dmaven.repo.local=C:\Users\User_01\.m2\repository javafx:run -f pom.xml

Host: 11th Gen Intel(R) Core(TM) i5-1155G7 @ 2.50GHz, 8 cores, 11G,  Windows 11 , 64 bit Build 26100 (10.0.26100.7623)
Time: Sun Apr 26 22:02:43 2026 Afr. centrale Ouest elapsed time: 10.644592 seconds (0d 0h 0m 10s)

---------------  T H R E A D  ---------------

Current thread (0x000001ea1e009010):  JavaThread "C2 CompilerThread0" daemon [_thread_in_native, id=1280, stack(0x0000008e77f00000,0x0000008e78000000)]


Current CompileTask:
C2:  10644 3469       4       java.io.DataInputStream::readUTF (501 bytes)

Stack: [0x0000008e77f00000,0x0000008e78000000]
Native frames: (J=compiled Java code, j=interpreted, Vv=VM code, C=native code)
V  [jvm.dll+0x689d89]
V  [jvm.dll+0x84386a]
V  [jvm.dll+0x8454ee]
V  [jvm.dll+0x845b53]
V  [jvm.dll+0x24a56f]
V  [jvm.dll+0xac9e4]
V  [jvm.dll+0xad02c]
V  [jvm.dll+0x36a6f7]
V  [jvm.dll+0x334b8a]
V  [jvm.dll+0x33402a]
V  [jvm.dll+0x21bfb1]
V  [jvm.dll+0x21b3f1]
V  [jvm.dll+0x1a68ed]
V  [jvm.dll+0x22b2de]
V  [jvm.dll+0x229445]
V  [jvm.dll+0x7f7917]
V  [jvm.dll+0x7f1cec]
V  [jvm.dll+0x688be7]
C  [ucrtbase.dll+0x37b0]
C  [KERNEL32.DLL+0x2e8d7]
C  [ntdll.dll+0x8c53c]


---------------  P R O C E S S  ---------------

Threads class SMR info:
_java_thread_list=0x000001ea1f5c86b0, length=14, elements={
0x000001e9bc521b10, 0x000001e9d8a9ab00, 0x000001e9d8a9e150, 0x000001e9d8ab16f0,
0x000001e9d8ab3fe0, 0x000001e9d8ab48b0, 0x000001e9d8ab5180, 0x000001ea1e009010,
0x000001ea1e02c560, 0x000001ea1e033630, 0x000001ea1e16fbc0, 0x000001ea1e172b60,
0x000001ea1f281b20, 0x000001ea1f072f80
}

Java Threads: ( => current thread )
  0x000001e9bc521b10 JavaThread "main" [_thread_in_native, id=21480, stack(0x0000008e77200000,0x0000008e77300000)]
  0x000001e9d8a9ab00 JavaThread "Reference Handler" daemon [_thread_blocked, id=16048, stack(0x0000008e77900000,0x0000008e77a00000)]
  0x000001e9d8a9e150 JavaThread "Finalizer" daemon [_thread_blocked, id=19320, stack(0x0000008e77a00000,0x0000008e77b00000)]
  0x000001e9d8ab16f0 JavaThread "Signal Dispatcher" daemon [_thread_blocked, id=6284, stack(0x0000008e77b00000,0x0000008e77c00000)]
  0x000001e9d8ab3fe0 JavaThread "Attach Listener" daemon [_thread_blocked, id=1844, stack(0x0000008e77c00000,0x0000008e77d00000)]
  0x000001e9d8ab48b0 JavaThread "Service Thread" daemon [_thread_blocked, id=19168, stack(0x0000008e77d00000,0x0000008e77e00000)]
  0x000001e9d8ab5180 JavaThread "Monitor Deflation Thread" daemon [_thread_blocked, id=12980, stack(0x0000008e77e00000,0x0000008e77f00000)]
=>0x000001ea1e009010 JavaThread "C2 CompilerThread0" daemon [_thread_in_native, id=1280, stack(0x0000008e77f00000,0x0000008e78000000)]
  0x000001ea1e02c560 JavaThread "C1 CompilerThread0" daemon [_thread_blocked, id=15512, stack(0x0000008e78000000,0x0000008e78100000)]
  0x000001ea1e033630 JavaThread "Sweeper thread" daemon [_thread_blocked, id=10688, stack(0x0000008e78100000,0x0000008e78200000)]
  0x000001ea1e16fbc0 JavaThread "Notification Thread" daemon [_thread_blocked, id=21748, stack(0x0000008e78200000,0x0000008e78300000)]
  0x000001ea1e172b60 JavaThread "Common-Cleaner" daemon [_thread_blocked, id=5160, stack(0x0000008e78400000,0x0000008e78500000)]
  0x000001ea1f281b20 JavaThread "Thread-1" daemon [_thread_blocked, id=17836, stack(0x0000008e78d00000,0x0000008e78e00000)]
  0x000001ea1f072f80 JavaThread "C2 CompilerThread1" daemon [_thread_blocked, id=4076, stack(0x0000008e78c00000,0x0000008e78d00000)]

Other Threads:
  0x000001e9d8a93a50 VMThread "VM Thread" [stack: 0x0000008e77800000,0x0000008e77900000] [id=2888]
  0x000001ea1e1704b0 WatcherThread [stack: 0x0000008e78300000,0x0000008e78400000] [id=14072]
  0x000001e9bc578e60 GCTaskThread "GC Thread#0" [stack: 0x0000008e77300000,0x0000008e77400000] [id=540]
  0x000001ea1e489900 GCTaskThread "GC Thread#1" [stack: 0x0000008e78600000,0x0000008e78700000] [id=9132]
  0x000001ea1eb17050 GCTaskThread "GC Thread#2" [stack: 0x0000008e78700000,0x0000008e78800000] [id=10660]
  0x000001ea1eb17b20 GCTaskThread "GC Thread#3" [stack: 0x0000008e78800000,0x0000008e78900000] [id=18240]
  0x000001ea1ebfc3a0 GCTaskThread "GC Thread#4" [stack: 0x0000008e78900000,0x0000008e78a00000] [id=1980]
  0x000001ea1ebfea80 GCTaskThread "GC Thread#5" [stack: 0x0000008e78a00000,0x0000008e78b00000] [id=11216]
  0x000001ea1e12ab00 GCTaskThread "GC Thread#6" [stack: 0x0000008e78b00000,0x0000008e78c00000] [id=6620]
  0x000001ea1eb403b0 GCTaskThread "GC Thread#7" [stack: 0x0000008e78500000,0x0000008e78600000] [id=1940]
  0x000001e9bc585950 ConcurrentGCThread "G1 Main Marker" [stack: 0x0000008e77400000,0x0000008e77500000] [id=9080]
  0x000001e9bc586280 ConcurrentGCThread "G1 Conc#0" [stack: 0x0000008e77500000,0x0000008e77600000] [id=6904]
  0x000001e9d89496d0 ConcurrentGCThread "G1 Refine#0" [stack: 0x0000008e77600000,0x0000008e77700000] [id=20844]
  0x000001e9d894a010 ConcurrentGCThread "G1 Service" [stack: 0x0000008e77700000,0x0000008e77800000] [id=8160]

Threads with active compile tasks:
C2 CompilerThread0    10699 3469       4       java.io.DataInputStream::readUTF (501 bytes)

VM state: not at safepoint (normal execution)

VM Mutex/Monitor currently owned by a thread: None

Heap address: 0x0000000743600000, size: 3018 MB, Compressed Oops mode: Zero based, Oop shift amount: 3

CDS archive(s) mapped at: [0x000001e9d9000000-0x000001e9d9c00000-0x000001e9d9c00000), size 12582912, SharedBaseAddress: 0x000001e9d9000000, ArchiveRelocationMode: 1.
Compressed class space mapped at: 0x000001e9da000000-0x000001ea1a000000, reserved size: 1073741824
Narrow klass base: 0x000001e9d9000000, Narrow klass shift: 0, Narrow klass range: 0x100000000

GC Precious Log:
 CPUs: 8 total, 8 available
 Memory: 12071M
 Large Page Support: Disabled
 NUMA Support: Disabled
 Compressed Oops: Enabled (Zero based)
 Heap Region Size: 2M
 Heap Min Capacity: 8M
 Heap Initial Capacity: 190M
 Heap Max Capacity: 3018M
 Pre-touch: Disabled
 Parallel Workers: 8
 Concurrent Workers: 2
 Concurrent Refinement Workers: 8
 Periodic GC: Disabled

Heap:
 garbage-first heap   total 194560K, used 60367K [0x0000000743600000, 0x0000000800000000)
  region size 2048K, 29 young (59392K), 1 survivors (2048K)
 Metaspace       used 17132K, committed 17344K, reserved 1114112K
  class space    used 2134K, committed 2240K, reserved 1048576K

Heap Regions: E=young(eden), S=young(survivor), O=old, HS=humongous(starts), HC=humongous(continues), CS=collection set, F=free, OA=open archive, CA=closed archive, TAMS=top-at-mark-start (previous, next)
|   0|0x0000000743600000, 0x0000000743800000, 0x0000000743800000|100%| O|  |TAMS 0x0000000743600000, 0x0000000743600000| Untracked 
|   1|0x0000000743800000, 0x000000074395a000, 0x0000000743a00000| 67%| O|  |TAMS 0x0000000743800000, 0x0000000743800000| Untracked 
|   2|0x0000000743a00000, 0x0000000743a00000, 0x0000000743c00000|  0%| F|  |TAMS 0x0000000743a00000, 0x0000000743a00000| Untracked 
|   3|0x0000000743c00000, 0x0000000743c00000, 0x0000000743e00000|  0%| F|  |TAMS 0x0000000743c00000, 0x0000000743c00000| Untracked 
|   4|0x0000000743e00000, 0x0000000743e00000, 0x0000000744000000|  0%| F|  |TAMS 0x0000000743e00000, 0x0000000743e00000| Untracked 
|   5|0x0000000744000000, 0x0000000744000000, 0x0000000744200000|  0%| F|  |TAMS 0x0000000744000000, 0x0000000744000000| Untracked 
|   6|0x0000000744200000, 0x0000000744200000, 0x0000000744400000|  0%| F|  |TAMS 0x0000000744200000, 0x0000000744200000| Untracked 
|   7|0x0000000744400000, 0x0000000744400000, 0x0000000744600000|  0%| F|  |TAMS 0x0000000744400000, 0x0000000744400000| Untracked 
|   8|0x0000000744600000, 0x0000000744600000, 0x0000000744800000|  0%| F|  |TAMS 0x0000000744600000, 0x0000000744600000| Untracked 
|   9|0x0000000744800000, 0x0000000744800000, 0x0000000744a00000|  0%| F|  |TAMS 0x0000000744800000, 0x0000000744800000| Untracked 
|  10|0x0000000744a00000, 0x0000000744a00000, 0x0000000744c00000|  0%| F|  |TAMS 0x0000000744a00000, 0x0000000744a00000| Untracked 
|  11|0x0000000744c00000, 0x0000000744c00000, 0x0000000744e00000|  0%| F|  |TAMS 0x0000000744c00000, 0x0000000744c00000| Untracked 
|  12|0x0000000744e00000, 0x0000000744e00000, 0x0000000745000000|  0%| F|  |TAMS 0x0000000744e00000, 0x0000000744e00000| Untracked 
|  13|0x0000000745000000, 0x0000000745000000, 0x0000000745200000|  0%| F|  |TAMS 0x0000000745000000, 0x0000000745000000| Untracked 
|  14|0x0000000745200000, 0x0000000745200000, 0x0000000745400000|  0%| F|  |TAMS 0x0000000745200000, 0x0000000745200000| Untracked 
|  15|0x0000000745400000, 0x0000000745400000, 0x0000000745600000|  0%| F|  |TAMS 0x0000000745400000, 0x0000000745400000| Untracked 
|  16|0x0000000745600000, 0x0000000745600000, 0x0000000745800000|  0%| F|  |TAMS 0x0000000745600000, 0x0000000745600000| Untracked 
|  17|0x0000000745800000, 0x0000000745800000, 0x0000000745a00000|  0%| F|  |TAMS 0x0000000745800000, 0x0000000745800000| Untracked 
|  18|0x0000000745a00000, 0x0000000745a00000, 0x0000000745c00000|  0%| F|  |TAMS 0x0000000745a00000, 0x0000000745a00000| Untracked 
|  19|0x0000000745c00000, 0x0000000745c00000, 0x0000000745e00000|  0%| F|  |TAMS 0x0000000745c00000, 0x0000000745c00000| Untracked 
|  20|0x0000000745e00000, 0x0000000745e00000, 0x0000000746000000|  0%| F|  |TAMS 0x0000000745e00000, 0x0000000745e00000| Untracked 
|  21|0x0000000746000000, 0x0000000746000000, 0x0000000746200000|  0%| F|  |TAMS 0x0000000746000000, 0x0000000746000000| Untracked 
|  22|0x0000000746200000, 0x0000000746200000, 0x0000000746400000|  0%| F|  |TAMS 0x0000000746200000, 0x0000000746200000| Untracked 
|  23|0x0000000746400000, 0x0000000746400000, 0x0000000746600000|  0%| F|  |TAMS 0x0000000746400000, 0x0000000746400000| Untracked 
|  24|0x0000000746600000, 0x0000000746600000, 0x0000000746800000|  0%| F|  |TAMS 0x0000000746600000, 0x0000000746600000| Untracked 
|  25|0x0000000746800000, 0x0000000746800000, 0x0000000746a00000|  0%| F|  |TAMS 0x0000000746800000, 0x0000000746800000| Untracked 
|  26|0x0000000746a00000, 0x0000000746a00000, 0x0000000746c00000|  0%| F|  |TAMS 0x0000000746a00000, 0x0000000746a00000| Untracked 
|  27|0x0000000746c00000, 0x0000000746c00000, 0x0000000746e00000|  0%| F|  |TAMS 0x0000000746c00000, 0x0000000746c00000| Untracked 
|  28|0x0000000746e00000, 0x0000000746e00000, 0x0000000747000000|  0%| F|  |TAMS 0x0000000746e00000, 0x0000000746e00000| Untracked 
|  29|0x0000000747000000, 0x0000000747000000, 0x0000000747200000|  0%| F|  |TAMS 0x0000000747000000, 0x0000000747000000| Untracked 
|  30|0x0000000747200000, 0x0000000747200000, 0x0000000747400000|  0%| F|  |TAMS 0x0000000747200000, 0x0000000747200000| Untracked 
|  31|0x0000000747400000, 0x0000000747400000, 0x0000000747600000|  0%| F|  |TAMS 0x0000000747400000, 0x0000000747400000| Untracked 
|  32|0x0000000747600000, 0x0000000747600000, 0x0000000747800000|  0%| F|  |TAMS 0x0000000747600000, 0x0000000747600000| Untracked 
|  33|0x0000000747800000, 0x0000000747800000, 0x0000000747a00000|  0%| F|  |TAMS 0x0000000747800000, 0x0000000747800000| Untracked 
|  34|0x0000000747a00000, 0x0000000747a00000, 0x0000000747c00000|  0%| F|  |TAMS 0x0000000747a00000, 0x0000000747a00000| Untracked 
|  35|0x0000000747c00000, 0x0000000747c00000, 0x0000000747e00000|  0%| F|  |TAMS 0x0000000747c00000, 0x0000000747c00000| Untracked 
|  36|0x0000000747e00000, 0x0000000747e00000, 0x0000000748000000|  0%| F|  |TAMS 0x0000000747e00000, 0x0000000747e00000| Untracked 
|  37|0x0000000748000000, 0x0000000748000000, 0x0000000748200000|  0%| F|  |TAMS 0x0000000748000000, 0x0000000748000000| Untracked 
|  38|0x0000000748200000, 0x0000000748200000, 0x0000000748400000|  0%| F|  |TAMS 0x0000000748200000, 0x0000000748200000| Untracked 
|  39|0x0000000748400000, 0x0000000748400000, 0x0000000748600000|  0%| F|  |TAMS 0x0000000748400000, 0x0000000748400000| Untracked 
|  40|0x0000000748600000, 0x0000000748600000, 0x0000000748800000|  0%| F|  |TAMS 0x0000000748600000, 0x0000000748600000| Untracked 
|  41|0x0000000748800000, 0x0000000748800000, 0x0000000748a00000|  0%| F|  |TAMS 0x0000000748800000, 0x0000000748800000| Untracked 
|  42|0x0000000748a00000, 0x0000000748a00000, 0x0000000748c00000|  0%| F|  |TAMS 0x0000000748a00000, 0x0000000748a00000| Untracked 
|  43|0x0000000748c00000, 0x0000000748c00000, 0x0000000748e00000|  0%| F|  |TAMS 0x0000000748c00000, 0x0000000748c00000| Untracked 
|  44|0x0000000748e00000, 0x0000000748e00000, 0x0000000749000000|  0%| F|  |TAMS 0x0000000748e00000, 0x0000000748e00000| Untracked 
|  45|0x0000000749000000, 0x0000000749000000, 0x0000000749200000|  0%| F|  |TAMS 0x0000000749000000, 0x0000000749000000| Untracked 
|  46|0x0000000749200000, 0x0000000749200000, 0x0000000749400000|  0%| F|  |TAMS 0x0000000749200000, 0x0000000749200000| Untracked 
|  47|0x0000000749400000, 0x0000000749400000, 0x0000000749600000|  0%| F|  |TAMS 0x0000000749400000, 0x0000000749400000| Untracked 
|  48|0x0000000749600000, 0x0000000749600000, 0x0000000749800000|  0%| F|  |TAMS 0x0000000749600000, 0x0000000749600000| Untracked 
|  49|0x0000000749800000, 0x0000000749800000, 0x0000000749a00000|  0%| F|  |TAMS 0x0000000749800000, 0x0000000749800000| Untracked 
|  50|0x0000000749a00000, 0x0000000749a00000, 0x0000000749c00000|  0%| F|  |TAMS 0x0000000749a00000, 0x0000000749a00000| Untracked 
|  51|0x0000000749c00000, 0x0000000749c00000, 0x0000000749e00000|  0%| F|  |TAMS 0x0000000749c00000, 0x0000000749c00000| Untracked 
|  52|0x0000000749e00000, 0x0000000749e00000, 0x000000074a000000|  0%| F|  |TAMS 0x0000000749e00000, 0x0000000749e00000| Untracked 
|  53|0x000000074a000000, 0x000000074a000000, 0x000000074a200000|  0%| F|  |TAMS 0x000000074a000000, 0x000000074a000000| Untracked 
|  54|0x000000074a200000, 0x000000074a200000, 0x000000074a400000|  0%| F|  |TAMS 0x000000074a200000, 0x000000074a200000| Untracked 
|  55|0x000000074a400000, 0x000000074a400000, 0x000000074a600000|  0%| F|  |TAMS 0x000000074a400000, 0x000000074a400000| Untracked 
|  56|0x000000074a600000, 0x000000074a600000, 0x000000074a800000|  0%| F|  |TAMS 0x000000074a600000, 0x000000074a600000| Untracked 
|  57|0x000000074a800000, 0x000000074a800000, 0x000000074aa00000|  0%| F|  |TAMS 0x000000074a800000, 0x000000074a800000| Untracked 
|  58|0x000000074aa00000, 0x000000074aa00000, 0x000000074ac00000|  0%| F|  |TAMS 0x000000074aa00000, 0x000000074aa00000| Untracked 
|  59|0x000000074ac00000, 0x000000074ac00000, 0x000000074ae00000|  0%| F|  |TAMS 0x000000074ac00000, 0x000000074ac00000| Untracked 
|  60|0x000000074ae00000, 0x000000074ae00000, 0x000000074b000000|  0%| F|  |TAMS 0x000000074ae00000, 0x000000074ae00000| Untracked 
|  61|0x000000074b000000, 0x000000074b000000, 0x000000074b200000|  0%| F|  |TAMS 0x000000074b000000, 0x000000074b000000| Untracked 
|  62|0x000000074b200000, 0x000000074b200000, 0x000000074b400000|  0%| F|  |TAMS 0x000000074b200000, 0x000000074b200000| Untracked 
|  63|0x000000074b400000, 0x000000074b400000, 0x000000074b600000|  0%| F|  |TAMS 0x000000074b400000, 0x000000074b400000| Untracked 
|  64|0x000000074b600000, 0x000000074b600000, 0x000000074b800000|  0%| F|  |TAMS 0x000000074b600000, 0x000000074b600000| Untracked 
|  65|0x000000074b800000, 0x000000074b800000, 0x000000074ba00000|  0%| F|  |TAMS 0x000000074b800000, 0x000000074b800000| Untracked 
|  66|0x000000074ba00000, 0x000000074bc00000, 0x000000074bc00000|100%| E|  |TAMS 0x000000074ba00000, 0x000000074ba00000| Complete 
|  67|0x000000074bc00000, 0x000000074be00000, 0x000000074be00000|100%| E|CS|TAMS 0x000000074bc00000, 0x000000074bc00000| Complete 
|  68|0x000000074be00000, 0x000000074c000000, 0x000000074c000000|100%| E|CS|TAMS 0x000000074be00000, 0x000000074be00000| Complete 
|  69|0x000000074c000000, 0x000000074c200000, 0x000000074c200000|100%| E|CS|TAMS 0x000000074c000000, 0x000000074c000000| Complete 
|  70|0x000000074c200000, 0x000000074c400000, 0x000000074c400000|100%| E|CS|TAMS 0x000000074c200000, 0x000000074c200000| Complete 
|  71|0x000000074c400000, 0x000000074c600000, 0x000000074c600000|100%| E|CS|TAMS 0x000000074c400000, 0x000000074c400000| Complete 
|  72|0x000000074c600000, 0x000000074c800000, 0x000000074c800000|100%| E|CS|TAMS 0x000000074c600000, 0x000000074c600000| Complete 
|  73|0x000000074c800000, 0x000000074ca00000, 0x000000074ca00000|100%| E|CS|TAMS 0x000000074c800000, 0x000000074c800000| Complete 
|  74|0x000000074ca00000, 0x000000074cc00000, 0x000000074cc00000|100%| E|CS|TAMS 0x000000074ca00000, 0x000000074ca00000| Complete 
|  75|0x000000074cc00000, 0x000000074ce00000, 0x000000074ce00000|100%| E|CS|TAMS 0x000000074cc00000, 0x000000074cc00000| Complete 
|  76|0x000000074ce00000, 0x000000074d000000, 0x000000074d000000|100%| E|CS|TAMS 0x000000074ce00000, 0x000000074ce00000| Complete 
|  77|0x000000074d000000, 0x000000074d199da0, 0x000000074d200000| 80%| S|CS|TAMS 0x000000074d000000, 0x000000074d000000| Complete 
|  78|0x000000074d200000, 0x000000074d400000, 0x000000074d400000|100%| E|CS|TAMS 0x000000074d200000, 0x000000074d200000| Complete 
|  79|0x000000074d400000, 0x000000074d600000, 0x000000074d600000|100%| E|CS|TAMS 0x000000074d400000, 0x000000074d400000| Complete 
|  80|0x000000074d600000, 0x000000074d800000, 0x000000074d800000|100%| E|CS|TAMS 0x000000074d600000, 0x000000074d600000| Complete 
|  81|0x000000074d800000, 0x000000074da00000, 0x000000074da00000|100%| E|CS|TAMS 0x000000074d800000, 0x000000074d800000| Complete 
|  82|0x000000074da00000, 0x000000074dc00000, 0x000000074dc00000|100%| E|CS|TAMS 0x000000074da00000, 0x000000074da00000| Complete 
|  83|0x000000074dc00000, 0x000000074de00000, 0x000000074de00000|100%| E|CS|TAMS 0x000000074dc00000, 0x000000074dc00000| Complete 
|  84|0x000000074de00000, 0x000000074e000000, 0x000000074e000000|100%| E|CS|TAMS 0x000000074de00000, 0x000000074de00000| Complete 
|  85|0x000000074e000000, 0x000000074e200000, 0x000000074e200000|100%| E|CS|TAMS 0x000000074e000000, 0x000000074e000000| Complete 
|  86|0x000000074e200000, 0x000000074e400000, 0x000000074e400000|100%| E|CS|TAMS 0x000000074e200000, 0x000000074e200000| Complete 
|  87|0x000000074e400000, 0x000000074e600000, 0x000000074e600000|100%| E|CS|TAMS 0x000000074e400000, 0x000000074e400000| Complete 
|  88|0x000000074e600000, 0x000000074e800000, 0x000000074e800000|100%| E|CS|TAMS 0x000000074e600000, 0x000000074e600000| Complete 
|  89|0x000000074e800000, 0x000000074ea00000, 0x000000074ea00000|100%| E|CS|TAMS 0x000000074e800000, 0x000000074e800000| Complete 
|  90|0x000000074ea00000, 0x000000074ec00000, 0x000000074ec00000|100%| E|CS|TAMS 0x000000074ea00000, 0x000000074ea00000| Complete 
|  91|0x000000074ec00000, 0x000000074ee00000, 0x000000074ee00000|100%| E|CS|TAMS 0x000000074ec00000, 0x000000074ec00000| Complete 
|  92|0x000000074ee00000, 0x000000074f000000, 0x000000074f000000|100%| E|CS|TAMS 0x000000074ee00000, 0x000000074ee00000| Complete 
|  93|0x000000074f000000, 0x000000074f200000, 0x000000074f200000|100%| E|CS|TAMS 0x000000074f000000, 0x000000074f000000| Complete 
|  94|0x000000074f200000, 0x000000074f400000, 0x000000074f400000|100%| E|CS|TAMS 0x000000074f200000, 0x000000074f200000| Complete 

Card table byte_map: [0x000001e9cf5f0000,0x000001e9cfbe0000] _byte_map_base: 0x000001e9cbbd5000

Marking Bits (Prev, Next): (CMBitMap*) 0x000001e9bc579390, (CMBitMap*) 0x000001e9bc5793d0
 Prev Bits: [0x000001e9d01d0000, 0x000001e9d30f8000)
 Next Bits: [0x000001e9d3100000, 0x000001e9d6028000)

Polling page: 0x000001e9ba6e0000

Metaspace:

Usage:
  Non-class:     14.65 MB used.
      Class:      2.08 MB used.
       Both:     16.73 MB used.

Virtual space:
  Non-class space:       64.00 MB reserved,      14.75 MB ( 23%) committed,  1 nodes.
      Class space:        1.00 GB reserved,       2.19 MB ( <1%) committed,  1 nodes.
             Both:        1.06 GB reserved,      16.94 MB (  2%) committed. 

Chunk freelists:
   Non-Class:  912.00 KB
       Class:  13.85 MB
        Both:  14.74 MB

MaxMetaspaceSize: unlimited
CompressedClassSpaceSize: 1.00 GB
Initial GC threshold: 21.00 MB
Current GC threshold: 21.00 MB
CDS: on
MetaspaceReclaimPolicy: balanced
 - commit_granule_bytes: 65536.
 - commit_granule_words: 8192.
 - virtual_space_node_default_size: 8388608.
 - enlarge_chunks_in_place: 1.
 - new_chunks_are_fully_committed: 0.
 - uncommit_free_chunks: 1.
 - use_allocation_guard: 0.
 - handle_deallocations: 1.


Internal statistics:

num_allocs_failed_limit: 0.
num_arena_births: 104.
num_arena_deaths: 0.
num_vsnodes_births: 2.
num_vsnodes_deaths: 0.
num_space_committed: 271.
num_space_uncommitted: 0.
num_chunks_returned_to_freelist: 0.
num_chunks_taken_from_freelist: 720.
num_chunk_merges: 0.
num_chunk_splits: 486.
num_chunks_enlarged: 385.
num_inconsistent_stats: 0.

CodeHeap 'non-profiled nmethods': size=120000Kb used=1446Kb max_used=1446Kb free=118554Kb
 bounds [0x000001e9c77a0000, 0x000001e9c7a10000, 0x000001e9cecd0000]
CodeHeap 'profiled nmethods': size=120000Kb used=7347Kb max_used=7347Kb free=112652Kb
 bounds [0x000001e9bfcd0000, 0x000001e9c0400000, 0x000001e9c7200000]
CodeHeap 'non-nmethods': size=5760Kb used=1196Kb max_used=1232Kb free=4563Kb
 bounds [0x000001e9c7200000, 0x000001e9c7470000, 0x000001e9c77a0000]
 total_blobs=3963 nmethods=3483 adapters=392
 compilation: enabled
              stopped_count=0, restarted_count=0
 full_count=0

Compilation events (20 events):
Event: 10.602 Thread 0x000001ea1e009010 3464       4       java.lang.ClassLoader::checkName (37 bytes)
Event: 10.603 Thread 0x000001ea1e009010 nmethod 3464 0x000001e9c7906690 code [0x000001e9c7906800, 0x000001e9c79069b8]
Event: 10.604 Thread 0x000001ea1e009010 3465       4       java.lang.String::indexOf (64 bytes)
Event: 10.605 Thread 0x000001ea1e009010 nmethod 3465 0x000001e9c7906b10 code [0x000001e9c7906c80, 0x000001e9c7907018]
Event: 10.618 Thread 0x000001ea1e02c560 3466       3       java.lang.invoke.BoundMethodHandle::<init> (32 bytes)
Event: 10.618 Thread 0x000001ea1e02c560 nmethod 3466 0x000001e9c03f4790 code [0x000001e9c03f4940, 0x000001e9c03f4aa8]
Event: 10.622 Thread 0x000001ea1e02c560 3467       3       java.util.Map::entry (10 bytes)
Event: 10.622 Thread 0x000001ea1e02c560 nmethod 3467 0x000001e9c03f4b90 code [0x000001e9c03f4d80, 0x000001e9c03f5318]
Event: 10.623 Thread 0x000001ea1f072f80 3468  s    4       java.io.BufferedInputStream::read (49 bytes)
Event: 10.623 Thread 0x000001ea1e009010 3469       4       java.io.DataInputStream::readUTF (501 bytes)
Event: 10.624 Thread 0x000001ea1e02c560 3470       3       java.io.DataInputStream::readFully (9 bytes)
Event: 10.624 Thread 0x000001ea1e02c560 nmethod 3470 0x000001e9c03f5510 code [0x000001e9c03f56c0, 0x000001e9c03f5808]
Event: 10.625 Thread 0x000001ea1f072f80 nmethod 3468 0x000001e9c7907110 code [0x000001e9c79072a0, 0x000001e9c79075c8]
Event: 10.625 Thread 0x000001ea1f072f80 3471       4       java.util.HashMap::put (13 bytes)
Event: 10.625 Thread 0x000001ea1e02c560 3472       3       java.util.concurrent.ConcurrentHashMap$KeyIterator::next (34 bytes)
Event: 10.625 Thread 0x000001ea1e02c560 nmethod 3472 0x000001e9c03f5910 code [0x000001e9c03f5ac0, 0x000001e9c03f5d98]
Event: 10.626 Thread 0x000001ea1f072f80 nmethod 3471 0x000001e9c7907710 code [0x000001e9c79078a0, 0x000001e9c79079e8]
Event: 10.630 Thread 0x000001ea1f072f80 3473       4       java.lang.ref.Reference::refersTo (6 bytes)
Event: 10.630 Thread 0x000001ea1f072f80 nmethod 3473 0x000001e9c7907b10 code [0x000001e9c7907c80, 0x000001e9c7907d18]
Event: 10.638 Thread 0x000001ea1f072f80 3474       4       java.lang.String::equalsIgnoreCase (45 bytes)

GC Heap History (4 events):
Event: 5.696 GC heap before
{Heap before GC invocations=0 (full 0):
 garbage-first heap   total 194560K, used 22528K [0x0000000743600000, 0x0000000800000000)
  region size 2048K, 11 young (22528K), 0 survivors (0K)
 Metaspace       used 5657K, committed 5824K, reserved 1114112K
  class space    used 702K, committed 768K, reserved 1048576K
}
Event: 5.737 GC heap after
{Heap after GC invocations=1 (full 0):
 garbage-first heap   total 194560K, used 3595K [0x0000000743600000, 0x0000000800000000)
  region size 2048K, 2 young (4096K), 2 survivors (4096K)
 Metaspace       used 5657K, committed 5824K, reserved 1114112K
  class space    used 702K, committed 768K, reserved 1048576K
}
Event: 7.248 GC heap before
{Heap before GC invocations=1 (full 0):
 garbage-first heap   total 194560K, used 34315K [0x0000000743600000, 0x0000000800000000)
  region size 2048K, 17 young (34816K), 2 survivors (4096K)
 Metaspace       used 9384K, committed 9536K, reserved 1114112K
  class space    used 1176K, committed 1216K, reserved 1048576K
}
Event: 7.253 GC heap after
{Heap after GC invocations=2 (full 0):
 garbage-first heap   total 194560K, used 5071K [0x0000000743600000, 0x0000000800000000)
  region size 2048K, 1 young (2048K), 1 survivors (2048K)
 Metaspace       used 9384K, committed 9536K, reserved 1114112K
  class space    used 1176K, committed 1216K, reserved 1048576K
}

Dll operation events (3 events):
Event: 0.042 Loaded shared library C:\Users\User_01\.jdks\jbr-17.0.12\bin\java.dll
Event: 0.098 Loaded shared library C:\Users\User_01\.jdks\jbr-17.0.12\bin\jsvml.dll
Event: 0.924 Loaded shared library C:\Users\User_01\.jdks\jbr-17.0.12\bin\verify.dll

Deoptimization events (20 events):
Event: 10.451 Thread 0x000001e9bc521b10 Uncommon trap: trap_request=0xffffff45 fr.pc=0x000001e9c7839ba4 relative=0x00000000000002e4
Event: 10.451 Thread 0x000001e9bc521b10 Uncommon trap: reason=unstable_if action=reinterpret pc=0x000001e9c7839ba4 method=sun.net.www.ParseUtil.firstEncodeIndex(Ljava/lang/String;)I @ 51 c2
Event: 10.451 Thread 0x000001e9bc521b10 DEOPT PACKING pc=0x000001e9c7839ba4 sp=0x0000008e772fcd80
Event: 10.451 Thread 0x000001e9bc521b10 DEOPT UNPACKING pc=0x000001e9c725a1a3 sp=0x0000008e772fcb60 mode 2
Event: 10.548 Thread 0x000001e9bc521b10 Uncommon trap: trap_request=0xffffffc6 fr.pc=0x000001e9c7887ca8 relative=0x0000000000000088
Event: 10.548 Thread 0x000001e9bc521b10 Uncommon trap: reason=bimorphic_or_optimized_type_check action=maybe_recompile pc=0x000001e9c7887ca8 method=com.google.inject.internal.LinkedBindingImpl.acceptTargetVisitor(Lcom/google/inject/spi/BindingTargetVisitor;)Ljava/lang/Object; @ 2 c2
Event: 10.548 Thread 0x000001e9bc521b10 DEOPT PACKING pc=0x000001e9c7887ca8 sp=0x0000008e772fcdb0
Event: 10.548 Thread 0x000001e9bc521b10 DEOPT UNPACKING pc=0x000001e9c725a1a3 sp=0x0000008e772fcd38 mode 2
Event: 10.548 Thread 0x000001e9bc521b10 Uncommon trap: trap_request=0xffffffc6 fr.pc=0x000001e9c7887ca8 relative=0x0000000000000088
Event: 10.548 Thread 0x000001e9bc521b10 Uncommon trap: reason=bimorphic_or_optimized_type_check action=maybe_recompile pc=0x000001e9c7887ca8 method=com.google.inject.internal.LinkedBindingImpl.acceptTargetVisitor(Lcom/google/inject/spi/BindingTargetVisitor;)Ljava/lang/Object; @ 2 c2
Event: 10.548 Thread 0x000001e9bc521b10 DEOPT PACKING pc=0x000001e9c7887ca8 sp=0x0000008e772fcdb0
Event: 10.548 Thread 0x000001e9bc521b10 DEOPT UNPACKING pc=0x000001e9c725a1a3 sp=0x0000008e772fcd38 mode 2
Event: 10.563 Thread 0x000001e9bc521b10 Uncommon trap: trap_request=0xffffffc6 fr.pc=0x000001e9c7887ca8 relative=0x0000000000000088
Event: 10.563 Thread 0x000001e9bc521b10 Uncommon trap: reason=bimorphic_or_optimized_type_check action=maybe_recompile pc=0x000001e9c7887ca8 method=com.google.inject.internal.LinkedBindingImpl.acceptTargetVisitor(Lcom/google/inject/spi/BindingTargetVisitor;)Ljava/lang/Object; @ 2 c2
Event: 10.563 Thread 0x000001e9bc521b10 DEOPT PACKING pc=0x000001e9c7887ca8 sp=0x0000008e772fcdb0
Event: 10.563 Thread 0x000001e9bc521b10 DEOPT UNPACKING pc=0x000001e9c725a1a3 sp=0x0000008e772fcd38 mode 2
Event: 10.564 Thread 0x000001e9bc521b10 Uncommon trap: trap_request=0xffffffc6 fr.pc=0x000001e9c7887ca8 relative=0x0000000000000088
Event: 10.564 Thread 0x000001e9bc521b10 Uncommon trap: reason=bimorphic_or_optimized_type_check action=maybe_recompile pc=0x000001e9c7887ca8 method=com.google.inject.internal.LinkedBindingImpl.acceptTargetVisitor(Lcom/google/inject/spi/BindingTargetVisitor;)Ljava/lang/Object; @ 2 c2
Event: 10.564 Thread 0x000001e9bc521b10 DEOPT PACKING pc=0x000001e9c7887ca8 sp=0x0000008e772fcdb0
Event: 10.564 Thread 0x000001e9bc521b10 DEOPT UNPACKING pc=0x000001e9c725a1a3 sp=0x0000008e772fcd38 mode 2

Classes loaded (20 events):
Event: 10.607 Loading class java/net/URISyntaxException
Event: 10.608 Loading class java/net/URISyntaxException done
Event: 10.617 Loading class java/time/format/DateTimeParseException
Event: 10.617 Loading class java/time/DateTimeException
Event: 10.618 Loading class java/time/DateTimeException done
Event: 10.618 Loading class java/time/format/DateTimeParseException done
Event: 10.622 Loading class java/time/zone/ZoneRulesProvider
Event: 10.622 Loading class java/time/zone/ZoneRulesProvider done
Event: 10.622 Loading class java/time/zone/ZoneRulesProvider$1
Event: 10.622 Loading class java/time/zone/ZoneRulesProvider$1 done
Event: 10.623 Loading class java/time/zone/TzdbZoneRulesProvider
Event: 10.623 Loading class java/time/zone/TzdbZoneRulesProvider done
Event: 10.625 Loading class java/time/zone/Ser
Event: 10.626 Loading class java/io/Externalizable
Event: 10.626 Loading class java/io/Externalizable done
Event: 10.626 Loading class java/time/zone/Ser done
Event: 10.626 Loading class java/time/zone/ZoneOffsetTransition
Event: 10.627 Loading class java/time/zone/ZoneOffsetTransition done
Event: 10.632 Loading class jdk/internal/reflect/UnsafeBooleanFieldAccessorImpl
Event: 10.632 Loading class jdk/internal/reflect/UnsafeBooleanFieldAccessorImpl done

Classes unloaded (0 events):
No events

Classes redefined (0 events):
No events

Internal exceptions (20 events):
Event: 5.108 Thread 0x000001e9bc521b10 Exception <a 'java/lang/NoClassDefFoundError'{0x000000074e0cc710}: javax/enterprise/inject/Typed> (0x000000074e0cc710) 
thrown [s\src\hotspot\share\classfile\systemDictionary.cpp, line 245]
Event: 7.735 Thread 0x000001e9bc521b10 Exception <a 'java/lang/NoSuchMethodError'{0x000000074ede3138}: 'void java.lang.invoke.DirectMethodHandle$Holder.invokeStaticInit(java.lang.Object, java.lang.Object, java.lang.Object)'> (0x000000074ede3138) 
thrown [s\src\hotspot\share\interpreter\linkResolver.cpp, line 771]
Event: 7.757 Thread 0x000001e9bc521b10 Exception <a 'java/lang/ExceptionInInitializerError'{0x000000074ea0fa70}> (0x000000074ea0fa70) 
thrown [s\src\hotspot\share\oops\instanceKlass.cpp, line 1233]
Event: 7.806 Thread 0x000001e9bc521b10 Implicit null exception at 0x000001e9c7816d2f to 0x000001e9c7816e90
Event: 7.808 Thread 0x000001e9bc521b10 Exception <a 'java/lang/NoSuchMethodError'{0x000000074eb241b0}: 'java.lang.Object java.lang.invoke.Invokers$Holder.invokeExact_MT(java.lang.Object, int, java.lang.Object)'> (0x000000074eb241b0) 
thrown [s\src\hotspot\share\interpreter\linkResolver.cpp, line 771]
Event: 7.828 Thread 0x000001e9bc521b10 Exception <a 'java/lang/NoSuchMethodError'{0x000000074eb8cd18}: 'int java.lang.invoke.DirectMethodHandle$Holder.invokeSpecial(java.lang.Object, java.lang.Object, java.lang.Object, java.lang.Object)'> (0x000000074eb8cd18) 
thrown [s\src\hotspot\share\interpreter\linkResolver.cpp, line 771]
Event: 8.503 Thread 0x000001e9bc521b10 Exception <a 'java/lang/NoClassDefFoundError'{0x000000074e3e5ff0}: com/google/inject/servlet/ServletModuleTargetVisitor> (0x000000074e3e5ff0) 
thrown [s\src\hotspot\share\classfile\systemDictionary.cpp, line 245]
Event: 8.699 Thread 0x000001e9bc521b10 Exception <a 'java/lang/NoSuchMethodError'{0x000000074de6ff60}: 'void java.lang.invoke.DirectMethodHandle$Holder.invokeVirtual(java.lang.Object, java.lang.Object)'> (0x000000074de6ff60) 
thrown [s\src\hotspot\share\interpreter\linkResolver.cpp, line 771]
Event: 8.752 Thread 0x000001e9bc521b10 Exception <a 'java/lang/NoSuchMethodError'{0x000000074def7a80}: 'java.lang.Object java.lang.invoke.DirectMethodHandle$Holder.invokeStaticInit(java.lang.Object, int, int, int, int)'> (0x000000074def7a80) 
thrown [s\src\hotspot\share\interpreter\linkResolver.cpp, line 771]
Event: 9.037 Thread 0x000001e9bc521b10 Exception <a 'java/lang/NoSuchMethodError'{0x000000074d8caf38}: 'void java.lang.invoke.DirectMethodHandle$Holder.invokeSpecial(java.lang.Object, java.lang.Object, java.lang.Object, java.lang.Object, java.lang.Object)'> (0x000000074d8caf38) 
thrown [s\src\hotspot\share\interpreter\linkResolver.cpp, line 771]
Event: 9.048 Thread 0x000001e9bc521b10 Exception <a 'java/lang/NoSuchMethodError'{0x000000074d8e8b48}: 'java.lang.Object java.lang.invoke.DirectMethodHandle$Holder.invokeVirtual(java.lang.Object, java.lang.Object, java.lang.Object)'> (0x000000074d8e8b48) 
thrown [s\src\hotspot\share\interpreter\linkResolver.cpp, line 771]
Event: 9.066 Thread 0x000001e9bc521b10 Exception <a 'java/lang/NoSuchMethodError'{0x000000074d8fc300}: 'void java.lang.invoke.DirectMethodHandle$Holder.invokeSpecial(java.lang.Object, java.lang.Object, java.lang.Object, java.lang.Object, java.lang.Object, java.lang.Object)'> (0x000000074d8fc300) 
thrown [s\src\hotspot\share\interpreter\linkResolver.cpp, line 771]
Event: 9.537 Thread 0x000001e9bc521b10 Implicit null exception at 0x000001e9c78b6baf to 0x000001e9c78b6c9c
Event: 9.537 Thread 0x000001e9bc521b10 Implicit null exception at 0x000001e9c78be86f to 0x000001e9c78bea68
Event: 9.537 Thread 0x000001e9bc521b10 Implicit null exception at 0x000001e9c780cad8 to 0x000001e9c780cb6e
Event: 10.118 Thread 0x000001e9bc521b10 Implicit null exception at 0x000001e9c7877fef to 0x000001e9c78781dc
Event: 10.118 Thread 0x000001e9bc521b10 Implicit null exception at 0x000001e9c7841d8f to 0x000001e9c7841e09
Event: 10.151 Thread 0x000001e9bc521b10 Exception <a 'java/lang/NoSuchMethodError'{0x000000074c6e72f8}: 'java.lang.Object java.lang.invoke.DirectMethodHandle$Holder.newInvokeSpecial(java.lang.Object, java.lang.Object, java.lang.Object, java.lang.Object, java.lang.Object, java.lang.Object, java.lang.Object)'> (0x000000074c6e72f8) 
thrown [s\src\hotspot\share\interpreter\linkResolver.cpp, line 771]
Event: 10.152 Thread 0x000001e9bc521b10 Exception <a 'java/lang/NoSuchMethodError'{0x000000074c6ebc08}: 'java.lang.Object java.lang.invoke.Invokers$Holder.linkToTargetMethod(java.lang.Object, java.lang.Object, java.lang.Object, java.lang.Object, java.lang.Object, java.lang.Object, java.lang.Object)'> (0x000000074c6ebc08) 
thrown [s\src\hotspot\share\interpreter\linkResolver.cpp, line 771]
Event: 10.591 Thread 0x000001e9bc521b10 Exception <a 'java/lang/NoSuchMethodError'{0x000000074bcf43c0}: 'int java.lang.invoke.DirectMethodHandle$Holder.invokeVirtual(java.lang.Object, java.lang.Object)'> (0x000000074bcf43c0) 
thrown [s\src\hotspot\share\interpreter\linkResolver.cpp, line 771]

VM Operations (20 events):
Event: 7.967 Executing VM operation: HandshakeAllThreads
Event: 7.967 Executing VM operation: HandshakeAllThreads done
Event: 8.451 Executing VM operation: HandshakeAllThreads
Event: 8.451 Executing VM operation: HandshakeAllThreads done
Event: 8.725 Executing VM operation: HandshakeAllThreads
Event: 8.725 Executing VM operation: HandshakeAllThreads done
Event: 8.785 Executing VM operation: HandshakeAllThreads
Event: 8.785 Executing VM operation: HandshakeAllThreads done
Event: 8.863 Executing VM operation: ICBufferFull
Event: 8.863 Executing VM operation: ICBufferFull done
Event: 8.978 Executing VM operation: HandshakeAllThreads
Event: 8.978 Executing VM operation: HandshakeAllThreads done
Event: 8.979 Executing VM operation: HandshakeAllThreads
Event: 8.979 Executing VM operation: HandshakeAllThreads done
Event: 9.582 Executing VM operation: ICBufferFull
Event: 9.583 Executing VM operation: ICBufferFull done
Event: 10.368 Executing VM operation: HandshakeAllThreads
Event: 10.368 Executing VM operation: HandshakeAllThreads done
Event: 10.374 Executing VM operation: ICBufferFull
Event: 10.377 Executing VM operation: ICBufferFull done

Events (20 events):
Event: 0.123 Thread 0x000001ea1e033630 Thread added: 0x000001ea1e033630
Event: 0.155 Thread 0x000001ea1e16fbc0 Thread added: 0x000001ea1e16fbc0
Event: 0.159 Thread 0x000001ea1e172b60 Thread added: 0x000001ea1e172b60
Event: 0.167 Loaded shared library C:\Users\User_01\.jdks\jbr-17.0.12\bin\net.dll
Event: 0.170 Loaded shared library C:\Users\User_01\.jdks\jbr-17.0.12\bin\nio.dll
Event: 0.174 Loaded shared library C:\Users\User_01\.jdks\jbr-17.0.12\bin\zip.dll
Event: 0.891 Thread 0x000001ea1e3fe7e0 Thread added: 0x000001ea1e3fe7e0
Event: 0.901 Loaded shared library C:\Program Files\JetBrains\IntelliJ IDEA 2025.2.3\plugins\maven\lib\maven3\lib\jansi-native\Windows\x86_64\jansi.dll
Event: 0.906 Loaded shared library C:\Users\User_01\.jdks\jbr-17.0.12\bin\jimage.dll
Event: 0.928 Thread 0x000001ea1e3fe7e0 Thread exited: 0x000001ea1e3fe7e0
Event: 5.183 Thread 0x000001ea1ea3bdb0 Thread added: 0x000001ea1ea3bdb0
Event: 5.576 Thread 0x000001ea1ea3bdb0 Thread exited: 0x000001ea1ea3bdb0
Event: 5.586 Thread 0x000001ea1ea3bdb0 Thread added: 0x000001ea1ea3bdb0
Event: 6.235 Thread 0x000001ea1ea3bdb0 Thread exited: 0x000001ea1ea3bdb0
Event: 7.824 Thread 0x000001ea1eefd2a0 Thread added: 0x000001ea1eefd2a0
Event: 8.915 Thread 0x000001ea1f281b20 Thread added: 0x000001ea1f281b20
Event: 9.001 Thread 0x000001ea1eefd2a0 Thread exited: 0x000001ea1eefd2a0
Event: 9.281 Thread 0x000001ea1ede4430 Thread added: 0x000001ea1ede4430
Event: 10.020 Thread 0x000001ea1ede4430 Thread exited: 0x000001ea1ede4430
Event: 10.324 Thread 0x000001ea1f072f80 Thread added: 0x000001ea1f072f80


Dynamic libraries:
0x00007ff648740000 - 0x00007ff64874a000 	C:\Users\User_01\.jdks\jbr-17.0.12\bin\java.exe
0x00007fff6aee0000 - 0x00007fff6b147000 	C:\WINDOWS\SYSTEM32\ntdll.dll
0x00007fff6a1b0000 - 0x00007fff6a279000 	C:\WINDOWS\System32\KERNEL32.DLL
0x00007fff68790000 - 0x00007fff68b7f000 	C:\WINDOWS\System32\KERNELBASE.dll
0x00007fff68260000 - 0x00007fff683ab000 	C:\WINDOWS\System32\ucrtbase.dll
0x00007fff44ec0000 - 0x00007fff44ed7000 	C:\Users\User_01\.jdks\jbr-17.0.12\bin\jli.dll
0x00007fff6a7b0000 - 0x00007fff6a975000 	C:\WINDOWS\System32\USER32.dll
0x00007fff3d240000 - 0x00007fff3d25b000 	C:\Users\User_01\.jdks\jbr-17.0.12\bin\VCRUNTIME140.dll
0x00007fff68b90000 - 0x00007fff68bb7000 	C:\WINDOWS\System32\win32u.dll
0x00007fff6a6c0000 - 0x00007fff6a6eb000 	C:\WINDOWS\System32\GDI32.dll
0x00007fff68460000 - 0x00007fff6858c000 	C:\WINDOWS\System32\gdi32full.dll
0x00007fff683b0000 - 0x00007fff68453000 	C:\WINDOWS\System32\msvcp_win.dll
0x00007fff4b860000 - 0x00007fff4baf3000 	C:\WINDOWS\WinSxS\amd64_microsoft.windows.common-controls_6595b64144ccf1df_6.0.26100.7309_none_3e05feeae336a044\COMCTL32.dll
0x00007fff6a100000 - 0x00007fff6a1a9000 	C:\WINDOWS\System32\msvcrt.dll
0x00007fff6a2f0000 - 0x00007fff6a321000 	C:\WINDOWS\System32\IMM32.DLL
0x0000000076a70000 - 0x0000000076a7c000 	C:\Program Files (x86)\360\Total Security\safemon\SafeWrapper.dll
0x00007fff69950000 - 0x00007fff69a04000 	C:\WINDOWS\System32\ADVAPI32.dll
0x00007fff6a050000 - 0x00007fff6a0f6000 	C:\WINDOWS\System32\sechost.dll
0x00007fff6ad00000 - 0x00007fff6ae18000 	C:\WINDOWS\System32\RPCRT4.dll
0x00007ffed2400000 - 0x00007ffed24ac000 	C:\Program Files (x86)\360\Total Security\safemon\libzdtp64.dll
0x00007fff68f20000 - 0x00007fff69673000 	C:\WINDOWS\System32\SHELL32.dll
0x00007fff68620000 - 0x00007fff6878a000 	C:\WINDOWS\System32\wintypes.dll
0x00007fff6a330000 - 0x00007fff6a6b6000 	C:\WINDOWS\System32\combase.dll
0x00007fff6a280000 - 0x00007fff6a2e6000 	C:\WINDOWS\System32\SHLWAPI.dll
0x00007fff67b10000 - 0x00007fff67b1b000 	C:\WINDOWS\SYSTEM32\VERSION.dll
0x00007fff451e0000 - 0x00007fff451ec000 	C:\Users\User_01\.jdks\jbr-17.0.12\bin\vcruntime140_1.dll
0x00007fff3b5f0000 - 0x00007fff3b67d000 	C:\Users\User_01\.jdks\jbr-17.0.12\bin\msvcp140.dll
0x00007ffe84500000 - 0x00007ffe8518a000 	C:\Users\User_01\.jdks\jbr-17.0.12\bin\server\jvm.dll
0x00007fff6ae20000 - 0x00007fff6ae94000 	C:\WINDOWS\System32\WS2_32.dll
0x00007fff67e90000 - 0x00007fff67eee000 	C:\WINDOWS\SYSTEM32\POWRPROF.dll
0x00007fff5f360000 - 0x00007fff5f395000 	C:\WINDOWS\SYSTEM32\WINMM.dll
0x00007fff67e70000 - 0x00007fff67e84000 	C:\WINDOWS\SYSTEM32\UMPDC.dll
0x00007fff66d70000 - 0x00007fff66d8b000 	C:\WINDOWS\SYSTEM32\kernel.appcore.dll
0x00007fff45060000 - 0x00007fff4506a000 	C:\Users\User_01\.jdks\jbr-17.0.12\bin\jimage.dll
0x00007fff64f20000 - 0x00007fff65162000 	C:\WINDOWS\SYSTEM32\DBGHELP.DLL
0x00007fff69ea0000 - 0x00007fff69f76000 	C:\WINDOWS\System32\OLEAUT32.dll
0x00007fff4b770000 - 0x00007fff4b7ac000 	C:\WINDOWS\SYSTEM32\dbgcore.DLL
0x00007fff681b0000 - 0x00007fff68255000 	C:\WINDOWS\System32\bcryptPrimitives.dll
0x00007fff3c930000 - 0x00007fff3c955000 	C:\Users\User_01\.jdks\jbr-17.0.12\bin\java.dll
0x00007fff39d40000 - 0x00007fff39e17000 	C:\Users\User_01\.jdks\jbr-17.0.12\bin\jsvml.dll
0x00007fff65ba0000 - 0x00007fff663fe000 	C:\WINDOWS\SYSTEM32\windows.storage.dll
0x00007fff69850000 - 0x00007fff69945000 	C:\WINDOWS\System32\SHCORE.dll
0x00007fff67f50000 - 0x00007fff67f79000 	C:\WINDOWS\SYSTEM32\profapi.dll
0x00007fff3c910000 - 0x00007fff3c928000 	C:\Users\User_01\.jdks\jbr-17.0.12\bin\zip.dll
0x00007fff3b710000 - 0x00007fff3b729000 	C:\Users\User_01\.jdks\jbr-17.0.12\bin\net.dll
0x00007fff5a1e0000 - 0x00007fff5a308000 	C:\WINDOWS\SYSTEM32\WINHTTP.dll
0x00007fff672e0000 - 0x00007fff6734b000 	C:\WINDOWS\system32\mswsock.dll
0x00007fff3b6f0000 - 0x00007fff3b706000 	C:\Users\User_01\.jdks\jbr-17.0.12\bin\nio.dll
0x00007fff3b6c0000 - 0x00007fff3b6e4000 	C:\Program Files\JetBrains\IntelliJ IDEA 2025.2.3\plugins\maven\lib\maven3\lib\jansi-native\Windows\x86_64\jansi.dll
0x00007fff423a0000 - 0x00007fff423b0000 	C:\Users\User_01\.jdks\jbr-17.0.12\bin\verify.dll

dbghelp: loaded successfully - version: 4.0.5 - missing functions: none
symbol engine: initialized successfully - sym options: 0x614 - pdb path: .;C:\Users\User_01\.jdks\jbr-17.0.12\bin;C:\WINDOWS\SYSTEM32;C:\WINDOWS\WinSxS\amd64_microsoft.windows.common-controls_6595b64144ccf1df_6.0.26100.7309_none_3e05feeae336a044;C:\Program Files (x86)\360\Total Security\safemon;C:\Users\User_01\.jdks\jbr-17.0.12\bin\server;C:\Program Files\JetBrains\IntelliJ IDEA 2025.2.3\plugins\maven\lib\maven3\lib\jansi-native\Windows\x86_64

VM Arguments:
jvm_args: -Dclassworlds.conf=C:\Program Files\JetBrains\IntelliJ IDEA 2025.2.3\plugins\maven\lib\maven3\bin\m2.conf -Dmaven.home=C:\Program Files\JetBrains\IntelliJ IDEA 2025.2.3\plugins\maven\lib\maven3 -Dlibrary.jansi.path=C:\Program Files\JetBrains\IntelliJ IDEA 2025.2.3\plugins\maven\lib\maven3\lib\jansi-native -Dmaven.multiModuleProjectDirectory=C:\Users\User_01\projet_Greencore 
java_command: org.codehaus.plexus.classworlds.launcher.Launcher -Didea.version=2025.2.3 -Dmaven.ext.class.path=C:\Program Files\JetBrains\IntelliJ IDEA 2025.2.3\plugins\maven\lib\maven-event-listener.jar -Djansi.passthrough=true -Dstyle.color=always -Dmaven.repo.local=C:\Users\User_01\.m2\repository javafx:run -f pom.xml
java_class_path (initial): C:\Program Files\JetBrains\IntelliJ IDEA 2025.2.3\plugins\maven\lib\maven3\boot\plexus-classworlds-2.8.0.jar
Launcher Type: SUN_STANDARD

[Global flags]
     intx CICompilerCount                          = 4                                         {product} {ergonomic}
     uint ConcGCThreads                            = 2                                         {product} {ergonomic}
     uint G1ConcRefinementThreads                  = 8                                         {product} {ergonomic}
   size_t G1HeapRegionSize                         = 2097152                                   {product} {ergonomic}
    uintx GCDrainStackTargetSize                   = 64                                        {product} {ergonomic}
   size_t InitialHeapSize                          = 199229440                                 {product} {ergonomic}
   size_t MarkStackSize                            = 4194304                                   {product} {ergonomic}
   size_t MaxHeapSize                              = 3164602368                                {product} {ergonomic}
   size_t MaxNewSize                               = 1897922560                                {product} {ergonomic}
   size_t MinHeapDeltaBytes                        = 2097152                                   {product} {ergonomic}
   size_t MinHeapSize                              = 8388608                                   {product} {ergonomic}
    uintx NonNMethodCodeHeapSize                   = 5839372                                {pd product} {ergonomic}
    uintx NonProfiledCodeHeapSize                  = 122909434                              {pd product} {ergonomic}
    uintx ProfiledCodeHeapSize                     = 122909434                              {pd product} {ergonomic}
    uintx ReservedCodeCacheSize                    = 251658240                              {pd product} {ergonomic}
     bool SegmentedCodeCache                       = true                                      {product} {ergonomic}
   size_t SoftMaxHeapSize                          = 3164602368                             {manageable} {ergonomic}
     bool UseCompressedClassPointers               = true                           {product lp64_product} {ergonomic}
     bool UseCompressedOops                        = true                           {product lp64_product} {ergonomic}
     bool UseG1GC                                  = true                                      {product} {ergonomic}
     bool UseLargePagesIndividualAllocation        = false                                  {pd product} {ergonomic}

Logging:
Log output configuration:
 #0: stdout all=warning uptime,level,tags
 #1: stderr all=off uptime,level,tags

Environment Variables:
JAVA_HOME=C:\Users\User_01\.jdks\jbr-17.0.12
PATH=C:\oraclexe\app\oracle\product\11.2.0\server\bin;C:\oraclexe\app\oracle\product\11.2.0\server\bin;C:\Program Files (x86)\VMware\VMware Workstation\bin\;C:\Windows\system32;C:\Windows;C:\Windows\System32\Wbem;C:\Windows\System32\WindowsPowerShell\v1.0\;C:\Windows\System32\OpenSSH\;C:\Program Files (x86)\NVIDIA Corporation\PhysX\Common;C:\Program Files\NVIDIA Corporation\NVIDIA NvDLISR;C:\xampp\php;C:\composer;C:\WINDOWS\system32;C:\WINDOWS;C:\WINDOWS\System32\Wbem;C:\WINDOWS\System32\WindowsPowerShell\v1.0\;C:\WINDOWS\System32\OpenSSH\;C:\Program Files\cursor\resources\app\bin;C:\Program Files\Git\cmd;C:\Users\User_01\AppData\Local\Programs\Eclipse Adoptium\jdk-25.0.1.8-hotspot\bin;C:\Users\User_01\AppData\Local\Programs\Python\Python312\Scripts\;C:\Users\User_01\AppData\Local\Programs\Python\Python312\;C:\Users\User_01\scoop\shims;C:\Users\User_01\AppData\Local\Microsoft\WindowsApps;C:\Users\User_01\AppData\Local\Programs\Microsoft VS Code\bin;C:\Users\User_01\AppData\Roaming\Composer\vendor\bin;C:\Program Files\JetBrains\IntelliJ IDEA 2024.1.2\bin;;C:\Program Files\JetBrains\PhpStorm 2024.2.1\bin;C:\Users\User_01\AppData\Local\Programs\Windsurf\bin
USERNAME=User_01
OS=Windows_NT
PROCESSOR_IDENTIFIER=Intel64 Family 6 Model 140 Stepping 2, GenuineIntel
TMP=C:\Users\User_01\AppData\Local\Temp
TEMP=C:\Users\User_01\AppData\Local\Temp



Periodic native trim disabled

JNI global refs:
JNI global refs: 8, weak refs: 1

JNI global refs memory usage: 843, weak refs: 841

Process memory usage:
Resident Set Size: 150656K (1% of 12361016K total physical memory with 502708K free physical memory)

OOME stack traces (most recent first):
Classloader memory used:
Loader org.codehaus.plexus.classworlds.realm.ClassRealm                                : 1603K
Loader bootstrap                                                                       : 514K
Loader jdk.internal.loader.ClassLoaders$AppClassLoader                                 : 13925B
Loader org.eclipse.sisu.space.CloningClassSpace$CloningClassLoader                     : 4655B
Loader jdk.internal.reflect.DelegatingClassLoader                                      : 3970B
Loader jdk.internal.loader.ClassLoaders$PlatformClassLoader                            : 3395B

Classes loaded by more than one classloader:
Class org.codehaus.plexus.interpolation.ValueSource                                   : loaded 2 times (x 68B)
Class org.codehaus.plexus.interpolation.RecursionInterceptor                          : loaded 2 times (x 68B)
Class org.codehaus.plexus.interpolation.PropertiesBasedValueSource                    : loaded 2 times (x 80B)
Class org.codehaus.plexus.interpolation.AbstractValueSource                           : loaded 2 times (x 80B)
Class org.codehaus.plexus.interpolation.Interpolator                                  : loaded 2 times (x 68B)
Class org.codehaus.plexus.interpolation.BasicInterpolator                             : loaded 2 times (x 68B)


---------------  S Y S T E M  ---------------

OS:
 Windows 11 , 64 bit Build 26100 (10.0.26100.7623)
OS uptime: 0 days 1:30 hours
Hyper-V role detected

CPU: total 8 (initial active 8) (4 cores per cpu, 2 threads per core) family 6 model 140 stepping 2 microcode 0x3a, cx8, cmov, fxsr, ht, mmx, 3dnowpref, sse, sse2, sse3, ssse3, sse4.1, sse4.2, popcnt, lzcnt, tsc, tscinvbit, avx, avx2, aes, erms, clmul, bmi1, bmi2, adx, avx512f, avx512dq, avx512cd, avx512bw, avx512vl, sha, fma, vzeroupper, avx512_vpopcntdq, avx512_vpclmulqdq, avx512_vaes, avx512_vnni, clflush, clflushopt, clwb, avx512_vbmi2, avx512_vbmi, hv
Processor Information for all 8 processors :
  Max Mhz: 2496, Current Mhz: 2496, Mhz Limit: 2496

Memory: 4k page, system-wide physical 12071M (488M free)
TotalPageFile size 21434M (AvailPageFile size 4M)
current process WorkingSet (physical memory assigned to process): 147M, peak: 147M
current process commit charge ("private bytes"): 319M, peak: 322M

vm_info: OpenJDK 64-Bit Server VM (17.0.12+1-b1207.37) for windows-amd64 JRE (17.0.12+1-b1207.37), built on 2024-09-25 by "builduser" with MS VC++ 16.10 / 16.11 (VS2019)

END.
