#
# There is insufficient memory for the Java Runtime Environment to continue.
# Native memory allocation (malloc) failed to allocate 801456 bytes. Error detail: Chunk::new
# Possible reasons:
#   The system is out of physical RAM or swap space
#   This process is running with CompressedOops enabled, and the Java Heap may be blocking the growth of the native heap
# Possible solutions:
#   Reduce memory load on the system
#   Increase physical memory or swap space
#   Check if swap backing store is full
#   Decrease Java heap size (-Xmx/-Xms)
#   Decrease number of Java threads
#   Decrease Java thread stack sizes (-Xss)
#   Set larger code cache with -XX:ReservedCodeCacheSize=
#   JVM is running with Zero Based Compressed Oops mode in which the Java heap is
#     placed in the first 32GB address space. The Java Heap base address is the
#     maximum limit for the native heap growth. Please use -XX:HeapBaseMinAddress
#     to set the Java Heap base and to place the Java Heap above 32GB virtual address.
# This output file may be truncated or incomplete.
#
#  Out of Memory Error (arena.cpp:191), pid=3728, tid=28220
#
# JRE version: OpenJDK Runtime Environment JBR-17.0.12+1-1207.37-nomod (17.0.12+1) (build 17.0.12+1-b1207.37)
# Java VM: OpenJDK 64-Bit Server VM JBR-17.0.12+1-1207.37-nomod (17.0.12+1-b1207.37, mixed mode, sharing, tiered, compressed oops, compressed class ptrs, g1 gc, windows-amd64)
# No core dump will be written. Minidumps are not enabled by default on client versions of Windows
#

---------------  S U M M A R Y ------------

Command Line: -Dclassworlds.conf=C:\Program Files\JetBrains\IntelliJ IDEA 2025.2.3\plugins\maven\lib\maven3\bin\m2.conf -Dmaven.home=C:\Program Files\JetBrains\IntelliJ IDEA 2025.2.3\plugins\maven\lib\maven3 -Dlibrary.jansi.path=C:\Program Files\JetBrains\IntelliJ IDEA 2025.2.3\plugins\maven\lib\maven3\lib\jansi-native -Dmaven.multiModuleProjectDirectory=C:\Users\User_01\projet_Greencore org.codehaus.plexus.classworlds.launcher.Launcher -Didea.version=2025.2.3 -Dmaven.ext.class.path=C:\Program Files\JetBrains\IntelliJ IDEA 2025.2.3\plugins\maven\lib\maven-event-listener.jar -Djansi.passthrough=true -Dstyle.color=always -Dmaven.repo.local=C:\Users\User_01\.m2\repository javafx:run -f pom.xml

Host: 11th Gen Intel(R) Core(TM) i5-1155G7 @ 2.50GHz, 8 cores, 11G,  Windows 11 , 64 bit Build 26100 (10.0.26100.7623)
Time: Sun Apr 26 19:58:08 2026 Afr. centrale Ouest elapsed time: 12.215862 seconds (0d 0h 0m 12s)

---------------  T H R E A D  ---------------

Current thread (0x000002276fce0c30):  JavaThread "C2 CompilerThread1" daemon [_thread_in_native, id=28220, stack(0x0000005bda700000,0x0000005bda800000)]


Current CompileTask:
C2:  12216 3780       4       jdk.internal.org.objectweb.asm.Frame::execute (2305 bytes)

Stack: [0x0000005bda700000,0x0000005bda800000]
Native frames: (J=compiled Java code, j=interpreted, Vv=VM code, C=native code)
V  [jvm.dll+0x689d89]
V  [jvm.dll+0x84386a]
V  [jvm.dll+0x8454ee]
V  [jvm.dll+0x845b53]
V  [jvm.dll+0x24a56f]
V  [jvm.dll+0xac9e4]
V  [jvm.dll+0xad02c]
V  [jvm.dll+0x2b1c4f]
V  [jvm.dll+0x5908f7]
V  [jvm.dll+0x2248c2]
V  [jvm.dll+0x224cbf]
V  [jvm.dll+0x21dde0]
V  [jvm.dll+0x21b2e1]
V  [jvm.dll+0x1a68ed]
V  [jvm.dll+0x22b2de]
V  [jvm.dll+0x229445]
V  [jvm.dll+0x7f7917]
V  [jvm.dll+0x7f1cec]
V  [jvm.dll+0x688be7]  thread_native_entry+0x77  (os_windows.cpp:550)
C  [ucrtbase.dll+0x37b0]
C  [KERNEL32.DLL+0x2e8d7]
C  [ntdll.dll+0x8c53c]


---------------  P R O C E S S  ---------------

Threads class SMR info:
_java_thread_list=0x000002276a69e530, length=15, elements={
0x000002274be43910, 0x000002276a31e6c0, 0x000002276a321b10, 0x000002276a330410,
0x000002276a330ce0, 0x000002276a3315b0, 0x000002276a331e80, 0x000002276a332a80,
0x000002276a336b30, 0x000002276a5c2840, 0x000002276a70fb20, 0x000002276a712870,
0x000002276fce0c30, 0x000002276f974560, 0x000002276f649090
}

Java Threads: ( => current thread )
  0x000002274be43910 JavaThread "main" [_thread_in_vm, id=27396, stack(0x0000005bd9300000,0x0000005bd9400000)]
  0x000002276a31e6c0 JavaThread "Reference Handler" daemon [_thread_blocked, id=1648, stack(0x0000005bd9a00000,0x0000005bd9b00000)]
  0x000002276a321b10 JavaThread "Finalizer" daemon [_thread_blocked, id=26380, stack(0x0000005bd9b00000,0x0000005bd9c00000)]
  0x000002276a330410 JavaThread "Signal Dispatcher" daemon [_thread_blocked, id=25332, stack(0x0000005bd9c00000,0x0000005bd9d00000)]
  0x000002276a330ce0 JavaThread "Attach Listener" daemon [_thread_blocked, id=13048, stack(0x0000005bd9d00000,0x0000005bd9e00000)]
  0x000002276a3315b0 JavaThread "Service Thread" daemon [_thread_blocked, id=29968, stack(0x0000005bd9e00000,0x0000005bd9f00000)]
  0x000002276a331e80 JavaThread "Monitor Deflation Thread" daemon [_thread_blocked, id=16092, stack(0x0000005bd9f00000,0x0000005bda000000)]
  0x000002276a332a80 JavaThread "C2 CompilerThread0" daemon [_thread_blocked, id=1660, stack(0x0000005bda000000,0x0000005bda100000)]
  0x000002276a336b30 JavaThread "C1 CompilerThread0" daemon [_thread_in_native, id=11424, stack(0x0000005bda100000,0x0000005bda200000)]
  0x000002276a5c2840 JavaThread "Sweeper thread" daemon [_thread_blocked, id=31320, stack(0x0000005bda200000,0x0000005bda300000)]
  0x000002276a70fb20 JavaThread "Notification Thread" daemon [_thread_blocked, id=23456, stack(0x0000005bda300000,0x0000005bda400000)]
  0x000002276a712870 JavaThread "Common-Cleaner" daemon [_thread_blocked, id=24220, stack(0x0000005bda500000,0x0000005bda600000)]
=>0x000002276fce0c30 JavaThread "C2 CompilerThread1" daemon [_thread_in_native, id=28220, stack(0x0000005bda700000,0x0000005bda800000)]
  0x000002276f974560 JavaThread "Thread-1" daemon [_thread_blocked, id=19636, stack(0x0000005bdae00000,0x0000005bdaf00000)]
  0x000002276f649090 JavaThread "C2 CompilerThread2" daemon [_thread_in_native, id=27112, stack(0x0000005bdaf00000,0x0000005bdb000000)]

Other Threads:
  0x000002276a313ea0 VMThread "VM Thread" [stack: 0x0000005bd9900000,0x0000005bd9a00000] [id=7836] _threads_hazard_ptr=0x000002276a69e530
  0x000002276a710410 WatcherThread [stack: 0x0000005bda400000,0x0000005bda500000] [id=27404]
  0x000002274be9a500 GCTaskThread "GC Thread#0" [stack: 0x0000005bd9400000,0x0000005bd9500000] [id=28500]
  0x000002276a733f70 GCTaskThread "GC Thread#1" [stack: 0x0000005bda800000,0x0000005bda900000] [id=15200]
  0x000002276a734d30 GCTaskThread "GC Thread#2" [stack: 0x0000005bda900000,0x0000005bdaa00000] [id=26832]
  0x000002276a734230 GCTaskThread "GC Thread#3" [stack: 0x0000005bdaa00000,0x0000005bdab00000] [id=13664]
  0x000002276a735af0 GCTaskThread "GC Thread#4" [stack: 0x0000005bdab00000,0x0000005bdac00000] [id=8884]
  0x000002276a7347b0 GCTaskThread "GC Thread#5" [stack: 0x0000005bdac00000,0x0000005bdad00000] [id=25560]
  0x000002276a734ff0 GCTaskThread "GC Thread#6" [stack: 0x0000005bdad00000,0x0000005bdae00000] [id=24736]
  0x000002276a7352b0 GCTaskThread "GC Thread#7" [stack: 0x0000005bda600000,0x0000005bda700000] [id=29492]
  0x000002274bea7d60 ConcurrentGCThread "G1 Main Marker" [stack: 0x0000005bd9500000,0x0000005bd9600000] [id=23280]
  0x000002274bea9e40 ConcurrentGCThread "G1 Conc#0" [stack: 0x0000005bd9600000,0x0000005bd9700000] [id=26008]
  0x000002276a1cdc50 ConcurrentGCThread "G1 Refine#0" [stack: 0x0000005bd9700000,0x0000005bd9800000] [id=12992]
  0x000002276a1d04a0 ConcurrentGCThread "G1 Service" [stack: 0x0000005bd9800000,0x0000005bd9900000] [id=22516]

Threads with active compile tasks:
C1 CompilerThread0    13021 3844   !   3       jdk.internal.jimage.decompressor.Decompressor::decompressResource (260 bytes)
C2 CompilerThread1    13021 3780       4       jdk.internal.org.objectweb.asm.Frame::execute (2305 bytes)
C2 CompilerThread2    13021 3828   !   4       jdk.internal.loader.BuiltinClassLoader::loadClassOrNull (143 bytes)

VM state: synchronizing (normal execution)

VM Mutex/Monitor currently owned by a thread:  ([mutex/lock_event])
[0x000002274bc09250] Threads_lock - owner thread: 0x000002276a313ea0

Heap address: 0x0000000743600000, size: 3018 MB, Compressed Oops mode: Zero based, Oop shift amount: 3

CDS archive(s) mapped at: [0x0000022700000000-0x0000022700c00000-0x0000022700c00000), size 12582912, SharedBaseAddress: 0x0000022700000000, ArchiveRelocationMode: 1.
Compressed class space mapped at: 0x0000022701000000-0x0000022741000000, reserved size: 1073741824
Narrow klass base: 0x0000022700000000, Narrow klass shift: 0, Narrow klass range: 0x100000000

GC Precious Log:
 CPUs: 8 total, 8 available
 Memory: 12071M
 Large Page Support: Disabled
 NUMA Support: Disabled
 Compressed Oops: Enabled (Zero based)
 Heap Region Size: 2M
 Heap Min Capacity: 8M
 Heap Initial Capacity: 190M
 Heap Max Capacity: 3018M
 Pre-touch: Disabled
 Parallel Workers: 8
 Concurrent Workers: 2
 Concurrent Refinement Workers: 8
 Periodic GC: Disabled

Heap:
 garbage-first heap   total 194560K, used 87038K [0x0000000743600000, 0x0000000800000000)
  region size 2048K, 42 young (86016K), 1 survivors (2048K)
 Metaspace       used 21098K, committed 21440K, reserved 1114112K
  class space    used 2650K, committed 2816K, reserved 1048576K

Heap Regions: E=young(eden), S=young(survivor), O=old, HS=humongous(starts), HC=humongous(continues), CS=collection set, F=free, OA=open archive, CA=closed archive, TAMS=top-at-mark-start (previous, next)
|   0|0x0000000743600000, 0x0000000743800000, 0x0000000743800000|100%| O|  |TAMS 0x0000000743600000, 0x0000000743600000| Untracked 
|   1|0x0000000743800000, 0x000000074395ac00, 0x0000000743a00000| 67%| O|  |TAMS 0x0000000743800000, 0x0000000743800000| Untracked 
|   2|0x0000000743a00000, 0x0000000743a00000, 0x0000000743c00000|  0%| F|  |TAMS 0x0000000743a00000, 0x0000000743a00000| Untracked 
|   3|0x0000000743c00000, 0x0000000743c00000, 0x0000000743e00000|  0%| F|  |TAMS 0x0000000743c00000, 0x0000000743c00000| Untracked 
|   4|0x0000000743e00000, 0x0000000743e00000, 0x0000000744000000|  0%| F|  |TAMS 0x0000000743e00000, 0x0000000743e00000| Untracked 
|   5|0x0000000744000000, 0x0000000744000000, 0x0000000744200000|  0%| F|  |TAMS 0x0000000744000000, 0x0000000744000000| Untracked 
|   6|0x0000000744200000, 0x0000000744200000, 0x0000000744400000|  0%| F|  |TAMS 0x0000000744200000, 0x0000000744200000| Untracked 
|   7|0x0000000744400000, 0x0000000744400000, 0x0000000744600000|  0%| F|  |TAMS 0x0000000744400000, 0x0000000744400000| Untracked 
|   8|0x0000000744600000, 0x0000000744600000, 0x0000000744800000|  0%| F|  |TAMS 0x0000000744600000, 0x0000000744600000| Untracked 
|   9|0x0000000744800000, 0x0000000744800000, 0x0000000744a00000|  0%| F|  |TAMS 0x0000000744800000, 0x0000000744800000| Untracked 
|  10|0x0000000744a00000, 0x0000000744a00000, 0x0000000744c00000|  0%| F|  |TAMS 0x0000000744a00000, 0x0000000744a00000| Untracked 
|  11|0x0000000744c00000, 0x0000000744c00000, 0x0000000744e00000|  0%| F|  |TAMS 0x0000000744c00000, 0x0000000744c00000| Untracked 
|  12|0x0000000744e00000, 0x0000000744e00000, 0x0000000745000000|  0%| F|  |TAMS 0x0000000744e00000, 0x0000000744e00000| Untracked 
|  13|0x0000000745000000, 0x0000000745000000, 0x0000000745200000|  0%| F|  |TAMS 0x0000000745000000, 0x0000000745000000| Untracked 
|  14|0x0000000745200000, 0x0000000745200000, 0x0000000745400000|  0%| F|  |TAMS 0x0000000745200000, 0x0000000745200000| Untracked 
|  15|0x0000000745400000, 0x0000000745400000, 0x0000000745600000|  0%| F|  |TAMS 0x0000000745400000, 0x0000000745400000| Untracked 
|  16|0x0000000745600000, 0x0000000745600000, 0x0000000745800000|  0%| F|  |TAMS 0x0000000745600000, 0x0000000745600000| Untracked 
|  17|0x0000000745800000, 0x0000000745800000, 0x0000000745a00000|  0%| F|  |TAMS 0x0000000745800000, 0x0000000745800000| Untracked 
|  18|0x0000000745a00000, 0x0000000745a00000, 0x0000000745c00000|  0%| F|  |TAMS 0x0000000745a00000, 0x0000000745a00000| Untracked 
|  19|0x0000000745c00000, 0x0000000745c00000, 0x0000000745e00000|  0%| F|  |TAMS 0x0000000745c00000, 0x0000000745c00000| Untracked 
|  20|0x0000000745e00000, 0x0000000745e00000, 0x0000000746000000|  0%| F|  |TAMS 0x0000000745e00000, 0x0000000745e00000| Untracked 
|  21|0x0000000746000000, 0x0000000746000000, 0x0000000746200000|  0%| F|  |TAMS 0x0000000746000000, 0x0000000746000000| Untracked 
|  22|0x0000000746200000, 0x0000000746200000, 0x0000000746400000|  0%| F|  |TAMS 0x0000000746200000, 0x0000000746200000| Untracked 
|  23|0x0000000746400000, 0x0000000746400000, 0x0000000746600000|  0%| F|  |TAMS 0x0000000746400000, 0x0000000746400000| Untracked 
|  24|0x0000000746600000, 0x0000000746600000, 0x0000000746800000|  0%| F|  |TAMS 0x0000000746600000, 0x0000000746600000| Untracked 
|  25|0x0000000746800000, 0x0000000746800000, 0x0000000746a00000|  0%| F|  |TAMS 0x0000000746800000, 0x0000000746800000| Untracked 
|  26|0x0000000746a00000, 0x0000000746a00000, 0x0000000746c00000|  0%| F|  |TAMS 0x0000000746a00000, 0x0000000746a00000| Untracked 
|  27|0x0000000746c00000, 0x0000000746c00000, 0x0000000746e00000|  0%| F|  |TAMS 0x0000000746c00000, 0x0000000746c00000| Untracked 
|  28|0x0000000746e00000, 0x0000000746e00000, 0x0000000747000000|  0%| F|  |TAMS 0x0000000746e00000, 0x0000000746e00000| Untracked 
|  29|0x0000000747000000, 0x0000000747000000, 0x0000000747200000|  0%| F|  |TAMS 0x0000000747000000, 0x0000000747000000| Untracked 
|  30|0x0000000747200000, 0x0000000747200000, 0x0000000747400000|  0%| F|  |TAMS 0x0000000747200000, 0x0000000747200000| Untracked 
|  31|0x0000000747400000, 0x0000000747400000, 0x0000000747600000|  0%| F|  |TAMS 0x0000000747400000, 0x0000000747400000| Untracked 
|  32|0x0000000747600000, 0x0000000747600000, 0x0000000747800000|  0%| F|  |TAMS 0x0000000747600000, 0x0000000747600000| Untracked 
|  33|0x0000000747800000, 0x0000000747800000, 0x0000000747a00000|  0%| F|  |TAMS 0x0000000747800000, 0x0000000747800000| Untracked 
|  34|0x0000000747a00000, 0x0000000747a00000, 0x0000000747c00000|  0%| F|  |TAMS 0x0000000747a00000, 0x0000000747a00000| Untracked 
|  35|0x0000000747c00000, 0x0000000747c00000, 0x0000000747e00000|  0%| F|  |TAMS 0x0000000747c00000, 0x0000000747c00000| Untracked 
|  36|0x0000000747e00000, 0x0000000747e00000, 0x0000000748000000|  0%| F|  |TAMS 0x0000000747e00000, 0x0000000747e00000| Untracked 
|  37|0x0000000748000000, 0x0000000748000000, 0x0000000748200000|  0%| F|  |TAMS 0x0000000748000000, 0x0000000748000000| Untracked 
|  38|0x0000000748200000, 0x0000000748200000, 0x0000000748400000|  0%| F|  |TAMS 0x0000000748200000, 0x0000000748200000| Untracked 
|  39|0x0000000748400000, 0x0000000748400000, 0x0000000748600000|  0%| F|  |TAMS 0x0000000748400000, 0x0000000748400000| Untracked 
|  40|0x0000000748600000, 0x0000000748600000, 0x0000000748800000|  0%| F|  |TAMS 0x0000000748600000, 0x0000000748600000| Untracked 
|  41|0x0000000748800000, 0x0000000748800000, 0x0000000748a00000|  0%| F|  |TAMS 0x0000000748800000, 0x0000000748800000| Untracked 
|  42|0x0000000748a00000, 0x0000000748a00000, 0x0000000748c00000|  0%| F|  |TAMS 0x0000000748a00000, 0x0000000748a00000| Untracked 
|  43|0x0000000748c00000, 0x0000000748c00000, 0x0000000748e00000|  0%| F|  |TAMS 0x0000000748c00000, 0x0000000748c00000| Untracked 
|  44|0x0000000748e00000, 0x0000000748e00000, 0x0000000749000000|  0%| F|  |TAMS 0x0000000748e00000, 0x0000000748e00000| Untracked 
|  45|0x0000000749000000, 0x0000000749000000, 0x0000000749200000|  0%| F|  |TAMS 0x0000000749000000, 0x0000000749000000| Untracked 
|  46|0x0000000749200000, 0x0000000749200000, 0x0000000749400000|  0%| F|  |TAMS 0x0000000749200000, 0x0000000749200000| Untracked 
|  47|0x0000000749400000, 0x0000000749400000, 0x0000000749600000|  0%| F|  |TAMS 0x0000000749400000, 0x0000000749400000| Untracked 
|  48|0x0000000749600000, 0x0000000749600000, 0x0000000749800000|  0%| F|  |TAMS 0x0000000749600000, 0x0000000749600000| Untracked 
|  49|0x0000000749800000, 0x0000000749800000, 0x0000000749a00000|  0%| F|  |TAMS 0x0000000749800000, 0x0000000749800000| Untracked 
|  50|0x0000000749a00000, 0x0000000749a00000, 0x0000000749c00000|  0%| F|  |TAMS 0x0000000749a00000, 0x0000000749a00000| Untracked 
|  51|0x0000000749c00000, 0x0000000749c00000, 0x0000000749e00000|  0%| F|  |TAMS 0x0000000749c00000, 0x0000000749c00000| Untracked 
|  52|0x0000000749e00000, 0x0000000749e00000, 0x000000074a000000|  0%| F|  |TAMS 0x0000000749e00000, 0x0000000749e00000| Untracked 
|  53|0x000000074a000000, 0x000000074a1c7188, 0x000000074a200000| 88%| E|  |TAMS 0x000000074a000000, 0x000000074a000000| Complete 
|  54|0x000000074a200000, 0x000000074a400000, 0x000000074a400000|100%| E|CS|TAMS 0x000000074a200000, 0x000000074a200000| Complete 
|  55|0x000000074a400000, 0x000000074a600000, 0x000000074a600000|100%| E|CS|TAMS 0x000000074a400000, 0x000000074a400000| Complete 
|  56|0x000000074a600000, 0x000000074a800000, 0x000000074a800000|100%| E|CS|TAMS 0x000000074a600000, 0x000000074a600000| Complete 
|  57|0x000000074a800000, 0x000000074aa00000, 0x000000074aa00000|100%| E|CS|TAMS 0x000000074a800000, 0x000000074a800000| Complete 
|  58|0x000000074aa00000, 0x000000074ac00000, 0x000000074ac00000|100%| E|CS|TAMS 0x000000074aa00000, 0x000000074aa00000| Complete 
|  59|0x000000074ac00000, 0x000000074ae00000, 0x000000074ae00000|100%| E|CS|TAMS 0x000000074ac00000, 0x000000074ac00000| Complete 
|  60|0x000000074ae00000, 0x000000074b000000, 0x000000074b000000|100%| E|CS|TAMS 0x000000074ae00000, 0x000000074ae00000| Complete 
|  61|0x000000074b000000, 0x000000074b200000, 0x000000074b200000|100%| E|CS|TAMS 0x000000074b000000, 0x000000074b000000| Complete 
|  62|0x000000074b200000, 0x000000074b400000, 0x000000074b400000|100%| E|CS|TAMS 0x000000074b200000, 0x000000074b200000| Complete 
|  63|0x000000074b400000, 0x000000074b600000, 0x000000074b600000|100%| E|CS|TAMS 0x000000074b400000, 0x000000074b400000| Complete 
|  64|0x000000074b600000, 0x000000074b800000, 0x000000074b800000|100%| E|CS|TAMS 0x000000074b600000, 0x000000074b600000| Complete 
|  65|0x000000074b800000, 0x000000074ba00000, 0x000000074ba00000|100%| E|CS|TAMS 0x000000074b800000, 0x000000074b800000| Complete 
|  66|0x000000074ba00000, 0x000000074bc00000, 0x000000074bc00000|100%| E|CS|TAMS 0x000000074ba00000, 0x000000074ba00000| Complete 
|  67|0x000000074bc00000, 0x000000074be00000, 0x000000074be00000|100%| E|CS|TAMS 0x000000074bc00000, 0x000000074bc00000| Complete 
|  68|0x000000074be00000, 0x000000074c000000, 0x000000074c000000|100%| E|CS|TAMS 0x000000074be00000, 0x000000074be00000| Complete 
|  69|0x000000074c000000, 0x000000074c200000, 0x000000074c200000|100%| E|CS|TAMS 0x000000074c000000, 0x000000074c000000| Complete 
|  70|0x000000074c200000, 0x000000074c400000, 0x000000074c400000|100%| E|CS|TAMS 0x000000074c200000, 0x000000074c200000| Complete 
|  71|0x000000074c400000, 0x000000074c600000, 0x000000074c600000|100%| E|CS|TAMS 0x000000074c400000, 0x000000074c400000| Complete 
|  72|0x000000074c600000, 0x000000074c800000, 0x000000074c800000|100%| E|CS|TAMS 0x000000074c600000, 0x000000074c600000| Complete 
|  73|0x000000074c800000, 0x000000074ca00000, 0x000000074ca00000|100%| E|CS|TAMS 0x000000074c800000, 0x000000074c800000| Complete 
|  74|0x000000074ca00000, 0x000000074cc00000, 0x000000074cc00000|100%| E|CS|TAMS 0x000000074ca00000, 0x000000074ca00000| Complete 
|  75|0x000000074cc00000, 0x000000074ce00000, 0x000000074ce00000|100%| E|CS|TAMS 0x000000074cc00000, 0x000000074cc00000| Complete 
|  76|0x000000074ce00000, 0x000000074d000000, 0x000000074d000000|100%| E|CS|TAMS 0x000000074ce00000, 0x000000074ce00000| Complete 
|  77|0x000000074d000000, 0x000000074d1a4dc0, 0x000000074d200000| 82%| S|CS|TAMS 0x000000074d000000, 0x000000074d000000| Complete 
|  78|0x000000074d200000, 0x000000074d400000, 0x000000074d400000|100%| E|CS|TAMS 0x000000074d200000, 0x000000074d200000| Complete 
|  79|0x000000074d400000, 0x000000074d600000, 0x000000074d600000|100%| E|CS|TAMS 0x000000074d400000, 0x000000074d400000| Complete 
|  80|0x000000074d600000, 0x000000074d800000, 0x000000074d800000|100%| E|CS|TAMS 0x000000074d600000, 0x000000074d600000| Complete 
|  81|0x000000074d800000, 0x000000074da00000, 0x000000074da00000|100%| E|CS|TAMS 0x000000074d800000, 0x000000074d800000| Complete 
|  82|0x000000074da00000, 0x000000074dc00000, 0x000000074dc00000|100%| E|CS|TAMS 0x000000074da00000, 0x000000074da00000| Complete 
|  83|0x000000074dc00000, 0x000000074de00000, 0x000000074de00000|100%| E|CS|TAMS 0x000000074dc00000, 0x000000074dc00000| Complete 
|  84|0x000000074de00000, 0x000000074e000000, 0x000000074e000000|100%| E|CS|TAMS 0x000000074de00000, 0x000000074de00000| Complete 
|  85|0x000000074e000000, 0x000000074e200000, 0x000000074e200000|100%| E|CS|TAMS 0x000000074e000000, 0x000000074e000000| Complete 
|  86|0x000000074e200000, 0x000000074e400000, 0x000000074e400000|100%| E|CS|TAMS 0x000000074e200000, 0x000000074e200000| Complete 
|  87|0x000000074e400000, 0x000000074e600000, 0x000000074e600000|100%| E|CS|TAMS 0x000000074e400000, 0x000000074e400000| Complete 
|  88|0x000000074e600000, 0x000000074e800000, 0x000000074e800000|100%| E|CS|TAMS 0x000000074e600000, 0x000000074e600000| Complete 
|  89|0x000000074e800000, 0x000000074ea00000, 0x000000074ea00000|100%| E|CS|TAMS 0x000000074e800000, 0x000000074e800000| Complete 
|  90|0x000000074ea00000, 0x000000074ec00000, 0x000000074ec00000|100%| E|CS|TAMS 0x000000074ea00000, 0x000000074ea00000| Complete 
|  91|0x000000074ec00000, 0x000000074ee00000, 0x000000074ee00000|100%| E|CS|TAMS 0x000000074ec00000, 0x000000074ec00000| Complete 
|  92|0x000000074ee00000, 0x000000074f000000, 0x000000074f000000|100%| E|CS|TAMS 0x000000074ee00000, 0x000000074ee00000| Complete 
|  93|0x000000074f000000, 0x000000074f200000, 0x000000074f200000|100%| E|CS|TAMS 0x000000074f000000, 0x000000074f000000| Complete 
|  94|0x000000074f200000, 0x000000074f400000, 0x000000074f400000|100%| E|CS|TAMS 0x000000074f200000, 0x000000074f200000| Complete 

Card table byte_map: [0x0000022760e00000,0x00000227613f0000] _byte_map_base: 0x000002275d3e5000

Marking Bits (Prev, Next): (CMBitMap*) 0x000002274be9aa30, (CMBitMap*) 0x000002274be9aa70
 Prev Bits: [0x00000227619e0000, 0x0000022764908000)
 Next Bits: [0x0000022764910000, 0x0000022767838000)

Polling page: 0x000002274bd60000

Metaspace:

Usage:
  Non-class:     18.02 MB used.
      Class:      2.59 MB used.
       Both:     20.60 MB used.

Virtual space:
  Non-class space:       64.00 MB reserved,      18.19 MB ( 28%) committed,  1 nodes.
      Class space:        1.00 GB reserved,       2.75 MB ( <1%) committed,  1 nodes.
             Both:        1.06 GB reserved,      20.94 MB (  2%) committed. 

Chunk freelists:
   Non-Class:  13.78 MB
       Class:  13.28 MB
        Both:  27.06 MB

MaxMetaspaceSize: unlimited
CompressedClassSpaceSize: 1.00 GB
Initial GC threshold: 21.00 MB
Current GC threshold: 21.00 MB
CDS: on
MetaspaceReclaimPolicy: balanced
 - commit_granule_bytes: 65536.
 - commit_granule_words: 8192.
 - virtual_space_node_default_size: 8388608.
 - enlarge_chunks_in_place: 1.
 - new_chunks_are_fully_committed: 0.
 - uncommit_free_chunks: 1.
 - use_allocation_guard: 0.
 - handle_deallocations: 1.


Internal statistics:

num_allocs_failed_limit: 0.
num_arena_births: 134.
num_arena_deaths: 0.
num_vsnodes_births: 2.
num_vsnodes_deaths: 0.
num_space_committed: 335.
num_space_uncommitted: 0.
num_chunks_returned_to_freelist: 0.
num_chunks_taken_from_freelist: 894.
num_chunk_merges: 0.
num_chunk_splits: 617.
num_chunks_enlarged: 491.
num_inconsistent_stats: 0.

CodeHeap 'non-profiled nmethods': size=120000Kb used=1737Kb max_used=1737Kb free=118262Kb
 bounds [0x0000022758870000, 0x0000022758ae0000, 0x000002275fda0000]
CodeHeap 'profiled nmethods': size=120000Kb used=7984Kb max_used=7984Kb free=112015Kb
 bounds [0x0000022750da0000, 0x0000022751570000, 0x00000227582d0000]
CodeHeap 'non-nmethods': size=5760Kb used=1205Kb max_used=1238Kb free=4555Kb
 bounds [0x00000227582d0000, 0x0000022758540000, 0x0000022758870000]
 total_blobs=4330 nmethods=3840 adapters=402
 compilation: enabled
              stopped_count=0, restarted_count=0
 full_count=0

Compilation events (20 events):
Event: 12.160 Thread 0x000002276a336b30 nmethod 3830 0x0000022751560910 code [0x0000022751560b80, 0x00000227515619f8]
Event: 12.167 Thread 0x000002276a336b30 3831       3       java.nio.MappedByteBuffer::position (6 bytes)
Event: 12.167 Thread 0x000002276a336b30 nmethod 3831 0x0000022751561d90 code [0x0000022751561f40, 0x0000022751562148]
Event: 12.167 Thread 0x000002276a336b30 3832       3       jdk.internal.jimage.ImageLocation::decompress (116 bytes)
Event: 12.169 Thread 0x000002276a336b30 nmethod 3832 0x0000022751562290 code [0x0000022751562520, 0x0000022751563048]
Event: 12.169 Thread 0x000002276a336b30 3833       3       jdk.internal.jimage.ImageLocation::verify (38 bytes)
Event: 12.170 Thread 0x000002276a336b30 nmethod 3833 0x0000022751563490 code [0x00000227515636a0, 0x0000022751563c68]
Event: 12.170 Thread 0x000002276a336b30 3834   !   3       jdk.internal.jimage.BasicImageReader::getResourceBuffer (203 bytes)
Event: 12.173 Thread 0x000002276a336b30 nmethod 3834 0x0000022751563f10 code [0x0000022751564360, 0x00000227515660e8]
Event: 12.173 Thread 0x000002276a336b30 3837       3       java.nio.DirectByteBufferR::slice (5 bytes)
Event: 12.173 Thread 0x000002276a336b30 nmethod 3837 0x0000022751566d90 code [0x0000022751566f40, 0x0000022751567088]
Event: 12.174 Thread 0x000002276a336b30 3838       3       java.nio.DirectByteBufferR::slice (74 bytes)
Event: 12.174 Thread 0x000002276a336b30 nmethod 3838 0x0000022751567110 code [0x00000227515672c0, 0x0000022751567588]
Event: 12.174 Thread 0x000002276a336b30 3835   !   3       jdk.internal.jimage.BasicImageReader::slice (32 bytes)
Event: 12.200 Thread 0x000002276a336b30 nmethod 3835 0x0000022751567690 code [0x0000022751567860, 0x0000022751567c88]
Event: 12.200 Thread 0x000002276a336b30 3836       3       java.nio.DirectByteBufferR::<init> (25 bytes)
Event: 12.200 Thread 0x000002276a336b30 nmethod 3836 0x0000022751567e10 code [0x0000022751567fa0, 0x0000022751568128]
Event: 12.200 Thread 0x000002276a336b30 3839   !   3       jdk.internal.misc.ScopedMemoryAccess::copyMemory (31 bytes)
Event: 12.201 Thread 0x000002276a336b30 nmethod 3839 0x0000022751568210 code [0x0000022751568420, 0x0000022751568ad8]
Event: 12.208 Thread 0x000002276a332a80 nmethod 3829 0x0000022758a20d10 code [0x0000022758a20ee0, 0x0000022758a21a78]

GC Heap History (4 events):
Event: 5.475 GC heap before
{Heap before GC invocations=0 (full 0):
 garbage-first heap   total 194560K, used 22528K [0x0000000743600000, 0x0000000800000000)
  region size 2048K, 11 young (22528K), 0 survivors (0K)
 Metaspace       used 5649K, committed 5824K, reserved 1114112K
  class space    used 702K, committed 768K, reserved 1048576K
}
Event: 5.483 GC heap after
{Heap after GC invocations=1 (full 0):
 garbage-first heap   total 194560K, used 3653K [0x0000000743600000, 0x0000000800000000)
  region size 2048K, 2 young (4096K), 2 survivors (4096K)
 Metaspace       used 5649K, committed 5824K, reserved 1114112K
  class space    used 702K, committed 768K, reserved 1048576K
}
Event: 7.147 GC heap before
{Heap before GC invocations=1 (full 0):
 garbage-first heap   total 194560K, used 34373K [0x0000000743600000, 0x0000000800000000)
  region size 2048K, 17 young (34816K), 2 survivors (4096K)
 Metaspace       used 9446K, committed 9600K, reserved 1114112K
  class space    used 1185K, committed 1216K, reserved 1048576K
}
Event: 7.160 GC heap after
{Heap after GC invocations=2 (full 0):
 garbage-first heap   total 194560K, used 5118K [0x0000000743600000, 0x0000000800000000)
  region size 2048K, 1 young (2048K), 1 survivors (2048K)
 Metaspace       used 9446K, committed 9600K, reserved 1114112K
  class space    used 1185K, committed 1216K, reserved 1048576K
}

Dll operation events (3 events):
Event: 0.035 Loaded shared library C:\Users\User_01\.jdks\jbr-17.0.12\bin\java.dll
Event: 0.113 Loaded shared library C:\Users\User_01\.jdks\jbr-17.0.12\bin\jsvml.dll
Event: 2.205 Loaded shared library C:\Users\User_01\.jdks\jbr-17.0.12\bin\verify.dll

Deoptimization events (20 events):
Event: 11.150 Thread 0x000002274be43910 Uncommon trap: trap_request=0xffffff45 fr.pc=0x00000227589cb144 relative=0x00000000000000a4
Event: 11.155 Thread 0x000002274be43910 Uncommon trap: reason=unstable_if action=reinterpret pc=0x00000227589cb144 method=org.apache.maven.model.io.xpp3.MavenXpp3Reader.nextTag(Lorg/codehaus/plexus/util/xml/pull/XmlPullParser;)I @ 9 c2
Event: 11.155 Thread 0x000002274be43910 DEOPT PACKING pc=0x00000227589cb144 sp=0x0000005bd93fc420
Event: 11.155 Thread 0x000002274be43910 DEOPT UNPACKING pc=0x000002275832a1a3 sp=0x0000005bd93fc3b0 mode 2
Event: 11.505 Thread 0x000002274be43910 Uncommon trap: trap_request=0xffffffc6 fr.pc=0x00000227588c1568 relative=0x00000000000002a8
Event: 11.505 Thread 0x000002274be43910 Uncommon trap: reason=bimorphic_or_optimized_type_check action=maybe_recompile pc=0x00000227588c1568 method=java.nio.Buffer.<init>(IIIILjdk/internal/access/foreign/MemorySegmentProxy;)V @ 39 c2
Event: 11.505 Thread 0x000002274be43910 DEOPT PACKING pc=0x00000227588c1568 sp=0x0000005bd93f7e60
Event: 11.505 Thread 0x000002274be43910 DEOPT UNPACKING pc=0x000002275832a1a3 sp=0x0000005bd93f7e08 mode 2
Event: 11.506 Thread 0x000002274be43910 Uncommon trap: trap_request=0xffffffc6 fr.pc=0x00000227588c1568 relative=0x00000000000002a8
Event: 11.506 Thread 0x000002274be43910 Uncommon trap: reason=bimorphic_or_optimized_type_check action=maybe_recompile pc=0x00000227588c1568 method=java.nio.Buffer.<init>(IIIILjdk/internal/access/foreign/MemorySegmentProxy;)V @ 39 c2
Event: 11.506 Thread 0x000002274be43910 DEOPT PACKING pc=0x00000227588c1568 sp=0x0000005bd93f7e60
Event: 11.506 Thread 0x000002274be43910 DEOPT UNPACKING pc=0x000002275832a1a3 sp=0x0000005bd93f7e08 mode 2
Event: 11.986 Thread 0x000002274be43910 Uncommon trap: trap_request=0xffffff45 fr.pc=0x000002275898fbd0 relative=0x00000000000000b0
Event: 11.986 Thread 0x000002274be43910 Uncommon trap: reason=unstable_if action=reinterpret pc=0x000002275898fbd0 method=java.util.Spliterator.getExactSizeIfKnown()J @ 9 c2
Event: 11.986 Thread 0x000002274be43910 DEOPT PACKING pc=0x000002275898fbd0 sp=0x0000005bd93fd0b0
Event: 11.986 Thread 0x000002274be43910 DEOPT UNPACKING pc=0x000002275832a1a3 sp=0x0000005bd93fd050 mode 2
Event: 12.013 Thread 0x000002274be43910 Uncommon trap: trap_request=0xffffff45 fr.pc=0x0000022758905e38 relative=0x0000000000000a18
Event: 12.013 Thread 0x000002274be43910 Uncommon trap: reason=unstable_if action=reinterpret pc=0x0000022758905e38 method=jdk.internal.module.SystemModuleFinders$SystemModuleReader.find(Ljava/lang/String;)Ljava/util/Optional; @ 5 c2
Event: 12.013 Thread 0x000002274be43910 DEOPT PACKING pc=0x0000022758905e38 sp=0x0000005bd93fc5b0
Event: 12.013 Thread 0x000002274be43910 DEOPT UNPACKING pc=0x000002275832a1a3 sp=0x0000005bd93fc598 mode 2

Classes loaded (20 events):
Event: 12.010 Loading class java/nio/file/DirectoryStream$Filter
Event: 12.011 Loading class java/nio/file/DirectoryStream$Filter done
Event: 12.011 Loading class java/nio/file/DirectoryStream
Event: 12.011 Loading class java/nio/file/DirectoryStream done
Event: 12.011 Loading class java/nio/file/FileStore
Event: 12.011 Loading class java/nio/file/FileStore done
Event: 12.011 Loading class java/nio/channels/AsynchronousFileChannel
Event: 12.012 Loading class java/nio/channels/AsynchronousChannel
Event: 12.012 Loading class java/nio/channels/AsynchronousChannel done
Event: 12.012 Loading class java/nio/channels/AsynchronousFileChannel done
Event: 12.012 Loading class jdk/internal/jrtfs/JrtFileSystemProvider
Event: 12.013 Loading class jdk/internal/jrtfs/JrtFileSystemProvider done
Event: 12.014 Loading class sun/net/www/protocol/jrt/JavaRuntimeURLConnection
Event: 12.014 Loading class sun/net/www/protocol/jrt/JavaRuntimeURLConnection done
Event: 12.015 Loading class sun/net/www/protocol/jrt/JavaRuntimeURLConnection$1
Event: 12.015 Loading class sun/net/www/protocol/jrt/JavaRuntimeURLConnection$1 done
Event: 12.053 Loading class sun/nio/fs/WindowsException
Event: 12.053 Loading class sun/nio/fs/WindowsException done
Event: 12.053 Loading class sun/nio/fs/WindowsDirectoryStream
Event: 12.054 Loading class sun/nio/fs/WindowsDirectoryStream done

Classes unloaded (0 events):
No events

Classes redefined (0 events):
No events

Internal exceptions (20 events):
Event: 7.872 Thread 0x000002274be43910 Exception <a 'java/lang/NoSuchMethodError'{0x000000074ea7d730}: 'int java.lang.invoke.DirectMethodHandle$Holder.invokeSpecial(java.lang.Object, java.lang.Object, java.lang.Object, java.lang.Object)'> (0x000000074ea7d730) 
thrown [s\src\hotspot\share\interpreter\linkResolver.cpp, line 771]
Event: 8.522 Thread 0x000002274be43910 Exception <a 'java/lang/NoClassDefFoundError'{0x000000074e395c80}: com/google/inject/servlet/ServletModuleTargetVisitor> (0x000000074e395c80) 
thrown [s\src\hotspot\share\classfile\systemDictionary.cpp, line 245]
Event: 8.683 Thread 0x000002274be43910 Exception <a 'java/lang/NoSuchMethodError'{0x000000074de20c00}: 'void java.lang.invoke.DirectMethodHandle$Holder.invokeVirtual(java.lang.Object, java.lang.Object)'> (0x000000074de20c00) 
thrown [s\src\hotspot\share\interpreter\linkResolver.cpp, line 771]
Event: 8.736 Thread 0x000002274be43910 Exception <a 'java/lang/NoSuchMethodError'{0x000000074dea87b0}: 'java.lang.Object java.lang.invoke.DirectMethodHandle$Holder.invokeStaticInit(java.lang.Object, int, int, int, int)'> (0x000000074dea87b0) 
thrown [s\src\hotspot\share\interpreter\linkResolver.cpp, line 771]
Event: 9.048 Thread 0x000002274be43910 Exception <a 'java/lang/NoSuchMethodError'{0x000000074d87dd18}: 'void java.lang.invoke.DirectMethodHandle$Holder.invokeSpecial(java.lang.Object, java.lang.Object, java.lang.Object, java.lang.Object, java.lang.Object)'> (0x000000074d87dd18) 
thrown [s\src\hotspot\share\interpreter\linkResolver.cpp, line 771]
Event: 9.053 Thread 0x000002274be43910 Exception <a 'java/lang/NoSuchMethodError'{0x000000074d89b928}: 'java.lang.Object java.lang.invoke.DirectMethodHandle$Holder.invokeVirtual(java.lang.Object, java.lang.Object, java.lang.Object)'> (0x000000074d89b928) 
thrown [s\src\hotspot\share\interpreter\linkResolver.cpp, line 771]
Event: 9.058 Thread 0x000002274be43910 Exception <a 'java/lang/NoSuchMethodError'{0x000000074d8af0e0}: 'void java.lang.invoke.DirectMethodHandle$Holder.invokeSpecial(java.lang.Object, java.lang.Object, java.lang.Object, java.lang.Object, java.lang.Object, java.lang.Object)'> (0x000000074d8af0e0) 
thrown [s\src\hotspot\share\interpreter\linkResolver.cpp, line 771]
Event: 9.750 Thread 0x000002274be43910 Implicit null exception at 0x00000227589880be to 0x0000022758988b38
Event: 9.750 Thread 0x000002274be43910 Implicit null exception at 0x000002275898d9ef to 0x000002275898dbe8
Event: 9.750 Thread 0x000002274be43910 Implicit null exception at 0x0000022758909e8f to 0x0000022758909f09
Event: 10.197 Thread 0x000002274be43910 Implicit null exception at 0x000002275894fd6f to 0x000002275894ff5c
Event: 10.265 Thread 0x000002274be43910 Exception <a 'java/lang/NoSuchMethodError'{0x000000074c695588}: 'java.lang.Object java.lang.invoke.DirectMethodHandle$Holder.newInvokeSpecial(java.lang.Object, java.lang.Object, java.lang.Object, java.lang.Object, java.lang.Object, java.lang.Object, java.lang.Object)'> (0x000000074c695588) 
thrown [s\src\hotspot\share\interpreter\linkResolver.cpp, line 771]
Event: 10.266 Thread 0x000002274be43910 Exception <a 'java/lang/NoSuchMethodError'{0x000000074c699e98}: 'java.lang.Object java.lang.invoke.Invokers$Holder.linkToTargetMethod(java.lang.Object, java.lang.Object, java.lang.Object, java.lang.Object, java.lang.Object, java.lang.Object, java.lang.Object)'> (0x000000074c699e98) 
thrown [s\src\hotspot\share\interpreter\linkResolver.cpp, line 771]
Event: 10.872 Thread 0x000002274be43910 Exception <a 'java/lang/NoSuchMethodError'{0x000000074bca04b0}: 'int java.lang.invoke.DirectMethodHandle$Holder.invokeVirtual(java.lang.Object, java.lang.Object)'> (0x000000074bca04b0) 
thrown [s\src\hotspot\share\interpreter\linkResolver.cpp, line 771]
Event: 10.965 Thread 0x000002274be43910 Exception <a 'java/lang/NoSuchMethodError'{0x000000074ba8e340}: 'int java.lang.invoke.DirectMethodHandle$Holder.invokeStatic(java.lang.Object, java.lang.Object, int)'> (0x000000074ba8e340) 
thrown [s\src\hotspot\share\interpreter\linkResolver.cpp, line 771]
Event: 11.999 Thread 0x000002274be43910 Exception <a 'java/lang/NoSuchMethodError'{0x000000074a9cd588}: 'int java.lang.invoke.DirectMethodHandle$Holder.invokeInterface(java.lang.Object, java.lang.Object)'> (0x000000074a9cd588) 
thrown [s\src\hotspot\share\interpreter\linkResolver.cpp, line 771]
Event: 12.053 Thread 0x000002274be43910 Exception <a 'sun/nio/fs/WindowsException'{0x000000074a78a6b0}> (0x000000074a78a6b0) 
thrown [s\src\hotspot\share\prims\jni.cpp, line 531]
Event: 12.054 Thread 0x000002274be43910 Exception <a 'sun/nio/fs/WindowsException'{0x000000074a78aa28}> (0x000000074a78aa28) 
thrown [s\src\hotspot\share\prims\jni.cpp, line 531]
Event: 12.056 Thread 0x000002274be43910 Exception <a 'java/lang/NoSuchMethodError'{0x000000074a7915c0}: 'int java.lang.invoke.DirectMethodHandle$Holder.invokeVirtual(java.lang.Object, java.lang.Object, java.lang.Object)'> (0x000000074a7915c0) 
thrown [s\src\hotspot\share\interpreter\linkResolver.cpp, line 771]
Event: 12.057 Thread 0x000002274be43910 Exception <a 'java/lang/NoSuchMethodError'{0x000000074a797a58}: 'void java.lang.invoke.DirectMethodHandle$Holder.invokeInterface(java.lang.Object, java.lang.Object, java.lang.Object)'> (0x000000074a797a58) 
thrown [s\src\hotspot\share\interpreter\linkResolver.cpp, line 771]

VM Operations (20 events):
Event: 8.786 Executing VM operation: HandshakeAllThreads
Event: 8.786 Executing VM operation: HandshakeAllThreads done
Event: 8.978 Executing VM operation: HandshakeAllThreads
Event: 8.978 Executing VM operation: HandshakeAllThreads done
Event: 8.979 Executing VM operation: HandshakeAllThreads
Event: 8.979 Executing VM operation: HandshakeAllThreads done
Event: 9.092 Executing VM operation: ICBufferFull
Event: 9.092 Executing VM operation: ICBufferFull done
Event: 9.931 Executing VM operation: ICBufferFull
Event: 9.932 Executing VM operation: ICBufferFull done
Event: 10.854 Executing VM operation: ICBufferFull
Event: 10.854 Executing VM operation: ICBufferFull done
Event: 10.932 Executing VM operation: HandshakeAllThreads
Event: 10.932 Executing VM operation: HandshakeAllThreads done
Event: 11.852 Executing VM operation: HandshakeAllThreads
Event: 11.852 Executing VM operation: HandshakeAllThreads done
Event: 11.995 Executing VM operation: HandshakeAllThreads
Event: 11.996 Executing VM operation: HandshakeAllThreads done
Event: 11.996 Executing VM operation: Cleanup
Event: 11.996 Executing VM operation: Cleanup done

Events (20 events):
Event: 0.158 Thread 0x000002276a336b30 Thread added: 0x000002276a336b30
Event: 0.159 Thread 0x000002276a5c2840 Thread added: 0x000002276a5c2840
Event: 0.259 Thread 0x000002276a70fb20 Thread added: 0x000002276a70fb20
Event: 0.275 Thread 0x000002276a712870 Thread added: 0x000002276a712870
Event: 0.295 Loaded shared library C:\Users\User_01\.jdks\jbr-17.0.12\bin\net.dll
Event: 0.303 Loaded shared library C:\Users\User_01\.jdks\jbr-17.0.12\bin\nio.dll
Event: 0.311 Loaded shared library C:\Users\User_01\.jdks\jbr-17.0.12\bin\zip.dll
Event: 2.150 Thread 0x000002276a99e320 Thread added: 0x000002276a99e320
Event: 2.155 Loaded shared library C:\Users\User_01\.jdks\jbr-17.0.12\bin\jimage.dll
Event: 2.166 Loaded shared library C:\Program Files\JetBrains\IntelliJ IDEA 2025.2.3\plugins\maven\lib\maven3\lib\jansi-native\Windows\x86_64\jansi.dll
Event: 2.176 Thread 0x000002276a99e320 Thread exited: 0x000002276a99e320
Event: 5.437 Thread 0x000002276f285cb0 Thread added: 0x000002276f285cb0
Event: 5.471 Thread 0x000002276f55b340 Thread added: 0x000002276f55b340
Event: 6.538 Thread 0x000002276f55b340 Thread exited: 0x000002276f55b340
Event: 6.856 Thread 0x000002276f285cb0 Thread exited: 0x000002276f285cb0
Event: 7.867 Thread 0x000002276fce0c30 Thread added: 0x000002276fce0c30
Event: 8.908 Thread 0x000002276f974560 Thread added: 0x000002276f974560
Event: 9.559 Thread 0x000002276f6485f0 Thread added: 0x000002276f6485f0
Event: 10.530 Thread 0x000002276f6485f0 Thread exited: 0x000002276f6485f0
Event: 11.278 Thread 0x000002276f649090 Thread added: 0x000002276f649090


Dynamic libraries:
0x00007ff686920000 - 0x00007ff68692a000 	C:\Users\User_01\.jdks\jbr-17.0.12\bin\java.exe
0x00007ff8cd520000 - 0x00007ff8cd787000 	C:\WINDOWS\SYSTEM32\ntdll.dll
0x00007ff8cb470000 - 0x00007ff8cb539000 	C:\WINDOWS\System32\KERNEL32.DLL
0x00007ff8ca810000 - 0x00007ff8cabff000 	C:\WINDOWS\System32\KERNELBASE.dll
0x00007ff8cae00000 - 0x00007ff8caf4b000 	C:\WINDOWS\System32\ucrtbase.dll
0x00007ff849720000 - 0x00007ff849737000 	C:\Users\User_01\.jdks\jbr-17.0.12\bin\jli.dll
0x00007ff846d60000 - 0x00007ff846d7b000 	C:\Users\User_01\.jdks\jbr-17.0.12\bin\VCRUNTIME140.dll
0x00007ff8cb8a0000 - 0x00007ff8cba65000 	C:\WINDOWS\System32\USER32.dll
0x00007ff8ca7e0000 - 0x00007ff8ca807000 	C:\WINDOWS\System32\win32u.dll
0x00007ff8ad9c0000 - 0x00007ff8adc53000 	C:\WINDOWS\WinSxS\amd64_microsoft.windows.common-controls_6595b64144ccf1df_6.0.26100.7309_none_3e05feeae336a044\COMCTL32.dll
0x00007ff8cd3c0000 - 0x00007ff8cd3eb000 	C:\WINDOWS\System32\GDI32.dll
0x00007ff8cbbe0000 - 0x00007ff8cbc89000 	C:\WINDOWS\System32\msvcrt.dll
0x00007ff8caf50000 - 0x00007ff8cb07c000 	C:\WINDOWS\System32\gdi32full.dll
0x00007ff8cacc0000 - 0x00007ff8cad63000 	C:\WINDOWS\System32\msvcp_win.dll
0x00007ff8cb7e0000 - 0x00007ff8cb811000 	C:\WINDOWS\System32\IMM32.DLL
0x0000000075440000 - 0x000000007544c000 	C:\Program Files (x86)\360\Total Security\safemon\SafeWrapper.dll
0x00007ff8cb710000 - 0x00007ff8cb7c4000 	C:\WINDOWS\System32\ADVAPI32.dll
0x00007ff8cd180000 - 0x00007ff8cd226000 	C:\WINDOWS\System32\sechost.dll
0x00007ff8cb2c0000 - 0x00007ff8cb3d8000 	C:\WINDOWS\System32\RPCRT4.dll
0x00007ff88e100000 - 0x00007ff88e1ac000 	C:\Program Files (x86)\360\Total Security\safemon\libzdtp64.dll
0x00007ff8cc590000 - 0x00007ff8ccce3000 	C:\WINDOWS\System32\SHELL32.dll
0x00007ff8ca670000 - 0x00007ff8ca7da000 	C:\WINDOWS\System32\wintypes.dll
0x00007ff8cc120000 - 0x00007ff8cc4a6000 	C:\WINDOWS\System32\combase.dll
0x00007ff8cbfb0000 - 0x00007ff8cc016000 	C:\WINDOWS\System32\SHLWAPI.dll
0x00007ff8ca150000 - 0x00007ff8ca15b000 	C:\WINDOWS\SYSTEM32\VERSION.dll
0x00007ff848d70000 - 0x00007ff848d7c000 	C:\Users\User_01\.jdks\jbr-17.0.12\bin\vcruntime140_1.dll
0x00007ff846780000 - 0x00007ff84680d000 	C:\Users\User_01\.jdks\jbr-17.0.12\bin\msvcp140.dll
0x00007ff83dbe0000 - 0x00007ff83e86a000 	C:\Users\User_01\.jdks\jbr-17.0.12\bin\server\jvm.dll
0x00007ff8cd340000 - 0x00007ff8cd3b4000 	C:\WINDOWS\System32\WS2_32.dll
0x00007ff8ca4d0000 - 0x00007ff8ca52e000 	C:\WINDOWS\SYSTEM32\POWRPROF.dll
0x00007ff8c1ae0000 - 0x00007ff8c1b15000 	C:\WINDOWS\SYSTEM32\WINMM.dll
0x00007ff8ca4b0000 - 0x00007ff8ca4c4000 	C:\WINDOWS\SYSTEM32\UMPDC.dll
0x00007ff8c93b0000 - 0x00007ff8c93cb000 	C:\WINDOWS\SYSTEM32\kernel.appcore.dll
0x00007ff846d50000 - 0x00007ff846d5a000 	C:\Users\User_01\.jdks\jbr-17.0.12\bin\jimage.dll
0x00007ff8c7520000 - 0x00007ff8c7762000 	C:\WINDOWS\SYSTEM32\DBGHELP.DLL
0x00007ff8cbed0000 - 0x00007ff8cbfa6000 	C:\WINDOWS\System32\OLEAUT32.dll
0x00007ff8ac120000 - 0x00007ff8ac15c000 	C:\WINDOWS\SYSTEM32\dbgcore.DLL
0x00007ff8cac10000 - 0x00007ff8cacb5000 	C:\WINDOWS\System32\bcryptPrimitives.dll
0x00007ff846d20000 - 0x00007ff846d45000 	C:\Users\User_01\.jdks\jbr-17.0.12\bin\java.dll
0x00007ff8464b0000 - 0x00007ff846587000 	C:\Users\User_01\.jdks\jbr-17.0.12\bin\jsvml.dll
0x00007ff8c81e0000 - 0x00007ff8c8a3e000 	C:\WINDOWS\SYSTEM32\windows.storage.dll
0x00007ff8cc020000 - 0x00007ff8cc115000 	C:\WINDOWS\System32\SHCORE.dll
0x00007ff8ca590000 - 0x00007ff8ca5b9000 	C:\WINDOWS\SYSTEM32\profapi.dll
0x00007ff846ca0000 - 0x00007ff846cb8000 	C:\Users\User_01\.jdks\jbr-17.0.12\bin\zip.dll
0x00007ff846760000 - 0x00007ff846779000 	C:\Users\User_01\.jdks\jbr-17.0.12\bin\net.dll
0x00007ff8bc9e0000 - 0x00007ff8bcb08000 	C:\WINDOWS\SYSTEM32\WINHTTP.dll
0x00007ff8c9920000 - 0x00007ff8c998b000 	C:\WINDOWS\system32\mswsock.dll
0x00007ff846740000 - 0x00007ff846756000 	C:\Users\User_01\.jdks\jbr-17.0.12\bin\nio.dll
0x00007ff8bbdf0000 - 0x00007ff8bbe14000 	C:\Program Files\JetBrains\IntelliJ IDEA 2025.2.3\plugins\maven\lib\maven3\lib\jansi-native\Windows\x86_64\jansi.dll
0x00007ff8466e0000 - 0x00007ff8466f0000 	C:\Users\User_01\.jdks\jbr-17.0.12\bin\verify.dll

dbghelp: loaded successfully - version: 4.0.5 - missing functions: none
symbol engine: initialized successfully - sym options: 0x614 - pdb path: .;C:\Users\User_01\.jdks\jbr-17.0.12\bin;C:\WINDOWS\SYSTEM32;C:\WINDOWS\WinSxS\amd64_microsoft.windows.common-controls_6595b64144ccf1df_6.0.26100.7309_none_3e05feeae336a044;C:\Program Files (x86)\360\Total Security\safemon;C:\Users\User_01\.jdks\jbr-17.0.12\bin\server;C:\Program Files\JetBrains\IntelliJ IDEA 2025.2.3\plugins\maven\lib\maven3\lib\jansi-native\Windows\x86_64

VM Arguments:
jvm_args: -Dclassworlds.conf=C:\Program Files\JetBrains\IntelliJ IDEA 2025.2.3\plugins\maven\lib\maven3\bin\m2.conf -Dmaven.home=C:\Program Files\JetBrains\IntelliJ IDEA 2025.2.3\plugins\maven\lib\maven3 -Dlibrary.jansi.path=C:\Program Files\JetBrains\IntelliJ IDEA 2025.2.3\plugins\maven\lib\maven3\lib\jansi-native -Dmaven.multiModuleProjectDirectory=C:\Users\User_01\projet_Greencore 
java_command: org.codehaus.plexus.classworlds.launcher.Launcher -Didea.version=2025.2.3 -Dmaven.ext.class.path=C:\Program Files\JetBrains\IntelliJ IDEA 2025.2.3\plugins\maven\lib\maven-event-listener.jar -Djansi.passthrough=true -Dstyle.color=always -Dmaven.repo.local=C:\Users\User_01\.m2\repository javafx:run -f pom.xml
java_class_path (initial): C:\Program Files\JetBrains\IntelliJ IDEA 2025.2.3\plugins\maven\lib\maven3\boot\plexus-classworlds-2.8.0.jar
Launcher Type: SUN_STANDARD

[Global flags]
     intx CICompilerCount                          = 4                                         {product} {ergonomic}
     uint ConcGCThreads                            = 2                                         {product} {ergonomic}
     uint G1ConcRefinementThreads                  = 8                                         {product} {ergonomic}
   size_t G1HeapRegionSize                         = 2097152                                   {product} {ergonomic}
    uintx GCDrainStackTargetSize                   = 64                                        {product} {ergonomic}
   size_t InitialHeapSize                          = 199229440                                 {product} {ergonomic}
   size_t MarkStackSize                            = 4194304                                   {product} {ergonomic}
   size_t MaxHeapSize                              = 3164602368                                {product} {ergonomic}
   size_t MaxNewSize                               = 1897922560                                {product} {ergonomic}
   size_t MinHeapDeltaBytes                        = 2097152                                   {product} {ergonomic}
   size_t MinHeapSize                              = 8388608                                   {product} {ergonomic}
    uintx NonNMethodCodeHeapSize                   = 5839372                                {pd product} {ergonomic}
    uintx NonProfiledCodeHeapSize                  = 122909434                              {pd product} {ergonomic}
    uintx ProfiledCodeHeapSize                     = 122909434                              {pd product} {ergonomic}
    uintx ReservedCodeCacheSize                    = 251658240                              {pd product} {ergonomic}
     bool SegmentedCodeCache                       = true                                      {product} {ergonomic}
   size_t SoftMaxHeapSize                          = 3164602368                             {manageable} {ergonomic}
     bool UseCompressedClassPointers               = true                           {product lp64_product} {ergonomic}
     bool UseCompressedOops                        = true                           {product lp64_product} {ergonomic}
     bool UseG1GC                                  = true                                      {product} {ergonomic}
     bool UseLargePagesIndividualAllocation        = false                                  {pd product} {ergonomic}

Logging:
Log output configuration:
 #0: stdout all=warning uptime,level,tags
 #1: stderr all=off uptime,level,tags

Environment Variables:
JAVA_HOME=C:\Users\User_01\.jdks\jbr-17.0.12
PATH=C:\oraclexe\app\oracle\product\11.2.0\server\bin;C:\oraclexe\app\oracle\product\11.2.0\server\bin;C:\Program Files (x86)\VMware\VMware Workstation\bin\;C:\Windows\system32;C:\Windows;C:\Windows\System32\Wbem;C:\Windows\System32\WindowsPowerShell\v1.0\;C:\Windows\System32\OpenSSH\;C:\Program Files (x86)\NVIDIA Corporation\PhysX\Common;C:\Program Files\NVIDIA Corporation\NVIDIA NvDLISR;C:\xampp\php;C:\composer;C:\WINDOWS\system32;C:\WINDOWS;C:\WINDOWS\System32\Wbem;C:\WINDOWS\System32\WindowsPowerShell\v1.0\;C:\WINDOWS\System32\OpenSSH\;C:\Program Files\cursor\resources\app\bin;C:\Program Files\Git\cmd;C:\Users\User_01\AppData\Local\Programs\Eclipse Adoptium\jdk-25.0.1.8-hotspot\bin;C:\Users\User_01\AppData\Local\Programs\Python\Python312\Scripts\;C:\Users\User_01\AppData\Local\Programs\Python\Python312\;C:\Users\User_01\scoop\shims;C:\Users\User_01\AppData\Local\Microsoft\WindowsApps;C:\Users\User_01\AppData\Local\Programs\Microsoft VS Code\bin;C:\Users\User_01\AppData\Roaming\Composer\vendor\bin;C:\Program Files\JetBrains\IntelliJ IDEA 2024.1.2\bin;;C:\Program Files\JetBrains\PhpStorm 2024.2.1\bin;C:\Users\User_01\AppData\Local\Programs\Windsurf\bin
USERNAME=User_01
OS=Windows_NT
PROCESSOR_IDENTIFIER=Intel64 Family 6 Model 140 Stepping 2, GenuineIntel
TMP=C:\Users\User_01\AppData\Local\Temp
TEMP=C:\Users\User_01\AppData\Local\Temp



Periodic native trim disabled

JNI global refs:
JNI global refs: 8, weak refs: 0

JNI global refs memory usage: 843, weak refs: 841

Process memory usage:
Resident Set Size: 229172K (1% of 12361016K total physical memory with 2797332K free physical memory)

OOME stack traces (most recent first):
Classloader memory used:
Loader org.codehaus.plexus.classworlds.realm.ClassRealm                                : 1681K
Loader bootstrap                                                                       : 556K
Loader jdk.internal.loader.ClassLoaders$AppClassLoader                                 : 362K
Loader jdk.internal.loader.ClassLoaders$PlatformClassLoader                            : 28843B
Loader org.eclipse.sisu.space.CloningClassSpace$CloningClassLoader                     : 4655B
Loader jdk.internal.reflect.DelegatingClassLoader                                      : 4214B

Classes loaded by more than one classloader:
Class org.codehaus.plexus.util.DirectoryScanner                                       : loaded 2 times (x 113B)
Class org.codehaus.plexus.interpolation.BasicInterpolator                             : loaded 2 times (x 68B)
Class org.codehaus.plexus.util.Scanner                                                : loaded 2 times (x 68B)
Class [Lorg.codehaus.plexus.util.MatchPattern;                                        : loaded 2 times (x 67B)
Class org.codehaus.plexus.interpolation.ValueSource                                   : loaded 2 times (x 68B)
Class org.codehaus.plexus.util.AbstractScanner                                        : loaded 2 times (x 98B)
Class org.codehaus.plexus.util.MatchPattern                                           : loaded 2 times (x 76B)
Class org.codehaus.plexus.interpolation.RecursionInterceptor                          : loaded 2 times (x 68B)
Class org.apache.maven.shared.utils.logging.MessageBuilder                            : loaded 2 times (x 68B)
Class org.codehaus.plexus.interpolation.PropertiesBasedValueSource                    : loaded 2 times (x 80B)
Class org.codehaus.plexus.interpolation.AbstractValueSource                           : loaded 2 times (x 80B)
Class org.codehaus.plexus.util.MatchPatterns                                          : loaded 2 times (x 74B)
Class org.codehaus.plexus.util.SelectorUtils                                          : loaded 2 times (x 69B)
Class org.codehaus.plexus.util.StringUtils                                            : loaded 2 times (x 69B)
Class org.codehaus.plexus.interpolation.Interpolator                                  : loaded 2 times (x 68B)


---------------  S Y S T E M  ---------------

OS:
 Windows 11 , 64 bit Build 26100 (10.0.26100.7623)
OS uptime: 1 days 7:42 hours
Hyper-V role detected

CPU: total 8 (initial active 8) (4 cores per cpu, 2 threads per core) family 6 model 140 stepping 2 microcode 0x3a, cx8, cmov, fxsr, ht, mmx, 3dnowpref, sse, sse2, sse3, ssse3, sse4.1, sse4.2, popcnt, lzcnt, tsc, tscinvbit, avx, avx2, aes, erms, clmul, bmi1, bmi2, adx, avx512f, avx512dq, avx512cd, avx512bw, avx512vl, sha, fma, vzeroupper, avx512_vpopcntdq, avx512_vpclmulqdq, avx512_vaes, avx512_vnni, clflush, clflushopt, clwb, avx512_vbmi2, avx512_vbmi, hv
Processor Information for all 8 processors :
  Max Mhz: 2496, Current Mhz: 2496, Mhz Limit: 2496

Memory: 4k page, system-wide physical 12071M (2775M free)
TotalPageFile size 21408M (AvailPageFile size 1264M)
current process WorkingSet (physical memory assigned to process): 224M, peak: 224M
current process commit charge ("private bytes"): 367M, peak: 367M

vm_info: OpenJDK 64-Bit Server VM (17.0.12+1-b1207.37) for windows-amd64 JRE (17.0.12+1-b1207.37), built on 2024-09-25 by "builduser" with MS VC++ 16.10 / 16.11 (VS2019)

END.
