#
# There is insufficient memory for the Java Runtime Environment to continue.
# Native memory allocation (malloc) failed to allocate 376496 bytes. Error detail: Chunk::new
# Possible reasons:
#   The system is out of physical RAM or swap space
#   This process is running with CompressedOops enabled, and the Java Heap may be blocking the growth of the native heap
# Possible solutions:
#   Reduce memory load on the system
#   Increase physical memory or swap space
#   Check if swap backing store is full
#   Decrease Java heap size (-Xmx/-Xms)
#   Decrease number of Java threads
#   Decrease Java thread stack sizes (-Xss)
#   Set larger code cache with -XX:ReservedCodeCacheSize=
#   JVM is running with Zero Based Compressed Oops mode in which the Java heap is
#     placed in the first 32GB address space. The Java Heap base address is the
#     maximum limit for the native heap growth. Please use -XX:HeapBaseMinAddress
#     to set the Java Heap base and to place the Java Heap above 32GB virtual address.
# This output file may be truncated or incomplete.
#
#  Out of Memory Error (arena.cpp:191), pid=2964, tid=5084
#
# JRE version: OpenJDK Runtime Environment JBR-17.0.12+1-1207.37-nomod (17.0.12+1) (build 17.0.12+1-b1207.37)
# Java VM: OpenJDK 64-Bit Server VM JBR-17.0.12+1-1207.37-nomod (17.0.12+1-b1207.37, mixed mode, sharing, tiered, compressed oops, compressed class ptrs, g1 gc, windows-amd64)
# No core dump will be written. Minidumps are not enabled by default on client versions of Windows
#

---------------  S U M M A R Y ------------

Command Line: --module-path=C:\Users\User_01\.m2\repository\org\openjfx\javafx-base\21.0.1\javafx-base-21.0.1-win.jar;C:\Users\User_01\.m2\repository\org\openjfx\javafx-base\21.0.1\javafx-base-21.0.1.jar;C:\Users\User_01\.m2\repository\org\openjfx\javafx-controls\21.0.1\javafx-controls-21.0.1-win.jar;C:\Users\User_01\.m2\repository\org\openjfx\javafx-controls\21.0.1\javafx-controls-21.0.1.jar;C:\Users\User_01\.m2\repository\org\openjfx\javafx-fxml\21.0.1\javafx-fxml-21.0.1-win.jar;C:\Users\User_01\.m2\repository\org\openjfx\javafx-fxml\21.0.1\javafx-fxml-21.0.1.jar;C:\Users\User_01\.m2\repository\org\openjfx\javafx-graphics\21.0.1\javafx-graphics-21.0.1-win.jar;C:\Users\User_01\.m2\repository\org\openjfx\javafx-graphics\21.0.1\javafx-graphics-21.0.1.jar --add-modules=javafx.base,javafx.controls,javafx.fxml,javafx.graphics Main -Xms64m -Xmx256m -XX:+UseSerialGC -XX:MaxHeapFreeRatio=70 -XX:MinHeapFreeRatio=40

Host: 11th Gen Intel(R) Core(TM) i5-1155G7 @ 2.50GHz, 8 cores, 11G,  Windows 11 , 64 bit Build 26100 (10.0.26100.7623)
Time: Sun Apr 26 22:53:41 2026 Afr. centrale Ouest elapsed time: 1.202345 seconds (0d 0h 0m 1s)

---------------  T H R E A D  ---------------

Current thread (0x000001c07f552950):  JavaThread "C2 CompilerThread1" daemon [_thread_in_native, id=5084, stack(0x000000a60c100000,0x000000a60c200000)]


Current CompileTask:
C2:   1202 1437       4       java.util.Properties$LineReader::readLine (584 bytes)

Stack: [0x000000a60c100000,0x000000a60c200000]
Native frames: (J=compiled Java code, j=interpreted, Vv=VM code, C=native code)
V  [jvm.dll+0x689d89]
V  [jvm.dll+0x84386a]
V  [jvm.dll+0x8454ee]
V  [jvm.dll+0x845b53]
V  [jvm.dll+0x24a56f]
V  [jvm.dll+0xac9e4]
V  [jvm.dll+0xad02c]
V  [jvm.dll+0x36a6a2]
V  [jvm.dll+0x334b8a]
V  [jvm.dll+0x33402a]
V  [jvm.dll+0x21bfb1]
V  [jvm.dll+0x21b3f1]
V  [jvm.dll+0x1a68ed]
V  [jvm.dll+0x22b2de]
V  [jvm.dll+0x229445]
V  [jvm.dll+0x7f7917]
V  [jvm.dll+0x7f1cec]
V  [jvm.dll+0x688be7]
C  [ucrtbase.dll+0x37b0]
C  [KERNEL32.DLL+0x2e8d7]
C  [ntdll.dll+0x8c53c]


---------------  P R O C E S S  ---------------

Threads class SMR info:
_java_thread_list=0x000001c07f552250, length=19, elements={
0x000001c06024bf60, 0x000001c07eaf1dd0, 0x000001c07eaf2990, 0x000001c07eb00ec0,
0x000001c07eb03890, 0x000001c07eb04250, 0x000001c07eb06c20, 0x000001c07eb08160,
0x000001c07eb113e0, 0x000001c07eb15df0, 0x000001c07ec25840, 0x000001c07f02ed30,
0x000001c07f484a40, 0x000001c07f556e60, 0x000001c07f557340, 0x000001c04927d890,
0x000001c049362380, 0x000001c0493ed090, 0x000001c07f552950
}

Java Threads: ( => current thread )
  0x000001c06024bf60 JavaThread "main" [_thread_blocked, id=23076, stack(0x000000a60a000000,0x000000a60a100000)]
  0x000001c07eaf1dd0 JavaThread "Reference Handler" daemon [_thread_blocked, id=23992, stack(0x000000a60a700000,0x000000a60a800000)]
  0x000001c07eaf2990 JavaThread "Finalizer" daemon [_thread_blocked, id=11204, stack(0x000000a60a800000,0x000000a60a900000)]
  0x000001c07eb00ec0 JavaThread "Signal Dispatcher" daemon [_thread_blocked, id=23136, stack(0x000000a60a900000,0x000000a60aa00000)]
  0x000001c07eb03890 JavaThread "Attach Listener" daemon [_thread_blocked, id=23536, stack(0x000000a60aa00000,0x000000a60ab00000)]
  0x000001c07eb04250 JavaThread "Service Thread" daemon [_thread_blocked, id=10848, stack(0x000000a60ab00000,0x000000a60ac00000)]
  0x000001c07eb06c20 JavaThread "Monitor Deflation Thread" daemon [_thread_blocked, id=24020, stack(0x000000a60ac00000,0x000000a60ad00000)]
  0x000001c07eb08160 JavaThread "C2 CompilerThread0" daemon [_thread_in_native, id=1216, stack(0x000000a60ad00000,0x000000a60ae00000)]
  0x000001c07eb113e0 JavaThread "C1 CompilerThread0" daemon [_thread_in_vm, id=23756, stack(0x000000a60ae00000,0x000000a60af00000)]
  0x000001c07eb15df0 JavaThread "Sweeper thread" daemon [_thread_blocked, id=4916, stack(0x000000a60af00000,0x000000a60b000000)]
  0x000001c07ec25840 JavaThread "Common-Cleaner" daemon [_thread_blocked, id=22656, stack(0x000000a60b000000,0x000000a60b100000)]
  0x000001c07f02ed30 JavaThread "Notification Thread" daemon [_thread_blocked, id=13416, stack(0x000000a60b300000,0x000000a60b400000)]
  0x000001c07f484a40 JavaThread "QuantumRenderer-0" daemon [_thread_blocked, id=11628, stack(0x000000a60b500000,0x000000a60b600000)]
  0x000001c07f556e60 JavaThread "InvokeLaterDispatcher" daemon [_thread_blocked, id=7548, stack(0x000000a60b100000,0x000000a60b200000)]
  0x000001c07f557340 JavaThread "JavaFX Application Thread" [_thread_in_vm, id=14176, stack(0x000000a60b200000,0x000000a60b300000)]
  0x000001c04927d890 JavaThread "JavaFX-Launcher" [_thread_blocked, id=12756, stack(0x000000a60ba00000,0x000000a60bb00000)]
  0x000001c049362380 JavaThread "Thread-2" daemon [_thread_in_native, id=1512, stack(0x000000a60b900000,0x000000a60ba00000)]
  0x000001c0493ed090 JavaThread "mysql-cj-abandoned-connection-cleanup" daemon [_thread_blocked, id=18408, stack(0x000000a60c000000,0x000000a60c100000)]
=>0x000001c07f552950 JavaThread "C2 CompilerThread1" daemon [_thread_in_native, id=5084, stack(0x000000a60c100000,0x000000a60c200000)]

Other Threads:
  0x000001c07eaeb960 VMThread "VM Thread" [stack: 0x000000a60a600000,0x000000a60a700000] [id=24444]
  0x000001c07f162a50 WatcherThread [stack: 0x000000a60b400000,0x000000a60b500000] [id=10780]
  0x000001c062456fc0 GCTaskThread "GC Thread#0" [stack: 0x000000a60a100000,0x000000a60a200000] [id=23068]
  0x000001c0492b81d0 GCTaskThread "GC Thread#1" [stack: 0x000000a60bb00000,0x000000a60bc00000] [id=20844]
  0x000001c04927dd70 GCTaskThread "GC Thread#2" [stack: 0x000000a60bc00000,0x000000a60bd00000] [id=9088]
  0x000001c04936e230 GCTaskThread "GC Thread#3" [stack: 0x000000a60bd00000,0x000000a60be00000] [id=5384]
  0x000001c0492fba30 GCTaskThread "GC Thread#4" [stack: 0x000000a60be00000,0x000000a60bf00000] [id=14072]
  0x000001c0493ac6e0 GCTaskThread "GC Thread#5" [stack: 0x000000a60bf00000,0x000000a60c000000] [id=23792]
  0x000001c062463ba0 ConcurrentGCThread "G1 Main Marker" [stack: 0x000000a60a200000,0x000000a60a300000] [id=22628]
  0x000001c062465330 ConcurrentGCThread "G1 Conc#0" [stack: 0x000000a60a300000,0x000000a60a400000] [id=7200]
  0x000001c06248b4a0 ConcurrentGCThread "G1 Refine#0" [stack: 0x000000a60a400000,0x000000a60a500000] [id=24488]
  0x000001c06248bd70 ConcurrentGCThread "G1 Service" [stack: 0x000000a60a500000,0x000000a60a600000] [id=23884]

Threads with active compile tasks:
C2 CompilerThread0     1278 1493       4       java.io.DataInputStream::readUnsignedShort (38 bytes)
C1 CompilerThread0     1278 1496   !   3       com.sun.javafx.css.ParsedValueImpl::readBinary (691 bytes)
C2 CompilerThread1     1278 1437       4       java.util.Properties$LineReader::readLine (584 bytes)

VM state: not at safepoint (normal execution)

VM Mutex/Monitor currently owned by a thread: None

Heap address: 0x0000000743600000, size: 3018 MB, Compressed Oops mode: Zero based, Oop shift amount: 3

CDS archive(s) mapped at: [0x000001c000000000-0x000001c000c00000-0x000001c000c00000), size 12582912, SharedBaseAddress: 0x000001c000000000, ArchiveRelocationMode: 1.
Compressed class space mapped at: 0x000001c001000000-0x000001c041000000, reserved size: 1073741824
Narrow klass base: 0x000001c000000000, Narrow klass shift: 0, Narrow klass range: 0x100000000

GC Precious Log:
 CPUs: 8 total, 8 available
 Memory: 12071M
 Large Page Support: Disabled
 NUMA Support: Disabled
 Compressed Oops: Enabled (Zero based)
 Heap Region Size: 2M
 Heap Min Capacity: 8M
 Heap Initial Capacity: 190M
 Heap Max Capacity: 3018M
 Pre-touch: Disabled
 Parallel Workers: 8
 Concurrent Workers: 2
 Concurrent Refinement Workers: 8
 Periodic GC: Disabled

Heap:
 garbage-first heap   total 194560K, used 23753K [0x0000000743600000, 0x0000000800000000)
  region size 2048K, 13 young (26624K), 2 survivors (4096K)
 Metaspace       used 12226K, committed 12480K, reserved 1114112K
  class space    used 1514K, committed 1600K, reserved 1048576K

Heap Regions: E=young(eden), S=young(survivor), O=old, HS=humongous(starts), HC=humongous(continues), CS=collection set, F=free, OA=open archive, CA=closed archive, TAMS=top-at-mark-start (previous, next)
|   0|0x0000000743600000, 0x0000000743600000, 0x0000000743800000|  0%| F|  |TAMS 0x0000000743600000, 0x0000000743600000| Untracked 
|   1|0x0000000743800000, 0x0000000743800000, 0x0000000743a00000|  0%| F|  |TAMS 0x0000000743800000, 0x0000000743800000| Untracked 
|   2|0x0000000743a00000, 0x0000000743a00000, 0x0000000743c00000|  0%| F|  |TAMS 0x0000000743a00000, 0x0000000743a00000| Untracked 
|   3|0x0000000743c00000, 0x0000000743c00000, 0x0000000743e00000|  0%| F|  |TAMS 0x0000000743c00000, 0x0000000743c00000| Untracked 
|   4|0x0000000743e00000, 0x0000000743e00000, 0x0000000744000000|  0%| F|  |TAMS 0x0000000743e00000, 0x0000000743e00000| Untracked 
|   5|0x0000000744000000, 0x0000000744000000, 0x0000000744200000|  0%| F|  |TAMS 0x0000000744000000, 0x0000000744000000| Untracked 
|   6|0x0000000744200000, 0x0000000744200000, 0x0000000744400000|  0%| F|  |TAMS 0x0000000744200000, 0x0000000744200000| Untracked 
|   7|0x0000000744400000, 0x0000000744400000, 0x0000000744600000|  0%| F|  |TAMS 0x0000000744400000, 0x0000000744400000| Untracked 
|   8|0x0000000744600000, 0x0000000744600000, 0x0000000744800000|  0%| F|  |TAMS 0x0000000744600000, 0x0000000744600000| Untracked 
|   9|0x0000000744800000, 0x0000000744800000, 0x0000000744a00000|  0%| F|  |TAMS 0x0000000744800000, 0x0000000744800000| Untracked 
|  10|0x0000000744a00000, 0x0000000744a00000, 0x0000000744c00000|  0%| F|  |TAMS 0x0000000744a00000, 0x0000000744a00000| Untracked 
|  11|0x0000000744c00000, 0x0000000744c00000, 0x0000000744e00000|  0%| F|  |TAMS 0x0000000744c00000, 0x0000000744c00000| Untracked 
|  12|0x0000000744e00000, 0x0000000744e00000, 0x0000000745000000|  0%| F|  |TAMS 0x0000000744e00000, 0x0000000744e00000| Untracked 
|  13|0x0000000745000000, 0x0000000745000000, 0x0000000745200000|  0%| F|  |TAMS 0x0000000745000000, 0x0000000745000000| Untracked 
|  14|0x0000000745200000, 0x0000000745200000, 0x0000000745400000|  0%| F|  |TAMS 0x0000000745200000, 0x0000000745200000| Untracked 
|  15|0x0000000745400000, 0x0000000745400000, 0x0000000745600000|  0%| F|  |TAMS 0x0000000745400000, 0x0000000745400000| Untracked 
|  16|0x0000000745600000, 0x0000000745600000, 0x0000000745800000|  0%| F|  |TAMS 0x0000000745600000, 0x0000000745600000| Untracked 
|  17|0x0000000745800000, 0x0000000745800000, 0x0000000745a00000|  0%| F|  |TAMS 0x0000000745800000, 0x0000000745800000| Untracked 
|  18|0x0000000745a00000, 0x0000000745a00000, 0x0000000745c00000|  0%| F|  |TAMS 0x0000000745a00000, 0x0000000745a00000| Untracked 
|  19|0x0000000745c00000, 0x0000000745c00000, 0x0000000745e00000|  0%| F|  |TAMS 0x0000000745c00000, 0x0000000745c00000| Untracked 
|  20|0x0000000745e00000, 0x0000000745e00000, 0x0000000746000000|  0%| F|  |TAMS 0x0000000745e00000, 0x0000000745e00000| Untracked 
|  21|0x0000000746000000, 0x0000000746000000, 0x0000000746200000|  0%| F|  |TAMS 0x0000000746000000, 0x0000000746000000| Untracked 
|  22|0x0000000746200000, 0x0000000746200000, 0x0000000746400000|  0%| F|  |TAMS 0x0000000746200000, 0x0000000746200000| Untracked 
|  23|0x0000000746400000, 0x0000000746400000, 0x0000000746600000|  0%| F|  |TAMS 0x0000000746400000, 0x0000000746400000| Untracked 
|  24|0x0000000746600000, 0x0000000746600000, 0x0000000746800000|  0%| F|  |TAMS 0x0000000746600000, 0x0000000746600000| Untracked 
|  25|0x0000000746800000, 0x0000000746800000, 0x0000000746a00000|  0%| F|  |TAMS 0x0000000746800000, 0x0000000746800000| Untracked 
|  26|0x0000000746a00000, 0x0000000746a00000, 0x0000000746c00000|  0%| F|  |TAMS 0x0000000746a00000, 0x0000000746a00000| Untracked 
|  27|0x0000000746c00000, 0x0000000746c00000, 0x0000000746e00000|  0%| F|  |TAMS 0x0000000746c00000, 0x0000000746c00000| Untracked 
|  28|0x0000000746e00000, 0x0000000746e00000, 0x0000000747000000|  0%| F|  |TAMS 0x0000000746e00000, 0x0000000746e00000| Untracked 
|  29|0x0000000747000000, 0x0000000747000000, 0x0000000747200000|  0%| F|  |TAMS 0x0000000747000000, 0x0000000747000000| Untracked 
|  30|0x0000000747200000, 0x0000000747200000, 0x0000000747400000|  0%| F|  |TAMS 0x0000000747200000, 0x0000000747200000| Untracked 
|  31|0x0000000747400000, 0x0000000747400000, 0x0000000747600000|  0%| F|  |TAMS 0x0000000747400000, 0x0000000747400000| Untracked 
|  32|0x0000000747600000, 0x0000000747600000, 0x0000000747800000|  0%| F|  |TAMS 0x0000000747600000, 0x0000000747600000| Untracked 
|  33|0x0000000747800000, 0x0000000747800000, 0x0000000747a00000|  0%| F|  |TAMS 0x0000000747800000, 0x0000000747800000| Untracked 
|  34|0x0000000747a00000, 0x0000000747a00000, 0x0000000747c00000|  0%| F|  |TAMS 0x0000000747a00000, 0x0000000747a00000| Untracked 
|  35|0x0000000747c00000, 0x0000000747c00000, 0x0000000747e00000|  0%| F|  |TAMS 0x0000000747c00000, 0x0000000747c00000| Untracked 
|  36|0x0000000747e00000, 0x0000000747e00000, 0x0000000748000000|  0%| F|  |TAMS 0x0000000747e00000, 0x0000000747e00000| Untracked 
|  37|0x0000000748000000, 0x0000000748000000, 0x0000000748200000|  0%| F|  |TAMS 0x0000000748000000, 0x0000000748000000| Untracked 
|  38|0x0000000748200000, 0x0000000748200000, 0x0000000748400000|  0%| F|  |TAMS 0x0000000748200000, 0x0000000748200000| Untracked 
|  39|0x0000000748400000, 0x0000000748400000, 0x0000000748600000|  0%| F|  |TAMS 0x0000000748400000, 0x0000000748400000| Untracked 
|  40|0x0000000748600000, 0x0000000748600000, 0x0000000748800000|  0%| F|  |TAMS 0x0000000748600000, 0x0000000748600000| Untracked 
|  41|0x0000000748800000, 0x0000000748800000, 0x0000000748a00000|  0%| F|  |TAMS 0x0000000748800000, 0x0000000748800000| Untracked 
|  42|0x0000000748a00000, 0x0000000748a00000, 0x0000000748c00000|  0%| F|  |TAMS 0x0000000748a00000, 0x0000000748a00000| Untracked 
|  43|0x0000000748c00000, 0x0000000748c00000, 0x0000000748e00000|  0%| F|  |TAMS 0x0000000748c00000, 0x0000000748c00000| Untracked 
|  44|0x0000000748e00000, 0x0000000748e00000, 0x0000000749000000|  0%| F|  |TAMS 0x0000000748e00000, 0x0000000748e00000| Untracked 
|  45|0x0000000749000000, 0x0000000749000000, 0x0000000749200000|  0%| F|  |TAMS 0x0000000749000000, 0x0000000749000000| Untracked 
|  46|0x0000000749200000, 0x0000000749200000, 0x0000000749400000|  0%| F|  |TAMS 0x0000000749200000, 0x0000000749200000| Untracked 
|  47|0x0000000749400000, 0x0000000749400000, 0x0000000749600000|  0%| F|  |TAMS 0x0000000749400000, 0x0000000749400000| Untracked 
|  48|0x0000000749600000, 0x0000000749600000, 0x0000000749800000|  0%| F|  |TAMS 0x0000000749600000, 0x0000000749600000| Untracked 
|  49|0x0000000749800000, 0x0000000749800000, 0x0000000749a00000|  0%| F|  |TAMS 0x0000000749800000, 0x0000000749800000| Untracked 
|  50|0x0000000749a00000, 0x0000000749a00000, 0x0000000749c00000|  0%| F|  |TAMS 0x0000000749a00000, 0x0000000749a00000| Untracked 
|  51|0x0000000749c00000, 0x0000000749c00000, 0x0000000749e00000|  0%| F|  |TAMS 0x0000000749c00000, 0x0000000749c00000| Untracked 
|  52|0x0000000749e00000, 0x0000000749e00000, 0x000000074a000000|  0%| F|  |TAMS 0x0000000749e00000, 0x0000000749e00000| Untracked 
|  53|0x000000074a000000, 0x000000074a000000, 0x000000074a200000|  0%| F|  |TAMS 0x000000074a000000, 0x000000074a000000| Untracked 
|  54|0x000000074a200000, 0x000000074a200000, 0x000000074a400000|  0%| F|  |TAMS 0x000000074a200000, 0x000000074a200000| Untracked 
|  55|0x000000074a400000, 0x000000074a400000, 0x000000074a600000|  0%| F|  |TAMS 0x000000074a400000, 0x000000074a400000| Untracked 
|  56|0x000000074a600000, 0x000000074a600000, 0x000000074a800000|  0%| F|  |TAMS 0x000000074a600000, 0x000000074a600000| Untracked 
|  57|0x000000074a800000, 0x000000074a800000, 0x000000074aa00000|  0%| F|  |TAMS 0x000000074a800000, 0x000000074a800000| Untracked 
|  58|0x000000074aa00000, 0x000000074aa00000, 0x000000074ac00000|  0%| F|  |TAMS 0x000000074aa00000, 0x000000074aa00000| Untracked 
|  59|0x000000074ac00000, 0x000000074ac00000, 0x000000074ae00000|  0%| F|  |TAMS 0x000000074ac00000, 0x000000074ac00000| Untracked 
|  60|0x000000074ae00000, 0x000000074ae00000, 0x000000074b000000|  0%| F|  |TAMS 0x000000074ae00000, 0x000000074ae00000| Untracked 
|  61|0x000000074b000000, 0x000000074b000000, 0x000000074b200000|  0%| F|  |TAMS 0x000000074b000000, 0x000000074b000000| Untracked 
|  62|0x000000074b200000, 0x000000074b200000, 0x000000074b400000|  0%| F|  |TAMS 0x000000074b200000, 0x000000074b200000| Untracked 
|  63|0x000000074b400000, 0x000000074b400000, 0x000000074b600000|  0%| F|  |TAMS 0x000000074b400000, 0x000000074b400000| Untracked 
|  64|0x000000074b600000, 0x000000074b600000, 0x000000074b800000|  0%| F|  |TAMS 0x000000074b600000, 0x000000074b600000| Untracked 
|  65|0x000000074b800000, 0x000000074b800000, 0x000000074ba00000|  0%| F|  |TAMS 0x000000074b800000, 0x000000074b800000| Untracked 
|  66|0x000000074ba00000, 0x000000074ba00000, 0x000000074bc00000|  0%| F|  |TAMS 0x000000074ba00000, 0x000000074ba00000| Untracked 
|  67|0x000000074bc00000, 0x000000074bc00000, 0x000000074be00000|  0%| F|  |TAMS 0x000000074bc00000, 0x000000074bc00000| Untracked 
|  68|0x000000074be00000, 0x000000074be00000, 0x000000074c000000|  0%| F|  |TAMS 0x000000074be00000, 0x000000074be00000| Untracked 
|  69|0x000000074c000000, 0x000000074c000000, 0x000000074c200000|  0%| F|  |TAMS 0x000000074c000000, 0x000000074c000000| Untracked 
|  70|0x000000074c200000, 0x000000074c200000, 0x000000074c400000|  0%| F|  |TAMS 0x000000074c200000, 0x000000074c200000| Untracked 
|  71|0x000000074c400000, 0x000000074c400000, 0x000000074c600000|  0%| F|  |TAMS 0x000000074c400000, 0x000000074c400000| Untracked 
|  72|0x000000074c600000, 0x000000074c600000, 0x000000074c800000|  0%| F|  |TAMS 0x000000074c600000, 0x000000074c600000| Untracked 
|  73|0x000000074c800000, 0x000000074c800000, 0x000000074ca00000|  0%| F|  |TAMS 0x000000074c800000, 0x000000074c800000| Untracked 
|  74|0x000000074ca00000, 0x000000074ca00000, 0x000000074cc00000|  0%| F|  |TAMS 0x000000074ca00000, 0x000000074ca00000| Untracked 
|  75|0x000000074cc00000, 0x000000074cc00000, 0x000000074ce00000|  0%| F|  |TAMS 0x000000074cc00000, 0x000000074cc00000| Untracked 
|  76|0x000000074ce00000, 0x000000074ce00000, 0x000000074d000000|  0%| F|  |TAMS 0x000000074ce00000, 0x000000074ce00000| Untracked 
|  77|0x000000074d000000, 0x000000074d000000, 0x000000074d200000|  0%| F|  |TAMS 0x000000074d000000, 0x000000074d000000| Untracked 
|  78|0x000000074d200000, 0x000000074d200000, 0x000000074d400000|  0%| F|  |TAMS 0x000000074d200000, 0x000000074d200000| Untracked 
|  79|0x000000074d400000, 0x000000074d400000, 0x000000074d600000|  0%| F|  |TAMS 0x000000074d400000, 0x000000074d400000| Untracked 
|  80|0x000000074d600000, 0x000000074d600000, 0x000000074d800000|  0%| F|  |TAMS 0x000000074d600000, 0x000000074d600000| Untracked 
|  81|0x000000074d800000, 0x000000074d800000, 0x000000074da00000|  0%| F|  |TAMS 0x000000074d800000, 0x000000074d800000| Untracked 
|  82|0x000000074da00000, 0x000000074db32758, 0x000000074dc00000| 59%| S|CS|TAMS 0x000000074da00000, 0x000000074da00000| Complete 
|  83|0x000000074dc00000, 0x000000074de00000, 0x000000074de00000|100%| S|CS|TAMS 0x000000074dc00000, 0x000000074dc00000| Complete 
|  84|0x000000074de00000, 0x000000074df4a998, 0x000000074e000000| 64%| E|  |TAMS 0x000000074de00000, 0x000000074de00000| Complete 
|  85|0x000000074e000000, 0x000000074e200000, 0x000000074e200000|100%| E|CS|TAMS 0x000000074e000000, 0x000000074e000000| Complete 
|  86|0x000000074e200000, 0x000000074e400000, 0x000000074e400000|100%| E|CS|TAMS 0x000000074e200000, 0x000000074e200000| Complete 
|  87|0x000000074e400000, 0x000000074e600000, 0x000000074e600000|100%| E|CS|TAMS 0x000000074e400000, 0x000000074e400000| Complete 
|  88|0x000000074e600000, 0x000000074e800000, 0x000000074e800000|100%| E|CS|TAMS 0x000000074e600000, 0x000000074e600000| Complete 
|  89|0x000000074e800000, 0x000000074ea00000, 0x000000074ea00000|100%| E|CS|TAMS 0x000000074e800000, 0x000000074e800000| Complete 
|  90|0x000000074ea00000, 0x000000074ec00000, 0x000000074ec00000|100%| E|CS|TAMS 0x000000074ea00000, 0x000000074ea00000| Complete 
|  91|0x000000074ec00000, 0x000000074ee00000, 0x000000074ee00000|100%| E|CS|TAMS 0x000000074ec00000, 0x000000074ec00000| Complete 
|  92|0x000000074ee00000, 0x000000074f000000, 0x000000074f000000|100%| E|CS|TAMS 0x000000074ee00000, 0x000000074ee00000| Complete 
|  93|0x000000074f000000, 0x000000074f200000, 0x000000074f200000|100%| E|CS|TAMS 0x000000074f000000, 0x000000074f000000| Complete 
|  94|0x000000074f200000, 0x000000074f400000, 0x000000074f400000|100%| E|CS|TAMS 0x000000074f200000, 0x000000074f200000| Complete 

Card table byte_map: [0x000001c0754d0000,0x000001c075ac0000] _byte_map_base: 0x000001c071ab5000

Marking Bits (Prev, Next): (CMBitMap*) 0x000001c0624575e0, (CMBitMap*) 0x000001c062457620
 Prev Bits: [0x000001c0760b0000, 0x000001c078fd8000)
 Next Bits: [0x000001c078fe0000, 0x000001c07bf08000)

Polling page: 0x000001c0602b0000

Metaspace:

Usage:
  Non-class:     10.47 MB used.
      Class:      1.48 MB used.
       Both:     11.95 MB used.

Virtual space:
  Non-class space:       64.00 MB reserved,      10.62 MB ( 17%) committed,  1 nodes.
      Class space:        1.00 GB reserved,       1.56 MB ( <1%) committed,  1 nodes.
             Both:        1.06 GB reserved,      12.19 MB (  1%) committed. 

Chunk freelists:
   Non-Class:  5.23 MB
       Class:  14.39 MB
        Both:  19.62 MB

MaxMetaspaceSize: unlimited
CompressedClassSpaceSize: 1.00 GB
Initial GC threshold: 21.00 MB
Current GC threshold: 21.00 MB
CDS: on
MetaspaceReclaimPolicy: balanced
 - commit_granule_bytes: 65536.
 - commit_granule_words: 8192.
 - virtual_space_node_default_size: 8388608.
 - enlarge_chunks_in_place: 1.
 - new_chunks_are_fully_committed: 0.
 - uncommit_free_chunks: 1.
 - use_allocation_guard: 0.
 - handle_deallocations: 1.


Internal statistics:

num_allocs_failed_limit: 0.
num_arena_births: 142.
num_arena_deaths: 0.
num_vsnodes_births: 2.
num_vsnodes_deaths: 0.
num_space_committed: 195.
num_space_uncommitted: 0.
num_chunks_returned_to_freelist: 0.
num_chunks_taken_from_freelist: 492.
num_chunk_merges: 0.
num_chunk_splits: 356.
num_chunks_enlarged: 272.
num_inconsistent_stats: 0.

CodeHeap 'non-profiled nmethods': size=120000Kb used=582Kb max_used=582Kb free=119417Kb
 bounds [0x000001c06d680000, 0x000001c06d8f0000, 0x000001c074bb0000]
CodeHeap 'profiled nmethods': size=120000Kb used=2698Kb max_used=2698Kb free=117301Kb
 bounds [0x000001c065bb0000, 0x000001c065e60000, 0x000001c06d0e0000]
CodeHeap 'non-nmethods': size=5760Kb used=1305Kb max_used=1324Kb free=4455Kb
 bounds [0x000001c06d0e0000, 0x000001c06d350000, 0x000001c06d680000]
 total_blobs=2125 nmethods=1503 adapters=535
 compilation: enabled
              stopped_count=0, restarted_count=0
 full_count=0

Compilation events (20 events):
Event: 1.169 Thread 0x000001c07eb08160 nmethod 1427 0x000001c06d709d90 code [0x000001c06d709f20, 0x000001c06d70a068]
Event: 1.169 Thread 0x000001c07eb113e0 1429       1       java.lang.invoke.MethodHandleImpl$IntrinsicMethodHandle::getTarget (5 bytes)
Event: 1.169 Thread 0x000001c07eb113e0 nmethod 1429 0x000001c06d70a190 code [0x000001c06d70a320, 0x000001c06d70a3f8]
Event: 1.170 Thread 0x000001c07eb08160 1430       4       java.util.concurrent.ConcurrentHashMap::addCount (280 bytes)
Event: 1.170 Thread 0x000001c07eb113e0 1431       3       java.lang.invoke.LambdaFormEditor$TransformKey::<init> (15 bytes)
Event: 1.170 Thread 0x000001c07eb113e0 nmethod 1431 0x000001c065e27d90 code [0x000001c065e27f20, 0x000001c065e280b8]
Event: 1.172 Thread 0x000001c07eb08160 nmethod 1430 0x000001c06d70a490 code [0x000001c06d70a640, 0x000001c06d70a8a8]
Event: 1.173 Thread 0x000001c07eb113e0 1433       3       jdk.internal.misc.Unsafe::weakCompareAndSetInt (11 bytes)
Event: 1.173 Thread 0x000001c07eb113e0 nmethod 1433 0x000001c065e28190 code [0x000001c065e28320, 0x000001c065e28458]
Event: 1.174 Thread 0x000001c07f552950 1434       4       java.lang.String::toString (2 bytes)
Event: 1.174 Thread 0x000001c07f552950 nmethod 1434 0x000001c06d70af90 code [0x000001c06d70b100, 0x000001c06d70b178]
Event: 1.181 Thread 0x000001c07eb113e0 1435       3       java.lang.invoke.InnerClassLambdaMetafactory::getOpcodeOffset (38 bytes)
Event: 1.181 Thread 0x000001c07eb113e0 nmethod 1435 0x000001c065e28510 code [0x000001c065e286e0, 0x000001c065e289b8]
Event: 1.183 Thread 0x000001c07eb113e0 1436       3       java.lang.StringLatin1::canEncode (13 bytes)
Event: 1.183 Thread 0x000001c07eb113e0 nmethod 1436 0x000001c065e28a90 code [0x000001c065e28c20, 0x000001c065e28d78]
Event: 1.184 Thread 0x000001c07f552950 1437       4       java.util.Properties$LineReader::readLine (584 bytes)
Event: 1.184 Thread 0x000001c07eb113e0 1438       3       java.lang.CharacterData::of (136 bytes)
Event: 1.184 Thread 0x000001c07eb113e0 nmethod 1438 0x000001c065e28e10 code [0x000001c065e29040, 0x000001c065e29938]
Event: 1.185 Thread 0x000001c07eb08160 1439       4       jdk.internal.org.objectweb.asm.SymbolTable$Entry::<init> (17 bytes)
Event: 1.186 Thread 0x000001c07eb08160 nmethod 1439 0x000001c06d70b290 code [0x000001c06d70b400, 0x000001c06d70b618]

GC Heap History (2 events):
Event: 0.815 GC heap before
{Heap before GC invocations=0 (full 0):
 garbage-first heap   total 194560K, used 20480K [0x0000000743600000, 0x0000000800000000)
  region size 2048K, 11 young (22528K), 0 survivors (0K)
 Metaspace       used 5593K, committed 5696K, reserved 1114112K
  class space    used 653K, committed 704K, reserved 1048576K
}
Event: 0.817 GC heap after
{Heap after GC invocations=1 (full 0):
 garbage-first heap   total 194560K, used 3273K [0x0000000743600000, 0x0000000800000000)
  region size 2048K, 2 young (4096K), 2 survivors (4096K)
 Metaspace       used 5593K, committed 5696K, reserved 1114112K
  class space    used 653K, committed 704K, reserved 1048576K
}

Dll operation events (2 events):
Event: 0.008 Loaded shared library C:\Users\User_01\.jdks\jbr-17.0.12\bin\java.dll
Event: 0.023 Loaded shared library C:\Users\User_01\.jdks\jbr-17.0.12\bin\jsvml.dll

Deoptimization events (20 events):
Event: 1.137 Thread 0x000001c07f557340 DEOPT PACKING pc=0x000001c06d6ef270 sp=0x000000a60b2fdc20
Event: 1.137 Thread 0x000001c07f557340 DEOPT UNPACKING pc=0x000001c06d13a1a3 sp=0x000000a60b2fdb98 mode 2
Event: 1.147 Thread 0x000001c07f557340 Uncommon trap: trap_request=0xffffff45 fr.pc=0x000001c06d69175c relative=0x000000000000005c
Event: 1.147 Thread 0x000001c07f557340 Uncommon trap: reason=unstable_if action=reinterpret pc=0x000001c06d69175c method=java.lang.String.isLatin1()Z @ 10 c2
Event: 1.147 Thread 0x000001c07f557340 DEOPT PACKING pc=0x000001c06d69175c sp=0x000000a60b2fd910
Event: 1.147 Thread 0x000001c07f557340 DEOPT UNPACKING pc=0x000001c06d13a1a3 sp=0x000000a60b2fd8a0 mode 2
Event: 1.147 Thread 0x000001c07f557340 Uncommon trap: trap_request=0xffffff45 fr.pc=0x000001c06d68a5c8 relative=0x0000000000000048
Event: 1.147 Thread 0x000001c07f557340 Uncommon trap: reason=unstable_if action=reinterpret pc=0x000001c06d68a5c8 method=java.lang.CharacterData.of(I)Ljava/lang/CharacterData; @ 4 c2
Event: 1.147 Thread 0x000001c07f557340 DEOPT PACKING pc=0x000001c06d68a5c8 sp=0x000000a60b2fd430
Event: 1.147 Thread 0x000001c07f557340 DEOPT UNPACKING pc=0x000001c06d13a1a3 sp=0x000000a60b2fd3d0 mode 2
Event: 1.183 Thread 0x000001c07f557340 Uncommon trap: trap_request=0xffffff45 fr.pc=0x000001c06d6a2538 relative=0x0000000000000038
Event: 1.183 Thread 0x000001c07f557340 Uncommon trap: reason=unstable_if action=reinterpret pc=0x000001c06d6a2538 method=java.lang.StringLatin1.canEncode(I)Z @ 4 c2
Event: 1.183 Thread 0x000001c07f557340 DEOPT PACKING pc=0x000001c06d6a2538 sp=0x000000a60b2fbbb0
Event: 1.183 Thread 0x000001c07f557340 DEOPT UNPACKING pc=0x000001c06d13a1a3 sp=0x000000a60b2fbb40 mode 2
Event: 1.184 Thread 0x000001c07f557340 Uncommon trap: trap_request=0xffffff45 fr.pc=0x000001c06d6e16f8 relative=0x00000000000011d8
Event: 1.184 Thread 0x000001c07f557340 Uncommon trap: reason=unstable_if action=reinterpret pc=0x000001c06d6e16f8 method=java.util.Properties.loadConvert([CIILjava/lang/StringBuilder;)Ljava/lang/String; @ 105 c2
Event: 1.184 Thread 0x000001c07f557340 DEOPT PACKING pc=0x000001c06d6e16f8 sp=0x000000a60b2fcd70
Event: 1.184 Thread 0x000001c07f557340 DEOPT UNPACKING pc=0x000001c06d13a1a3 sp=0x000000a60b2fcd50 mode 2
Event: 1.184 Thread 0x000001c07f557340 DEOPT PACKING pc=0x000001c065d4c6e5 sp=0x000000a60b2fcd40
Event: 1.184 Thread 0x000001c07f557340 DEOPT UNPACKING pc=0x000001c06d13ace3 sp=0x000000a60b2fc238 mode 0

Classes loaded (20 events):
Event: 1.143 Loading class sun/util/resources/LocaleData$CommonResourceBundleProvider
Event: 1.143 Loading class sun/util/resources/LocaleData$LocaleDataResourceBundleProvider
Event: 1.143 Loading class java/util/spi/ResourceBundleProvider
Event: 1.143 Loading class java/util/spi/ResourceBundleProvider done
Event: 1.143 Loading class sun/util/resources/LocaleData$LocaleDataResourceBundleProvider done
Event: 1.143 Loading class sun/util/resources/LocaleData$CommonResourceBundleProvider done
Event: 1.143 Loading class sun/util/resources/Bundles$2
Event: 1.144 Loading class sun/util/resources/Bundles$2 done
Event: 1.169 Loading class java/lang/reflect/TypeVariable
Event: 1.169 Loading class java/lang/reflect/TypeVariable done
Event: 1.169 Loading class java/lang/reflect/AnnotatedType
Event: 1.169 Loading class java/lang/reflect/AnnotatedType done
Event: 1.171 Loading class java/security/AllPermissionCollection
Event: 1.171 Loading class java/security/AllPermissionCollection done
Event: 1.186 Loading class java/nio/charset/IllegalCharsetNameException
Event: 1.186 Loading class java/nio/charset/IllegalCharsetNameException done
Event: 1.186 Loading class java/io/FileNotFoundException
Event: 1.186 Loading class java/io/FileNotFoundException done
Event: 1.186 Loading class java/security/AccessControlException
Event: 1.186 Loading class java/security/AccessControlException done

Classes unloaded (0 events):
No events

Classes redefined (0 events):
No events

Internal exceptions (19 events):
Event: 0.117 Thread 0x000001c06024bf60 Exception <a 'java/lang/NoSuchMethodError'{0x000000074ecfdaa8}: 'java.lang.Object java.lang.invoke.DirectMethodHandle$Holder.invokeStaticInit(java.lang.Object)'> (0x000000074ecfdaa8) 
thrown [s\src\hotspot\share\interpreter\linkResolver.cpp, line 771]
Event: 0.119 Thread 0x000001c06024bf60 Exception <a 'java/lang/NoSuchMethodError'{0x000000074ed05688}: 'void java.lang.invoke.DirectMethodHandle$Holder.invokeStatic(java.lang.Object, java.lang.Object)'> (0x000000074ed05688) 
thrown [s\src\hotspot\share\interpreter\linkResolver.cpp, line 771]
Event: 0.379 Thread 0x000001c06024bf60 Exception <a 'java/lang/NoSuchMethodError'{0x000000074e6fcc20}: 'void java.lang.invoke.DirectMethodHandle$Holder.invokeSpecial(java.lang.Object, java.lang.Object, java.lang.Object)'> (0x000000074e6fcc20) 
thrown [s\src\hotspot\share\interpreter\linkResolver.cpp, line 771]
Event: 0.388 Thread 0x000001c06024bf60 Exception <a 'java/lang/NoSuchMethodError'{0x000000074e7359d8}: 'void java.lang.invoke.DirectMethodHandle$Holder.invokeStatic(java.lang.Object, java.lang.Object, java.lang.Object)'> (0x000000074e7359d8) 
thrown [s\src\hotspot\share\interpreter\linkResolver.cpp, line 771]
Event: 0.546 Thread 0x000001c06024bf60 Exception <a 'java/lang/NoSuchMethodError'{0x000000074e7525e0}: 'int java.lang.invoke.DirectMethodHandle$Holder.invokeStaticInit(java.lang.Object, java.lang.Object, java.lang.Object)'> (0x000000074e7525e0) 
thrown [s\src\hotspot\share\interpreter\linkResolver.cpp, line 771]
Event: 0.572 Thread 0x000001c06024bf60 Exception <a 'java/lang/NoSuchMethodError'{0x000000074e4823d0}: 'java.lang.Object java.lang.invoke.DirectMethodHandle$Holder.newInvokeSpecial(java.lang.Object, java.lang.Object, int, java.lang.Object)'> (0x000000074e4823d0) 
thrown [s\src\hotspot\share\interpreter\linkResolver.cpp, line 771]
Event: 0.572 Thread 0x000001c06024bf60 Exception <a 'java/lang/NoSuchMethodError'{0x000000074e4867b0}: 'java.lang.Object java.lang.invoke.DirectMethodHandle$Holder.invokeSpecial(java.lang.Object, java.lang.Object, java.lang.Object, int, java.lang.Object)'> (0x000000074e4867b0) 
thrown [s\src\hotspot\share\interpreter\linkResolver.cpp, line 771]
Event: 0.719 Thread 0x000001c07f557340 Exception <a 'java/lang/NoSuchMethodError'{0x000000074e37c358}: 'void java.lang.invoke.DirectMethodHandle$Holder.invokeStaticInit(java.lang.Object)'> (0x000000074e37c358) 
thrown [s\src\hotspot\share\interpreter\linkResolver.cpp, line 771]
Event: 0.724 Thread 0x000001c06024bf60 Exception <a 'java/lang/NoSuchMethodError'{0x000000074e49b840}: 'java.lang.Object java.lang.invoke.DirectMethodHandle$Holder.newInvokeSpecial(java.lang.Object, java.lang.Object, java.lang.Object, java.lang.Object, java.lang.Object, java.lang.Object)'> (0x000000074e49b840) 
thrown [s\src\hotspot\share\interpreter\linkResolver.cpp, line 771]
Event: 0.735 Thread 0x000001c06024bf60 Exception <a 'java/lang/NoSuchMethodError'{0x000000074e3ce0b0}: 'java.lang.Object java.lang.invoke.DirectMethodHandle$Holder.newInvokeSpecial(java.lang.Object, java.lang.Object, java.lang.Object, java.lang.Object, java.lang.Object)'> (0x000000074e3ce0b0) 
thrown [s\src\hotspot\share\interpreter\linkResolver.cpp, line 771]
Event: 0.736 Thread 0x000001c04927d890 Exception <a 'java/lang/NoSuchMethodError'{0x000000074e0042c0}: 'void java.lang.invoke.DirectMethodHandle$Holder.invokeStatic(java.lang.Object, java.lang.Object, java.lang.Object, java.lang.Object)'> (0x000000074e0042c0) 
thrown [s\src\hotspot\share\interpreter\linkResolver.cpp, line 771]
Event: 0.872 Thread 0x000001c07f557340 Exception <a 'java/lang/NoSuchMethodError'{0x000000074f077a70}: 'java.lang.Object java.lang.invoke.DirectMethodHandle$Holder.invokeInterface(java.lang.Object, java.lang.Object)'> (0x000000074f077a70) 
thrown [s\src\hotspot\share\interpreter\linkResolver.cpp, line 771]
Event: 0.906 Thread 0x000001c07f557340 Exception <a 'java/lang/NoSuchMethodError'{0x000000074f101b80}: 'java.lang.Object java.lang.invoke.DirectMethodHandle$Holder.invokeVirtual(java.lang.Object, java.lang.Object, java.lang.Object)'> (0x000000074f101b80) 
thrown [s\src\hotspot\share\interpreter\linkResolver.cpp, line 771]
Event: 1.115 Thread 0x000001c07f557340 Exception <a 'java/lang/NoSuchMethodError'{0x000000074e7bde00}: 'java.lang.Object java.lang.invoke.DirectMethodHandle$Holder.invokeStaticInit(java.lang.Object, java.lang.Object, java.lang.Object, java.lang.Object)'> (0x000000074e7bde00) 
thrown [s\src\hotspot\share\interpreter\linkResolver.cpp, line 771]
Event: 1.116 Thread 0x000001c07f557340 Exception <a 'java/lang/NullPointerException'{0x000000074e7ca2e0}> (0x000000074e7ca2e0) 
thrown [s\src\hotspot\share\interpreter\linkResolver.cpp, line 1362]
Event: 1.139 Thread 0x000001c07f557340 Exception <a 'java/lang/ClassNotFoundException'{0x000000074e497ac0}: sun/util/logging/resources/spi/loggingProvider> (0x000000074e497ac0) 
thrown [s\src\hotspot\share\classfile\systemDictionary.cpp, line 256]
Event: 1.184 Thread 0x000001c07f557340 Exception <a 'java/lang/ClassNotFoundException'{0x000000074e2f0f90}: com/sun/glass/ui/win/themes> (0x000000074e2f0f90) 
thrown [s\src\hotspot\share\prims\jni.cpp, line 550]
Event: 1.184 Thread 0x000001c07f557340 Exception <a 'java/lang/ClassNotFoundException'{0x000000074e2f8f10}: com/sun/glass/ui/win/themes_fr> (0x000000074e2f8f10) 
thrown [s\src\hotspot\share\prims\jni.cpp, line 550]
Event: 1.184 Thread 0x000001c07f557340 Exception <a 'java/lang/ClassNotFoundException'{0x000000074e300fd8}: com/sun/glass/ui/win/themes_fr_FR> (0x000000074e300fd8) 
thrown [s\src\hotspot\share\prims\jni.cpp, line 550]

VM Operations (20 events):
Event: 0.555 Executing VM operation: HandshakeAllThreads
Event: 0.555 Executing VM operation: HandshakeAllThreads done
Event: 0.773 Executing VM operation: ICBufferFull
Event: 0.773 Executing VM operation: ICBufferFull done
Event: 0.814 Executing VM operation: G1CollectForAllocation
Event: 0.818 Executing VM operation: G1CollectForAllocation done
Event: 0.822 Executing VM operation: HandshakeAllThreads
Event: 0.822 Executing VM operation: HandshakeAllThreads done
Event: 0.827 Executing VM operation: HandshakeAllThreads
Event: 0.827 Executing VM operation: HandshakeAllThreads done
Event: 0.836 Executing VM operation: HandshakeAllThreads
Event: 0.836 Executing VM operation: HandshakeAllThreads done
Event: 0.842 Executing VM operation: HandshakeAllThreads
Event: 0.842 Executing VM operation: HandshakeAllThreads done
Event: 0.875 Executing VM operation: HandshakeAllThreads
Event: 0.875 Executing VM operation: HandshakeAllThreads done
Event: 0.963 Executing VM operation: HandshakeAllThreads
Event: 0.963 Executing VM operation: HandshakeAllThreads done
Event: 1.148 Executing VM operation: HandshakeAllThreads
Event: 1.148 Executing VM operation: HandshakeAllThreads done

Events (20 events):
Event: 0.313 Loaded shared library C:\Users\User_01\.openjfx\cache\21.0.1+6\amd64\api-ms-win-crt-utility-l1-1-0.dll
Event: 0.330 Loaded shared library C:\Users\User_01\.openjfx\cache\21.0.1+6\amd64\ucrtbase.dll
Event: 0.333 Loaded shared library C:\Users\User_01\.openjfx\cache\21.0.1+6\amd64\vcruntime140.dll
Event: 0.337 Loaded shared library C:\Users\User_01\.openjfx\cache\21.0.1+6\amd64\vcruntime140_1.dll
Event: 0.345 Loaded shared library C:\Users\User_01\.openjfx\cache\21.0.1+6\amd64\msvcp140.dll
Event: 0.349 Loaded shared library C:\Users\User_01\.openjfx\cache\21.0.1+6\amd64\msvcp140_1.dll
Event: 0.354 Loaded shared library C:\Users\User_01\.openjfx\cache\21.0.1+6\amd64\msvcp140_2.dll
Event: 0.389 Thread 0x000001c07f484a40 Thread added: 0x000001c07f484a40
Event: 0.407 Loaded shared library C:\Users\User_01\.openjfx\cache\21.0.1+6\amd64\prism_d3d.dll
Event: 0.537 Thread 0x000001c07ed64920 Thread exited: 0x000001c07ed64920
Event: 0.537 Thread 0x000001c07ec5ad50 Thread exited: 0x000001c07ec5ad50
Event: 0.567 Loaded shared library C:\Users\User_01\.openjfx\cache\21.0.1+6\amd64\glass.dll
Event: 0.570 Thread 0x000001c07f556e60 Thread added: 0x000001c07f556e60
Event: 0.574 Thread 0x000001c07f557340 Thread added: 0x000001c07f557340
Event: 0.735 Thread 0x000001c04927d890 Thread added: 0x000001c04927d890
Event: 0.743 Thread 0x000001c049362380 Thread added: 0x000001c049362380
Event: 0.772 Loaded shared library C:\Users\User_01\.jdks\jbr-17.0.12\bin\jimage.dll
Event: 0.836 Thread 0x000001c0493ed090 Thread added: 0x000001c0493ed090
Event: 0.893 Thread 0x000001c07f552950 Thread added: 0x000001c07f552950
Event: 0.977 Loaded shared library C:\Users\User_01\.jdks\jbr-17.0.12\bin\extnet.dll


Dynamic libraries:
0x00007ff6a8840000 - 0x00007ff6a884a000 	C:\Users\User_01\.jdks\jbr-17.0.12\bin\java.exe
0x00007fff6aee0000 - 0x00007fff6b147000 	C:\WINDOWS\SYSTEM32\ntdll.dll
0x00007fff6a1b0000 - 0x00007fff6a279000 	C:\WINDOWS\System32\KERNEL32.DLL
0x00007fff68790000 - 0x00007fff68b7f000 	C:\WINDOWS\System32\KERNELBASE.dll
0x00007fff68260000 - 0x00007fff683ab000 	C:\WINDOWS\System32\ucrtbase.dll
0x00007fff56b10000 - 0x00007fff56b27000 	C:\Users\User_01\.jdks\jbr-17.0.12\bin\jli.dll
0x00007fff44f80000 - 0x00007fff44f9b000 	C:\Users\User_01\.jdks\jbr-17.0.12\bin\VCRUNTIME140.dll
0x00007fff6a7b0000 - 0x00007fff6a975000 	C:\WINDOWS\System32\USER32.dll
0x00007fff68b90000 - 0x00007fff68bb7000 	C:\WINDOWS\System32\win32u.dll
0x00007fff6a6c0000 - 0x00007fff6a6eb000 	C:\WINDOWS\System32\GDI32.dll
0x00007fff4b860000 - 0x00007fff4baf3000 	C:\WINDOWS\WinSxS\amd64_microsoft.windows.common-controls_6595b64144ccf1df_6.0.26100.7309_none_3e05feeae336a044\COMCTL32.dll
0x00007fff68460000 - 0x00007fff6858c000 	C:\WINDOWS\System32\gdi32full.dll
0x00007fff6a100000 - 0x00007fff6a1a9000 	C:\WINDOWS\System32\msvcrt.dll
0x00007fff683b0000 - 0x00007fff68453000 	C:\WINDOWS\System32\msvcp_win.dll
0x00007fff6a2f0000 - 0x00007fff6a321000 	C:\WINDOWS\System32\IMM32.DLL
0x0000000076a70000 - 0x0000000076a7c000 	C:\Program Files (x86)\360\Total Security\safemon\SafeWrapper.dll
0x00007fff69950000 - 0x00007fff69a04000 	C:\WINDOWS\System32\ADVAPI32.dll
0x00007fff6a050000 - 0x00007fff6a0f6000 	C:\WINDOWS\System32\sechost.dll
0x00007fff6ad00000 - 0x00007fff6ae18000 	C:\WINDOWS\System32\RPCRT4.dll
0x00007ffed2400000 - 0x00007ffed24ac000 	C:\Program Files (x86)\360\Total Security\safemon\libzdtp64.dll
0x00007fff68f20000 - 0x00007fff69673000 	C:\WINDOWS\System32\SHELL32.dll
0x00007fff68620000 - 0x00007fff6878a000 	C:\WINDOWS\System32\wintypes.dll
0x00007fff6a330000 - 0x00007fff6a6b6000 	C:\WINDOWS\System32\combase.dll
0x00007fff6a280000 - 0x00007fff6a2e6000 	C:\WINDOWS\System32\SHLWAPI.dll
0x00007fff67b10000 - 0x00007fff67b1b000 	C:\WINDOWS\SYSTEM32\VERSION.dll
0x00007fff45060000 - 0x00007fff4506c000 	C:\Users\User_01\.jdks\jbr-17.0.12\bin\vcruntime140_1.dll
0x00007ffefb1f0000 - 0x00007ffefb27d000 	C:\Users\User_01\.jdks\jbr-17.0.12\bin\msvcp140.dll
0x00007ffe9ff50000 - 0x00007ffea0bda000 	C:\Users\User_01\.jdks\jbr-17.0.12\bin\server\jvm.dll
0x00007fff6ae20000 - 0x00007fff6ae94000 	C:\WINDOWS\System32\WS2_32.dll
0x00007fff67e90000 - 0x00007fff67eee000 	C:\WINDOWS\SYSTEM32\POWRPROF.dll
0x00007fff5f360000 - 0x00007fff5f395000 	C:\WINDOWS\SYSTEM32\WINMM.dll
0x00007fff67e70000 - 0x00007fff67e84000 	C:\WINDOWS\SYSTEM32\UMPDC.dll
0x00007fff66d70000 - 0x00007fff66d8b000 	C:\WINDOWS\SYSTEM32\kernel.appcore.dll
0x00007fff44fe0000 - 0x00007fff44fea000 	C:\Users\User_01\.jdks\jbr-17.0.12\bin\jimage.dll
0x00007fff64f20000 - 0x00007fff65162000 	C:\WINDOWS\SYSTEM32\DBGHELP.DLL
0x00007fff69ea0000 - 0x00007fff69f76000 	C:\WINDOWS\System32\OLEAUT32.dll
0x00007fff4b770000 - 0x00007fff4b7ac000 	C:\WINDOWS\SYSTEM32\dbgcore.DLL
0x00007fff681b0000 - 0x00007fff68255000 	C:\WINDOWS\System32\bcryptPrimitives.dll
0x00007fff3ca10000 - 0x00007fff3ca35000 	C:\Users\User_01\.jdks\jbr-17.0.12\bin\java.dll
0x00007ffef6ee0000 - 0x00007ffef6fb7000 	C:\Users\User_01\.jdks\jbr-17.0.12\bin\jsvml.dll
0x00007fff65ba0000 - 0x00007fff663fe000 	C:\WINDOWS\SYSTEM32\windows.storage.dll
0x00007fff69850000 - 0x00007fff69945000 	C:\WINDOWS\System32\SHCORE.dll
0x00007fff67f50000 - 0x00007fff67f79000 	C:\WINDOWS\SYSTEM32\profapi.dll
0x00007fff3c960000 - 0x00007fff3c979000 	C:\Users\User_01\.jdks\jbr-17.0.12\bin\net.dll
0x00007fff5a1e0000 - 0x00007fff5a308000 	C:\WINDOWS\SYSTEM32\WINHTTP.dll
0x00007fff672e0000 - 0x00007fff6734b000 	C:\WINDOWS\system32\mswsock.dll
0x00007fff3c940000 - 0x00007fff3c956000 	C:\Users\User_01\.jdks\jbr-17.0.12\bin\nio.dll
0x00007fff44ec0000 - 0x00007fff44ed8000 	C:\Users\User_01\.jdks\jbr-17.0.12\bin\zip.dll
0x000001c060300000 - 0x000001c060303000 	C:\Users\User_01\.openjfx\cache\21.0.1+6\amd64\api-ms-win-core-console-l1-1-0.dll
0x000001c060310000 - 0x000001c060313000 	C:\Users\User_01\.openjfx\cache\21.0.1+6\amd64\api-ms-win-core-console-l1-2-0.dll
0x000001c0603a0000 - 0x000001c0603a3000 	C:\Users\User_01\.openjfx\cache\21.0.1+6\amd64\api-ms-win-core-datetime-l1-1-0.dll
0x000001c0603b0000 - 0x000001c0603b3000 	C:\Users\User_01\.openjfx\cache\21.0.1+6\amd64\api-ms-win-core-debug-l1-1-0.dll
0x000001c0603c0000 - 0x000001c0603c3000 	C:\Users\User_01\.openjfx\cache\21.0.1+6\amd64\api-ms-win-core-errorhandling-l1-1-0.dll
0x000001c0603d0000 - 0x000001c0603d4000 	C:\Users\User_01\.openjfx\cache\21.0.1+6\amd64\api-ms-win-core-file-l1-1-0.dll
0x000001c0622c0000 - 0x000001c0622c3000 	C:\Users\User_01\.openjfx\cache\21.0.1+6\amd64\api-ms-win-core-file-l1-2-0.dll
0x000001c0622d0000 - 0x000001c0622d3000 	C:\Users\User_01\.openjfx\cache\21.0.1+6\amd64\api-ms-win-core-file-l2-1-0.dll
0x000001c0622e0000 - 0x000001c0622e3000 	C:\Users\User_01\.openjfx\cache\21.0.1+6\amd64\api-ms-win-core-handle-l1-1-0.dll
0x000001c0622f0000 - 0x000001c0622f3000 	C:\Users\User_01\.openjfx\cache\21.0.1+6\amd64\api-ms-win-core-heap-l1-1-0.dll
0x000001c062300000 - 0x000001c062303000 	C:\Users\User_01\.openjfx\cache\21.0.1+6\amd64\api-ms-win-core-interlocked-l1-1-0.dll
0x000001c062310000 - 0x000001c062313000 	C:\Users\User_01\.openjfx\cache\21.0.1+6\amd64\api-ms-win-core-libraryloader-l1-1-0.dll
0x000001c062320000 - 0x000001c062323000 	C:\Users\User_01\.openjfx\cache\21.0.1+6\amd64\api-ms-win-core-localization-l1-2-0.dll
0x000001c062330000 - 0x000001c062333000 	C:\Users\User_01\.openjfx\cache\21.0.1+6\amd64\api-ms-win-core-memory-l1-1-0.dll
0x000001c062340000 - 0x000001c062343000 	C:\Users\User_01\.openjfx\cache\21.0.1+6\amd64\api-ms-win-core-namedpipe-l1-1-0.dll
0x000001c062350000 - 0x000001c062353000 	C:\Users\User_01\.openjfx\cache\21.0.1+6\amd64\api-ms-win-core-processenvironment-l1-1-0.dll
0x000001c062360000 - 0x000001c062363000 	C:\Users\User_01\.openjfx\cache\21.0.1+6\amd64\api-ms-win-core-processthreads-l1-1-0.dll
0x000001c062370000 - 0x000001c062373000 	C:\Users\User_01\.openjfx\cache\21.0.1+6\amd64\api-ms-win-core-processthreads-l1-1-1.dll
0x000001c062380000 - 0x000001c062383000 	C:\Users\User_01\.openjfx\cache\21.0.1+6\amd64\api-ms-win-core-profile-l1-1-0.dll
0x000001c07f820000 - 0x000001c07f823000 	C:\Users\User_01\.openjfx\cache\21.0.1+6\amd64\api-ms-win-core-rtlsupport-l1-1-0.dll
0x000001c07f830000 - 0x000001c07f833000 	C:\Users\User_01\.openjfx\cache\21.0.1+6\amd64\api-ms-win-core-string-l1-1-0.dll
0x000001c07f840000 - 0x000001c07f843000 	C:\Users\User_01\.openjfx\cache\21.0.1+6\amd64\api-ms-win-core-synch-l1-1-0.dll
0x000001c07f850000 - 0x000001c07f853000 	C:\Users\User_01\.openjfx\cache\21.0.1+6\amd64\api-ms-win-core-synch-l1-2-0.dll
0x000001c07f860000 - 0x000001c07f863000 	C:\Users\User_01\.openjfx\cache\21.0.1+6\amd64\api-ms-win-core-sysinfo-l1-1-0.dll
0x000001c07f870000 - 0x000001c07f873000 	C:\Users\User_01\.openjfx\cache\21.0.1+6\amd64\api-ms-win-core-timezone-l1-1-0.dll
0x000001c07f880000 - 0x000001c07f883000 	C:\Users\User_01\.openjfx\cache\21.0.1+6\amd64\api-ms-win-core-util-l1-1-0.dll
0x000001c07f890000 - 0x000001c07f893000 	C:\Users\User_01\.openjfx\cache\21.0.1+6\amd64\api-ms-win-crt-conio-l1-1-0.dll
0x000001c07f8a0000 - 0x000001c07f8a4000 	C:\Users\User_01\.openjfx\cache\21.0.1+6\amd64\api-ms-win-crt-convert-l1-1-0.dll
0x000001c07f8b0000 - 0x000001c07f8b3000 	C:\Users\User_01\.openjfx\cache\21.0.1+6\amd64\api-ms-win-crt-environment-l1-1-0.dll
0x000001c07f8c0000 - 0x000001c07f8c3000 	C:\Users\User_01\.openjfx\cache\21.0.1+6\amd64\api-ms-win-crt-filesystem-l1-1-0.dll
0x000001c07f8d0000 - 0x000001c07f8d3000 	C:\Users\User_01\.openjfx\cache\21.0.1+6\amd64\api-ms-win-crt-heap-l1-1-0.dll
0x000001c07f8e0000 - 0x000001c07f8e3000 	C:\Users\User_01\.openjfx\cache\21.0.1+6\amd64\api-ms-win-crt-locale-l1-1-0.dll
0x000001c07f8f0000 - 0x000001c07f8f5000 	C:\Users\User_01\.openjfx\cache\21.0.1+6\amd64\api-ms-win-crt-math-l1-1-0.dll
0x000001c07f900000 - 0x000001c07f905000 	C:\Users\User_01\.openjfx\cache\21.0.1+6\amd64\api-ms-win-crt-multibyte-l1-1-0.dll
0x000001c07f910000 - 0x000001c07f920000 	C:\Users\User_01\.openjfx\cache\21.0.1+6\amd64\api-ms-win-crt-private-l1-1-0.dll
0x000001c07f920000 - 0x000001c07f923000 	C:\Users\User_01\.openjfx\cache\21.0.1+6\amd64\api-ms-win-crt-process-l1-1-0.dll
0x000001c07f930000 - 0x000001c07f934000 	C:\Users\User_01\.openjfx\cache\21.0.1+6\amd64\api-ms-win-crt-runtime-l1-1-0.dll
0x000001c07f940000 - 0x000001c07f944000 	C:\Users\User_01\.openjfx\cache\21.0.1+6\amd64\api-ms-win-crt-stdio-l1-1-0.dll
0x000001c07f950000 - 0x000001c07f954000 	C:\Users\User_01\.openjfx\cache\21.0.1+6\amd64\api-ms-win-crt-string-l1-1-0.dll
0x000001c07f960000 - 0x000001c07f963000 	C:\Users\User_01\.openjfx\cache\21.0.1+6\amd64\api-ms-win-crt-time-l1-1-0.dll
0x000001c07f970000 - 0x000001c07f973000 	C:\Users\User_01\.openjfx\cache\21.0.1+6\amd64\api-ms-win-crt-utility-l1-1-0.dll
0x00007ffef6de0000 - 0x00007ffef6edc000 	C:\Users\User_01\.openjfx\cache\21.0.1+6\amd64\ucrtbase.dll
0x00007fff3c920000 - 0x00007fff3c93b000 	C:\Users\User_01\.openjfx\cache\21.0.1+6\amd64\vcruntime140.dll
0x00007fff423a0000 - 0x00007fff423ac000 	C:\Users\User_01\.openjfx\cache\21.0.1+6\amd64\vcruntime140_1.dll
0x00007ffefb160000 - 0x00007ffefb1ee000 	C:\Users\User_01\.openjfx\cache\21.0.1+6\amd64\msvcp140.dll
0x00007fff68d80000 - 0x00007fff68f17000 	C:\WINDOWS\System32\ole32.dll
0x00007fff3c570000 - 0x00007fff3c579000 	C:\Users\User_01\.openjfx\cache\21.0.1+6\amd64\msvcp140_1.dll
0x00007fff3b0a0000 - 0x00007fff3b0cf000 	C:\Users\User_01\.openjfx\cache\21.0.1+6\amd64\msvcp140_2.dll
0x00007fff3ae90000 - 0x00007fff3aebf000 	C:\Users\User_01\.openjfx\cache\21.0.1+6\amd64\prism_d3d.dll
0x00007ffed7300000 - 0x00007ffed74b3000 	C:\WINDOWS\system32\d3d9.dll
0x00007fff652f0000 - 0x00007fff65320000 	C:\WINDOWS\SYSTEM32\dwmapi.dll
0x00007fff654c0000 - 0x00007fff65504000 	C:\WINDOWS\SYSTEM32\dxcore.dll
0x00007fff64d40000 - 0x00007fff64deb000 	C:\WINDOWS\system32\uxtheme.dll
0x00007ffea6320000 - 0x00007ffea658f000 	C:\WINDOWS\System32\DriverStore\FileRepository\iigd_dch.inf_amd64_03e2a5c7c3b3fa7c\igdumdim64.dll
0x00007ffea4df0000 - 0x00007ffea6313000 	C:\WINDOWS\System32\DriverStore\FileRepository\iigd_dch.inf_amd64_03e2a5c7c3b3fa7c\igd9dxva64.dll
0x00007fff69a10000 - 0x00007fff69e9a000 	C:\WINDOWS\System32\SETUPAPI.dll
0x00007fff67b50000 - 0x00007fff67ba7000 	C:\WINDOWS\SYSTEM32\cfgmgr32.dll
0x00007ffef76c0000 - 0x00007ffef93eb000 	C:\WINDOWS\System32\DriverStore\FileRepository\iigd_dch.inf_amd64_03e2a5c7c3b3fa7c\media_bin_64.dll
0x00007fff5ebb0000 - 0x00007fff5efef000 	C:\WINDOWS\System32\DriverStore\FileRepository\iigd_dch.inf_amd64_03e2a5c7c3b3fa7c\igdgmm64.dll
0x00007fff622d0000 - 0x00007fff62333000 	C:\WINDOWS\SYSTEM32\directxdatabasehelper.dll
0x00007fff39d40000 - 0x00007fff39d82000 	C:\Users\User_01\.openjfx\cache\21.0.1+6\amd64\glass.dll
0x00007fff69740000 - 0x00007fff69830000 	C:\WINDOWS\System32\COMDLG32.dll
0x00007fff6a980000 - 0x00007fff6aade000 	C:\WINDOWS\System32\MSCTF.dll
0x00007ffefa870000 - 0x00007ffefa897000 	C:\WINDOWS\System32\DriverStore\FileRepository\iigd_dch.inf_amd64_03e2a5c7c3b3fa7c\igdinfo64.dll
0x00007fff675b0000 - 0x00007fff675cb000 	C:\WINDOWS\SYSTEM32\CRYPTSP.dll
0x00007fff66cd0000 - 0x00007fff66d0a000 	C:\WINDOWS\system32\rsaenh.dll
0x00007fff675a0000 - 0x00007fff675ac000 	C:\WINDOWS\SYSTEM32\CRYPTBASE.dll
0x00007fff67f20000 - 0x00007fff67f4a000 	C:\WINDOWS\SYSTEM32\bcrypt.dll
0x00007fff5f090000 - 0x00007fff5f0b4000 	C:\WINDOWS\System32\DriverStore\FileRepository\iigd_dch.inf_amd64_03e2a5c7c3b3fa7c\igc64.dll
0x00007fff5a380000 - 0x00007fff5eaeb000 	C:\WINDOWS\System32\DriverStore\FileRepository\iigd_dch.inf_amd64_03e2a5c7c3b3fa7c\igc1464.dll
0x00007fff668f0000 - 0x00007fff66a1c000 	C:\WINDOWS\SYSTEM32\DNSAPI.dll
0x00007fff668b0000 - 0x00007fff668e4000 	C:\WINDOWS\SYSTEM32\IPHLPAPI.DLL
0x00007fff6aaf0000 - 0x00007fff6aafa000 	C:\WINDOWS\System32\NSI.dll
0x00007fff5f0c0000 - 0x00007fff5f0cb000 	C:\Windows\System32\rasadhlp.dll
0x00007fff5f100000 - 0x00007fff5f186000 	C:\WINDOWS\System32\fwpuclnt.dll
0x00007fff3b7c0000 - 0x00007fff3b7c9000 	C:\Users\User_01\.jdks\jbr-17.0.12\bin\extnet.dll
0x00007fff2f390000 - 0x00007fff2f3a4000 	C:\Users\User_01\.openjfx\cache\21.0.1+6\amd64\javafx_font.dll

dbghelp: loaded successfully - version: 4.0.5 - missing functions: none
symbol engine: initialized successfully - sym options: 0x614 - pdb path: .;C:\Users\User_01\.jdks\jbr-17.0.12\bin;C:\WINDOWS\SYSTEM32;C:\WINDOWS\WinSxS\amd64_microsoft.windows.common-controls_6595b64144ccf1df_6.0.26100.7309_none_3e05feeae336a044;C:\Program Files (x86)\360\Total Security\safemon;C:\Users\User_01\.jdks\jbr-17.0.12\bin\server;C:\Users\User_01\.openjfx\cache\21.0.1+6\amd64;C:\WINDOWS\System32\DriverStore\FileRepository\iigd_dch.inf_amd64_03e2a5c7c3b3fa7c

VM Arguments:
jvm_args: --module-path=C:\Users\User_01\.m2\repository\org\openjfx\javafx-base\21.0.1\javafx-base-21.0.1-win.jar;C:\Users\User_01\.m2\repository\org\openjfx\javafx-base\21.0.1\javafx-base-21.0.1.jar;C:\Users\User_01\.m2\repository\org\openjfx\javafx-controls\21.0.1\javafx-controls-21.0.1-win.jar;C:\Users\User_01\.m2\repository\org\openjfx\javafx-controls\21.0.1\javafx-controls-21.0.1.jar;C:\Users\User_01\.m2\repository\org\openjfx\javafx-fxml\21.0.1\javafx-fxml-21.0.1-win.jar;C:\Users\User_01\.m2\repository\org\openjfx\javafx-fxml\21.0.1\javafx-fxml-21.0.1.jar;C:\Users\User_01\.m2\repository\org\openjfx\javafx-graphics\21.0.1\javafx-graphics-21.0.1-win.jar;C:\Users\User_01\.m2\repository\org\openjfx\javafx-graphics\21.0.1\javafx-graphics-21.0.1.jar --add-modules=javafx.base,javafx.controls,javafx.fxml,javafx.graphics 
java_command: Main -Xms64m -Xmx256m -XX:+UseSerialGC -XX:MaxHeapFreeRatio=70 -XX:MinHeapFreeRatio=40
java_class_path (initial): C:\Users\User_01\projet_Greencore\target\classes;C:\Users\User_01\.m2\repository\com\google\protobuf\protobuf-java\3.21.9\protobuf-java-3.21.9.jar;C:\Users\User_01\.m2\repository\com\mysql\mysql-connector-j\8.0.33\mysql-connector-j-8.0.33.jar
Launcher Type: SUN_STANDARD

[Global flags]
     intx CICompilerCount                          = 4                                         {product} {ergonomic}
     uint ConcGCThreads                            = 2                                         {product} {ergonomic}
     uint G1ConcRefinementThreads                  = 8                                         {product} {ergonomic}
   size_t G1HeapRegionSize                         = 2097152                                   {product} {ergonomic}
    uintx GCDrainStackTargetSize                   = 64                                        {product} {ergonomic}
   size_t InitialHeapSize                          = 199229440                                 {product} {ergonomic}
   size_t MarkStackSize                            = 4194304                                   {product} {ergonomic}
   size_t MaxHeapSize                              = 3164602368                                {product} {ergonomic}
   size_t MaxNewSize                               = 1897922560                                {product} {ergonomic}
   size_t MinHeapDeltaBytes                        = 2097152                                   {product} {ergonomic}
   size_t MinHeapSize                              = 8388608                                   {product} {ergonomic}
    uintx NonNMethodCodeHeapSize                   = 5839372                                {pd product} {ergonomic}
    uintx NonProfiledCodeHeapSize                  = 122909434                              {pd product} {ergonomic}
    uintx ProfiledCodeHeapSize                     = 122909434                              {pd product} {ergonomic}
    uintx ReservedCodeCacheSize                    = 251658240                              {pd product} {ergonomic}
     bool SegmentedCodeCache                       = true                                      {product} {ergonomic}
   size_t SoftMaxHeapSize                          = 3164602368                             {manageable} {ergonomic}
     bool UseCompressedClassPointers               = true                           {product lp64_product} {ergonomic}
     bool UseCompressedOops                        = true                           {product lp64_product} {ergonomic}
     bool UseG1GC                                  = true                                      {product} {ergonomic}
     bool UseLargePagesIndividualAllocation        = false                                  {pd product} {ergonomic}

Logging:
Log output configuration:
 #0: stdout all=warning uptime,level,tags
 #1: stderr all=off uptime,level,tags

Environment Variables:
JAVA_HOME=C:\Users\User_01\.jdks\jbr-17.0.12
PATH=C:\oraclexe\app\oracle\product\11.2.0\server\bin;C:\oraclexe\app\oracle\product\11.2.0\server\bin;C:\Program Files (x86)\VMware\VMware Workstation\bin\;C:\Windows\system32;C:\Windows;C:\Windows\System32\Wbem;C:\Windows\System32\WindowsPowerShell\v1.0\;C:\Windows\System32\OpenSSH\;C:\Program Files (x86)\NVIDIA Corporation\PhysX\Common;C:\Program Files\NVIDIA Corporation\NVIDIA NvDLISR;C:\xampp\php;C:\composer;C:\WINDOWS\system32;C:\WINDOWS;C:\WINDOWS\System32\Wbem;C:\WINDOWS\System32\WindowsPowerShell\v1.0\;C:\WINDOWS\System32\OpenSSH\;C:\Program Files\cursor\resources\app\bin;C:\Program Files\Git\cmd;C:\Users\User_01\AppData\Local\Programs\Eclipse Adoptium\jdk-25.0.1.8-hotspot\bin;C:\Users\User_01\AppData\Local\Programs\Python\Python312\Scripts\;C:\Users\User_01\AppData\Local\Programs\Python\Python312\;C:\Users\User_01\scoop\shims;C:\Users\User_01\AppData\Local\Microsoft\WindowsApps;C:\Users\User_01\AppData\Local\Programs\Microsoft VS Code\bin;C:\Users\User_01\AppData\Roaming\Composer\vendor\bin;C:\Program Files\JetBrains\IntelliJ IDEA 2024.1.2\bin;;C:\Program Files\JetBrains\PhpStorm 2024.2.1\bin;C:\Users\User_01\AppData\Local\Programs\Windsurf\bin
USERNAME=User_01
OS=Windows_NT
PROCESSOR_IDENTIFIER=Intel64 Family 6 Model 140 Stepping 2, GenuineIntel
TMP=C:\Users\User_01\AppData\Local\Temp
TEMP=C:\Users\User_01\AppData\Local\Temp



Periodic native trim disabled

JNI global refs:
JNI global refs: 22, weak refs: 4

JNI global refs memory usage: 843, weak refs: 841

Process memory usage:
Resident Set Size: 136712K (1% of 12361016K total physical memory with 696516K free physical memory)

OOME stack traces (most recent first):
Classloader memory used:
Loader jdk.internal.loader.ClassLoaders$AppClassLoader                                 : 942K
Loader bootstrap                                                                       : 551K
Loader jdk.internal.loader.ClassLoaders$PlatformClassLoader                            : 46699B
Loader jdk.internal.reflect.DelegatingClassLoader                                      : 432B
Loader com.sun.javafx.reflect.MethodUtil                                               : 364B


---------------  S Y S T E M  ---------------

OS:
 Windows 11 , 64 bit Build 26100 (10.0.26100.7623)
OS uptime: 0 days 2:21 hours
Hyper-V role detected

CPU: total 8 (initial active 8) (4 cores per cpu, 2 threads per core) family 6 model 140 stepping 2 microcode 0x3a, cx8, cmov, fxsr, ht, mmx, 3dnowpref, sse, sse2, sse3, ssse3, sse4.1, sse4.2, popcnt, lzcnt, tsc, tscinvbit, avx, avx2, aes, erms, clmul, bmi1, bmi2, adx, avx512f, avx512dq, avx512cd, avx512bw, avx512vl, sha, fma, vzeroupper, avx512_vpopcntdq, avx512_vpclmulqdq, avx512_vaes, avx512_vnni, clflush, clflushopt, clwb, avx512_vbmi2, avx512_vbmi, hv
Processor Information for processor 0
  Max Mhz: 2496, Current Mhz: 2496, Mhz Limit: 2496
Processor Information for processor 1
  Max Mhz: 2496, Current Mhz: 1198, Mhz Limit: 2496
Processor Information for processor 2
  Max Mhz: 2496, Current Mhz: 2496, Mhz Limit: 2496
Processor Information for processor 3
  Max Mhz: 2496, Current Mhz: 2496, Mhz Limit: 2496
Processor Information for processor 4
  Max Mhz: 2496, Current Mhz: 2496, Mhz Limit: 2496
Processor Information for processor 5
  Max Mhz: 2496, Current Mhz: 2496, Mhz Limit: 2496
Processor Information for processor 6
  Max Mhz: 2496, Current Mhz: 1198, Mhz Limit: 2496
Processor Information for processor 7
  Max Mhz: 2496, Current Mhz: 1198, Mhz Limit: 2496

Memory: 4k page, system-wide physical 12071M (680M free)
TotalPageFile size 21395M (AvailPageFile size 4M)
current process WorkingSet (physical memory assigned to process): 133M, peak: 133M
current process commit charge ("private bytes"): 340M, peak: 341M

vm_info: OpenJDK 64-Bit Server VM (17.0.12+1-b1207.37) for windows-amd64 JRE (17.0.12+1-b1207.37), built on 2024-09-25 by "builduser" with MS VC++ 16.10 / 16.11 (VS2019)

END.
