#
# There is insufficient memory for the Java Runtime Environment to continue.
# Native memory allocation (mmap) failed to map 199229440 bytes. Error detail: G1 virtual space
# Possible reasons:
#   The system is out of physical RAM or swap space
#   This process is running with CompressedOops enabled, and the Java Heap may be blocking the growth of the native heap
# Possible solutions:
#   Reduce memory load on the system
#   Increase physical memory or swap space
#   Check if swap backing store is full
#   Decrease Java heap size (-Xmx/-Xms)
#   Decrease number of Java threads
#   Decrease Java thread stack sizes (-Xss)
#   Set larger code cache with -XX:ReservedCodeCacheSize=
#   JVM is running with Zero Based Compressed Oops mode in which the Java heap is
#     placed in the first 32GB address space. The Java Heap base address is the
#     maximum limit for the native heap growth. Please use -XX:HeapBaseMinAddress
#     to set the Java Heap base and to place the Java Heap above 32GB virtual address.
# This output file may be truncated or incomplete.
#
#  Out of Memory Error (os_windows.cpp:3825), pid=27884, tid=29236
#
# JRE version:  (17.0.12+1) (build )
# Java VM: OpenJDK 64-Bit Server VM (17.0.12+1-b1207.37, mixed mode, sharing, tiered, compressed oops, compressed class ptrs, g1 gc, windows-amd64)
# No core dump will be written. Minidumps are not enabled by default on client versions of Windows
#

---------------  S U M M A R Y ------------

Command Line: -Dclassworlds.conf=C:\Program Files\JetBrains\IntelliJ IDEA 2025.2.3\plugins\maven\lib\maven3\bin\m2.conf -Dmaven.home=C:\Program Files\JetBrains\IntelliJ IDEA 2025.2.3\plugins\maven\lib\maven3 -Dlibrary.jansi.path=C:\Program Files\JetBrains\IntelliJ IDEA 2025.2.3\plugins\maven\lib\maven3\lib\jansi-native -Dmaven.multiModuleProjectDirectory=C:\Users\User_01\projet_Greencore org.codehaus.plexus.classworlds.launcher.Launcher -Didea.version=2025.2.3 -Dmaven.ext.class.path=C:\Program Files\JetBrains\IntelliJ IDEA 2025.2.3\plugins\maven\lib\maven-event-listener.jar -Djansi.passthrough=true -Dstyle.color=always -Dmaven.repo.local=C:\Users\User_01\.m2\repository javafx:run -f pom.xml

Host: 11th Gen Intel(R) Core(TM) i5-1155G7 @ 2.50GHz, 8 cores, 11G,  Windows 11 , 64 bit Build 26100 (10.0.26100.7623)
Time: Sun Apr 26 17:03:44 2026 Afr. centrale Ouest elapsed time: 0.340652 seconds (0d 0h 0m 0s)

---------------  T H R E A D  ---------------

Current thread (0x0000021847681ea0):  JavaThread "Unknown thread" [_thread_in_vm, id=29236, stack(0x0000009378f00000,0x0000009379000000)]

Stack: [0x0000009378f00000,0x0000009379000000]
Native frames: (J=compiled Java code, j=interpreted, Vv=VM code, C=native code)
V  [jvm.dll+0x689d89]  public: static bool __cdecl os::platform_print_native_stack(class outputStream * __ptr64,void const * __ptr64,char * __ptr64,int,unsigned char * __ptr64 & __ptr64)+0xd9
V  [jvm.dll+0x84386a]  private: static void __cdecl VMError::report(class outputStream * __ptr64,bool)+0xc6a
V  [jvm.dll+0x8454ee]  public: static void __cdecl VMError::report_and_die(int,char const * __ptr64,char const * __ptr64,char * __ptr64,class Thread * __ptr64,unsigned char * __ptr64,void * __ptr64,void * __ptr64,char const * __ptr64,int,unsigned __int64)+0x78e
V  [jvm.dll+0x845b53]  public: static void __cdecl VMError::report_and_die(class Thread * __ptr64,char const * __ptr64,int,unsigned __int64,enum VMErrorType,char const * __ptr64,char * __ptr64)+0x43
V  [jvm.dll+0x24a56f]  void __cdecl report_vm_out_of_memory(char const * __ptr64,int,unsigned __int64,enum VMErrorType,char const * __ptr64,...)+0x8f
V  [jvm.dll+0x686ad9]  private: static void __cdecl os::pd_commit_memory_or_exit(char * __ptr64,unsigned __int64,unsigned __int64,bool,char const * __ptr64)+0xc9
V  [jvm.dll+0x67b3da]  public: static void __cdecl os::commit_memory_or_exit(char * __ptr64,unsigned __int64,unsigned __int64,bool,char const * __ptr64)+0x2a
V  [jvm.dll+0x30b15b]  public: bool __cdecl G1PageBasedVirtualSpace::commit(unsigned __int64,unsigned __int64) __ptr64+0x19b
V  [jvm.dll+0x312646]  public: virtual void __cdecl G1RegionsLargerThanCommitSizeMapper::commit_regions(unsigned int,unsigned __int64,class WorkGang * __ptr64) __ptr64+0x96
V  [jvm.dll+0x36288e]  private: unsigned int __cdecl HeapRegionManager::expand_any(unsigned int,class WorkGang * __ptr64) __ptr64+0xee
V  [jvm.dll+0x362acf]  public: unsigned int __cdecl HeapRegionManager::expand_by(unsigned int,class WorkGang * __ptr64) __ptr64+0x7f
V  [jvm.dll+0x2e125c]  public: bool __cdecl G1CollectedHeap::expand(unsigned __int64,class WorkGang * __ptr64,double * __ptr64) __ptr64+0xbc
V  [jvm.dll+0x2e21b4]  public: virtual long __cdecl G1CollectedHeap::initialize(void) __ptr64+0x664
V  [jvm.dll+0x81420b]  long __cdecl universe_init(void)+0xbb
V  [jvm.dll+0x370618]  long __cdecl init_globals(void)+0x48
V  [jvm.dll+0x7f2b45]  public: static long __cdecl Threads::create_vm(struct JavaVMInitArgs * __ptr64,bool * __ptr64)+0x5e5
V  [jvm.dll+0x3f4aaf]  protected: __cdecl JNI_ArgumentPusher::JNI_ArgumentPusher(class Method * __ptr64) __ptr64+0x19f
V  [jvm.dll+0x3f6661]  JNI_CreateJavaVM+0x11
C  [jli.dll+0x528f]  JavaMain+0x113  (java.c:413)
C  [ucrtbase.dll+0x37b0]
C  [KERNEL32.DLL+0x2e8d7]
C  [ntdll.dll+0x8c53c]


---------------  P R O C E S S  ---------------

Threads class SMR info:
_java_thread_list=0x00007ff803035fd8, length=0, elements={
}

Java Threads: ( => current thread )

Other Threads:
  0x00000218476d8bf0 GCTaskThread "GC Thread#0" [stack: 0x0000009379000000,0x0000009379100000] [id=28684]
  0x00000218476e5780 ConcurrentGCThread "G1 Main Marker" [stack: 0x0000009379100000,0x0000009379200000] [id=13160]
  0x00000218476e6d80 ConcurrentGCThread "G1 Conc#0" [stack: 0x0000009379200000,0x0000009379300000] [id=18164]

[error occurred during error reporting (printing all threads), id 0xc0000005, EXCEPTION_ACCESS_VIOLATION (0xc0000005) at pc=0x00007ff8027e1ae7]

VM state: not at safepoint (not fully initialized)

VM Mutex/Monitor currently owned by a thread:  ([mutex/lock_event])
[0x000002184767cf40] Heap_lock - owner thread: 0x0000021847681ea0

Heap address: 0x0000000743600000, size: 3018 MB, Compressed Oops mode: Zero based, Oop shift amount: 3

CDS archive(s) mapped at: [0x0000000000000000-0x0000000000000000-0x0000000000000000), size 0, SharedBaseAddress: 0x0000000800000000, ArchiveRelocationMode: 1.
Narrow klass base: 0x0000000000000000, Narrow klass shift: 0, Narrow klass range: 0x0

GC Precious Log:
<Empty>

Heap:
 garbage-first heap   total 0K, used 0K [0x0000000743600000, 0x0000000800000000)
  region size 2048K, 0 young (0K), 0 survivors (0K)
 Metaspace       used 0K, committed 0K, reserved 0K
  class space    used 0K, committed 0K, reserved 0K

Heap Regions: E=young(eden), S=young(survivor), O=old, HS=humongous(starts), HC=humongous(continues), CS=collection set, F=free, OA=open archive, CA=closed archive, TAMS=top-at-mark-start (previous, next)

Card table byte_map: [0x000002185a750000,0x000002185ad40000] _byte_map_base: 0x0000021856d35000

Marking Bits (Prev, Next): (CMBitMap*) 0x00000218476d9120, (CMBitMap*) 0x00000218476d9160
 Prev Bits: [0x000002185b330000, 0x000002185e258000)
 Next Bits: [0x000002185e260000, 0x0000021861188000)

GC Heap History (0 events):
No events

Dll operation events (1 events):
Event: 0.049 Loaded shared library C:\Users\User_01\.jdks\jbr-17.0.12\bin\java.dll

Deoptimization events (0 events):
No events

Classes loaded (0 events):
No events

Classes unloaded (0 events):
No events

Classes redefined (0 events):
No events

Internal exceptions (0 events):
No events

VM Operations (0 events):
No events

Events (0 events):
No events


Dynamic libraries:
0x00007ff753930000 - 0x00007ff75393a000 	C:\Users\User_01\.jdks\jbr-17.0.12\bin\java.exe
0x00007ff8cd520000 - 0x00007ff8cd787000 	C:\WINDOWS\SYSTEM32\ntdll.dll
0x00007ff8cb470000 - 0x00007ff8cb539000 	C:\WINDOWS\System32\KERNEL32.DLL
0x00007ff8ca810000 - 0x00007ff8cabff000 	C:\WINDOWS\System32\KERNELBASE.dll
0x00007ff8cae00000 - 0x00007ff8caf4b000 	C:\WINDOWS\System32\ucrtbase.dll
0x00007ff8b4ec0000 - 0x00007ff8b4ed7000 	C:\Users\User_01\.jdks\jbr-17.0.12\bin\jli.dll
0x00007ff8b9aa0000 - 0x00007ff8b9abb000 	C:\Users\User_01\.jdks\jbr-17.0.12\bin\VCRUNTIME140.dll
0x00007ff8cb8a0000 - 0x00007ff8cba65000 	C:\WINDOWS\System32\USER32.dll
0x00007ff8ad9c0000 - 0x00007ff8adc53000 	C:\WINDOWS\WinSxS\amd64_microsoft.windows.common-controls_6595b64144ccf1df_6.0.26100.7309_none_3e05feeae336a044\COMCTL32.dll
0x00007ff8ca7e0000 - 0x00007ff8ca807000 	C:\WINDOWS\System32\win32u.dll
0x00007ff8cbbe0000 - 0x00007ff8cbc89000 	C:\WINDOWS\System32\msvcrt.dll
0x00007ff8cd3c0000 - 0x00007ff8cd3eb000 	C:\WINDOWS\System32\GDI32.dll
0x00007ff8caf50000 - 0x00007ff8cb07c000 	C:\WINDOWS\System32\gdi32full.dll
0x00007ff8cacc0000 - 0x00007ff8cad63000 	C:\WINDOWS\System32\msvcp_win.dll
0x00007ff8cb7e0000 - 0x00007ff8cb811000 	C:\WINDOWS\System32\IMM32.DLL
0x0000000075440000 - 0x000000007544c000 	C:\Program Files (x86)\360\Total Security\safemon\SafeWrapper.dll
0x00007ff8cb710000 - 0x00007ff8cb7c4000 	C:\WINDOWS\System32\ADVAPI32.dll
0x00007ff8cd180000 - 0x00007ff8cd226000 	C:\WINDOWS\System32\sechost.dll
0x00007ff8cb2c0000 - 0x00007ff8cb3d8000 	C:\WINDOWS\System32\RPCRT4.dll
0x00007ff85e590000 - 0x00007ff85e63c000 	C:\Program Files (x86)\360\Total Security\safemon\libzdtp64.dll
0x00007ff8cc590000 - 0x00007ff8ccce3000 	C:\WINDOWS\System32\SHELL32.dll
0x00007ff8ca670000 - 0x00007ff8ca7da000 	C:\WINDOWS\System32\wintypes.dll
0x00007ff8cc120000 - 0x00007ff8cc4a6000 	C:\WINDOWS\System32\combase.dll
0x00007ff8cbfb0000 - 0x00007ff8cc016000 	C:\WINDOWS\System32\SHLWAPI.dll
0x00007ff8ca150000 - 0x00007ff8ca15b000 	C:\WINDOWS\SYSTEM32\VERSION.dll
0x00007ff8b9630000 - 0x00007ff8b963c000 	C:\Users\User_01\.jdks\jbr-17.0.12\bin\vcruntime140_1.dll
0x00007ff84a9e0000 - 0x00007ff84aa6d000 	C:\Users\User_01\.jdks\jbr-17.0.12\bin\msvcp140.dll
0x00007ff8024f0000 - 0x00007ff80317a000 	C:\Users\User_01\.jdks\jbr-17.0.12\bin\server\jvm.dll
0x00007ff8cd340000 - 0x00007ff8cd3b4000 	C:\WINDOWS\System32\WS2_32.dll
0x00007ff8ca4d0000 - 0x00007ff8ca52e000 	C:\WINDOWS\SYSTEM32\POWRPROF.dll
0x00007ff8c1ae0000 - 0x00007ff8c1b15000 	C:\WINDOWS\SYSTEM32\WINMM.dll
0x00007ff8ca4b0000 - 0x00007ff8ca4c4000 	C:\WINDOWS\SYSTEM32\UMPDC.dll
0x00007ff8c93b0000 - 0x00007ff8c93cb000 	C:\WINDOWS\SYSTEM32\kernel.appcore.dll
0x00007ff8a78a0000 - 0x00007ff8a78aa000 	C:\Users\User_01\.jdks\jbr-17.0.12\bin\jimage.dll
0x00007ff8c7520000 - 0x00007ff8c7762000 	C:\WINDOWS\SYSTEM32\DBGHELP.DLL
0x00007ff8cbed0000 - 0x00007ff8cbfa6000 	C:\WINDOWS\System32\OLEAUT32.dll
0x00007ff8ac120000 - 0x00007ff8ac15c000 	C:\WINDOWS\SYSTEM32\dbgcore.DLL
0x00007ff8cac10000 - 0x00007ff8cacb5000 	C:\WINDOWS\System32\bcryptPrimitives.dll
0x00007ff8a7290000 - 0x00007ff8a72b5000 	C:\Users\User_01\.jdks\jbr-17.0.12\bin\java.dll

dbghelp: loaded successfully - version: 4.0.5 - missing functions: none
symbol engine: initialized successfully - sym options: 0x614 - pdb path: .;C:\Users\User_01\.jdks\jbr-17.0.12\bin;C:\WINDOWS\SYSTEM32;C:\WINDOWS\WinSxS\amd64_microsoft.windows.common-controls_6595b64144ccf1df_6.0.26100.7309_none_3e05feeae336a044;C:\Program Files (x86)\360\Total Security\safemon;C:\Users\User_01\.jdks\jbr-17.0.12\bin\server

VM Arguments:
jvm_args: -Dclassworlds.conf=C:\Program Files\JetBrains\IntelliJ IDEA 2025.2.3\plugins\maven\lib\maven3\bin\m2.conf -Dmaven.home=C:\Program Files\JetBrains\IntelliJ IDEA 2025.2.3\plugins\maven\lib\maven3 -Dlibrary.jansi.path=C:\Program Files\JetBrains\IntelliJ IDEA 2025.2.3\plugins\maven\lib\maven3\lib\jansi-native -Dmaven.multiModuleProjectDirectory=C:\Users\User_01\projet_Greencore 
java_command: org.codehaus.plexus.classworlds.launcher.Launcher -Didea.version=2025.2.3 -Dmaven.ext.class.path=C:\Program Files\JetBrains\IntelliJ IDEA 2025.2.3\plugins\maven\lib\maven-event-listener.jar -Djansi.passthrough=true -Dstyle.color=always -Dmaven.repo.local=C:\Users\User_01\.m2\repository javafx:run -f pom.xml
java_class_path (initial): C:\Program Files\JetBrains\IntelliJ IDEA 2025.2.3\plugins\maven\lib\maven3\boot\plexus-classworlds-2.8.0.jar
Launcher Type: SUN_STANDARD

[Global flags]
     intx CICompilerCount                          = 4                                         {product} {ergonomic}
     uint ConcGCThreads                            = 2                                         {product} {ergonomic}
     uint G1ConcRefinementThreads                  = 8                                         {product} {ergonomic}
   size_t G1HeapRegionSize                         = 2097152                                   {product} {ergonomic}
    uintx GCDrainStackTargetSize                   = 64                                        {product} {ergonomic}
   size_t InitialHeapSize                          = 199229440                                 {product} {ergonomic}
   size_t MarkStackSize                            = 4194304                                   {product} {ergonomic}
   size_t MaxHeapSize                              = 3164602368                                {product} {ergonomic}
   size_t MinHeapDeltaBytes                        = 2097152                                   {product} {ergonomic}
   size_t MinHeapSize                              = 8388608                                   {product} {ergonomic}
    uintx NonNMethodCodeHeapSize                   = 5839372                                {pd product} {ergonomic}
    uintx NonProfiledCodeHeapSize                  = 122909434                              {pd product} {ergonomic}
    uintx ProfiledCodeHeapSize                     = 122909434                              {pd product} {ergonomic}
    uintx ReservedCodeCacheSize                    = 251658240                              {pd product} {ergonomic}
     bool SegmentedCodeCache                       = true                                      {product} {ergonomic}
   size_t SoftMaxHeapSize                          = 3164602368                             {manageable} {ergonomic}
     bool UseCompressedClassPointers               = true                           {product lp64_product} {ergonomic}
     bool UseCompressedOops                        = true                           {product lp64_product} {ergonomic}
     bool UseG1GC                                  = true                                      {product} {ergonomic}
     bool UseLargePagesIndividualAllocation        = false                                  {pd product} {ergonomic}

Logging:
Log output configuration:
 #0: stdout all=warning uptime,level,tags
 #1: stderr all=off uptime,level,tags

Environment Variables:
JAVA_HOME=C:\Users\User_01\.jdks\jbr-17.0.12
PATH=C:\oraclexe\app\oracle\product\11.2.0\server\bin;C:\oraclexe\app\oracle\product\11.2.0\server\bin;C:\Program Files (x86)\VMware\VMware Workstation\bin\;C:\Windows\system32;C:\Windows;C:\Windows\System32\Wbem;C:\Windows\System32\WindowsPowerShell\v1.0\;C:\Windows\System32\OpenSSH\;C:\Program Files (x86)\NVIDIA Corporation\PhysX\Common;C:\Program Files\NVIDIA Corporation\NVIDIA NvDLISR;C:\xampp\php;C:\composer;C:\WINDOWS\system32;C:\WINDOWS;C:\WINDOWS\System32\Wbem;C:\WINDOWS\System32\WindowsPowerShell\v1.0\;C:\WINDOWS\System32\OpenSSH\;C:\Program Files\cursor\resources\app\bin;C:\Program Files\Git\cmd;C:\Users\User_01\AppData\Local\Programs\Eclipse Adoptium\jdk-25.0.1.8-hotspot\bin;C:\Users\User_01\AppData\Local\Programs\Python\Python312\Scripts\;C:\Users\User_01\AppData\Local\Programs\Python\Python312\;C:\Users\User_01\scoop\shims;C:\Users\User_01\AppData\Local\Microsoft\WindowsApps;C:\Users\User_01\AppData\Local\Programs\Microsoft VS Code\bin;C:\Users\User_01\AppData\Roaming\Composer\vendor\bin;C:\Program Files\JetBrains\IntelliJ IDEA 2024.1.2\bin;;C:\Program Files\JetBrains\PhpStorm 2024.2.1\bin;C:\Users\User_01\AppData\Local\Programs\Windsurf\bin
USERNAME=User_01
OS=Windows_NT
PROCESSOR_IDENTIFIER=Intel64 Family 6 Model 140 Stepping 2, GenuineIntel
TMP=C:\Users\User_01\AppData\Local\Temp
TEMP=C:\Users\User_01\AppData\Local\Temp



Periodic native trim disabled

JNI global refs:
JNI global refs: 0, weak refs: 0

JNI global refs memory usage: 0, weak refs: 0

Process memory usage:
Resident Set Size: 38388K (0% of 12361016K total physical memory with 1299948K free physical memory)

OOME stack traces (most recent first):
Classloader memory used:


---------------  S Y S T E M  ---------------

OS:
 Windows 11 , 64 bit Build 26100 (10.0.26100.7623)
OS uptime: 1 days 4:47 hours
Hyper-V role detected

CPU: total 8 (initial active 8) (4 cores per cpu, 2 threads per core) family 6 model 140 stepping 2 microcode 0x3a, cx8, cmov, fxsr, ht, mmx, 3dnowpref, sse, sse2, sse3, ssse3, sse4.1, sse4.2, popcnt, lzcnt, tsc, tscinvbit, avx, avx2, aes, erms, clmul, bmi1, bmi2, adx, avx512f, avx512dq, avx512cd, avx512bw, avx512vl, sha, fma, vzeroupper, avx512_vpopcntdq, avx512_vpclmulqdq, avx512_vaes, avx512_vnni, clflush, clflushopt, clwb, avx512_vbmi2, avx512_vbmi, hv
Processor Information for processor 0
  Max Mhz: 2496, Current Mhz: 2496, Mhz Limit: 2496
Processor Information for processor 1
  Max Mhz: 2496, Current Mhz: 2496, Mhz Limit: 2496
Processor Information for processor 2
  Max Mhz: 2496, Current Mhz: 1198, Mhz Limit: 2496
Processor Information for processor 3
  Max Mhz: 2496, Current Mhz: 2496, Mhz Limit: 2496
Processor Information for processor 4
  Max Mhz: 2496, Current Mhz: 1198, Mhz Limit: 2496
Processor Information for processor 5
  Max Mhz: 2496, Current Mhz: 1198, Mhz Limit: 2496
Processor Information for processor 6
  Max Mhz: 2496, Current Mhz: 2496, Mhz Limit: 2496
Processor Information for processor 7
  Max Mhz: 2496, Current Mhz: 1198, Mhz Limit: 2496

Memory: 4k page, system-wide physical 12071M (1269M free)
TotalPageFile size 21504M (AvailPageFile size 5M)
current process WorkingSet (physical memory assigned to process): 37M, peak: 37M
current process commit charge ("private bytes"): 84M, peak: 251M

vm_info: OpenJDK 64-Bit Server VM (17.0.12+1-b1207.37) for windows-amd64 JRE (17.0.12+1-b1207.37), built on 2024-09-25 by "builduser" with MS VC++ 16.10 / 16.11 (VS2019)

END.
