#
# There is insufficient memory for the Java Runtime Environment to continue.
# Native memory allocation (mmap) failed to map 199229440 bytes. Error detail: G1 virtual space
# Possible reasons:
#   The system is out of physical RAM or swap space
#   This process is running with CompressedOops enabled, and the Java Heap may be blocking the growth of the native heap
# Possible solutions:
#   Reduce memory load on the system
#   Increase physical memory or swap space
#   Check if swap backing store is full
#   Decrease Java heap size (-Xmx/-Xms)
#   Decrease number of Java threads
#   Decrease Java thread stack sizes (-Xss)
#   Set larger code cache with -XX:ReservedCodeCacheSize=
#   JVM is running with Zero Based Compressed Oops mode in which the Java heap is
#     placed in the first 32GB address space. The Java Heap base address is the
#     maximum limit for the native heap growth. Please use -XX:HeapBaseMinAddress
#     to set the Java Heap base and to place the Java Heap above 32GB virtual address.
# This output file may be truncated or incomplete.
#
#  Out of Memory Error (os_windows.cpp:3825), pid=6684, tid=22280
#
# JRE version:  (17.0.12+1) (build )
# Java VM: OpenJDK 64-Bit Server VM (17.0.12+1-b1207.37, mixed mode, sharing, tiered, compressed oops, compressed class ptrs, g1 gc, windows-amd64)
# No core dump will be written. Minidumps are not enabled by default on client versions of Windows
#

---------------  S U M M A R Y ------------

Command Line: --module-path=C:\Users\User_01\.m2\repository\org\openjfx\javafx-base\21.0.1\javafx-base-21.0.1-win.jar;C:\Users\User_01\.m2\repository\org\openjfx\javafx-base\21.0.1\javafx-base-21.0.1.jar;C:\Users\User_01\.m2\repository\org\openjfx\javafx-controls\21.0.1\javafx-controls-21.0.1-win.jar;C:\Users\User_01\.m2\repository\org\openjfx\javafx-controls\21.0.1\javafx-controls-21.0.1.jar;C:\Users\User_01\.m2\repository\org\openjfx\javafx-fxml\21.0.1\javafx-fxml-21.0.1-win.jar;C:\Users\User_01\.m2\repository\org\openjfx\javafx-fxml\21.0.1\javafx-fxml-21.0.1.jar;C:\Users\User_01\.m2\repository\org\openjfx\javafx-graphics\21.0.1\javafx-graphics-21.0.1-win.jar;C:\Users\User_01\.m2\repository\org\openjfx\javafx-graphics\21.0.1\javafx-graphics-21.0.1.jar --add-modules=javafx.base,javafx.controls,javafx.fxml,javafx.graphics Main -Xms64m -Xmx256m -XX:+UseSerialGC -XX:MaxHeapFreeRatio=50 -XX:MinHeapFreeRatio=30 -XX:+UseCompressedOops

Host: 11th Gen Intel(R) Core(TM) i5-1155G7 @ 2.50GHz, 8 cores, 11G,  Windows 11 , 64 bit Build 26100 (10.0.26100.7623)
Time: Mon Apr 27 22:21:43 2026 Afr. centrale Ouest elapsed time: 0.010429 seconds (0d 0h 0m 0s)

---------------  T H R E A D  ---------------

Current thread (0x00000248d1f8aeb0):  JavaThread "Unknown thread" [_thread_in_vm, id=22280, stack(0x00000060cbe00000,0x00000060cbf00000)]

Stack: [0x00000060cbe00000,0x00000060cbf00000]
Native frames: (J=compiled Java code, j=interpreted, Vv=VM code, C=native code)
V  [jvm.dll+0x689d89]  os::platform_print_native_stack+0xd9  (os_windows_x86.cpp:235)
V  [jvm.dll+0x84386a]  VMError::report+0xc6a  (vmError.cpp:868)
V  [jvm.dll+0x8454ee]  VMError::report_and_die+0x78e  (vmError.cpp:1766)
V  [jvm.dll+0x845b53]  VMError::report_and_die+0x43  (vmError.cpp:1552)
V  [jvm.dll+0x24a56f]  report_vm_out_of_memory+0x8f  (debug.cpp:321)
V  [jvm.dll+0x686ad9]  os::pd_commit_memory_or_exit+0xc9  (os_windows.cpp:3833)
V  [jvm.dll+0x67b3da]  os::commit_memory_or_exit+0x2a  (os.cpp:1740)
V  [jvm.dll+0x30b15b]  G1PageBasedVirtualSpace::commit+0x19b  (g1PageBasedVirtualSpace.cpp:204)
V  [jvm.dll+0x312646]  G1RegionsLargerThanCommitSizeMapper::commit_regions+0x96  (g1RegionToSpaceMapper.cpp:100)
V  [jvm.dll+0x36288e]  HeapRegionManager::expand_any+0xee  (heapRegionManager.cpp:363)
V  [jvm.dll+0x362acf]  HeapRegionManager::expand_by+0x7f  (heapRegionManager.cpp:380)
V  [jvm.dll+0x2e125c]  G1CollectedHeap::expand+0xbc  (g1CollectedHeap.cpp:1292)
V  [jvm.dll+0x2e21b4]  G1CollectedHeap::initialize+0x664  (g1CollectedHeap.cpp:1713)
V  [jvm.dll+0x81420b]  universe_init+0xbb  (universe.cpp:737)
V  [jvm.dll+0x370618]  init_globals+0x48  (init.cpp:131)
V  [jvm.dll+0x7f2b45]  Threads::create_vm+0x5e5  (thread.cpp:2909)
V  [jvm.dll+0x3f4aaf]  JNI_CreateJavaVM_inner+0x8f  (jni.cpp:3654)
V  [jvm.dll+0x3f6661]  JNI_CreateJavaVM+0x11  (jni.cpp:3746)
C  [jli.dll+0x528f]  JavaMain+0x113  (java.c:413)
C  [ucrtbase.dll+0x37b0]
C  [KERNEL32.DLL+0x2e8d7]
C  [ntdll.dll+0x8c53c]


---------------  P R O C E S S  ---------------

Threads class SMR info:
_java_thread_list=0x00007ffb85c95fd8, length=0, elements={
}

Java Threads: ( => current thread )

Other Threads:
  0x00000248d4248c30 GCTaskThread "GC Thread#0" [stack: 0x00000060cbf00000,0x00000060cc000000] [id=14840]
  0x00000248d4255810 ConcurrentGCThread "G1 Main Marker" [stack: 0x00000060cc000000,0x00000060cc100000] [id=23076]
  0x00000248d4256230 ConcurrentGCThread "G1 Conc#0" [stack: 0x00000060cc100000,0x00000060cc200000] [id=18240]

[error occurred during error reporting (printing all threads), id 0xc0000005, EXCEPTION_ACCESS_VIOLATION (0xc0000005) at pc=0x00007ffb85441ae7]

VM state: not at safepoint (not fully initialized)

VM Mutex/Monitor currently owned by a thread:  ([mutex/lock_event])
[0x00000248d41f0b50] Heap_lock - owner thread: 0x00000248d1f8aeb0

Heap address: 0x0000000743600000, size: 3018 MB, Compressed Oops mode: Zero based, Oop shift amount: 3

CDS archive(s) mapped at: [0x0000000000000000-0x0000000000000000-0x0000000000000000), size 0, SharedBaseAddress: 0x0000000800000000, ArchiveRelocationMode: 1.
Narrow klass base: 0x0000000000000000, Narrow klass shift: 0, Narrow klass range: 0x0

GC Precious Log:
<Empty>

Heap:
 garbage-first heap   total 0K, used 0K [0x0000000743600000, 0x0000000800000000)
  region size 2048K, 0 young (0K), 0 survivors (0K)
 Metaspace       used 0K, committed 0K, reserved 0K
  class space    used 0K, committed 0K, reserved 0K

Heap Regions: E=young(eden), S=young(survivor), O=old, HS=humongous(starts), HC=humongous(continues), CS=collection set, F=free, OA=open archive, CA=closed archive, TAMS=top-at-mark-start (previous, next)

Card table byte_map: [0x00000248e72c0000,0x00000248e78b0000] _byte_map_base: 0x00000248e38a5000

Marking Bits (Prev, Next): (CMBitMap*) 0x00000248d4249250, (CMBitMap*) 0x00000248d4249290
 Prev Bits: [0x00000248e7ea0000, 0x00000248eadc8000)
 Next Bits: [0x00000248eadd0000, 0x00000248edcf8000)

GC Heap History (0 events):
No events

Dll operation events (1 events):
Event: 0.005 Loaded shared library C:\Users\User_01\.jdks\jbr-17.0.12\bin\java.dll

Deoptimization events (0 events):
No events

Classes loaded (0 events):
No events

Classes unloaded (0 events):
No events

Classes redefined (0 events):
No events

Internal exceptions (0 events):
No events

VM Operations (0 events):
No events

Events (0 events):
No events


Dynamic libraries:
0x00007ff690b80000 - 0x00007ff690b8a000 	C:\Users\User_01\.jdks\jbr-17.0.12\bin\java.exe
0x00007ffc76e60000 - 0x00007ffc770c7000 	C:\WINDOWS\SYSTEM32\ntdll.dll
0x00007ffc75cc0000 - 0x00007ffc75d89000 	C:\WINDOWS\System32\KERNEL32.DLL
0x00007ffc742a0000 - 0x00007ffc7468f000 	C:\WINDOWS\System32\KERNELBASE.dll
0x00007ffc740a0000 - 0x00007ffc741eb000 	C:\WINDOWS\System32\ucrtbase.dll
0x00007ffc5da50000 - 0x00007ffc5da67000 	C:\Users\User_01\.jdks\jbr-17.0.12\bin\jli.dll
0x00007ffc624b0000 - 0x00007ffc624cb000 	C:\Users\User_01\.jdks\jbr-17.0.12\bin\VCRUNTIME140.dll
0x00007ffc74fa0000 - 0x00007ffc75165000 	C:\WINDOWS\System32\USER32.dll
0x00007ffc57670000 - 0x00007ffc57903000 	C:\WINDOWS\WinSxS\amd64_microsoft.windows.common-controls_6595b64144ccf1df_6.0.26100.7309_none_3e05feeae336a044\COMCTL32.dll
0x00007ffc73fb0000 - 0x00007ffc73fd7000 	C:\WINDOWS\System32\win32u.dll
0x00007ffc76d70000 - 0x00007ffc76e19000 	C:\WINDOWS\System32\msvcrt.dll
0x00007ffc74e10000 - 0x00007ffc74e3b000 	C:\WINDOWS\System32\GDI32.dll
0x00007ffc746a0000 - 0x00007ffc747cc000 	C:\WINDOWS\System32\gdi32full.dll
0x00007ffc74940000 - 0x00007ffc749e3000 	C:\WINDOWS\System32\msvcp_win.dll
0x00007ffc76ce0000 - 0x00007ffc76d11000 	C:\WINDOWS\System32\IMM32.DLL
0x000000005bdd0000 - 0x000000005bddc000 	C:\Program Files (x86)\360\Total Security\safemon\SafeWrapper.dll
0x00007ffc75170000 - 0x00007ffc75224000 	C:\WINDOWS\System32\ADVAPI32.dll
0x00007ffc755c0000 - 0x00007ffc75666000 	C:\WINDOWS\System32\sechost.dll
0x00007ffc76610000 - 0x00007ffc76728000 	C:\WINDOWS\System32\RPCRT4.dll
0x00007ffc37f90000 - 0x00007ffc3803c000 	C:\Program Files (x86)\360\Total Security\safemon\libzdtp64.dll
0x00007ffc75e20000 - 0x00007ffc76573000 	C:\WINDOWS\System32\SHELL32.dll
0x00007ffc747d0000 - 0x00007ffc7493a000 	C:\WINDOWS\System32\wintypes.dll
0x00007ffc75230000 - 0x00007ffc755b6000 	C:\WINDOWS\System32\combase.dll
0x00007ffc75da0000 - 0x00007ffc75e06000 	C:\WINDOWS\System32\SHLWAPI.dll
0x00007ffc73a90000 - 0x00007ffc73a9b000 	C:\WINDOWS\SYSTEM32\VERSION.dll
0x00007ffc709c0000 - 0x00007ffc709cc000 	C:\Users\User_01\.jdks\jbr-17.0.12\bin\vcruntime140_1.dll
0x00007ffc34550000 - 0x00007ffc345dd000 	C:\Users\User_01\.jdks\jbr-17.0.12\bin\msvcp140.dll
0x00007ffb85150000 - 0x00007ffb85dda000 	C:\Users\User_01\.jdks\jbr-17.0.12\bin\server\jvm.dll
0x00007ffc76580000 - 0x00007ffc765f4000 	C:\WINDOWS\System32\WS2_32.dll
0x00007ffc73e10000 - 0x00007ffc73e6e000 	C:\WINDOWS\SYSTEM32\POWRPROF.dll
0x00007ffc6b560000 - 0x00007ffc6b595000 	C:\WINDOWS\SYSTEM32\WINMM.dll
0x00007ffc73df0000 - 0x00007ffc73e04000 	C:\WINDOWS\SYSTEM32\UMPDC.dll
0x00007ffc72cf0000 - 0x00007ffc72d0b000 	C:\WINDOWS\SYSTEM32\kernel.appcore.dll
0x00007ffc6ea20000 - 0x00007ffc6ea2a000 	C:\Users\User_01\.jdks\jbr-17.0.12\bin\jimage.dll
0x00007ffc70d80000 - 0x00007ffc70fc2000 	C:\WINDOWS\SYSTEM32\DBGHELP.DLL
0x00007ffc74e40000 - 0x00007ffc74f16000 	C:\WINDOWS\System32\OLEAUT32.dll
0x00007ffc575c0000 - 0x00007ffc575fc000 	C:\WINDOWS\SYSTEM32\dbgcore.DLL
0x00007ffc741f0000 - 0x00007ffc74295000 	C:\WINDOWS\System32\bcryptPrimitives.dll
0x00007ffc27790000 - 0x00007ffc277b5000 	C:\Users\User_01\.jdks\jbr-17.0.12\bin\java.dll

dbghelp: loaded successfully - version: 4.0.5 - missing functions: none
symbol engine: initialized successfully - sym options: 0x614 - pdb path: .;C:\Users\User_01\.jdks\jbr-17.0.12\bin;C:\WINDOWS\SYSTEM32;C:\WINDOWS\WinSxS\amd64_microsoft.windows.common-controls_6595b64144ccf1df_6.0.26100.7309_none_3e05feeae336a044;C:\Program Files (x86)\360\Total Security\safemon;C:\Users\User_01\.jdks\jbr-17.0.12\bin\server

VM Arguments:
jvm_args: --module-path=C:\Users\User_01\.m2\repository\org\openjfx\javafx-base\21.0.1\javafx-base-21.0.1-win.jar;C:\Users\User_01\.m2\repository\org\openjfx\javafx-base\21.0.1\javafx-base-21.0.1.jar;C:\Users\User_01\.m2\repository\org\openjfx\javafx-controls\21.0.1\javafx-controls-21.0.1-win.jar;C:\Users\User_01\.m2\repository\org\openjfx\javafx-controls\21.0.1\javafx-controls-21.0.1.jar;C:\Users\User_01\.m2\repository\org\openjfx\javafx-fxml\21.0.1\javafx-fxml-21.0.1-win.jar;C:\Users\User_01\.m2\repository\org\openjfx\javafx-fxml\21.0.1\javafx-fxml-21.0.1.jar;C:\Users\User_01\.m2\repository\org\openjfx\javafx-graphics\21.0.1\javafx-graphics-21.0.1-win.jar;C:\Users\User_01\.m2\repository\org\openjfx\javafx-graphics\21.0.1\javafx-graphics-21.0.1.jar --add-modules=javafx.base,javafx.controls,javafx.fxml,javafx.graphics 
java_command: Main -Xms64m -Xmx256m -XX:+UseSerialGC -XX:MaxHeapFreeRatio=50 -XX:MinHeapFreeRatio=30 -XX:+UseCompressedOops
java_class_path (initial): C:\Users\User_01\projet_Greencore\target\classes;C:\Users\User_01\.m2\repository\com\google\protobuf\protobuf-java\3.21.9\protobuf-java-3.21.9.jar;C:\Users\User_01\.m2\repository\com\mysql\mysql-connector-j\8.0.33\mysql-connector-j-8.0.33.jar
Launcher Type: SUN_STANDARD

[Global flags]
     intx CICompilerCount                          = 4                                         {product} {ergonomic}
     uint ConcGCThreads                            = 2                                         {product} {ergonomic}
     uint G1ConcRefinementThreads                  = 8                                         {product} {ergonomic}
   size_t G1HeapRegionSize                         = 2097152                                   {product} {ergonomic}
    uintx GCDrainStackTargetSize                   = 64                                        {product} {ergonomic}
   size_t InitialHeapSize                          = 199229440                                 {product} {ergonomic}
   size_t MarkStackSize                            = 4194304                                   {product} {ergonomic}
   size_t MaxHeapSize                              = 3164602368                                {product} {ergonomic}
   size_t MinHeapDeltaBytes                        = 2097152                                   {product} {ergonomic}
   size_t MinHeapSize                              = 8388608                                   {product} {ergonomic}
    uintx NonNMethodCodeHeapSize                   = 5839372                                {pd product} {ergonomic}
    uintx NonProfiledCodeHeapSize                  = 122909434                              {pd product} {ergonomic}
    uintx ProfiledCodeHeapSize                     = 122909434                              {pd product} {ergonomic}
    uintx ReservedCodeCacheSize                    = 251658240                              {pd product} {ergonomic}
     bool SegmentedCodeCache                       = true                                      {product} {ergonomic}
   size_t SoftMaxHeapSize                          = 3164602368                             {manageable} {ergonomic}
     bool UseCompressedClassPointers               = true                           {product lp64_product} {ergonomic}
     bool UseCompressedOops                        = true                           {product lp64_product} {ergonomic}
     bool UseG1GC                                  = true                                      {product} {ergonomic}
     bool UseLargePagesIndividualAllocation        = false                                  {pd product} {ergonomic}

Logging:
Log output configuration:
 #0: stdout all=warning uptime,level,tags
 #1: stderr all=off uptime,level,tags

Environment Variables:
JAVA_HOME=C:\Users\User_01\.jdks\jbr-17.0.12
PATH=C:\oraclexe\app\oracle\product\11.2.0\server\bin;C:\oraclexe\app\oracle\product\11.2.0\server\bin;C:\Program Files (x86)\VMware\VMware Workstation\bin\;C:\Windows\system32;C:\Windows;C:\Windows\System32\Wbem;C:\Windows\System32\WindowsPowerShell\v1.0\;C:\Windows\System32\OpenSSH\;C:\Program Files (x86)\NVIDIA Corporation\PhysX\Common;C:\Program Files\NVIDIA Corporation\NVIDIA NvDLISR;C:\xampp\php;C:\composer;C:\WINDOWS\system32;C:\WINDOWS;C:\WINDOWS\System32\Wbem;C:\WINDOWS\System32\WindowsPowerShell\v1.0\;C:\WINDOWS\System32\OpenSSH\;C:\Program Files\cursor\resources\app\bin;C:\Program Files\Git\cmd;C:\Users\User_01\AppData\Local\Programs\Eclipse Adoptium\jdk-25.0.1.8-hotspot\bin;C:\Users\User_01\AppData\Local\Programs\Python\Python312\Scripts\;C:\Users\User_01\AppData\Local\Programs\Python\Python312\;C:\Users\User_01\scoop\shims;C:\Users\User_01\AppData\Local\Microsoft\WindowsApps;C:\Users\User_01\AppData\Local\Programs\Microsoft VS Code\bin;C:\Users\User_01\AppData\Roaming\Composer\vendor\bin;C:\Program Files\JetBrains\IntelliJ IDEA 2024.1.2\bin;;C:\Program Files\JetBrains\PhpStorm 2024.2.1\bin;C:\Users\User_01\AppData\Local\Programs\Windsurf\bin
USERNAME=User_01
OS=Windows_NT
PROCESSOR_IDENTIFIER=Intel64 Family 6 Model 140 Stepping 2, GenuineIntel
TMP=C:\Users\User_01\AppData\Local\Temp
TEMP=C:\Users\User_01\AppData\Local\Temp



Periodic native trim disabled

JNI global refs:
JNI global refs: 0, weak refs: 0

JNI global refs memory usage: 0, weak refs: 0

Process memory usage:
Resident Set Size: 54788K (0% of 12361016K total physical memory with 1337284K free physical memory)

OOME stack traces (most recent first):
Classloader memory used:


---------------  S Y S T E M  ---------------

OS:
 Windows 11 , 64 bit Build 26100 (10.0.26100.7623)
OS uptime: 0 days 8:55 hours
Hyper-V role detected

CPU: total 8 (initial active 8) (4 cores per cpu, 2 threads per core) family 6 model 140 stepping 2 microcode 0x3a, cx8, cmov, fxsr, ht, mmx, 3dnowpref, sse, sse2, sse3, ssse3, sse4.1, sse4.2, popcnt, lzcnt, tsc, tscinvbit, avx, avx2, aes, erms, clmul, bmi1, bmi2, adx, avx512f, avx512dq, avx512cd, avx512bw, avx512vl, sha, fma, vzeroupper, avx512_vpopcntdq, avx512_vpclmulqdq, avx512_vaes, avx512_vnni, clflush, clflushopt, clwb, avx512_vbmi2, avx512_vbmi, hv
Processor Information for all 8 processors :
  Max Mhz: 2496, Current Mhz: 2496, Mhz Limit: 2496

Memory: 4k page, system-wide physical 12071M (1305M free)
TotalPageFile size 22153M (AvailPageFile size 68M)
current process WorkingSet (physical memory assigned to process): 53M, peak: 53M
current process commit charge ("private bytes"): 100M, peak: 250M

vm_info: OpenJDK 64-Bit Server VM (17.0.12+1-b1207.37) for windows-amd64 JRE (17.0.12+1-b1207.37), built on 2024-09-25 by "builduser" with MS VC++ 16.10 / 16.11 (VS2019)

END.
