#
# There is insufficient memory for the Java Runtime Environment to continue.
# Native memory allocation (malloc) failed to allocate 217456 bytes. Error detail: Chunk::new
# Possible reasons:
#   The system is out of physical RAM or swap space
#   This process is running with CompressedOops enabled, and the Java Heap may be blocking the growth of the native heap
# Possible solutions:
#   Reduce memory load on the system
#   Increase physical memory or swap space
#   Check if swap backing store is full
#   Decrease Java heap size (-Xmx/-Xms)
#   Decrease number of Java threads
#   Decrease Java thread stack sizes (-Xss)
#   Set larger code cache with -XX:ReservedCodeCacheSize=
#   JVM is running with Zero Based Compressed Oops mode in which the Java heap is
#     placed in the first 32GB address space. The Java Heap base address is the
#     maximum limit for the native heap growth. Please use -XX:HeapBaseMinAddress
#     to set the Java Heap base and to place the Java Heap above 32GB virtual address.
# This output file may be truncated or incomplete.
#
#  Out of Memory Error (arena.cpp:191), pid=28272, tid=26476
#
# JRE version: OpenJDK Runtime Environment JBR-17.0.12+1-1207.37-nomod (17.0.12+1) (build 17.0.12+1-b1207.37)
# Java VM: OpenJDK 64-Bit Server VM JBR-17.0.12+1-1207.37-nomod (17.0.12+1-b1207.37, mixed mode, sharing, tiered, compressed oops, compressed class ptrs, g1 gc, windows-amd64)
# No core dump will be written. Minidumps are not enabled by default on client versions of Windows
#

---------------  S U M M A R Y ------------

Command Line: --module-path=C:\Users\User_01\.m2\repository\org\openjfx\javafx-base\21.0.1\javafx-base-21.0.1-win.jar;C:\Users\User_01\.m2\repository\org\openjfx\javafx-base\21.0.1\javafx-base-21.0.1.jar;C:\Users\User_01\.m2\repository\org\openjfx\javafx-controls\21.0.1\javafx-controls-21.0.1-win.jar;C:\Users\User_01\.m2\repository\org\openjfx\javafx-controls\21.0.1\javafx-controls-21.0.1.jar;C:\Users\User_01\.m2\repository\org\openjfx\javafx-fxml\21.0.1\javafx-fxml-21.0.1-win.jar;C:\Users\User_01\.m2\repository\org\openjfx\javafx-fxml\21.0.1\javafx-fxml-21.0.1.jar;C:\Users\User_01\.m2\repository\org\openjfx\javafx-graphics\21.0.1\javafx-graphics-21.0.1-win.jar;C:\Users\User_01\.m2\repository\org\openjfx\javafx-graphics\21.0.1\javafx-graphics-21.0.1.jar --add-modules=javafx.base,javafx.controls,javafx.fxml,javafx.graphics Main -Xms32m -Xmx96m -XX:+UseSerialGC

Host: 11th Gen Intel(R) Core(TM) i5-1155G7 @ 2.50GHz, 8 cores, 11G,  Windows 11 , 64 bit Build 26100 (10.0.26100.7623)
Time: Sun Apr 26 19:51:52 2026 Afr. centrale Ouest elapsed time: 5.617982 seconds (0d 0h 0m 5s)

---------------  T H R E A D  ---------------

Current thread (0x000001a1e35396a0):  JavaThread "C2 CompilerThread0" daemon [_thread_in_native, id=26476, stack(0x0000009411600000,0x0000009411700000)]


Current CompileTask:
C2:   5618  821       4       java.util.zip.ZipFile::getZipEntry (322 bytes)

Stack: [0x0000009411600000,0x0000009411700000]
Native frames: (J=compiled Java code, j=interpreted, Vv=VM code, C=native code)
V  [jvm.dll+0x689d89]
V  [jvm.dll+0x84386a]
V  [jvm.dll+0x8454ee]
V  [jvm.dll+0x845b53]
V  [jvm.dll+0x24a56f]
V  [jvm.dll+0xac9e4]
V  [jvm.dll+0xad02c]
V  [jvm.dll+0x36a6a2]
V  [jvm.dll+0x334b8a]
V  [jvm.dll+0x33402a]
V  [jvm.dll+0x21bfb1]
V  [jvm.dll+0x21b3f1]
V  [jvm.dll+0x1a68ed]
V  [jvm.dll+0x22b2de]
V  [jvm.dll+0x229445]
V  [jvm.dll+0x7f7917]
V  [jvm.dll+0x7f1cec]
V  [jvm.dll+0x688be7]
C  [ucrtbase.dll+0x37b0]
C  [KERNEL32.DLL+0x2e8d7]
C  [ntdll.dll+0x8c53c]


---------------  P R O C E S S  ---------------

Threads class SMR info:
_java_thread_list=0x000001a1e863e320, length=17, elements={
0x000001a1c6fb04d0, 0x000001a1e35190c0, 0x000001a1e351c710, 0x000001a1e352e140,
0x000001a1e3530b20, 0x000001a1e3531f60, 0x000001a1e3537f30, 0x000001a1e35396a0,
0x000001a1e37a0130, 0x000001a1e37ae8b0, 0x000001a1e38b7990, 0x000001a1e3b4c2b0,
0x000001a1e8397820, 0x000001a1e86b7630, 0x000001a1e86b7b10, 0x000001a1e80e0690,
0x000001a1e81a8050
}

Java Threads: ( => current thread )
  0x000001a1c6fb04d0 JavaThread "main" [_thread_blocked, id=1968, stack(0x0000009410900000,0x0000009410a00000)]
  0x000001a1e35190c0 JavaThread "Reference Handler" daemon [_thread_blocked, id=10512, stack(0x0000009411000000,0x0000009411100000)]
  0x000001a1e351c710 JavaThread "Finalizer" daemon [_thread_blocked, id=19696, stack(0x0000009411100000,0x0000009411200000)]
  0x000001a1e352e140 JavaThread "Signal Dispatcher" daemon [_thread_blocked, id=16032, stack(0x0000009411200000,0x0000009411300000)]
  0x000001a1e3530b20 JavaThread "Attach Listener" daemon [_thread_blocked, id=26576, stack(0x0000009411300000,0x0000009411400000)]
  0x000001a1e3531f60 JavaThread "Service Thread" daemon [_thread_blocked, id=27368, stack(0x0000009411400000,0x0000009411500000)]
  0x000001a1e3537f30 JavaThread "Monitor Deflation Thread" daemon [_thread_blocked, id=9852, stack(0x0000009411500000,0x0000009411600000)]
=>0x000001a1e35396a0 JavaThread "C2 CompilerThread0" daemon [_thread_in_native, id=26476, stack(0x0000009411600000,0x0000009411700000)]
  0x000001a1e37a0130 JavaThread "C1 CompilerThread0" daemon [_thread_in_vm, id=5136, stack(0x0000009411700000,0x0000009411800000)]
  0x000001a1e37ae8b0 JavaThread "Sweeper thread" daemon [_thread_blocked, id=12892, stack(0x0000009411800000,0x0000009411900000)]
  0x000001a1e38b7990 JavaThread "Common-Cleaner" daemon [_thread_blocked, id=21144, stack(0x0000009411900000,0x0000009411a00000)]
  0x000001a1e3b4c2b0 JavaThread "Notification Thread" daemon [_thread_blocked, id=27612, stack(0x0000009411c00000,0x0000009411d00000)]
  0x000001a1e8397820 JavaThread "QuantumRenderer-0" daemon [_thread_blocked, id=26944, stack(0x0000009411a00000,0x0000009411b00000)]
  0x000001a1e86b7630 JavaThread "InvokeLaterDispatcher" daemon [_thread_blocked, id=5568, stack(0x0000009411b00000,0x0000009411c00000)]
  0x000001a1e86b7b10 JavaThread "JavaFX Application Thread" [_thread_in_Java, id=2188, stack(0x0000009411e00000,0x0000009411f00000)]
  0x000001a1e80e0690 JavaThread "JavaFX-Launcher" [_thread_blocked, id=18944, stack(0x0000009412000000,0x0000009412100000)]
  0x000001a1e81a8050 JavaThread "Thread-2" daemon [_thread_in_native, id=8396, stack(0x0000009411f00000,0x0000009412000000)]

Other Threads:
  0x000001a1e3512010 VMThread "VM Thread" [stack: 0x0000009410f00000,0x0000009411000000] [id=21900]
  0x000001a1e807efd0 WatcherThread [stack: 0x0000009411d00000,0x0000009411e00000] [id=11904]
  0x000001a1c7007660 GCTaskThread "GC Thread#0" [stack: 0x0000009410a00000,0x0000009410b00000] [id=31240]
  0x000001a1c7014150 ConcurrentGCThread "G1 Main Marker" [stack: 0x0000009410b00000,0x0000009410c00000] [id=21024]
  0x000001a1c7014a80 ConcurrentGCThread "G1 Conc#0" [stack: 0x0000009410c00000,0x0000009410d00000] [id=19668]
  0x000001a1c703e990 ConcurrentGCThread "G1 Refine#0" [stack: 0x0000009410d00000,0x0000009410e00000] [id=22104]
  0x000001a1e33c65b0 ConcurrentGCThread "G1 Service" [stack: 0x0000009410e00000,0x0000009410f00000] [id=26968]

Threads with active compile tasks:
C2 CompilerThread0     5663  821       4       java.util.zip.ZipFile::getZipEntry (322 bytes)
C1 CompilerThread0     5663  900       3       java.lang.invoke.MethodHandles$Lookup::in (283 bytes)

VM state: not at safepoint (normal execution)

VM Mutex/Monitor currently owned by a thread: None

Heap address: 0x0000000743600000, size: 3018 MB, Compressed Oops mode: Zero based, Oop shift amount: 3

CDS archive(s) mapped at: [0x000001a180000000-0x000001a180c00000-0x000001a180c00000), size 12582912, SharedBaseAddress: 0x000001a180000000, ArchiveRelocationMode: 1.
Compressed class space mapped at: 0x000001a181000000-0x000001a1c1000000, reserved size: 1073741824
Narrow klass base: 0x000001a180000000, Narrow klass shift: 0, Narrow klass range: 0x100000000

GC Precious Log:
 CPUs: 8 total, 8 available
 Memory: 12071M
 Large Page Support: Disabled
 NUMA Support: Disabled
 Compressed Oops: Enabled (Zero based)
 Heap Region Size: 2M
 Heap Min Capacity: 8M
 Heap Initial Capacity: 190M
 Heap Max Capacity: 3018M
 Pre-touch: Disabled
 Parallel Workers: 8
 Concurrent Workers: 2
 Concurrent Refinement Workers: 8
 Periodic GC: Disabled

Heap:
 garbage-first heap   total 194560K, used 16384K [0x0000000743600000, 0x0000000800000000)
  region size 2048K, 10 young (20480K), 0 survivors (0K)
 Metaspace       used 3978K, committed 4160K, reserved 1114112K
  class space    used 495K, committed 576K, reserved 1048576K

Heap Regions: E=young(eden), S=young(survivor), O=old, HS=humongous(starts), HC=humongous(continues), CS=collection set, F=free, OA=open archive, CA=closed archive, TAMS=top-at-mark-start (previous, next)
|   0|0x0000000743600000, 0x0000000743600000, 0x0000000743800000|  0%| F|  |TAMS 0x0000000743600000, 0x0000000743600000| Untracked 
|   1|0x0000000743800000, 0x0000000743800000, 0x0000000743a00000|  0%| F|  |TAMS 0x0000000743800000, 0x0000000743800000| Untracked 
|   2|0x0000000743a00000, 0x0000000743a00000, 0x0000000743c00000|  0%| F|  |TAMS 0x0000000743a00000, 0x0000000743a00000| Untracked 
|   3|0x0000000743c00000, 0x0000000743c00000, 0x0000000743e00000|  0%| F|  |TAMS 0x0000000743c00000, 0x0000000743c00000| Untracked 
|   4|0x0000000743e00000, 0x0000000743e00000, 0x0000000744000000|  0%| F|  |TAMS 0x0000000743e00000, 0x0000000743e00000| Untracked 
|   5|0x0000000744000000, 0x0000000744000000, 0x0000000744200000|  0%| F|  |TAMS 0x0000000744000000, 0x0000000744000000| Untracked 
|   6|0x0000000744200000, 0x0000000744200000, 0x0000000744400000|  0%| F|  |TAMS 0x0000000744200000, 0x0000000744200000| Untracked 
|   7|0x0000000744400000, 0x0000000744400000, 0x0000000744600000|  0%| F|  |TAMS 0x0000000744400000, 0x0000000744400000| Untracked 
|   8|0x0000000744600000, 0x0000000744600000, 0x0000000744800000|  0%| F|  |TAMS 0x0000000744600000, 0x0000000744600000| Untracked 
|   9|0x0000000744800000, 0x0000000744800000, 0x0000000744a00000|  0%| F|  |TAMS 0x0000000744800000, 0x0000000744800000| Untracked 
|  10|0x0000000744a00000, 0x0000000744a00000, 0x0000000744c00000|  0%| F|  |TAMS 0x0000000744a00000, 0x0000000744a00000| Untracked 
|  11|0x0000000744c00000, 0x0000000744c00000, 0x0000000744e00000|  0%| F|  |TAMS 0x0000000744c00000, 0x0000000744c00000| Untracked 
|  12|0x0000000744e00000, 0x0000000744e00000, 0x0000000745000000|  0%| F|  |TAMS 0x0000000744e00000, 0x0000000744e00000| Untracked 
|  13|0x0000000745000000, 0x0000000745000000, 0x0000000745200000|  0%| F|  |TAMS 0x0000000745000000, 0x0000000745000000| Untracked 
|  14|0x0000000745200000, 0x0000000745200000, 0x0000000745400000|  0%| F|  |TAMS 0x0000000745200000, 0x0000000745200000| Untracked 
|  15|0x0000000745400000, 0x0000000745400000, 0x0000000745600000|  0%| F|  |TAMS 0x0000000745400000, 0x0000000745400000| Untracked 
|  16|0x0000000745600000, 0x0000000745600000, 0x0000000745800000|  0%| F|  |TAMS 0x0000000745600000, 0x0000000745600000| Untracked 
|  17|0x0000000745800000, 0x0000000745800000, 0x0000000745a00000|  0%| F|  |TAMS 0x0000000745800000, 0x0000000745800000| Untracked 
|  18|0x0000000745a00000, 0x0000000745a00000, 0x0000000745c00000|  0%| F|  |TAMS 0x0000000745a00000, 0x0000000745a00000| Untracked 
|  19|0x0000000745c00000, 0x0000000745c00000, 0x0000000745e00000|  0%| F|  |TAMS 0x0000000745c00000, 0x0000000745c00000| Untracked 
|  20|0x0000000745e00000, 0x0000000745e00000, 0x0000000746000000|  0%| F|  |TAMS 0x0000000745e00000, 0x0000000745e00000| Untracked 
|  21|0x0000000746000000, 0x0000000746000000, 0x0000000746200000|  0%| F|  |TAMS 0x0000000746000000, 0x0000000746000000| Untracked 
|  22|0x0000000746200000, 0x0000000746200000, 0x0000000746400000|  0%| F|  |TAMS 0x0000000746200000, 0x0000000746200000| Untracked 
|  23|0x0000000746400000, 0x0000000746400000, 0x0000000746600000|  0%| F|  |TAMS 0x0000000746400000, 0x0000000746400000| Untracked 
|  24|0x0000000746600000, 0x0000000746600000, 0x0000000746800000|  0%| F|  |TAMS 0x0000000746600000, 0x0000000746600000| Untracked 
|  25|0x0000000746800000, 0x0000000746800000, 0x0000000746a00000|  0%| F|  |TAMS 0x0000000746800000, 0x0000000746800000| Untracked 
|  26|0x0000000746a00000, 0x0000000746a00000, 0x0000000746c00000|  0%| F|  |TAMS 0x0000000746a00000, 0x0000000746a00000| Untracked 
|  27|0x0000000746c00000, 0x0000000746c00000, 0x0000000746e00000|  0%| F|  |TAMS 0x0000000746c00000, 0x0000000746c00000| Untracked 
|  28|0x0000000746e00000, 0x0000000746e00000, 0x0000000747000000|  0%| F|  |TAMS 0x0000000746e00000, 0x0000000746e00000| Untracked 
|  29|0x0000000747000000, 0x0000000747000000, 0x0000000747200000|  0%| F|  |TAMS 0x0000000747000000, 0x0000000747000000| Untracked 
|  30|0x0000000747200000, 0x0000000747200000, 0x0000000747400000|  0%| F|  |TAMS 0x0000000747200000, 0x0000000747200000| Untracked 
|  31|0x0000000747400000, 0x0000000747400000, 0x0000000747600000|  0%| F|  |TAMS 0x0000000747400000, 0x0000000747400000| Untracked 
|  32|0x0000000747600000, 0x0000000747600000, 0x0000000747800000|  0%| F|  |TAMS 0x0000000747600000, 0x0000000747600000| Untracked 
|  33|0x0000000747800000, 0x0000000747800000, 0x0000000747a00000|  0%| F|  |TAMS 0x0000000747800000, 0x0000000747800000| Untracked 
|  34|0x0000000747a00000, 0x0000000747a00000, 0x0000000747c00000|  0%| F|  |TAMS 0x0000000747a00000, 0x0000000747a00000| Untracked 
|  35|0x0000000747c00000, 0x0000000747c00000, 0x0000000747e00000|  0%| F|  |TAMS 0x0000000747c00000, 0x0000000747c00000| Untracked 
|  36|0x0000000747e00000, 0x0000000747e00000, 0x0000000748000000|  0%| F|  |TAMS 0x0000000747e00000, 0x0000000747e00000| Untracked 
|  37|0x0000000748000000, 0x0000000748000000, 0x0000000748200000|  0%| F|  |TAMS 0x0000000748000000, 0x0000000748000000| Untracked 
|  38|0x0000000748200000, 0x0000000748200000, 0x0000000748400000|  0%| F|  |TAMS 0x0000000748200000, 0x0000000748200000| Untracked 
|  39|0x0000000748400000, 0x0000000748400000, 0x0000000748600000|  0%| F|  |TAMS 0x0000000748400000, 0x0000000748400000| Untracked 
|  40|0x0000000748600000, 0x0000000748600000, 0x0000000748800000|  0%| F|  |TAMS 0x0000000748600000, 0x0000000748600000| Untracked 
|  41|0x0000000748800000, 0x0000000748800000, 0x0000000748a00000|  0%| F|  |TAMS 0x0000000748800000, 0x0000000748800000| Untracked 
|  42|0x0000000748a00000, 0x0000000748a00000, 0x0000000748c00000|  0%| F|  |TAMS 0x0000000748a00000, 0x0000000748a00000| Untracked 
|  43|0x0000000748c00000, 0x0000000748c00000, 0x0000000748e00000|  0%| F|  |TAMS 0x0000000748c00000, 0x0000000748c00000| Untracked 
|  44|0x0000000748e00000, 0x0000000748e00000, 0x0000000749000000|  0%| F|  |TAMS 0x0000000748e00000, 0x0000000748e00000| Untracked 
|  45|0x0000000749000000, 0x0000000749000000, 0x0000000749200000|  0%| F|  |TAMS 0x0000000749000000, 0x0000000749000000| Untracked 
|  46|0x0000000749200000, 0x0000000749200000, 0x0000000749400000|  0%| F|  |TAMS 0x0000000749200000, 0x0000000749200000| Untracked 
|  47|0x0000000749400000, 0x0000000749400000, 0x0000000749600000|  0%| F|  |TAMS 0x0000000749400000, 0x0000000749400000| Untracked 
|  48|0x0000000749600000, 0x0000000749600000, 0x0000000749800000|  0%| F|  |TAMS 0x0000000749600000, 0x0000000749600000| Untracked 
|  49|0x0000000749800000, 0x0000000749800000, 0x0000000749a00000|  0%| F|  |TAMS 0x0000000749800000, 0x0000000749800000| Untracked 
|  50|0x0000000749a00000, 0x0000000749a00000, 0x0000000749c00000|  0%| F|  |TAMS 0x0000000749a00000, 0x0000000749a00000| Untracked 
|  51|0x0000000749c00000, 0x0000000749c00000, 0x0000000749e00000|  0%| F|  |TAMS 0x0000000749c00000, 0x0000000749c00000| Untracked 
|  52|0x0000000749e00000, 0x0000000749e00000, 0x000000074a000000|  0%| F|  |TAMS 0x0000000749e00000, 0x0000000749e00000| Untracked 
|  53|0x000000074a000000, 0x000000074a000000, 0x000000074a200000|  0%| F|  |TAMS 0x000000074a000000, 0x000000074a000000| Untracked 
|  54|0x000000074a200000, 0x000000074a200000, 0x000000074a400000|  0%| F|  |TAMS 0x000000074a200000, 0x000000074a200000| Untracked 
|  55|0x000000074a400000, 0x000000074a400000, 0x000000074a600000|  0%| F|  |TAMS 0x000000074a400000, 0x000000074a400000| Untracked 
|  56|0x000000074a600000, 0x000000074a600000, 0x000000074a800000|  0%| F|  |TAMS 0x000000074a600000, 0x000000074a600000| Untracked 
|  57|0x000000074a800000, 0x000000074a800000, 0x000000074aa00000|  0%| F|  |TAMS 0x000000074a800000, 0x000000074a800000| Untracked 
|  58|0x000000074aa00000, 0x000000074aa00000, 0x000000074ac00000|  0%| F|  |TAMS 0x000000074aa00000, 0x000000074aa00000| Untracked 
|  59|0x000000074ac00000, 0x000000074ac00000, 0x000000074ae00000|  0%| F|  |TAMS 0x000000074ac00000, 0x000000074ac00000| Untracked 
|  60|0x000000074ae00000, 0x000000074ae00000, 0x000000074b000000|  0%| F|  |TAMS 0x000000074ae00000, 0x000000074ae00000| Untracked 
|  61|0x000000074b000000, 0x000000074b000000, 0x000000074b200000|  0%| F|  |TAMS 0x000000074b000000, 0x000000074b000000| Untracked 
|  62|0x000000074b200000, 0x000000074b200000, 0x000000074b400000|  0%| F|  |TAMS 0x000000074b200000, 0x000000074b200000| Untracked 
|  63|0x000000074b400000, 0x000000074b400000, 0x000000074b600000|  0%| F|  |TAMS 0x000000074b400000, 0x000000074b400000| Untracked 
|  64|0x000000074b600000, 0x000000074b600000, 0x000000074b800000|  0%| F|  |TAMS 0x000000074b600000, 0x000000074b600000| Untracked 
|  65|0x000000074b800000, 0x000000074b800000, 0x000000074ba00000|  0%| F|  |TAMS 0x000000074b800000, 0x000000074b800000| Untracked 
|  66|0x000000074ba00000, 0x000000074ba00000, 0x000000074bc00000|  0%| F|  |TAMS 0x000000074ba00000, 0x000000074ba00000| Untracked 
|  67|0x000000074bc00000, 0x000000074bc00000, 0x000000074be00000|  0%| F|  |TAMS 0x000000074bc00000, 0x000000074bc00000| Untracked 
|  68|0x000000074be00000, 0x000000074be00000, 0x000000074c000000|  0%| F|  |TAMS 0x000000074be00000, 0x000000074be00000| Untracked 
|  69|0x000000074c000000, 0x000000074c000000, 0x000000074c200000|  0%| F|  |TAMS 0x000000074c000000, 0x000000074c000000| Untracked 
|  70|0x000000074c200000, 0x000000074c200000, 0x000000074c400000|  0%| F|  |TAMS 0x000000074c200000, 0x000000074c200000| Untracked 
|  71|0x000000074c400000, 0x000000074c400000, 0x000000074c600000|  0%| F|  |TAMS 0x000000074c400000, 0x000000074c400000| Untracked 
|  72|0x000000074c600000, 0x000000074c600000, 0x000000074c800000|  0%| F|  |TAMS 0x000000074c600000, 0x000000074c600000| Untracked 
|  73|0x000000074c800000, 0x000000074c800000, 0x000000074ca00000|  0%| F|  |TAMS 0x000000074c800000, 0x000000074c800000| Untracked 
|  74|0x000000074ca00000, 0x000000074ca00000, 0x000000074cc00000|  0%| F|  |TAMS 0x000000074ca00000, 0x000000074ca00000| Untracked 
|  75|0x000000074cc00000, 0x000000074cc00000, 0x000000074ce00000|  0%| F|  |TAMS 0x000000074cc00000, 0x000000074cc00000| Untracked 
|  76|0x000000074ce00000, 0x000000074ce00000, 0x000000074d000000|  0%| F|  |TAMS 0x000000074ce00000, 0x000000074ce00000| Untracked 
|  77|0x000000074d000000, 0x000000074d000000, 0x000000074d200000|  0%| F|  |TAMS 0x000000074d000000, 0x000000074d000000| Untracked 
|  78|0x000000074d200000, 0x000000074d200000, 0x000000074d400000|  0%| F|  |TAMS 0x000000074d200000, 0x000000074d200000| Untracked 
|  79|0x000000074d400000, 0x000000074d400000, 0x000000074d600000|  0%| F|  |TAMS 0x000000074d400000, 0x000000074d400000| Untracked 
|  80|0x000000074d600000, 0x000000074d600000, 0x000000074d800000|  0%| F|  |TAMS 0x000000074d600000, 0x000000074d600000| Untracked 
|  81|0x000000074d800000, 0x000000074d800000, 0x000000074da00000|  0%| F|  |TAMS 0x000000074d800000, 0x000000074d800000| Untracked 
|  82|0x000000074da00000, 0x000000074da00000, 0x000000074dc00000|  0%| F|  |TAMS 0x000000074da00000, 0x000000074da00000| Untracked 
|  83|0x000000074dc00000, 0x000000074dc00000, 0x000000074de00000|  0%| F|  |TAMS 0x000000074dc00000, 0x000000074dc00000| Untracked 
|  84|0x000000074de00000, 0x000000074de00000, 0x000000074e000000|  0%| F|  |TAMS 0x000000074de00000, 0x000000074de00000| Untracked 
|  85|0x000000074e000000, 0x000000074e16fef0, 0x000000074e200000| 71%| E|  |TAMS 0x000000074e000000, 0x000000074e000000| Complete 
|  86|0x000000074e200000, 0x000000074e400000, 0x000000074e400000|100%| E|CS|TAMS 0x000000074e200000, 0x000000074e200000| Complete 
|  87|0x000000074e400000, 0x000000074e600000, 0x000000074e600000|100%| E|CS|TAMS 0x000000074e400000, 0x000000074e400000| Complete 
|  88|0x000000074e600000, 0x000000074e800000, 0x000000074e800000|100%| E|CS|TAMS 0x000000074e600000, 0x000000074e600000| Complete 
|  89|0x000000074e800000, 0x000000074ea00000, 0x000000074ea00000|100%| E|CS|TAMS 0x000000074e800000, 0x000000074e800000| Complete 
|  90|0x000000074ea00000, 0x000000074ec00000, 0x000000074ec00000|100%| E|CS|TAMS 0x000000074ea00000, 0x000000074ea00000| Complete 
|  91|0x000000074ec00000, 0x000000074ee00000, 0x000000074ee00000|100%| E|CS|TAMS 0x000000074ec00000, 0x000000074ec00000| Complete 
|  92|0x000000074ee00000, 0x000000074f000000, 0x000000074f000000|100%| E|CS|TAMS 0x000000074ee00000, 0x000000074ee00000| Complete 
|  93|0x000000074f000000, 0x000000074f200000, 0x000000074f200000|100%| E|  |TAMS 0x000000074f000000, 0x000000074f000000| Complete 
|  94|0x000000074f200000, 0x000000074f400000, 0x000000074f400000|100%| E|CS|TAMS 0x000000074f200000, 0x000000074f200000| Complete 

Card table byte_map: [0x000001a1da080000,0x000001a1da670000] _byte_map_base: 0x000001a1d6665000

Marking Bits (Prev, Next): (CMBitMap*) 0x000001a1c7007b90, (CMBitMap*) 0x000001a1c7007bd0
 Prev Bits: [0x000001a1dac60000, 0x000001a1ddb88000)
 Next Bits: [0x000001a1ddb90000, 0x000001a1e0ab8000)

Polling page: 0x000001a1c4e80000

Metaspace:

Usage:
  Non-class:      3.45 MB used.
      Class:    501.44 KB used.
       Both:      3.94 MB used.

Virtual space:
  Non-class space:       64.00 MB reserved,       3.56 MB (  6%) committed,  1 nodes.
      Class space:        1.00 GB reserved,     576.00 KB ( <1%) committed,  1 nodes.
             Both:        1.06 GB reserved,       4.12 MB ( <1%) committed. 

Chunk freelists:
   Non-Class:  10.11 MB
       Class:  15.38 MB
        Both:  25.48 MB

MaxMetaspaceSize: unlimited
CompressedClassSpaceSize: 1.00 GB
Initial GC threshold: 21.00 MB
Current GC threshold: 21.00 MB
CDS: on
MetaspaceReclaimPolicy: balanced
 - commit_granule_bytes: 65536.
 - commit_granule_words: 8192.
 - virtual_space_node_default_size: 8388608.
 - enlarge_chunks_in_place: 1.
 - new_chunks_are_fully_committed: 0.
 - uncommit_free_chunks: 1.
 - use_allocation_guard: 0.
 - handle_deallocations: 1.


Internal statistics:

num_allocs_failed_limit: 0.
num_arena_births: 102.
num_arena_deaths: 0.
num_vsnodes_births: 2.
num_vsnodes_deaths: 0.
num_space_committed: 66.
num_space_uncommitted: 0.
num_chunks_returned_to_freelist: 0.
num_chunks_taken_from_freelist: 226.
num_chunk_merges: 0.
num_chunk_splits: 147.
num_chunks_enlarged: 93.
num_inconsistent_stats: 0.

CodeHeap 'non-profiled nmethods': size=120000Kb used=302Kb max_used=302Kb free=119697Kb
 bounds [0x000001a1d2230000, 0x000001a1d24a0000, 0x000001a1d9760000]
CodeHeap 'profiled nmethods': size=120000Kb used=1391Kb max_used=1391Kb free=118608Kb
 bounds [0x000001a1ca760000, 0x000001a1ca9d0000, 0x000001a1d1c90000]
CodeHeap 'non-nmethods': size=5760Kb used=1172Kb max_used=1179Kb free=4587Kb
 bounds [0x000001a1d1c90000, 0x000001a1d1f00000, 0x000001a1d2230000]
 total_blobs=1351 nmethods=898 adapters=366
 compilation: enabled
              stopped_count=0, restarted_count=0
 full_count=0

Compilation events (20 events):
Event: 5.557 Thread 0x000001a1e37a0130 nmethod 809 0x000001a1ca889910 code [0x000001a1ca889ac0, 0x000001a1ca889c08]
Event: 5.557 Thread 0x000001a1e37a0130  810   !   3       java.util.zip.Inflater::reset (64 bytes)
Event: 5.558 Thread 0x000001a1e37a0130 nmethod 810 0x000001a1ca889c90 code [0x000001a1ca889e60, 0x000001a1ca88a1f8]
Event: 5.559 Thread 0x000001a1e35396a0  813       4       java.lang.String::startsWith (138 bytes)
Event: 5.559 Thread 0x000001a1e37a0130  812   !   3       java.util.zip.Inflater::setInput (69 bytes)
Event: 5.560 Thread 0x000001a1e37a0130 nmethod 812 0x000001a1ca88a390 code [0x000001a1ca88a560, 0x000001a1ca88a988]
Event: 5.560 Thread 0x000001a1e37a0130  814       3       java.util.zip.ZipFile$ZipFileInputStream::initDataOffset (117 bytes)
Event: 5.560 Thread 0x000001a1e37a0130 nmethod 814 0x000001a1ca88ab10 code [0x000001a1ca88ad20, 0x000001a1ca88b4c8]
Event: 5.560 Thread 0x000001a1e37a0130  815   !   3       java.util.zip.ZipFile$Source::readAt (39 bytes)
Event: 5.560 Thread 0x000001a1e37a0130 nmethod 815 0x000001a1ca88b810 code [0x000001a1ca88ba00, 0x000001a1ca88be88]
Event: 5.561 Thread 0x000001a1e37a0130  816       3       java.lang.invoke.DirectMethodHandle::<init> (148 bytes)
Event: 5.562 Thread 0x000001a1e35396a0 nmethod 813 0x000001a1d2277910 code [0x000001a1d2277aa0, 0x000001a1d2277cb8]
Event: 5.562 Thread 0x000001a1e37a0130 nmethod 816 0x000001a1ca88c210 code [0x000001a1ca88c4c0, 0x000001a1ca88d428]
Event: 5.562 Thread 0x000001a1e37a0130  817   !   3       java.util.concurrent.ConcurrentHashMap::computeIfAbsent (576 bytes)
Event: 5.564 Thread 0x000001a1e35396a0  821       4       java.util.zip.ZipFile::getZipEntry (322 bytes)
Event: 5.564 Thread 0x000001a1e37a0130 nmethod 817 0x000001a1ca88d990 code [0x000001a1ca88dda0, 0x000001a1ca8901b8]
Event: 5.564 Thread 0x000001a1e37a0130  818       3       jdk.internal.org.objectweb.asm.Frame::setLocal (65 bytes)
Event: 5.564 Thread 0x000001a1e37a0130 nmethod 818 0x000001a1ca891290 code [0x000001a1ca891460, 0x000001a1ca8919a8]
Event: 5.564 Thread 0x000001a1e37a0130  819       3       sun.invoke.util.Wrapper::isSubwordOrInt (20 bytes)
Event: 5.564 Thread 0x000001a1e37a0130 nmethod 819 0x000001a1ca891b90 code [0x000001a1ca891d40, 0x000001a1ca892158]

GC Heap History (0 events):
No events

Dll operation events (2 events):
Event: 0.012 Loaded shared library C:\Users\User_01\.jdks\jbr-17.0.12\bin\java.dll
Event: 0.089 Loaded shared library C:\Users\User_01\.jdks\jbr-17.0.12\bin\jsvml.dll

Deoptimization events (20 events):
Event: 5.228 Thread 0x000001a1c6fb04d0 Uncommon trap: trap_request=0xffffffde fr.pc=0x000001a1d226fcb4 relative=0x0000000000000114
Event: 5.228 Thread 0x000001a1c6fb04d0 Uncommon trap: reason=class_check action=maybe_recompile pc=0x000001a1d226fcb4 method=jdk.internal.misc.Unsafe.allocateUninitializedArray(Ljava/lang/Class;I)Ljava/lang/Object; @ 51 c2
Event: 5.228 Thread 0x000001a1c6fb04d0 DEOPT PACKING pc=0x000001a1d226fcb4 sp=0x00000094109f97e0
Event: 5.228 Thread 0x000001a1c6fb04d0 DEOPT UNPACKING pc=0x000001a1d1cea1a3 sp=0x00000094109f9768 mode 2
Event: 5.228 Thread 0x000001a1c6fb04d0 Uncommon trap: trap_request=0xffffffde fr.pc=0x000001a1d226fcb4 relative=0x0000000000000114
Event: 5.228 Thread 0x000001a1c6fb04d0 Uncommon trap: reason=class_check action=maybe_recompile pc=0x000001a1d226fcb4 method=jdk.internal.misc.Unsafe.allocateUninitializedArray(Ljava/lang/Class;I)Ljava/lang/Object; @ 51 c2
Event: 5.228 Thread 0x000001a1c6fb04d0 DEOPT PACKING pc=0x000001a1d226fcb4 sp=0x00000094109f9750
Event: 5.228 Thread 0x000001a1c6fb04d0 DEOPT UNPACKING pc=0x000001a1d1cea1a3 sp=0x00000094109f96d8 mode 2
Event: 5.229 Thread 0x000001a1c6fb04d0 Uncommon trap: trap_request=0xffffffde fr.pc=0x000001a1d226fcb4 relative=0x0000000000000114
Event: 5.229 Thread 0x000001a1c6fb04d0 Uncommon trap: reason=class_check action=maybe_recompile pc=0x000001a1d226fcb4 method=jdk.internal.misc.Unsafe.allocateUninitializedArray(Ljava/lang/Class;I)Ljava/lang/Object; @ 51 c2
Event: 5.229 Thread 0x000001a1c6fb04d0 DEOPT PACKING pc=0x000001a1d226fcb4 sp=0x00000094109fc730
Event: 5.229 Thread 0x000001a1c6fb04d0 DEOPT UNPACKING pc=0x000001a1d1cea1a3 sp=0x00000094109fc6b8 mode 2
Event: 5.229 Thread 0x000001a1c6fb04d0 Uncommon trap: trap_request=0xffffffde fr.pc=0x000001a1d226fcb4 relative=0x0000000000000114
Event: 5.229 Thread 0x000001a1c6fb04d0 Uncommon trap: reason=class_check action=maybe_recompile pc=0x000001a1d226fcb4 method=jdk.internal.misc.Unsafe.allocateUninitializedArray(Ljava/lang/Class;I)Ljava/lang/Object; @ 51 c2
Event: 5.229 Thread 0x000001a1c6fb04d0 DEOPT PACKING pc=0x000001a1d226fcb4 sp=0x00000094109fc6a0
Event: 5.229 Thread 0x000001a1c6fb04d0 DEOPT UNPACKING pc=0x000001a1d1cea1a3 sp=0x00000094109fc628 mode 2
Event: 5.483 Thread 0x000001a1e86b7b10 Uncommon trap: trap_request=0xffffff45 fr.pc=0x000001a1d2266edc relative=0x000000000000029c
Event: 5.483 Thread 0x000001a1e86b7b10 Uncommon trap: reason=unstable_if action=reinterpret pc=0x000001a1d2266edc method=java.lang.invoke.VarHandle.checkExactAccessMode(Ljava/lang/invoke/VarHandle$AccessDescriptor;)V @ 4 c2
Event: 5.483 Thread 0x000001a1e86b7b10 DEOPT PACKING pc=0x000001a1d2266edc sp=0x0000009411efe6b0
Event: 5.483 Thread 0x000001a1e86b7b10 DEOPT UNPACKING pc=0x000001a1d1cea1a3 sp=0x0000009411efe620 mode 2

Classes loaded (20 events):
Event: 5.348 Loading class java/lang/ProcessEnvironment$CheckedEntrySet$1
Event: 5.348 Loading class java/lang/ProcessEnvironment$CheckedEntrySet$1 done
Event: 5.348 Loading class java/lang/ProcessEnvironment$CheckedEntry
Event: 5.348 Loading class java/lang/ProcessEnvironment$CheckedEntry done
Event: 5.467 Loading class java/util/concurrent/BlockingDeque
Event: 5.467 Loading class java/util/concurrent/BlockingDeque done
Event: 5.468 Loading class java/util/concurrent/LinkedBlockingDeque
Event: 5.469 Loading class java/util/concurrent/LinkedBlockingDeque done
Event: 5.483 Loading class java/util/concurrent/FutureTask
Event: 5.483 Loading class java/util/concurrent/FutureTask done
Event: 5.484 Loading class java/util/concurrent/CancellationException
Event: 5.484 Loading class java/util/concurrent/CancellationException done
Event: 5.484 Loading class java/util/concurrent/ExecutionException
Event: 5.484 Loading class java/util/concurrent/ExecutionException done
Event: 5.485 Loading class java/util/concurrent/FutureTask$WaitNode
Event: 5.485 Loading class java/util/concurrent/FutureTask$WaitNode done
Event: 5.485 Loading class java/util/concurrent/Executors$RunnableAdapter
Event: 5.485 Loading class java/util/concurrent/Executors$RunnableAdapter done
Event: 5.558 Loading class java/util/NoSuchElementException
Event: 5.558 Loading class java/util/NoSuchElementException done

Classes unloaded (0 events):
No events

Classes redefined (0 events):
No events

Internal exceptions (8 events):
Event: 0.434 Thread 0x000001a1c6fb04d0 Exception <a 'java/lang/NoSuchMethodError'{0x000000074ecfd930}: 'java.lang.Object java.lang.invoke.DirectMethodHandle$Holder.invokeStaticInit(java.lang.Object)'> (0x000000074ecfd930) 
thrown [s\src\hotspot\share\interpreter\linkResolver.cpp, line 771]
Event: 0.496 Thread 0x000001a1c6fb04d0 Exception <a 'java/lang/NoSuchMethodError'{0x000000074ed05510}: 'void java.lang.invoke.DirectMethodHandle$Holder.invokeStatic(java.lang.Object, java.lang.Object)'> (0x000000074ed05510) 
thrown [s\src\hotspot\share\interpreter\linkResolver.cpp, line 771]
Event: 5.240 Thread 0x000001a1c6fb04d0 Exception <a 'java/lang/NoSuchMethodError'{0x000000074e6fcc20}: 'void java.lang.invoke.DirectMethodHandle$Holder.invokeSpecial(java.lang.Object, java.lang.Object, java.lang.Object)'> (0x000000074e6fcc20) 
thrown [s\src\hotspot\share\interpreter\linkResolver.cpp, line 771]
Event: 5.252 Thread 0x000001a1c6fb04d0 Exception <a 'java/lang/NoSuchMethodError'{0x000000074e7359d8}: 'void java.lang.invoke.DirectMethodHandle$Holder.invokeStatic(java.lang.Object, java.lang.Object, java.lang.Object)'> (0x000000074e7359d8) 
thrown [s\src\hotspot\share\interpreter\linkResolver.cpp, line 771]
Event: 5.336 Thread 0x000001a1c6fb04d0 Exception <a 'java/lang/NoSuchMethodError'{0x000000074e7525e0}: 'int java.lang.invoke.DirectMethodHandle$Holder.invokeStaticInit(java.lang.Object, java.lang.Object, java.lang.Object)'> (0x000000074e7525e0) 
thrown [s\src\hotspot\share\interpreter\linkResolver.cpp, line 771]
Event: 5.472 Thread 0x000001a1c6fb04d0 Exception <a 'java/lang/NoSuchMethodError'{0x000000074e4823d0}: 'java.lang.Object java.lang.invoke.DirectMethodHandle$Holder.newInvokeSpecial(java.lang.Object, java.lang.Object, int, java.lang.Object)'> (0x000000074e4823d0) 
thrown [s\src\hotspot\share\interpreter\linkResolver.cpp, line 771]
Event: 5.473 Thread 0x000001a1c6fb04d0 Exception <a 'java/lang/NoSuchMethodError'{0x000000074e4867b0}: 'java.lang.Object java.lang.invoke.DirectMethodHandle$Holder.invokeSpecial(java.lang.Object, java.lang.Object, java.lang.Object, int, java.lang.Object)'> (0x000000074e4867b0) 
thrown [s\src\hotspot\share\interpreter\linkResolver.cpp, line 771]
Event: 5.563 Thread 0x000001a1e86b7b10 Exception <a 'java/lang/NoSuchMethodError'{0x000000074e221568}: 'void java.lang.invoke.DirectMethodHandle$Holder.invokeStaticInit(java.lang.Object)'> (0x000000074e221568) 
thrown [s\src\hotspot\share\interpreter\linkResolver.cpp, line 771]

VM Operations (14 events):
Event: 0.195 Executing VM operation: HandshakeAllThreads
Event: 0.195 Executing VM operation: HandshakeAllThreads done
Event: 0.286 Executing VM operation: HandshakeAllThreads
Event: 0.286 Executing VM operation: HandshakeAllThreads done
Event: 1.291 Executing VM operation: Cleanup
Event: 1.463 Executing VM operation: Cleanup done
Event: 2.475 Executing VM operation: Cleanup
Event: 2.645 Executing VM operation: Cleanup done
Event: 3.650 Executing VM operation: Cleanup
Event: 3.650 Executing VM operation: Cleanup done
Event: 5.347 Executing VM operation: HandshakeAllThreads
Event: 5.347 Executing VM operation: HandshakeAllThreads done
Event: 5.347 Executing VM operation: Cleanup
Event: 5.348 Executing VM operation: Cleanup done

Events (20 events):
Event: 3.571 Loaded shared library C:\Users\User_01\.openjfx\cache\21.0.1+6\amd64\api-ms-win-crt-math-l1-1-0.dll
Event: 3.578 Loaded shared library C:\Users\User_01\.openjfx\cache\21.0.1+6\amd64\api-ms-win-crt-multibyte-l1-1-0.dll
Event: 3.582 Loaded shared library C:\Users\User_01\.openjfx\cache\21.0.1+6\amd64\api-ms-win-crt-private-l1-1-0.dll
Event: 3.586 Loaded shared library C:\Users\User_01\.openjfx\cache\21.0.1+6\amd64\api-ms-win-crt-process-l1-1-0.dll
Event: 3.588 Loaded shared library C:\Users\User_01\.openjfx\cache\21.0.1+6\amd64\api-ms-win-crt-runtime-l1-1-0.dll
Event: 3.593 Loaded shared library C:\Users\User_01\.openjfx\cache\21.0.1+6\amd64\api-ms-win-crt-stdio-l1-1-0.dll
Event: 3.597 Loaded shared library C:\Users\User_01\.openjfx\cache\21.0.1+6\amd64\api-ms-win-crt-string-l1-1-0.dll
Event: 3.600 Loaded shared library C:\Users\User_01\.openjfx\cache\21.0.1+6\amd64\api-ms-win-crt-time-l1-1-0.dll
Event: 3.603 Loaded shared library C:\Users\User_01\.openjfx\cache\21.0.1+6\amd64\api-ms-win-crt-utility-l1-1-0.dll
Event: 3.620 Loaded shared library C:\Users\User_01\.openjfx\cache\21.0.1+6\amd64\ucrtbase.dll
Event: 3.626 Loaded shared library C:\Users\User_01\.openjfx\cache\21.0.1+6\amd64\vcruntime140.dll
Event: 3.630 Loaded shared library C:\Users\User_01\.openjfx\cache\21.0.1+6\amd64\vcruntime140_1.dll
Event: 3.640 Loaded shared library C:\Users\User_01\.openjfx\cache\21.0.1+6\amd64\msvcp140.dll
Event: 3.643 Loaded shared library C:\Users\User_01\.openjfx\cache\21.0.1+6\amd64\msvcp140_1.dll
Event: 3.648 Loaded shared library C:\Users\User_01\.openjfx\cache\21.0.1+6\amd64\msvcp140_2.dll
Event: 5.253 Thread 0x000001a1e8397820 Thread added: 0x000001a1e8397820
Event: 5.268 Loaded shared library C:\Users\User_01\.openjfx\cache\21.0.1+6\amd64\prism_d3d.dll
Event: 5.465 Loaded shared library C:\Users\User_01\.openjfx\cache\21.0.1+6\amd64\glass.dll
Event: 5.469 Thread 0x000001a1e86b7630 Thread added: 0x000001a1e86b7630
Event: 5.475 Thread 0x000001a1e86b7b10 Thread added: 0x000001a1e86b7b10


Dynamic libraries:
0x00007ff686920000 - 0x00007ff68692a000 	C:\Users\User_01\.jdks\jbr-17.0.12\bin\java.exe
0x00007ff8cd520000 - 0x00007ff8cd787000 	C:\WINDOWS\SYSTEM32\ntdll.dll
0x00007ff8cb470000 - 0x00007ff8cb539000 	C:\WINDOWS\System32\KERNEL32.DLL
0x00007ff8ca810000 - 0x00007ff8cabff000 	C:\WINDOWS\System32\KERNELBASE.dll
0x00007ff8cae00000 - 0x00007ff8caf4b000 	C:\WINDOWS\System32\ucrtbase.dll
0x00007ff846d60000 - 0x00007ff846d7b000 	C:\Users\User_01\.jdks\jbr-17.0.12\bin\VCRUNTIME140.dll
0x00007ff849720000 - 0x00007ff849737000 	C:\Users\User_01\.jdks\jbr-17.0.12\bin\jli.dll
0x00007ff8cb8a0000 - 0x00007ff8cba65000 	C:\WINDOWS\System32\USER32.dll
0x00007ff8ad9c0000 - 0x00007ff8adc53000 	C:\WINDOWS\WinSxS\amd64_microsoft.windows.common-controls_6595b64144ccf1df_6.0.26100.7309_none_3e05feeae336a044\COMCTL32.dll
0x00007ff8ca7e0000 - 0x00007ff8ca807000 	C:\WINDOWS\System32\win32u.dll
0x00007ff8cbbe0000 - 0x00007ff8cbc89000 	C:\WINDOWS\System32\msvcrt.dll
0x00007ff8cd3c0000 - 0x00007ff8cd3eb000 	C:\WINDOWS\System32\GDI32.dll
0x00007ff8caf50000 - 0x00007ff8cb07c000 	C:\WINDOWS\System32\gdi32full.dll
0x00007ff8cacc0000 - 0x00007ff8cad63000 	C:\WINDOWS\System32\msvcp_win.dll
0x00007ff8cb7e0000 - 0x00007ff8cb811000 	C:\WINDOWS\System32\IMM32.DLL
0x0000000075440000 - 0x000000007544c000 	C:\Program Files (x86)\360\Total Security\safemon\SafeWrapper.dll
0x00007ff8cb710000 - 0x00007ff8cb7c4000 	C:\WINDOWS\System32\ADVAPI32.dll
0x00007ff8cd180000 - 0x00007ff8cd226000 	C:\WINDOWS\System32\sechost.dll
0x00007ff8cb2c0000 - 0x00007ff8cb3d8000 	C:\WINDOWS\System32\RPCRT4.dll
0x00007ff88e100000 - 0x00007ff88e1ac000 	C:\Program Files (x86)\360\Total Security\safemon\libzdtp64.dll
0x00007ff8cc590000 - 0x00007ff8ccce3000 	C:\WINDOWS\System32\SHELL32.dll
0x00007ff8ca670000 - 0x00007ff8ca7da000 	C:\WINDOWS\System32\wintypes.dll
0x00007ff8cc120000 - 0x00007ff8cc4a6000 	C:\WINDOWS\System32\combase.dll
0x00007ff8cbfb0000 - 0x00007ff8cc016000 	C:\WINDOWS\System32\SHLWAPI.dll
0x00007ff8ca150000 - 0x00007ff8ca15b000 	C:\WINDOWS\SYSTEM32\VERSION.dll
0x00007ff848d70000 - 0x00007ff848d7c000 	C:\Users\User_01\.jdks\jbr-17.0.12\bin\vcruntime140_1.dll
0x00007ff846780000 - 0x00007ff84680d000 	C:\Users\User_01\.jdks\jbr-17.0.12\bin\msvcp140.dll
0x00007ff83dbe0000 - 0x00007ff83e86a000 	C:\Users\User_01\.jdks\jbr-17.0.12\bin\server\jvm.dll
0x00007ff8cd340000 - 0x00007ff8cd3b4000 	C:\WINDOWS\System32\WS2_32.dll
0x00007ff8ca4d0000 - 0x00007ff8ca52e000 	C:\WINDOWS\SYSTEM32\POWRPROF.dll
0x00007ff8c1ae0000 - 0x00007ff8c1b15000 	C:\WINDOWS\SYSTEM32\WINMM.dll
0x00007ff8ca4b0000 - 0x00007ff8ca4c4000 	C:\WINDOWS\SYSTEM32\UMPDC.dll
0x00007ff8c93b0000 - 0x00007ff8c93cb000 	C:\WINDOWS\SYSTEM32\kernel.appcore.dll
0x00007ff846d50000 - 0x00007ff846d5a000 	C:\Users\User_01\.jdks\jbr-17.0.12\bin\jimage.dll
0x00007ff8c7520000 - 0x00007ff8c7762000 	C:\WINDOWS\SYSTEM32\DBGHELP.DLL
0x00007ff8cbed0000 - 0x00007ff8cbfa6000 	C:\WINDOWS\System32\OLEAUT32.dll
0x00007ff8ac120000 - 0x00007ff8ac15c000 	C:\WINDOWS\SYSTEM32\dbgcore.DLL
0x00007ff8cac10000 - 0x00007ff8cacb5000 	C:\WINDOWS\System32\bcryptPrimitives.dll
0x00007ff846d20000 - 0x00007ff846d45000 	C:\Users\User_01\.jdks\jbr-17.0.12\bin\java.dll
0x00007ff8464b0000 - 0x00007ff846587000 	C:\Users\User_01\.jdks\jbr-17.0.12\bin\jsvml.dll
0x00007ff8c81e0000 - 0x00007ff8c8a3e000 	C:\WINDOWS\SYSTEM32\windows.storage.dll
0x00007ff8cc020000 - 0x00007ff8cc115000 	C:\WINDOWS\System32\SHCORE.dll
0x00007ff8ca590000 - 0x00007ff8ca5b9000 	C:\WINDOWS\SYSTEM32\profapi.dll
0x00007ff846760000 - 0x00007ff846779000 	C:\Users\User_01\.jdks\jbr-17.0.12\bin\net.dll
0x00007ff8bc9e0000 - 0x00007ff8bcb08000 	C:\WINDOWS\SYSTEM32\WINHTTP.dll
0x00007ff8c9920000 - 0x00007ff8c998b000 	C:\WINDOWS\system32\mswsock.dll
0x00007ff846740000 - 0x00007ff846756000 	C:\Users\User_01\.jdks\jbr-17.0.12\bin\nio.dll
0x00007ff846ca0000 - 0x00007ff846cb8000 	C:\Users\User_01\.jdks\jbr-17.0.12\bin\zip.dll
0x000001a1c4ed0000 - 0x000001a1c4ed3000 	C:\Users\User_01\.openjfx\cache\21.0.1+6\amd64\api-ms-win-core-console-l1-1-0.dll
0x000001a1c4ee0000 - 0x000001a1c4ee3000 	C:\Users\User_01\.openjfx\cache\21.0.1+6\amd64\api-ms-win-core-console-l1-2-0.dll
0x000001a1c4ef0000 - 0x000001a1c4ef3000 	C:\Users\User_01\.openjfx\cache\21.0.1+6\amd64\api-ms-win-core-datetime-l1-1-0.dll
0x000001a1c4f00000 - 0x000001a1c4f03000 	C:\Users\User_01\.openjfx\cache\21.0.1+6\amd64\api-ms-win-core-debug-l1-1-0.dll
0x000001a1c4f10000 - 0x000001a1c4f13000 	C:\Users\User_01\.openjfx\cache\21.0.1+6\amd64\api-ms-win-core-errorhandling-l1-1-0.dll
0x000001a1c4f20000 - 0x000001a1c4f24000 	C:\Users\User_01\.openjfx\cache\21.0.1+6\amd64\api-ms-win-core-file-l1-1-0.dll
0x000001a1c52d0000 - 0x000001a1c52d3000 	C:\Users\User_01\.openjfx\cache\21.0.1+6\amd64\api-ms-win-core-file-l1-2-0.dll
0x000001a1c52e0000 - 0x000001a1c52e3000 	C:\Users\User_01\.openjfx\cache\21.0.1+6\amd64\api-ms-win-core-file-l2-1-0.dll
0x000001a1c52f0000 - 0x000001a1c52f3000 	C:\Users\User_01\.openjfx\cache\21.0.1+6\amd64\api-ms-win-core-handle-l1-1-0.dll
0x000001a1c5300000 - 0x000001a1c5303000 	C:\Users\User_01\.openjfx\cache\21.0.1+6\amd64\api-ms-win-core-heap-l1-1-0.dll
0x000001a1c5310000 - 0x000001a1c5313000 	C:\Users\User_01\.openjfx\cache\21.0.1+6\amd64\api-ms-win-core-interlocked-l1-1-0.dll
0x000001a1c6ef0000 - 0x000001a1c6ef3000 	C:\Users\User_01\.openjfx\cache\21.0.1+6\amd64\api-ms-win-core-libraryloader-l1-1-0.dll
0x000001a1c6f00000 - 0x000001a1c6f03000 	C:\Users\User_01\.openjfx\cache\21.0.1+6\amd64\api-ms-win-core-localization-l1-2-0.dll
0x000001a1c6f10000 - 0x000001a1c6f13000 	C:\Users\User_01\.openjfx\cache\21.0.1+6\amd64\api-ms-win-core-memory-l1-1-0.dll
0x000001a1c6f20000 - 0x000001a1c6f23000 	C:\Users\User_01\.openjfx\cache\21.0.1+6\amd64\api-ms-win-core-namedpipe-l1-1-0.dll
0x000001a1c6f30000 - 0x000001a1c6f33000 	C:\Users\User_01\.openjfx\cache\21.0.1+6\amd64\api-ms-win-core-processenvironment-l1-1-0.dll
0x000001a1e3ba0000 - 0x000001a1e3ba3000 	C:\Users\User_01\.openjfx\cache\21.0.1+6\amd64\api-ms-win-core-processthreads-l1-1-0.dll
0x000001a1e3bb0000 - 0x000001a1e3bb3000 	C:\Users\User_01\.openjfx\cache\21.0.1+6\amd64\api-ms-win-core-processthreads-l1-1-1.dll
0x000001a1e3bc0000 - 0x000001a1e3bc3000 	C:\Users\User_01\.openjfx\cache\21.0.1+6\amd64\api-ms-win-core-profile-l1-1-0.dll
0x000001a1e3bd0000 - 0x000001a1e3bd3000 	C:\Users\User_01\.openjfx\cache\21.0.1+6\amd64\api-ms-win-core-rtlsupport-l1-1-0.dll
0x000001a1e3be0000 - 0x000001a1e3be3000 	C:\Users\User_01\.openjfx\cache\21.0.1+6\amd64\api-ms-win-core-string-l1-1-0.dll
0x000001a1e3bf0000 - 0x000001a1e3bf3000 	C:\Users\User_01\.openjfx\cache\21.0.1+6\amd64\api-ms-win-core-synch-l1-1-0.dll
0x000001a1e3c00000 - 0x000001a1e3c03000 	C:\Users\User_01\.openjfx\cache\21.0.1+6\amd64\api-ms-win-core-synch-l1-2-0.dll
0x000001a1e3c10000 - 0x000001a1e3c13000 	C:\Users\User_01\.openjfx\cache\21.0.1+6\amd64\api-ms-win-core-sysinfo-l1-1-0.dll
0x000001a1e3c20000 - 0x000001a1e3c23000 	C:\Users\User_01\.openjfx\cache\21.0.1+6\amd64\api-ms-win-core-timezone-l1-1-0.dll
0x000001a1e3c30000 - 0x000001a1e3c33000 	C:\Users\User_01\.openjfx\cache\21.0.1+6\amd64\api-ms-win-core-util-l1-1-0.dll
0x000001a1e3c40000 - 0x000001a1e3c43000 	C:\Users\User_01\.openjfx\cache\21.0.1+6\amd64\api-ms-win-crt-conio-l1-1-0.dll
0x000001a1e3c50000 - 0x000001a1e3c54000 	C:\Users\User_01\.openjfx\cache\21.0.1+6\amd64\api-ms-win-crt-convert-l1-1-0.dll
0x000001a1e3c60000 - 0x000001a1e3c63000 	C:\Users\User_01\.openjfx\cache\21.0.1+6\amd64\api-ms-win-crt-environment-l1-1-0.dll
0x000001a1e3c70000 - 0x000001a1e3c73000 	C:\Users\User_01\.openjfx\cache\21.0.1+6\amd64\api-ms-win-crt-filesystem-l1-1-0.dll
0x000001a1e3c80000 - 0x000001a1e3c83000 	C:\Users\User_01\.openjfx\cache\21.0.1+6\amd64\api-ms-win-crt-heap-l1-1-0.dll
0x000001a1e3c90000 - 0x000001a1e3c93000 	C:\Users\User_01\.openjfx\cache\21.0.1+6\amd64\api-ms-win-crt-locale-l1-1-0.dll
0x000001a1e3ca0000 - 0x000001a1e3ca5000 	C:\Users\User_01\.openjfx\cache\21.0.1+6\amd64\api-ms-win-crt-math-l1-1-0.dll
0x000001a1e3cb0000 - 0x000001a1e3cb5000 	C:\Users\User_01\.openjfx\cache\21.0.1+6\amd64\api-ms-win-crt-multibyte-l1-1-0.dll
0x000001a1e3cc0000 - 0x000001a1e3cd0000 	C:\Users\User_01\.openjfx\cache\21.0.1+6\amd64\api-ms-win-crt-private-l1-1-0.dll
0x000001a1e3cd0000 - 0x000001a1e3cd3000 	C:\Users\User_01\.openjfx\cache\21.0.1+6\amd64\api-ms-win-crt-process-l1-1-0.dll
0x000001a1e3ce0000 - 0x000001a1e3ce4000 	C:\Users\User_01\.openjfx\cache\21.0.1+6\amd64\api-ms-win-crt-runtime-l1-1-0.dll
0x000001a1e3cf0000 - 0x000001a1e3cf4000 	C:\Users\User_01\.openjfx\cache\21.0.1+6\amd64\api-ms-win-crt-stdio-l1-1-0.dll
0x000001a1e3d00000 - 0x000001a1e3d04000 	C:\Users\User_01\.openjfx\cache\21.0.1+6\amd64\api-ms-win-crt-string-l1-1-0.dll
0x000001a1e3d10000 - 0x000001a1e3d13000 	C:\Users\User_01\.openjfx\cache\21.0.1+6\amd64\api-ms-win-crt-time-l1-1-0.dll
0x000001a1e3d20000 - 0x000001a1e3d23000 	C:\Users\User_01\.openjfx\cache\21.0.1+6\amd64\api-ms-win-crt-utility-l1-1-0.dll
0x00007ff88a150000 - 0x00007ff88a24c000 	C:\Users\User_01\.openjfx\cache\21.0.1+6\amd64\ucrtbase.dll
0x00007ff8ba020000 - 0x00007ff8ba03b000 	C:\Users\User_01\.openjfx\cache\21.0.1+6\amd64\vcruntime140.dll
0x00007ff8ba470000 - 0x00007ff8ba47c000 	C:\Users\User_01\.openjfx\cache\21.0.1+6\amd64\vcruntime140_1.dll
0x00007ff88a0c0000 - 0x00007ff88a14e000 	C:\Users\User_01\.openjfx\cache\21.0.1+6\amd64\msvcp140.dll
0x00007ff8cb540000 - 0x00007ff8cb6d7000 	C:\WINDOWS\System32\ole32.dll
0x00007ff8ba010000 - 0x00007ff8ba019000 	C:\Users\User_01\.openjfx\cache\21.0.1+6\amd64\msvcp140_1.dll
0x00007ff8b9fe0000 - 0x00007ff8ba00f000 	C:\Users\User_01\.openjfx\cache\21.0.1+6\amd64\msvcp140_2.dll
0x00007ff8b4340000 - 0x00007ff8b436f000 	C:\Users\User_01\.openjfx\cache\21.0.1+6\amd64\prism_d3d.dll
0x00007ff8451b0000 - 0x00007ff845363000 	C:\WINDOWS\system32\d3d9.dll
0x00007ff8c79f0000 - 0x00007ff8c7a20000 	C:\WINDOWS\SYSTEM32\dwmapi.dll
0x00007ff8c7900000 - 0x00007ff8c7944000 	C:\WINDOWS\SYSTEM32\dxcore.dll
0x00007ff8c7470000 - 0x00007ff8c751b000 	C:\WINDOWS\system32\uxtheme.dll
0x00007ff83ac50000 - 0x00007ff83aebf000 	C:\WINDOWS\System32\DriverStore\FileRepository\iigd_dch.inf_amd64_03e2a5c7c3b3fa7c\igdumdim64.dll
0x00007ff82b4a0000 - 0x00007ff82c9c3000 	C:\WINDOWS\System32\DriverStore\FileRepository\iigd_dch.inf_amd64_03e2a5c7c3b3fa7c\igd9dxva64.dll
0x00007ff8cccf0000 - 0x00007ff8cd17a000 	C:\WINDOWS\System32\SETUPAPI.dll
0x00007ff8ca190000 - 0x00007ff8ca1e7000 	C:\WINDOWS\SYSTEM32\cfgmgr32.dll
0x00007ff85c910000 - 0x00007ff85e63b000 	C:\WINDOWS\System32\DriverStore\FileRepository\iigd_dch.inf_amd64_03e2a5c7c3b3fa7c\media_bin_64.dll
0x00007ff8c12f0000 - 0x00007ff8c172f000 	C:\WINDOWS\System32\DriverStore\FileRepository\iigd_dch.inf_amd64_03e2a5c7c3b3fa7c\igdgmm64.dll
0x00007ff8c4b30000 - 0x00007ff8c4b93000 	C:\WINDOWS\SYSTEM32\directxdatabasehelper.dll
0x00007ff8b3ff0000 - 0x00007ff8b4032000 	C:\Users\User_01\.openjfx\cache\21.0.1+6\amd64\glass.dll
0x00007ff8cd230000 - 0x00007ff8cd320000 	C:\WINDOWS\System32\COMDLG32.dll
0x00007ff8cba70000 - 0x00007ff8cbbce000 	C:\WINDOWS\System32\MSCTF.dll
0x00007ff886b30000 - 0x00007ff886b57000 	C:\WINDOWS\System32\DriverStore\FileRepository\iigd_dch.inf_amd64_03e2a5c7c3b3fa7c\igdinfo64.dll
0x00007ff8c9bf0000 - 0x00007ff8c9c0b000 	C:\WINDOWS\SYSTEM32\CRYPTSP.dll
0x00007ff8c9310000 - 0x00007ff8c934a000 	C:\WINDOWS\system32\rsaenh.dll
0x00007ff8c9be0000 - 0x00007ff8c9bec000 	C:\WINDOWS\SYSTEM32\CRYPTBASE.dll
0x00007ff8ca560000 - 0x00007ff8ca58a000 	C:\WINDOWS\SYSTEM32\bcrypt.dll

dbghelp: loaded successfully - version: 4.0.5 - missing functions: none
symbol engine: initialized successfully - sym options: 0x614 - pdb path: .;C:\Users\User_01\.jdks\jbr-17.0.12\bin;C:\WINDOWS\SYSTEM32;C:\WINDOWS\WinSxS\amd64_microsoft.windows.common-controls_6595b64144ccf1df_6.0.26100.7309_none_3e05feeae336a044;C:\Program Files (x86)\360\Total Security\safemon;C:\Users\User_01\.jdks\jbr-17.0.12\bin\server;C:\Users\User_01\.openjfx\cache\21.0.1+6\amd64;C:\WINDOWS\System32\DriverStore\FileRepository\iigd_dch.inf_amd64_03e2a5c7c3b3fa7c

VM Arguments:
jvm_args: --module-path=C:\Users\User_01\.m2\repository\org\openjfx\javafx-base\21.0.1\javafx-base-21.0.1-win.jar;C:\Users\User_01\.m2\repository\org\openjfx\javafx-base\21.0.1\javafx-base-21.0.1.jar;C:\Users\User_01\.m2\repository\org\openjfx\javafx-controls\21.0.1\javafx-controls-21.0.1-win.jar;C:\Users\User_01\.m2\repository\org\openjfx\javafx-controls\21.0.1\javafx-controls-21.0.1.jar;C:\Users\User_01\.m2\repository\org\openjfx\javafx-fxml\21.0.1\javafx-fxml-21.0.1-win.jar;C:\Users\User_01\.m2\repository\org\openjfx\javafx-fxml\21.0.1\javafx-fxml-21.0.1.jar;C:\Users\User_01\.m2\repository\org\openjfx\javafx-graphics\21.0.1\javafx-graphics-21.0.1-win.jar;C:\Users\User_01\.m2\repository\org\openjfx\javafx-graphics\21.0.1\javafx-graphics-21.0.1.jar --add-modules=javafx.base,javafx.controls,javafx.fxml,javafx.graphics 
java_command: Main -Xms32m -Xmx96m -XX:+UseSerialGC
java_class_path (initial): C:\Users\User_01\projet_Greencore\target\classes;C:\Users\User_01\.m2\repository\com\google\protobuf\protobuf-java\3.21.9\protobuf-java-3.21.9.jar;C:\Users\User_01\.m2\repository\com\mysql\mysql-connector-j\8.0.33\mysql-connector-j-8.0.33.jar
Launcher Type: SUN_STANDARD

[Global flags]
     intx CICompilerCount                          = 4                                         {product} {ergonomic}
     uint ConcGCThreads                            = 2                                         {product} {ergonomic}
     uint G1ConcRefinementThreads                  = 8                                         {product} {ergonomic}
   size_t G1HeapRegionSize                         = 2097152                                   {product} {ergonomic}
    uintx GCDrainStackTargetSize                   = 64                                        {product} {ergonomic}
   size_t InitialHeapSize                          = 199229440                                 {product} {ergonomic}
   size_t MarkStackSize                            = 4194304                                   {product} {ergonomic}
   size_t MaxHeapSize                              = 3164602368                                {product} {ergonomic}
   size_t MaxNewSize                               = 1897922560                                {product} {ergonomic}
   size_t MinHeapDeltaBytes                        = 2097152                                   {product} {ergonomic}
   size_t MinHeapSize                              = 8388608                                   {product} {ergonomic}
    uintx NonNMethodCodeHeapSize                   = 5839372                                {pd product} {ergonomic}
    uintx NonProfiledCodeHeapSize                  = 122909434                              {pd product} {ergonomic}
    uintx ProfiledCodeHeapSize                     = 122909434                              {pd product} {ergonomic}
    uintx ReservedCodeCacheSize                    = 251658240                              {pd product} {ergonomic}
     bool SegmentedCodeCache                       = true                                      {product} {ergonomic}
   size_t SoftMaxHeapSize                          = 3164602368                             {manageable} {ergonomic}
     bool UseCompressedClassPointers               = true                           {product lp64_product} {ergonomic}
     bool UseCompressedOops                        = true                           {product lp64_product} {ergonomic}
     bool UseG1GC                                  = true                                      {product} {ergonomic}
     bool UseLargePagesIndividualAllocation        = false                                  {pd product} {ergonomic}

Logging:
Log output configuration:
 #0: stdout all=warning uptime,level,tags
 #1: stderr all=off uptime,level,tags

Environment Variables:
JAVA_HOME=C:\Users\User_01\.jdks\jbr-17.0.12
PATH=C:\oraclexe\app\oracle\product\11.2.0\server\bin;C:\oraclexe\app\oracle\product\11.2.0\server\bin;C:\Program Files (x86)\VMware\VMware Workstation\bin\;C:\Windows\system32;C:\Windows;C:\Windows\System32\Wbem;C:\Windows\System32\WindowsPowerShell\v1.0\;C:\Windows\System32\OpenSSH\;C:\Program Files (x86)\NVIDIA Corporation\PhysX\Common;C:\Program Files\NVIDIA Corporation\NVIDIA NvDLISR;C:\xampp\php;C:\composer;C:\WINDOWS\system32;C:\WINDOWS;C:\WINDOWS\System32\Wbem;C:\WINDOWS\System32\WindowsPowerShell\v1.0\;C:\WINDOWS\System32\OpenSSH\;C:\Program Files\cursor\resources\app\bin;C:\Program Files\Git\cmd;C:\Users\User_01\AppData\Local\Programs\Eclipse Adoptium\jdk-25.0.1.8-hotspot\bin;C:\Users\User_01\AppData\Local\Programs\Python\Python312\Scripts\;C:\Users\User_01\AppData\Local\Programs\Python\Python312\;C:\Users\User_01\scoop\shims;C:\Users\User_01\AppData\Local\Microsoft\WindowsApps;C:\Users\User_01\AppData\Local\Programs\Microsoft VS Code\bin;C:\Users\User_01\AppData\Roaming\Composer\vendor\bin;C:\Program Files\JetBrains\IntelliJ IDEA 2024.1.2\bin;;C:\Program Files\JetBrains\PhpStorm 2024.2.1\bin;C:\Users\User_01\AppData\Local\Programs\Windsurf\bin
USERNAME=User_01
OS=Windows_NT
PROCESSOR_IDENTIFIER=Intel64 Family 6 Model 140 Stepping 2, GenuineIntel
TMP=C:\Users\User_01\AppData\Local\Temp
TEMP=C:\Users\User_01\AppData\Local\Temp



Periodic native trim disabled

JNI global refs:
JNI global refs: 14, weak refs: 0

JNI global refs memory usage: 843, weak refs: 209

Process memory usage:
Resident Set Size: 81620K (0% of 12361016K total physical memory with 1285720K free physical memory)

OOME stack traces (most recent first):
Classloader memory used:
Loader jdk.internal.loader.ClassLoaders$AppClassLoader                                 : 280K
Loader bootstrap                                                                       : 241K
Loader jdk.internal.loader.ClassLoaders$PlatformClassLoader                            : 509B
Loader jdk.internal.reflect.DelegatingClassLoader                                      : 432B


---------------  S Y S T E M  ---------------

OS:
 Windows 11 , 64 bit Build 26100 (10.0.26100.7623)
OS uptime: 1 days 7:36 hours
Hyper-V role detected

CPU: total 8 (initial active 8) (4 cores per cpu, 2 threads per core) family 6 model 140 stepping 2 microcode 0x3a, cx8, cmov, fxsr, ht, mmx, 3dnowpref, sse, sse2, sse3, ssse3, sse4.1, sse4.2, popcnt, lzcnt, tsc, tscinvbit, avx, avx2, aes, erms, clmul, bmi1, bmi2, adx, avx512f, avx512dq, avx512cd, avx512bw, avx512vl, sha, fma, vzeroupper, avx512_vpopcntdq, avx512_vpclmulqdq, avx512_vaes, avx512_vnni, clflush, clflushopt, clwb, avx512_vbmi2, avx512_vbmi, hv
Processor Information for processor 0
  Max Mhz: 2496, Current Mhz: 2496, Mhz Limit: 2496
Processor Information for processor 1
  Max Mhz: 2496, Current Mhz: 1198, Mhz Limit: 2496
Processor Information for processor 2
  Max Mhz: 2496, Current Mhz: 1198, Mhz Limit: 2496
Processor Information for processor 3
  Max Mhz: 2496, Current Mhz: 1198, Mhz Limit: 2496
Processor Information for processor 4
  Max Mhz: 2496, Current Mhz: 2496, Mhz Limit: 2496
Processor Information for processor 5
  Max Mhz: 2496, Current Mhz: 2496, Mhz Limit: 2496
Processor Information for processor 6
  Max Mhz: 2496, Current Mhz: 2496, Mhz Limit: 2496
Processor Information for processor 7
  Max Mhz: 2496, Current Mhz: 2496, Mhz Limit: 2496

Memory: 4k page, system-wide physical 12071M (1255M free)
TotalPageFile size 21408M (AvailPageFile size 16M)
current process WorkingSet (physical memory assigned to process): 79M, peak: 79M
current process commit charge ("private bytes"): 301M, peak: 302M

vm_info: OpenJDK 64-Bit Server VM (17.0.12+1-b1207.37) for windows-amd64 JRE (17.0.12+1-b1207.37), built on 2024-09-25 by "builduser" with MS VC++ 16.10 / 16.11 (VS2019)

END.
