#
# There is insufficient memory for the Java Runtime Environment to continue.
# Native memory allocation (malloc) failed to allocate 307856 bytes. Error detail: Chunk::new
# Possible reasons:
#   The system is out of physical RAM or swap space
#   This process is running with CompressedOops enabled, and the Java Heap may be blocking the growth of the native heap
# Possible solutions:
#   Reduce memory load on the system
#   Increase physical memory or swap space
#   Check if swap backing store is full
#   Decrease Java heap size (-Xmx/-Xms)
#   Decrease number of Java threads
#   Decrease Java thread stack sizes (-Xss)
#   Set larger code cache with -XX:ReservedCodeCacheSize=
#   JVM is running with Zero Based Compressed Oops mode in which the Java heap is
#     placed in the first 32GB address space. The Java Heap base address is the
#     maximum limit for the native heap growth. Please use -XX:HeapBaseMinAddress
#     to set the Java Heap base and to place the Java Heap above 32GB virtual address.
# This output file may be truncated or incomplete.
#
#  Out of Memory Error (arena.cpp:191), pid=18284, tid=23016
#
# JRE version: OpenJDK Runtime Environment JBR-17.0.12+1-1207.37-nomod (17.0.12+1) (build 17.0.12+1-b1207.37)
# Java VM: OpenJDK 64-Bit Server VM JBR-17.0.12+1-1207.37-nomod (17.0.12+1-b1207.37, mixed mode, sharing, tiered, compressed oops, compressed class ptrs, g1 gc, windows-amd64)
# No core dump will be written. Minidumps are not enabled by default on client versions of Windows
#

---------------  S U M M A R Y ------------

Command Line: --module-path=C:\Users\User_01\.m2\repository\org\openjfx\javafx-base\21.0.1\javafx-base-21.0.1-win.jar;C:\Users\User_01\.m2\repository\org\openjfx\javafx-base\21.0.1\javafx-base-21.0.1.jar;C:\Users\User_01\.m2\repository\org\openjfx\javafx-controls\21.0.1\javafx-controls-21.0.1-win.jar;C:\Users\User_01\.m2\repository\org\openjfx\javafx-controls\21.0.1\javafx-controls-21.0.1.jar;C:\Users\User_01\.m2\repository\org\openjfx\javafx-fxml\21.0.1\javafx-fxml-21.0.1-win.jar;C:\Users\User_01\.m2\repository\org\openjfx\javafx-fxml\21.0.1\javafx-fxml-21.0.1.jar;C:\Users\User_01\.m2\repository\org\openjfx\javafx-graphics\21.0.1\javafx-graphics-21.0.1-win.jar;C:\Users\User_01\.m2\repository\org\openjfx\javafx-graphics\21.0.1\javafx-graphics-21.0.1.jar --add-modules=javafx.base,javafx.controls,javafx.fxml,javafx.graphics Main -Xms64m -Xmx256m -XX:+UseSerialGC -XX:MaxHeapFreeRatio=50 -XX:MinHeapFreeRatio=30 -XX:+UseCompressedOops

Host: 11th Gen Intel(R) Core(TM) i5-1155G7 @ 2.50GHz, 8 cores, 11G,  Windows 11 , 64 bit Build 26100 (10.0.26100.7623)
Time: Mon Apr 27 21:11:50 2026 Afr. centrale Ouest elapsed time: 13.941483 seconds (0d 0h 0m 13s)

---------------  T H R E A D  ---------------

Current thread (0x000002499ea3dfd0):  JavaThread "C2 CompilerThread0" daemon [_thread_in_native, id=23016, stack(0x0000009eac000000,0x0000009eac100000)]


Current CompileTask:
C2:  13941 2899 %     4       com.sun.marlin.Renderer::_endRendering @ 2076 (2639 bytes)

Stack: [0x0000009eac000000,0x0000009eac100000]
Native frames: (J=compiled Java code, j=interpreted, Vv=VM code, C=native code)
V  [jvm.dll+0x689d89]
V  [jvm.dll+0x84386a]
V  [jvm.dll+0x8454ee]
V  [jvm.dll+0x845b53]
V  [jvm.dll+0x24a56f]
V  [jvm.dll+0xac9e4]
V  [jvm.dll+0xad02c]
V  [jvm.dll+0x2b1c4f]
V  [jvm.dll+0x5908f7]
V  [jvm.dll+0x2248c2]
V  [jvm.dll+0x21da7f]
V  [jvm.dll+0x21b2e1]
V  [jvm.dll+0x1a68ed]
V  [jvm.dll+0x22b2de]
V  [jvm.dll+0x229445]
V  [jvm.dll+0x7f7917]
V  [jvm.dll+0x7f1cec]
V  [jvm.dll+0x688be7]
C  [ucrtbase.dll+0x37b0]
C  [KERNEL32.DLL+0x2e8d7]
C  [ntdll.dll+0x8c53c]


---------------  P R O C E S S  ---------------

Threads class SMR info:
_java_thread_list=0x00000249ea16b760, length=20, elements={
0x00000249827dfae0, 0x000002499ea27670, 0x000002499ea27b50, 0x000002499ea34840,
0x000002499ea34d20, 0x000002499ea35200, 0x000002499ea3d710, 0x000002499ea3dfd0,
0x000002499ea3e5a0, 0x00000249e40115b0, 0x000002499ea13530, 0x00000249e44d2890,
0x00000249e489bbd0, 0x00000249e4a37f10, 0x00000249e49f5cd0, 0x00000249e9467630,
0x00000249e94a7670, 0x00000249e95883f0, 0x00000249e9586590, 0x00000249e9588900
}

Java Threads: ( => current thread )
  0x00000249827dfae0 JavaThread "main" [_thread_blocked, id=5964, stack(0x0000009eab300000,0x0000009eab400000)]
  0x000002499ea27670 JavaThread "Reference Handler" daemon [_thread_blocked, id=25404, stack(0x0000009eaba00000,0x0000009eabb00000)]
  0x000002499ea27b50 JavaThread "Finalizer" daemon [_thread_blocked, id=27372, stack(0x0000009eabb00000,0x0000009eabc00000)]
  0x000002499ea34840 JavaThread "Signal Dispatcher" daemon [_thread_blocked, id=15508, stack(0x0000009eabc00000,0x0000009eabd00000)]
  0x000002499ea34d20 JavaThread "Attach Listener" daemon [_thread_blocked, id=19768, stack(0x0000009eabd00000,0x0000009eabe00000)]
  0x000002499ea35200 JavaThread "Service Thread" daemon [_thread_blocked, id=21832, stack(0x0000009eabe00000,0x0000009eabf00000)]
  0x000002499ea3d710 JavaThread "Monitor Deflation Thread" daemon [_thread_blocked, id=26312, stack(0x0000009eabf00000,0x0000009eac000000)]
=>0x000002499ea3dfd0 JavaThread "C2 CompilerThread0" daemon [_thread_in_native, id=23016, stack(0x0000009eac000000,0x0000009eac100000)]
  0x000002499ea3e5a0 JavaThread "C1 CompilerThread0" daemon [_thread_blocked, id=26064, stack(0x0000009eac100000,0x0000009eac200000)]
  0x00000249e40115b0 JavaThread "Sweeper thread" daemon [_thread_blocked, id=9532, stack(0x0000009eac200000,0x0000009eac300000)]
  0x000002499ea13530 JavaThread "Common-Cleaner" daemon [_thread_blocked, id=19720, stack(0x0000009eac300000,0x0000009eac400000)]
  0x00000249e44d2890 JavaThread "Notification Thread" daemon [_thread_blocked, id=12492, stack(0x0000009eac600000,0x0000009eac700000)]
  0x00000249e489bbd0 JavaThread "QuantumRenderer-0" daemon [_thread_blocked, id=19824, stack(0x0000009eac800000,0x0000009eac900000)]
  0x00000249e4a37f10 JavaThread "InvokeLaterDispatcher" daemon [_thread_blocked, id=27128, stack(0x0000009eac400000,0x0000009eac500000)]
  0x00000249e49f5cd0 JavaThread "JavaFX Application Thread" [_thread_in_native, id=25796, stack(0x0000009eac500000,0x0000009eac600000)]
  0x00000249e9467630 JavaThread "JavaFX-Launcher" [_thread_blocked, id=2260, stack(0x0000009eacd00000,0x0000009eace00000)]
  0x00000249e94a7670 JavaThread "Thread-2" daemon [_thread_in_native, id=21424, stack(0x0000009eacc00000,0x0000009eacd00000)]
  0x00000249e95883f0 JavaThread "mysql-cj-abandoned-connection-cleanup" daemon [_thread_blocked, id=19544, stack(0x0000009ead300000,0x0000009ead400000)]
  0x00000249e9586590 JavaThread "Prism Font Disposer" daemon [_thread_blocked, id=22824, stack(0x0000009ead400000,0x0000009ead500000)]
  0x00000249e9588900 JavaThread "Cleaner-0" daemon [_thread_blocked, id=15344, stack(0x0000009eadd00000,0x0000009eade00000)]

Other Threads:
  0x000002499ea219a0 VMThread "VM Thread" [stack: 0x0000009eab900000,0x0000009eaba00000] [id=14844]
  0x00000249e4650b40 WatcherThread [stack: 0x0000009eac700000,0x0000009eac800000] [id=13756]
  0x000002498283a7c0 GCTaskThread "GC Thread#0" [stack: 0x0000009eab400000,0x0000009eab500000] [id=22768]
  0x00000249e948ef90 GCTaskThread "GC Thread#1" [stack: 0x0000009eace00000,0x0000009eacf00000] [id=7028]
  0x00000249e952a3c0 GCTaskThread "GC Thread#2" [stack: 0x0000009eacf00000,0x0000009ead000000] [id=20732]
  0x00000249e9463020 GCTaskThread "GC Thread#3" [stack: 0x0000009ead000000,0x0000009ead100000] [id=2632]
  0x00000249e946b4e0 GCTaskThread "GC Thread#4" [stack: 0x0000009ead100000,0x0000009ead200000] [id=11948]
  0x00000249e9505f70 GCTaskThread "GC Thread#5" [stack: 0x0000009ead200000,0x0000009ead300000] [id=18068]
  0x00000249eb15afa0 GCTaskThread "GC Thread#6" [stack: 0x0000009ead800000,0x0000009ead900000] [id=24344]
  0x00000249e9e2faf0 GCTaskThread "GC Thread#7" [stack: 0x0000009ead900000,0x0000009eada00000] [id=22384]
  0x0000024982847410 ConcurrentGCThread "G1 Main Marker" [stack: 0x0000009eab500000,0x0000009eab600000] [id=8500]
  0x0000024982849760 ConcurrentGCThread "G1 Conc#0" [stack: 0x0000009eab600000,0x0000009eab700000] [id=27388]
  0x000002499e8db8e0 ConcurrentGCThread "G1 Refine#0" [stack: 0x0000009eab700000,0x0000009eab800000] [id=18308]
  0x00000249eb028000 ConcurrentGCThread "G1 Refine#1" [stack: 0x0000009eada00000,0x0000009eadb00000] [id=16372]
  0x00000249e9f0fdb0 ConcurrentGCThread "G1 Refine#2" [stack: 0x0000009eadb00000,0x0000009eadc00000] [id=26604]
  0x000002499e8ddbe0 ConcurrentGCThread "G1 Service" [stack: 0x0000009eab800000,0x0000009eab900000] [id=13952]

Threads with active compile tasks:
C2 CompilerThread0    14031 2899 %     4       com.sun.marlin.Renderer::_endRendering @ 2076 (2639 bytes)

VM state: not at safepoint (normal execution)

VM Mutex/Monitor currently owned by a thread: None

Heap address: 0x0000000743600000, size: 3018 MB, Compressed Oops mode: Zero based, Oop shift amount: 3

CDS archive(s) mapped at: [0x000002499f000000-0x000002499fc00000-0x000002499fc00000), size 12582912, SharedBaseAddress: 0x000002499f000000, ArchiveRelocationMode: 1.
Compressed class space mapped at: 0x00000249a0000000-0x00000249e0000000, reserved size: 1073741824
Narrow klass base: 0x000002499f000000, Narrow klass shift: 0, Narrow klass range: 0x100000000

GC Precious Log:
 CPUs: 8 total, 8 available
 Memory: 12071M
 Large Page Support: Disabled
 NUMA Support: Disabled
 Compressed Oops: Enabled (Zero based)
 Heap Region Size: 2M
 Heap Min Capacity: 8M
 Heap Initial Capacity: 190M
 Heap Max Capacity: 3018M
 Pre-touch: Disabled
 Parallel Workers: 8
 Concurrent Workers: 2
 Concurrent Refinement Workers: 8
 Periodic GC: Disabled

Heap:
 garbage-first heap   total 194560K, used 28889K [0x0000000743600000, 0x0000000800000000)
  region size 2048K, 13 young (26624K), 3 survivors (6144K)
 Metaspace       used 20045K, committed 20352K, reserved 1114112K
  class space    used 2910K, committed 3072K, reserved 1048576K

Heap Regions: E=young(eden), S=young(survivor), O=old, HS=humongous(starts), HC=humongous(continues), CS=collection set, F=free, OA=open archive, CA=closed archive, TAMS=top-at-mark-start (previous, next)
|   0|0x0000000743600000, 0x0000000743800000, 0x0000000743800000|100%| O|  |TAMS 0x0000000743600000, 0x0000000743600000| Untracked 
|   1|0x0000000743800000, 0x0000000743836400, 0x0000000743a00000| 10%| O|  |TAMS 0x0000000743800000, 0x0000000743800000| Untracked 
|   2|0x0000000743a00000, 0x0000000743c00000, 0x0000000743c00000|100%|HS|  |TAMS 0x0000000743a00000, 0x0000000743a00000| Complete 
|   3|0x0000000743c00000, 0x0000000743e00000, 0x0000000743e00000|100%|HS|  |TAMS 0x0000000743c00000, 0x0000000743c00000| Complete 
|   4|0x0000000743e00000, 0x0000000743e00000, 0x0000000744000000|  0%| F|  |TAMS 0x0000000743e00000, 0x0000000743e00000| Untracked 
|   5|0x0000000744000000, 0x0000000744000000, 0x0000000744200000|  0%| F|  |TAMS 0x0000000744000000, 0x0000000744000000| Untracked 
|   6|0x0000000744200000, 0x0000000744200000, 0x0000000744400000|  0%| F|  |TAMS 0x0000000744200000, 0x0000000744200000| Untracked 
|   7|0x0000000744400000, 0x0000000744400000, 0x0000000744600000|  0%| F|  |TAMS 0x0000000744400000, 0x0000000744400000| Untracked 
|   8|0x0000000744600000, 0x0000000744600000, 0x0000000744800000|  0%| F|  |TAMS 0x0000000744600000, 0x0000000744600000| Untracked 
|   9|0x0000000744800000, 0x0000000744800000, 0x0000000744a00000|  0%| F|  |TAMS 0x0000000744800000, 0x0000000744800000| Untracked 
|  10|0x0000000744a00000, 0x0000000744a00000, 0x0000000744c00000|  0%| F|  |TAMS 0x0000000744a00000, 0x0000000744a00000| Untracked 
|  11|0x0000000744c00000, 0x0000000744c00000, 0x0000000744e00000|  0%| F|  |TAMS 0x0000000744c00000, 0x0000000744c00000| Untracked 
|  12|0x0000000744e00000, 0x0000000744e00000, 0x0000000745000000|  0%| F|  |TAMS 0x0000000744e00000, 0x0000000744e00000| Untracked 
|  13|0x0000000745000000, 0x0000000745000000, 0x0000000745200000|  0%| F|  |TAMS 0x0000000745000000, 0x0000000745000000| Untracked 
|  14|0x0000000745200000, 0x0000000745200000, 0x0000000745400000|  0%| F|  |TAMS 0x0000000745200000, 0x0000000745200000| Untracked 
|  15|0x0000000745400000, 0x0000000745400000, 0x0000000745600000|  0%| F|  |TAMS 0x0000000745400000, 0x0000000745400000| Untracked 
|  16|0x0000000745600000, 0x0000000745600000, 0x0000000745800000|  0%| F|  |TAMS 0x0000000745600000, 0x0000000745600000| Untracked 
|  17|0x0000000745800000, 0x0000000745800000, 0x0000000745a00000|  0%| F|  |TAMS 0x0000000745800000, 0x0000000745800000| Untracked 
|  18|0x0000000745a00000, 0x0000000745a00000, 0x0000000745c00000|  0%| F|  |TAMS 0x0000000745a00000, 0x0000000745a00000| Untracked 
|  19|0x0000000745c00000, 0x0000000745c00000, 0x0000000745e00000|  0%| F|  |TAMS 0x0000000745c00000, 0x0000000745c00000| Untracked 
|  20|0x0000000745e00000, 0x0000000745e00000, 0x0000000746000000|  0%| F|  |TAMS 0x0000000745e00000, 0x0000000745e00000| Untracked 
|  21|0x0000000746000000, 0x0000000746000000, 0x0000000746200000|  0%| F|  |TAMS 0x0000000746000000, 0x0000000746000000| Untracked 
|  22|0x0000000746200000, 0x0000000746200000, 0x0000000746400000|  0%| F|  |TAMS 0x0000000746200000, 0x0000000746200000| Untracked 
|  23|0x0000000746400000, 0x0000000746400000, 0x0000000746600000|  0%| F|  |TAMS 0x0000000746400000, 0x0000000746400000| Untracked 
|  24|0x0000000746600000, 0x0000000746600000, 0x0000000746800000|  0%| F|  |TAMS 0x0000000746600000, 0x0000000746600000| Untracked 
|  25|0x0000000746800000, 0x0000000746800000, 0x0000000746a00000|  0%| F|  |TAMS 0x0000000746800000, 0x0000000746800000| Untracked 
|  26|0x0000000746a00000, 0x0000000746a00000, 0x0000000746c00000|  0%| F|  |TAMS 0x0000000746a00000, 0x0000000746a00000| Untracked 
|  27|0x0000000746c00000, 0x0000000746c00000, 0x0000000746e00000|  0%| F|  |TAMS 0x0000000746c00000, 0x0000000746c00000| Untracked 
|  28|0x0000000746e00000, 0x0000000746e00000, 0x0000000747000000|  0%| F|  |TAMS 0x0000000746e00000, 0x0000000746e00000| Untracked 
|  29|0x0000000747000000, 0x0000000747000000, 0x0000000747200000|  0%| F|  |TAMS 0x0000000747000000, 0x0000000747000000| Untracked 
|  30|0x0000000747200000, 0x0000000747200000, 0x0000000747400000|  0%| F|  |TAMS 0x0000000747200000, 0x0000000747200000| Untracked 
|  31|0x0000000747400000, 0x0000000747400000, 0x0000000747600000|  0%| F|  |TAMS 0x0000000747400000, 0x0000000747400000| Untracked 
|  32|0x0000000747600000, 0x0000000747600000, 0x0000000747800000|  0%| F|  |TAMS 0x0000000747600000, 0x0000000747600000| Untracked 
|  33|0x0000000747800000, 0x0000000747800000, 0x0000000747a00000|  0%| F|  |TAMS 0x0000000747800000, 0x0000000747800000| Untracked 
|  34|0x0000000747a00000, 0x0000000747a00000, 0x0000000747c00000|  0%| F|  |TAMS 0x0000000747a00000, 0x0000000747a00000| Untracked 
|  35|0x0000000747c00000, 0x0000000747c00000, 0x0000000747e00000|  0%| F|  |TAMS 0x0000000747c00000, 0x0000000747c00000| Untracked 
|  36|0x0000000747e00000, 0x0000000747e00000, 0x0000000748000000|  0%| F|  |TAMS 0x0000000747e00000, 0x0000000747e00000| Untracked 
|  37|0x0000000748000000, 0x0000000748000000, 0x0000000748200000|  0%| F|  |TAMS 0x0000000748000000, 0x0000000748000000| Untracked 
|  38|0x0000000748200000, 0x0000000748200000, 0x0000000748400000|  0%| F|  |TAMS 0x0000000748200000, 0x0000000748200000| Untracked 
|  39|0x0000000748400000, 0x0000000748400000, 0x0000000748600000|  0%| F|  |TAMS 0x0000000748400000, 0x0000000748400000| Untracked 
|  40|0x0000000748600000, 0x0000000748600000, 0x0000000748800000|  0%| F|  |TAMS 0x0000000748600000, 0x0000000748600000| Untracked 
|  41|0x0000000748800000, 0x0000000748800000, 0x0000000748a00000|  0%| F|  |TAMS 0x0000000748800000, 0x0000000748800000| Untracked 
|  42|0x0000000748a00000, 0x0000000748a00000, 0x0000000748c00000|  0%| F|  |TAMS 0x0000000748a00000, 0x0000000748a00000| Untracked 
|  43|0x0000000748c00000, 0x0000000748c00000, 0x0000000748e00000|  0%| F|  |TAMS 0x0000000748c00000, 0x0000000748c00000| Untracked 
|  44|0x0000000748e00000, 0x0000000748e00000, 0x0000000749000000|  0%| F|  |TAMS 0x0000000748e00000, 0x0000000748e00000| Untracked 
|  45|0x0000000749000000, 0x0000000749000000, 0x0000000749200000|  0%| F|  |TAMS 0x0000000749000000, 0x0000000749000000| Untracked 
|  46|0x0000000749200000, 0x0000000749200000, 0x0000000749400000|  0%| F|  |TAMS 0x0000000749200000, 0x0000000749200000| Untracked 
|  47|0x0000000749400000, 0x0000000749400000, 0x0000000749600000|  0%| F|  |TAMS 0x0000000749400000, 0x0000000749400000| Untracked 
|  48|0x0000000749600000, 0x0000000749600000, 0x0000000749800000|  0%| F|  |TAMS 0x0000000749600000, 0x0000000749600000| Untracked 
|  49|0x0000000749800000, 0x0000000749800000, 0x0000000749a00000|  0%| F|  |TAMS 0x0000000749800000, 0x0000000749800000| Untracked 
|  50|0x0000000749a00000, 0x0000000749a00000, 0x0000000749c00000|  0%| F|  |TAMS 0x0000000749a00000, 0x0000000749a00000| Untracked 
|  51|0x0000000749c00000, 0x0000000749c00000, 0x0000000749e00000|  0%| F|  |TAMS 0x0000000749c00000, 0x0000000749c00000| Untracked 
|  52|0x0000000749e00000, 0x0000000749e00000, 0x000000074a000000|  0%| F|  |TAMS 0x0000000749e00000, 0x0000000749e00000| Untracked 
|  53|0x000000074a000000, 0x000000074a000000, 0x000000074a200000|  0%| F|  |TAMS 0x000000074a000000, 0x000000074a000000| Untracked 
|  54|0x000000074a200000, 0x000000074a200000, 0x000000074a400000|  0%| F|  |TAMS 0x000000074a200000, 0x000000074a200000| Untracked 
|  55|0x000000074a400000, 0x000000074a400000, 0x000000074a600000|  0%| F|  |TAMS 0x000000074a400000, 0x000000074a400000| Untracked 
|  56|0x000000074a600000, 0x000000074a600000, 0x000000074a800000|  0%| F|  |TAMS 0x000000074a600000, 0x000000074a600000| Untracked 
|  57|0x000000074a800000, 0x000000074a800000, 0x000000074aa00000|  0%| F|  |TAMS 0x000000074a800000, 0x000000074a800000| Untracked 
|  58|0x000000074aa00000, 0x000000074aa00000, 0x000000074ac00000|  0%| F|  |TAMS 0x000000074aa00000, 0x000000074aa00000| Untracked 
|  59|0x000000074ac00000, 0x000000074ac00000, 0x000000074ae00000|  0%| F|  |TAMS 0x000000074ac00000, 0x000000074ac00000| Untracked 
|  60|0x000000074ae00000, 0x000000074ae00000, 0x000000074b000000|  0%| F|  |TAMS 0x000000074ae00000, 0x000000074ae00000| Untracked 
|  61|0x000000074b000000, 0x000000074b000000, 0x000000074b200000|  0%| F|  |TAMS 0x000000074b000000, 0x000000074b000000| Untracked 
|  62|0x000000074b200000, 0x000000074b200000, 0x000000074b400000|  0%| F|  |TAMS 0x000000074b200000, 0x000000074b200000| Untracked 
|  63|0x000000074b400000, 0x000000074b400000, 0x000000074b600000|  0%| F|  |TAMS 0x000000074b400000, 0x000000074b400000| Untracked 
|  64|0x000000074b600000, 0x000000074b600000, 0x000000074b800000|  0%| F|  |TAMS 0x000000074b600000, 0x000000074b600000| Untracked 
|  65|0x000000074b800000, 0x000000074b800000, 0x000000074ba00000|  0%| F|  |TAMS 0x000000074b800000, 0x000000074b800000| Untracked 
|  66|0x000000074ba00000, 0x000000074ba00000, 0x000000074bc00000|  0%| F|  |TAMS 0x000000074ba00000, 0x000000074ba00000| Untracked 
|  67|0x000000074bc00000, 0x000000074bc00000, 0x000000074be00000|  0%| F|  |TAMS 0x000000074bc00000, 0x000000074bc00000| Untracked 
|  68|0x000000074be00000, 0x000000074be00000, 0x000000074c000000|  0%| F|  |TAMS 0x000000074be00000, 0x000000074be00000| Untracked 
|  69|0x000000074c000000, 0x000000074c000000, 0x000000074c200000|  0%| F|  |TAMS 0x000000074c000000, 0x000000074c000000| Untracked 
|  70|0x000000074c200000, 0x000000074c200000, 0x000000074c400000|  0%| F|  |TAMS 0x000000074c200000, 0x000000074c200000| Untracked 
|  71|0x000000074c400000, 0x000000074c400000, 0x000000074c600000|  0%| F|  |TAMS 0x000000074c400000, 0x000000074c400000| Untracked 
|  72|0x000000074c600000, 0x000000074c800000, 0x000000074c800000|100%| S|CS|TAMS 0x000000074c600000, 0x000000074c600000| Complete 
|  73|0x000000074c800000, 0x000000074ca00000, 0x000000074ca00000|100%| S|CS|TAMS 0x000000074c800000, 0x000000074c800000| Complete 
|  74|0x000000074ca00000, 0x000000074cc00000, 0x000000074cc00000|100%| S|CS|TAMS 0x000000074ca00000, 0x000000074ca00000| Complete 
|  75|0x000000074cc00000, 0x000000074cc00000, 0x000000074ce00000|  0%| F|  |TAMS 0x000000074cc00000, 0x000000074cc00000| Untracked 
|  76|0x000000074ce00000, 0x000000074ce00000, 0x000000074d000000|  0%| F|  |TAMS 0x000000074ce00000, 0x000000074ce00000| Untracked 
|  77|0x000000074d000000, 0x000000074d000000, 0x000000074d200000|  0%| F|  |TAMS 0x000000074d000000, 0x000000074d000000| Untracked 
|  78|0x000000074d200000, 0x000000074d200000, 0x000000074d400000|  0%| F|  |TAMS 0x000000074d200000, 0x000000074d200000| Untracked 
|  79|0x000000074d400000, 0x000000074d400000, 0x000000074d600000|  0%| F|  |TAMS 0x000000074d400000, 0x000000074d400000| Untracked 
|  80|0x000000074d600000, 0x000000074d600000, 0x000000074d800000|  0%| F|  |TAMS 0x000000074d600000, 0x000000074d600000| Untracked 
|  81|0x000000074d800000, 0x000000074d800000, 0x000000074da00000|  0%| F|  |TAMS 0x000000074d800000, 0x000000074d800000| Untracked 
|  82|0x000000074da00000, 0x000000074da00000, 0x000000074dc00000|  0%| F|  |TAMS 0x000000074da00000, 0x000000074da00000| Untracked 
|  83|0x000000074dc00000, 0x000000074dc00000, 0x000000074de00000|  0%| F|  |TAMS 0x000000074dc00000, 0x000000074dc00000| Untracked 
|  84|0x000000074de00000, 0x000000074de00000, 0x000000074e000000|  0%| F|  |TAMS 0x000000074de00000, 0x000000074de00000| Untracked 
|  85|0x000000074e000000, 0x000000074e200000, 0x000000074e200000|100%| E|  |TAMS 0x000000074e000000, 0x000000074e000000| Complete 
|  86|0x000000074e200000, 0x000000074e400000, 0x000000074e400000|100%| E|  |TAMS 0x000000074e200000, 0x000000074e200000| Complete 
|  87|0x000000074e400000, 0x000000074e600000, 0x000000074e600000|100%| E|CS|TAMS 0x000000074e400000, 0x000000074e400000| Complete 
|  88|0x000000074e600000, 0x000000074e800000, 0x000000074e800000|100%| E|CS|TAMS 0x000000074e600000, 0x000000074e600000| Complete 
|  89|0x000000074e800000, 0x000000074ea00000, 0x000000074ea00000|100%| E|CS|TAMS 0x000000074e800000, 0x000000074e800000| Complete 
|  90|0x000000074ea00000, 0x000000074ec00000, 0x000000074ec00000|100%| E|CS|TAMS 0x000000074ea00000, 0x000000074ea00000| Complete 
|  91|0x000000074ec00000, 0x000000074ee00000, 0x000000074ee00000|100%| E|CS|TAMS 0x000000074ec00000, 0x000000074ec00000| Complete 
|  92|0x000000074ee00000, 0x000000074f000000, 0x000000074f000000|100%| E|CS|TAMS 0x000000074ee00000, 0x000000074ee00000| Complete 
|  93|0x000000074f000000, 0x000000074f200000, 0x000000074f200000|100%| E|CS|TAMS 0x000000074f000000, 0x000000074f000000| Complete 
|  94|0x000000074f200000, 0x000000074f400000, 0x000000074f400000|100%| E|CS|TAMS 0x000000074f200000, 0x000000074f200000| Complete 

Card table byte_map: [0x00000249958b0000,0x0000024995ea0000] _byte_map_base: 0x0000024991e95000

Marking Bits (Prev, Next): (CMBitMap*) 0x000002498283acf0, (CMBitMap*) 0x000002498283ad30
 Prev Bits: [0x0000024996490000, 0x00000249993b8000)
 Next Bits: [0x00000249993c0000, 0x000002499c2e8000)

Polling page: 0x0000024980690000

Metaspace:

Usage:
  Non-class:     16.73 MB used.
      Class:      2.84 MB used.
       Both:     19.58 MB used.

Virtual space:
  Non-class space:       64.00 MB reserved,      16.88 MB ( 26%) committed,  1 nodes.
      Class space:        1.00 GB reserved,       3.00 MB ( <1%) committed,  1 nodes.
             Both:        1.06 GB reserved,      19.88 MB (  2%) committed. 

Chunk freelists:
   Non-Class:  14.67 MB
       Class:  13.04 MB
        Both:  27.71 MB

MaxMetaspaceSize: unlimited
CompressedClassSpaceSize: 1.00 GB
Initial GC threshold: 21.00 MB
Current GC threshold: 21.00 MB
CDS: on
MetaspaceReclaimPolicy: balanced
 - commit_granule_bytes: 65536.
 - commit_granule_words: 8192.
 - virtual_space_node_default_size: 8388608.
 - enlarge_chunks_in_place: 1.
 - new_chunks_are_fully_committed: 0.
 - uncommit_free_chunks: 1.
 - use_allocation_guard: 0.
 - handle_deallocations: 1.


Internal statistics:

num_allocs_failed_limit: 0.
num_arena_births: 198.
num_arena_deaths: 0.
num_vsnodes_births: 2.
num_vsnodes_deaths: 0.
num_space_committed: 318.
num_space_uncommitted: 0.
num_chunks_returned_to_freelist: 0.
num_chunks_taken_from_freelist: 847.
num_chunk_merges: 0.
num_chunk_splits: 605.
num_chunks_enlarged: 479.
num_inconsistent_stats: 0.

CodeHeap 'non-profiled nmethods': size=120000Kb used=1125Kb max_used=1125Kb free=118874Kb
 bounds [0x000002498da60000, 0x000002498dcd0000, 0x0000024994f90000]
CodeHeap 'profiled nmethods': size=120000Kb used=5546Kb max_used=5546Kb free=114453Kb
 bounds [0x0000024985f90000, 0x0000024986500000, 0x000002498d4c0000]
CodeHeap 'non-nmethods': size=5760Kb used=1477Kb max_used=1507Kb free=4282Kb
 bounds [0x000002498d4c0000, 0x000002498d730000, 0x000002498da60000]
 total_blobs=3744 nmethods=2908 adapters=748
 compilation: enabled
              stopped_count=0, restarted_count=0
 full_count=0

Compilation events (20 events):
Event: 13.861 Thread 0x000002499ea3e5a0 2900       1       javafx.scene.layout.BorderStroke::getRightStroke (5 bytes)
Event: 13.861 Thread 0x000002499ea3e5a0 nmethod 2900 0x000002498db77690 code [0x000002498db77820, 0x000002498db778f8]
Event: 13.861 Thread 0x000002499ea3e5a0 2901       1       javafx.scene.layout.BorderStroke::getBottomStroke (5 bytes)
Event: 13.861 Thread 0x000002499ea3e5a0 nmethod 2901 0x000002498db77990 code [0x000002498db77b20, 0x000002498db77bf8]
Event: 13.861 Thread 0x000002499ea3e5a0 2902       1       javafx.scene.layout.BorderStroke::getLeftStroke (5 bytes)
Event: 13.861 Thread 0x000002499ea3e5a0 nmethod 2902 0x000002498db77c90 code [0x000002498db77e20, 0x000002498db77ef8]
Event: 13.861 Thread 0x000002499ea3e5a0 2903       1       javafx.scene.layout.BorderWidths::isRightAsPercentage (5 bytes)
Event: 13.861 Thread 0x000002499ea3e5a0 nmethod 2903 0x000002498db77f90 code [0x000002498db78120, 0x000002498db781f8]
Event: 13.861 Thread 0x000002499ea3e5a0 2904       1       javafx.scene.layout.BorderWidths::isBottomAsPercentage (5 bytes)
Event: 13.861 Thread 0x000002499ea3e5a0 nmethod 2904 0x000002498db78290 code [0x000002498db78420, 0x000002498db784f8]
Event: 13.861 Thread 0x000002499ea3e5a0 2905       1       javafx.scene.layout.BorderWidths::isLeftAsPercentage (5 bytes)
Event: 13.861 Thread 0x000002499ea3e5a0 nmethod 2905 0x000002498db78590 code [0x000002498db78720, 0x000002498db787f8]
Event: 13.861 Thread 0x000002499ea3e5a0 2906       1       javafx.scene.layout.BorderStroke::getRightStyle (5 bytes)
Event: 13.861 Thread 0x000002499ea3e5a0 nmethod 2906 0x000002498db78890 code [0x000002498db78a20, 0x000002498db78af8]
Event: 13.861 Thread 0x000002499ea3e5a0 2907       1       javafx.scene.layout.BorderStroke::getBottomStyle (5 bytes)
Event: 13.861 Thread 0x000002499ea3e5a0 nmethod 2907 0x000002498db78b90 code [0x000002498db78d20, 0x000002498db78df8]
Event: 13.861 Thread 0x000002499ea3e5a0 2908       1       javafx.scene.layout.BorderStroke::getLeftStyle (5 bytes)
Event: 13.861 Thread 0x000002499ea3e5a0 nmethod 2908 0x000002498db78e90 code [0x000002498db79020, 0x000002498db790f8]
Event: 13.861 Thread 0x000002499ea3e5a0 2909       1       javafx.scene.layout.BorderStroke::isStrokeUniform (5 bytes)
Event: 13.861 Thread 0x000002499ea3e5a0 nmethod 2909 0x000002498db79190 code [0x000002498db79320, 0x000002498db793f8]

GC Heap History (4 events):
Event: 1.289 GC heap before
{Heap before GC invocations=0 (full 0):
 garbage-first heap   total 194560K, used 20480K [0x0000000743600000, 0x0000000800000000)
  region size 2048K, 11 young (22528K), 0 survivors (0K)
 Metaspace       used 5789K, committed 5952K, reserved 1114112K
  class space    used 680K, committed 768K, reserved 1048576K
}
Event: 1.294 GC heap after
{Heap after GC invocations=1 (full 0):
 garbage-first heap   total 194560K, used 3197K [0x0000000743600000, 0x0000000800000000)
  region size 2048K, 2 young (4096K), 2 survivors (4096K)
 Metaspace       used 5789K, committed 5952K, reserved 1114112K
  class space    used 680K, committed 768K, reserved 1048576K
}
Event: 3.646 GC heap before
{Heap before GC invocations=1 (full 0):
 garbage-first heap   total 194560K, used 38013K [0x0000000743600000, 0x0000000800000000)
  region size 2048K, 20 young (40960K), 2 survivors (4096K)
 Metaspace       used 15955K, committed 16192K, reserved 1114112K
  class space    used 2206K, committed 2304K, reserved 1048576K
}
Event: 3.658 GC heap after
{Heap after GC invocations=2 (full 0):
 garbage-first heap   total 194560K, used 8409K [0x0000000743600000, 0x0000000800000000)
  region size 2048K, 3 young (6144K), 3 survivors (6144K)
 Metaspace       used 15955K, committed 16192K, reserved 1114112K
  class space    used 2206K, committed 2304K, reserved 1048576K
}

Dll operation events (2 events):
Event: 0.012 Loaded shared library C:\Users\User_01\.jdks\jbr-17.0.12\bin\java.dll
Event: 0.044 Loaded shared library C:\Users\User_01\.jdks\jbr-17.0.12\bin\jsvml.dll

Deoptimization events (20 events):
Event: 7.901 Thread 0x00000249e489bbd0 DEOPT PACKING pc=0x00000249863975df sp=0x0000009eac8fdd70
Event: 7.901 Thread 0x00000249e489bbd0 DEOPT UNPACKING pc=0x000002498d51ace3 sp=0x0000009eac8fd1d8 mode 0
Event: 7.901 Thread 0x00000249e489bbd0 DEOPT PACKING pc=0x00000249863975df sp=0x0000009eac8fdd70
Event: 7.901 Thread 0x00000249e489bbd0 DEOPT UNPACKING pc=0x000002498d51ace3 sp=0x0000009eac8fd1d8 mode 0
Event: 7.901 Thread 0x00000249e489bbd0 DEOPT PACKING pc=0x00000249863975df sp=0x0000009eac8fdd70
Event: 7.901 Thread 0x00000249e489bbd0 DEOPT UNPACKING pc=0x000002498d51ace3 sp=0x0000009eac8fd1d8 mode 0
Event: 7.901 Thread 0x00000249e489bbd0 DEOPT PACKING pc=0x00000249863975df sp=0x0000009eac8fdd70
Event: 7.901 Thread 0x00000249e489bbd0 DEOPT UNPACKING pc=0x000002498d51ace3 sp=0x0000009eac8fd1d8 mode 0
Event: 7.901 Thread 0x00000249e489bbd0 DEOPT PACKING pc=0x00000249863975df sp=0x0000009eac8fdd70
Event: 7.901 Thread 0x00000249e489bbd0 DEOPT UNPACKING pc=0x000002498d51ace3 sp=0x0000009eac8fd1d8 mode 0
Event: 7.901 Thread 0x00000249e489bbd0 DEOPT PACKING pc=0x00000249863975df sp=0x0000009eac8fdd70
Event: 7.901 Thread 0x00000249e489bbd0 DEOPT UNPACKING pc=0x000002498d51ace3 sp=0x0000009eac8fd1d8 mode 0
Event: 7.901 Thread 0x00000249e489bbd0 DEOPT PACKING pc=0x00000249863975df sp=0x0000009eac8fdd70
Event: 7.901 Thread 0x00000249e489bbd0 DEOPT UNPACKING pc=0x000002498d51ace3 sp=0x0000009eac8fd1d8 mode 0
Event: 7.901 Thread 0x00000249e489bbd0 DEOPT PACKING pc=0x00000249863975df sp=0x0000009eac8fdd70
Event: 7.901 Thread 0x00000249e489bbd0 DEOPT UNPACKING pc=0x000002498d51ace3 sp=0x0000009eac8fd1d8 mode 0
Event: 7.903 Thread 0x00000249e489bbd0 DEOPT PACKING pc=0x0000024986397522 sp=0x0000009eac8fdd70
Event: 7.903 Thread 0x00000249e489bbd0 DEOPT UNPACKING pc=0x000002498d51ace3 sp=0x0000009eac8fd1c8 mode 0
Event: 7.903 Thread 0x00000249e489bbd0 DEOPT PACKING pc=0x0000024986397522 sp=0x0000009eac8fdd70
Event: 7.903 Thread 0x00000249e489bbd0 DEOPT UNPACKING pc=0x000002498d51ace3 sp=0x0000009eac8fd1c8 mode 0

Classes loaded (20 events):
Event: 4.490 Loading class java/nio/ShortBuffer
Event: 4.491 Loading class java/nio/ShortBuffer done
Event: 4.491 Loading class java/nio/DoubleBuffer
Event: 4.492 Loading class java/nio/DoubleBuffer done
Event: 4.492 Loading class java/nio/DirectFloatBufferU
Event: 4.492 Loading class java/nio/DirectFloatBufferU done
Event: 4.507 Loading class jdk/internal/ref/CleanerImpl$InnocuousThreadFactory
Event: 4.507 Loading class jdk/internal/ref/CleanerImpl$InnocuousThreadFactory done
Event: 4.519 Loading class sun/misc/Unsafe
Event: 4.520 Loading class sun/misc/Unsafe done
Event: 4.520 Loading class jdk/internal/reflect/UnsafeQualifiedStaticObjectFieldAccessorImpl
Event: 4.520 Loading class jdk/internal/reflect/UnsafeQualifiedStaticFieldAccessorImpl
Event: 4.521 Loading class jdk/internal/reflect/UnsafeQualifiedStaticFieldAccessorImpl done
Event: 4.521 Loading class jdk/internal/reflect/UnsafeQualifiedStaticObjectFieldAccessorImpl done
Event: 7.877 Loading class java/util/EnumMap$Values
Event: 7.878 Loading class java/util/EnumMap$Values done
Event: 7.878 Loading class java/util/EnumMap$ValueIterator
Event: 7.878 Loading class java/util/EnumMap$EnumMapIterator
Event: 7.878 Loading class java/util/EnumMap$EnumMapIterator done
Event: 7.878 Loading class java/util/EnumMap$ValueIterator done

Classes unloaded (0 events):
No events

Classes redefined (0 events):
No events

Internal exceptions (20 events):
Event: 2.727 Thread 0x00000249e49f5cd0 Exception <a 'java/io/FileNotFoundException'{0x000000074d9e99d8}> (0x000000074d9e99d8) 
thrown [s\src\hotspot\share\prims\jni.cpp, line 531]
Event: 2.817 Thread 0x00000249e49f5cd0 Exception <a 'java/io/FileNotFoundException'{0x000000074d6407c0}> (0x000000074d6407c0) 
thrown [s\src\hotspot\share\prims\jni.cpp, line 531]
Event: 2.826 Thread 0x00000249e49f5cd0 Exception <a 'java/io/FileNotFoundException'{0x000000074d64c460}> (0x000000074d64c460) 
thrown [s\src\hotspot\share\prims\jni.cpp, line 531]
Event: 3.268 Thread 0x00000249e49f5cd0 Implicit null exception at 0x000002498dafcbd8 to 0x000002498dafcc6e
Event: 3.288 Thread 0x00000249e49f5cd0 Implicit null exception at 0x000002498dad9a8d to 0x000002498dad9ff0
Event: 3.337 Thread 0x00000249e49f5cd0 Implicit null exception at 0x000002498dad198d to 0x000002498dad1ef4
Event: 3.340 Thread 0x00000249e49f5cd0 Implicit null exception at 0x000002498da7f68f to 0x000002498da7f709
Event: 3.663 Thread 0x00000249e49f5cd0 Exception <a 'java/lang/NoSuchMethodError'{0x000000074f2113b0}: 'java.lang.Object java.lang.invoke.DirectMethodHandle$Holder.invokeInterface(java.lang.Object, java.lang.Object, java.lang.Object)'> (0x000000074f2113b0) 
thrown [s\src\hotspot\share\interpreter\linkResolver.cpp, line 771]
Event: 3.664 Thread 0x00000249e49f5cd0 Exception <a 'java/lang/IncompatibleClassChangeError'{0x000000074f214a78}: Found class java.lang.Object, but interface was expected> (0x000000074f214a78) 
thrown [s\src\hotspot\share\interpreter\linkResolver.cpp, line 838]
Event: 3.761 Thread 0x00000249e49f5cd0 Exception <a 'java/lang/ClassNotFoundException'{0x000000074f0b9f58}: com/sun/javafx/scene/control/skin/resources/controls> (0x000000074f0b9f58) 
thrown [s\src\hotspot\share\prims\jni.cpp, line 550]
Event: 3.762 Thread 0x00000249e49f5cd0 Exception <a 'java/lang/ClassNotFoundException'{0x000000074f0c8388}: com/sun/javafx/scene/control/skin/resources/controls_fr> (0x000000074f0c8388) 
thrown [s\src\hotspot\share\prims\jni.cpp, line 550]
Event: 3.764 Thread 0x00000249e49f5cd0 Exception <a 'java/lang/ClassNotFoundException'{0x000000074f0d60c0}: com/sun/javafx/scene/control/skin/resources/controls_fr_FR> (0x000000074f0d60c0) 
thrown [s\src\hotspot\share\prims\jni.cpp, line 550]
Event: 3.921 Thread 0x00000249e49f5cd0 Exception <a 'java/lang/NoSuchMethodError'{0x000000074ee954c0}: 'void java.lang.invoke.DirectMethodHandle$Holder.invokeSpecial(java.lang.Object, java.lang.Object, java.lang.Object, java.lang.Object, java.lang.Object, java.lang.Object)'> (0x000000074ee954c0) 
thrown [s\src\hotspot\share\interpreter\linkResolver.cpp, line 771]
Event: 4.158 Thread 0x00000249e49f5cd0 Exception <a 'java/lang/NoSuchMethodError'{0x000000074ea8e5b8}: 'java.lang.Object java.lang.invoke.DirectMethodHandle$Holder.newInvokeSpecial(java.lang.Object, java.lang.Object, int)'> (0x000000074ea8e5b8) 
thrown [s\src\hotspot\share\interpreter\linkResolver.cpp, line 771]
Event: 4.446 Thread 0x00000249e489bbd0 Exception <a 'java/lang/NoSuchMethodError'{0x000000074e91ac10}: 'int java.lang.invoke.DirectMethodHandle$Holder.invokeStaticInit(java.lang.Object, java.lang.Object)'> (0x000000074e91ac10) 
thrown [s\src\hotspot\share\interpreter\linkResolver.cpp, line 771]
Event: 4.450 Thread 0x00000249e49f5cd0 Exception <a 'java/lang/NoSuchMethodError'{0x000000074e854b20}: 'long java.lang.invoke.DirectMethodHandle$Holder.invokeStatic(java.lang.Object, java.lang.Object, java.lang.Object)'> (0x000000074e854b20) 
thrown [s\src\hotspot\share\interpreter\linkResolver.cpp, line 771]
Event: 4.451 Thread 0x00000249e49f5cd0 Exception <a 'java/lang/NoSuchMethodError'{0x000000074e8582c8}: 'long java.lang.invoke.DirectMethodHandle$Holder.invokeStaticInit(java.lang.Object, java.lang.Object, java.lang.Object)'> (0x000000074e8582c8) 
thrown [s\src\hotspot\share\interpreter\linkResolver.cpp, line 771]
Event: 4.456 Thread 0x00000249e49f5cd0 Exception <a 'java/lang/NoSuchMethodError'{0x000000074e86fe48}: 'java.lang.Object java.lang.invoke.DirectMethodHandle$Holder.newInvokeSpecial(java.lang.Object, java.lang.Object, long)'> (0x000000074e86fe48) 
thrown [s\src\hotspot\share\interpreter\linkResolver.cpp, line 771]
Event: 4.457 Thread 0x00000249e49f5cd0 Exception <a 'java/lang/NoSuchMethodError'{0x000000074e8739b8}: 'java.lang.Object java.lang.invoke.Invokers$Holder.linkToTargetMethod(java.lang.Object, long, java.lang.Object)'> (0x000000074e8739b8) 
thrown [s\src\hotspot\share\interpreter\linkResolver.cpp, line 771]
Event: 4.473 Thread 0x00000249e489bbd0 Exception <a 'java/lang/NoSuchMethodError'{0x000000074e9aaab0}: 'java.lang.Object java.lang.invoke.DirectMethodHandle$Holder.invokeStaticInit(java.lang.Object, int)'> (0x000000074e9aaab0) 
thrown [s\src\hotspot\share\interpreter\linkResolver.cpp, line 771]

VM Operations (20 events):
Event: 3.646 Executing VM operation: G1CollectForAllocation
Event: 3.658 Executing VM operation: G1CollectForAllocation done
Event: 5.658 Executing VM operation: Cleanup
Event: 5.658 Executing VM operation: Cleanup done
Event: 6.658 Executing VM operation: Cleanup
Event: 6.658 Executing VM operation: Cleanup done
Event: 7.659 Executing VM operation: Cleanup
Event: 7.659 Executing VM operation: Cleanup done
Event: 8.660 Executing VM operation: Cleanup
Event: 8.660 Executing VM operation: Cleanup done
Event: 9.660 Executing VM operation: Cleanup
Event: 9.660 Executing VM operation: Cleanup done
Event: 10.661 Executing VM operation: Cleanup
Event: 10.661 Executing VM operation: Cleanup done
Event: 11.662 Executing VM operation: Cleanup
Event: 11.662 Executing VM operation: Cleanup done
Event: 12.662 Executing VM operation: Cleanup
Event: 12.662 Executing VM operation: Cleanup done
Event: 13.663 Executing VM operation: Cleanup
Event: 13.663 Executing VM operation: Cleanup done

Events (20 events):
Event: 0.877 Thread 0x00000249e412dbe0 Thread exited: 0x00000249e412dbe0
Event: 0.921 Loaded shared library C:\Users\User_01\.openjfx\cache\21.0.1+6\amd64\glass.dll
Event: 0.925 Thread 0x00000249e4a37f10 Thread added: 0x00000249e4a37f10
Event: 0.931 Thread 0x00000249e49f5cd0 Thread added: 0x00000249e49f5cd0
Event: 1.138 Thread 0x00000249e9467630 Thread added: 0x00000249e9467630
Event: 1.138 Thread 0x00000249e94a7670 Thread added: 0x00000249e94a7670
Event: 1.198 Loaded shared library C:\Users\User_01\.jdks\jbr-17.0.12\bin\jimage.dll
Event: 1.299 Thread 0x00000249e95883f0 Thread added: 0x00000249e95883f0
Event: 1.375 Thread 0x00000249eada40d0 Thread added: 0x00000249eada40d0
Event: 1.627 Loaded shared library C:\Users\User_01\.jdks\jbr-17.0.12\bin\extnet.dll
Event: 1.934 Thread 0x00000249eada40d0 Thread exited: 0x00000249eada40d0
Event: 2.210 Thread 0x00000249e9a3a780 Thread added: 0x00000249e9a3a780
Event: 2.373 Loaded shared library C:\Users\User_01\.openjfx\cache\21.0.1+6\amd64\javafx_font.dll
Event: 3.011 Thread 0x00000249e9a3a780 Thread exited: 0x00000249e9a3a780
Event: 3.217 Thread 0x00000249e9a3a780 Thread added: 0x00000249e9a3a780
Event: 3.499 Thread 0x00000249e9a3a780 Thread exited: 0x00000249e9a3a780
Event: 3.638 Thread 0x00000249e9586590 Thread added: 0x00000249e9586590
Event: 4.508 Thread 0x00000249e9588900 Thread added: 0x00000249e9588900
Event: 4.523 Thread 0x00000249e9d373e0 Thread added: 0x00000249e9d373e0
Event: 4.750 Thread 0x00000249e9d373e0 Thread exited: 0x00000249e9d373e0


Dynamic libraries:
0x00007ff6bdfa0000 - 0x00007ff6bdfaa000 	C:\Users\User_01\.jdks\jbr-17.0.12\bin\java.exe
0x00007ffc76e60000 - 0x00007ffc770c7000 	C:\WINDOWS\SYSTEM32\ntdll.dll
0x00007ffc75cc0000 - 0x00007ffc75d89000 	C:\WINDOWS\System32\KERNEL32.DLL
0x00007ffc742a0000 - 0x00007ffc7468f000 	C:\WINDOWS\System32\KERNELBASE.dll
0x00007ffc740a0000 - 0x00007ffc741eb000 	C:\WINDOWS\System32\ucrtbase.dll
0x00007ffc51b70000 - 0x00007ffc51b8b000 	C:\Users\User_01\.jdks\jbr-17.0.12\bin\VCRUNTIME140.dll
0x00007ffc60f20000 - 0x00007ffc60f37000 	C:\Users\User_01\.jdks\jbr-17.0.12\bin\jli.dll
0x00007ffc74fa0000 - 0x00007ffc75165000 	C:\WINDOWS\System32\USER32.dll
0x00007ffc57670000 - 0x00007ffc57903000 	C:\WINDOWS\WinSxS\amd64_microsoft.windows.common-controls_6595b64144ccf1df_6.0.26100.7309_none_3e05feeae336a044\COMCTL32.dll
0x00007ffc73fb0000 - 0x00007ffc73fd7000 	C:\WINDOWS\System32\win32u.dll
0x00007ffc76d70000 - 0x00007ffc76e19000 	C:\WINDOWS\System32\msvcrt.dll
0x00007ffc74e10000 - 0x00007ffc74e3b000 	C:\WINDOWS\System32\GDI32.dll
0x00007ffc746a0000 - 0x00007ffc747cc000 	C:\WINDOWS\System32\gdi32full.dll
0x00007ffc74940000 - 0x00007ffc749e3000 	C:\WINDOWS\System32\msvcp_win.dll
0x00007ffc76ce0000 - 0x00007ffc76d11000 	C:\WINDOWS\System32\IMM32.DLL
0x000000005bdd0000 - 0x000000005bddc000 	C:\Program Files (x86)\360\Total Security\safemon\SafeWrapper.dll
0x00007ffc75170000 - 0x00007ffc75224000 	C:\WINDOWS\System32\ADVAPI32.dll
0x00007ffc755c0000 - 0x00007ffc75666000 	C:\WINDOWS\System32\sechost.dll
0x00007ffc76610000 - 0x00007ffc76728000 	C:\WINDOWS\System32\RPCRT4.dll
0x00007ffc37f90000 - 0x00007ffc3803c000 	C:\Program Files (x86)\360\Total Security\safemon\libzdtp64.dll
0x00007ffc75e20000 - 0x00007ffc76573000 	C:\WINDOWS\System32\SHELL32.dll
0x00007ffc747d0000 - 0x00007ffc7493a000 	C:\WINDOWS\System32\wintypes.dll
0x00007ffc75230000 - 0x00007ffc755b6000 	C:\WINDOWS\System32\combase.dll
0x00007ffc75da0000 - 0x00007ffc75e06000 	C:\WINDOWS\System32\SHLWAPI.dll
0x00007ffc73a90000 - 0x00007ffc73a9b000 	C:\WINDOWS\SYSTEM32\VERSION.dll
0x00007ffc62d40000 - 0x00007ffc62d4c000 	C:\Users\User_01\.jdks\jbr-17.0.12\bin\vcruntime140_1.dll
0x00007ffc34550000 - 0x00007ffc345dd000 	C:\Users\User_01\.jdks\jbr-17.0.12\bin\msvcp140.dll
0x00007ffb83f50000 - 0x00007ffb84bda000 	C:\Users\User_01\.jdks\jbr-17.0.12\bin\server\jvm.dll
0x00007ffc76580000 - 0x00007ffc765f4000 	C:\WINDOWS\System32\WS2_32.dll
0x00007ffc73e10000 - 0x00007ffc73e6e000 	C:\WINDOWS\SYSTEM32\POWRPROF.dll
0x00007ffc6b560000 - 0x00007ffc6b595000 	C:\WINDOWS\SYSTEM32\WINMM.dll
0x00007ffc73df0000 - 0x00007ffc73e04000 	C:\WINDOWS\SYSTEM32\UMPDC.dll
0x00007ffc72cf0000 - 0x00007ffc72d0b000 	C:\WINDOWS\SYSTEM32\kernel.appcore.dll
0x00007ffc62870000 - 0x00007ffc6287a000 	C:\Users\User_01\.jdks\jbr-17.0.12\bin\jimage.dll
0x00007ffc70d80000 - 0x00007ffc70fc2000 	C:\WINDOWS\SYSTEM32\DBGHELP.DLL
0x00007ffc74e40000 - 0x00007ffc74f16000 	C:\WINDOWS\System32\OLEAUT32.dll
0x00007ffc575c0000 - 0x00007ffc575fc000 	C:\WINDOWS\SYSTEM32\dbgcore.DLL
0x00007ffc741f0000 - 0x00007ffc74295000 	C:\WINDOWS\System32\bcryptPrimitives.dll
0x00007ffc51b40000 - 0x00007ffc51b65000 	C:\Users\User_01\.jdks\jbr-17.0.12\bin\java.dll
0x00007ffbf88b0000 - 0x00007ffbf8987000 	C:\Users\User_01\.jdks\jbr-17.0.12\bin\jsvml.dll
0x00007ffc71b20000 - 0x00007ffc7237e000 	C:\WINDOWS\SYSTEM32\windows.storage.dll
0x00007ffc75700000 - 0x00007ffc757f5000 	C:\WINDOWS\System32\SHCORE.dll
0x00007ffc73ed0000 - 0x00007ffc73ef9000 	C:\WINDOWS\SYSTEM32\profapi.dll
0x00007ffc51940000 - 0x00007ffc51959000 	C:\Users\User_01\.jdks\jbr-17.0.12\bin\net.dll
0x00007ffc66180000 - 0x00007ffc662a8000 	C:\WINDOWS\SYSTEM32\WINHTTP.dll
0x00007ffc73260000 - 0x00007ffc732cb000 	C:\WINDOWS\system32\mswsock.dll
0x00007ffc489a0000 - 0x00007ffc489b6000 	C:\Users\User_01\.jdks\jbr-17.0.12\bin\nio.dll
0x00007ffc51ac0000 - 0x00007ffc51ad8000 	C:\Users\User_01\.jdks\jbr-17.0.12\bin\zip.dll
0x0000024980750000 - 0x0000024980753000 	C:\Users\User_01\.openjfx\cache\21.0.1+6\amd64\api-ms-win-core-console-l1-1-0.dll
0x0000024980760000 - 0x0000024980763000 	C:\Users\User_01\.openjfx\cache\21.0.1+6\amd64\api-ms-win-core-console-l1-2-0.dll
0x0000024980770000 - 0x0000024980773000 	C:\Users\User_01\.openjfx\cache\21.0.1+6\amd64\api-ms-win-core-datetime-l1-1-0.dll
0x0000024980780000 - 0x0000024980783000 	C:\Users\User_01\.openjfx\cache\21.0.1+6\amd64\api-ms-win-core-debug-l1-1-0.dll
0x0000024980790000 - 0x0000024980793000 	C:\Users\User_01\.openjfx\cache\21.0.1+6\amd64\api-ms-win-core-errorhandling-l1-1-0.dll
0x00000249807a0000 - 0x00000249807a4000 	C:\Users\User_01\.openjfx\cache\21.0.1+6\amd64\api-ms-win-core-file-l1-1-0.dll
0x00000249807b0000 - 0x00000249807b3000 	C:\Users\User_01\.openjfx\cache\21.0.1+6\amd64\api-ms-win-core-file-l1-2-0.dll
0x00000249826b0000 - 0x00000249826b3000 	C:\Users\User_01\.openjfx\cache\21.0.1+6\amd64\api-ms-win-core-file-l2-1-0.dll
0x00000249826c0000 - 0x00000249826c3000 	C:\Users\User_01\.openjfx\cache\21.0.1+6\amd64\api-ms-win-core-handle-l1-1-0.dll
0x00000249826d0000 - 0x00000249826d3000 	C:\Users\User_01\.openjfx\cache\21.0.1+6\amd64\api-ms-win-core-heap-l1-1-0.dll
0x00000249826e0000 - 0x00000249826e3000 	C:\Users\User_01\.openjfx\cache\21.0.1+6\amd64\api-ms-win-core-interlocked-l1-1-0.dll
0x00000249826f0000 - 0x00000249826f3000 	C:\Users\User_01\.openjfx\cache\21.0.1+6\amd64\api-ms-win-core-libraryloader-l1-1-0.dll
0x0000024982700000 - 0x0000024982703000 	C:\Users\User_01\.openjfx\cache\21.0.1+6\amd64\api-ms-win-core-localization-l1-2-0.dll
0x0000024982710000 - 0x0000024982713000 	C:\Users\User_01\.openjfx\cache\21.0.1+6\amd64\api-ms-win-core-memory-l1-1-0.dll
0x0000024982720000 - 0x0000024982723000 	C:\Users\User_01\.openjfx\cache\21.0.1+6\amd64\api-ms-win-core-namedpipe-l1-1-0.dll
0x0000024982730000 - 0x0000024982733000 	C:\Users\User_01\.openjfx\cache\21.0.1+6\amd64\api-ms-win-core-processenvironment-l1-1-0.dll
0x0000024982740000 - 0x0000024982743000 	C:\Users\User_01\.openjfx\cache\21.0.1+6\amd64\api-ms-win-core-processthreads-l1-1-0.dll
0x0000024982750000 - 0x0000024982753000 	C:\Users\User_01\.openjfx\cache\21.0.1+6\amd64\api-ms-win-core-processthreads-l1-1-1.dll
0x0000024982760000 - 0x0000024982763000 	C:\Users\User_01\.openjfx\cache\21.0.1+6\amd64\api-ms-win-core-profile-l1-1-0.dll
0x000002499efe0000 - 0x000002499efe3000 	C:\Users\User_01\.openjfx\cache\21.0.1+6\amd64\api-ms-win-core-rtlsupport-l1-1-0.dll
0x000002499eff0000 - 0x000002499eff3000 	C:\Users\User_01\.openjfx\cache\21.0.1+6\amd64\api-ms-win-core-string-l1-1-0.dll
0x00000249e4c00000 - 0x00000249e4c03000 	C:\Users\User_01\.openjfx\cache\21.0.1+6\amd64\api-ms-win-core-synch-l1-1-0.dll
0x00000249e4c10000 - 0x00000249e4c13000 	C:\Users\User_01\.openjfx\cache\21.0.1+6\amd64\api-ms-win-core-synch-l1-2-0.dll
0x00000249e4c20000 - 0x00000249e4c23000 	C:\Users\User_01\.openjfx\cache\21.0.1+6\amd64\api-ms-win-core-sysinfo-l1-1-0.dll
0x00000249e4c30000 - 0x00000249e4c33000 	C:\Users\User_01\.openjfx\cache\21.0.1+6\amd64\api-ms-win-core-timezone-l1-1-0.dll
0x00000249e4c40000 - 0x00000249e4c43000 	C:\Users\User_01\.openjfx\cache\21.0.1+6\amd64\api-ms-win-core-util-l1-1-0.dll
0x00000249e4c50000 - 0x00000249e4c53000 	C:\Users\User_01\.openjfx\cache\21.0.1+6\amd64\api-ms-win-crt-conio-l1-1-0.dll
0x00000249e4c60000 - 0x00000249e4c64000 	C:\Users\User_01\.openjfx\cache\21.0.1+6\amd64\api-ms-win-crt-convert-l1-1-0.dll
0x00000249e4c70000 - 0x00000249e4c73000 	C:\Users\User_01\.openjfx\cache\21.0.1+6\amd64\api-ms-win-crt-environment-l1-1-0.dll
0x00000249e4c80000 - 0x00000249e4c83000 	C:\Users\User_01\.openjfx\cache\21.0.1+6\amd64\api-ms-win-crt-filesystem-l1-1-0.dll
0x00000249e4c90000 - 0x00000249e4c93000 	C:\Users\User_01\.openjfx\cache\21.0.1+6\amd64\api-ms-win-crt-heap-l1-1-0.dll
0x00000249e4ca0000 - 0x00000249e4ca3000 	C:\Users\User_01\.openjfx\cache\21.0.1+6\amd64\api-ms-win-crt-locale-l1-1-0.dll
0x00000249e4cb0000 - 0x00000249e4cb5000 	C:\Users\User_01\.openjfx\cache\21.0.1+6\amd64\api-ms-win-crt-math-l1-1-0.dll
0x00000249e4cc0000 - 0x00000249e4cc5000 	C:\Users\User_01\.openjfx\cache\21.0.1+6\amd64\api-ms-win-crt-multibyte-l1-1-0.dll
0x00000249e4cd0000 - 0x00000249e4ce0000 	C:\Users\User_01\.openjfx\cache\21.0.1+6\amd64\api-ms-win-crt-private-l1-1-0.dll
0x00000249e4ce0000 - 0x00000249e4ce3000 	C:\Users\User_01\.openjfx\cache\21.0.1+6\amd64\api-ms-win-crt-process-l1-1-0.dll
0x00000249e4cf0000 - 0x00000249e4cf4000 	C:\Users\User_01\.openjfx\cache\21.0.1+6\amd64\api-ms-win-crt-runtime-l1-1-0.dll
0x00000249e4d00000 - 0x00000249e4d04000 	C:\Users\User_01\.openjfx\cache\21.0.1+6\amd64\api-ms-win-crt-stdio-l1-1-0.dll
0x00000249e4d10000 - 0x00000249e4d14000 	C:\Users\User_01\.openjfx\cache\21.0.1+6\amd64\api-ms-win-crt-string-l1-1-0.dll
0x00000249e4d20000 - 0x00000249e4d23000 	C:\Users\User_01\.openjfx\cache\21.0.1+6\amd64\api-ms-win-crt-time-l1-1-0.dll
0x00000249e4d30000 - 0x00000249e4d33000 	C:\Users\User_01\.openjfx\cache\21.0.1+6\amd64\api-ms-win-crt-utility-l1-1-0.dll
0x00007ffc5da60000 - 0x00007ffc5db5c000 	C:\Users\User_01\.openjfx\cache\21.0.1+6\amd64\ucrtbase.dll
0x00007ffc62d60000 - 0x00007ffc62d7b000 	C:\Users\User_01\.openjfx\cache\21.0.1+6\amd64\vcruntime140.dll
0x00007ffc62d50000 - 0x00007ffc62d5c000 	C:\Users\User_01\.openjfx\cache\21.0.1+6\amd64\vcruntime140_1.dll
0x00007ffc624d0000 - 0x00007ffc6255e000 	C:\Users\User_01\.openjfx\cache\21.0.1+6\amd64\msvcp140.dll
0x00007ffc76a10000 - 0x00007ffc76ba7000 	C:\WINDOWS\System32\ole32.dll
0x00007ffc62a10000 - 0x00007ffc62a19000 	C:\Users\User_01\.openjfx\cache\21.0.1+6\amd64\msvcp140_1.dll
0x00007ffc62460000 - 0x00007ffc6248f000 	C:\Users\User_01\.openjfx\cache\21.0.1+6\amd64\msvcp140_2.dll
0x00007ffc62430000 - 0x00007ffc6245f000 	C:\Users\User_01\.openjfx\cache\21.0.1+6\amd64\prism_d3d.dll
0x00007ffc010a0000 - 0x00007ffc01253000 	C:\WINDOWS\system32\d3d9.dll
0x00007ffc71440000 - 0x00007ffc71470000 	C:\WINDOWS\SYSTEM32\dwmapi.dll
0x00007ffc71270000 - 0x00007ffc712b4000 	C:\WINDOWS\SYSTEM32\dxcore.dll
0x00007ffc71160000 - 0x00007ffc7120b000 	C:\WINDOWS\system32\uxtheme.dll
0x00007ffbc6370000 - 0x00007ffbc65df000 	C:\WINDOWS\System32\DriverStore\FileRepository\iigd_dch.inf_amd64_03e2a5c7c3b3fa7c\igdumdim64.dll
0x00007ffbc4e40000 - 0x00007ffbc6363000 	C:\WINDOWS\System32\DriverStore\FileRepository\iigd_dch.inf_amd64_03e2a5c7c3b3fa7c\igd9dxva64.dll
0x00007ffc75830000 - 0x00007ffc75cba000 	C:\WINDOWS\System32\SETUPAPI.dll
0x00007ffc73ad0000 - 0x00007ffc73b27000 	C:\WINDOWS\SYSTEM32\cfgmgr32.dll
0x00007ffc04d10000 - 0x00007ffc06a3b000 	C:\WINDOWS\System32\DriverStore\FileRepository\iigd_dch.inf_amd64_03e2a5c7c3b3fa7c\media_bin_64.dll
0x00007ffc6ace0000 - 0x00007ffc6b11f000 	C:\WINDOWS\System32\DriverStore\FileRepository\iigd_dch.inf_amd64_03e2a5c7c3b3fa7c\igdgmm64.dll
0x00007ffc6e190000 - 0x00007ffc6e1f3000 	C:\WINDOWS\SYSTEM32\directxdatabasehelper.dll
0x00007ffc5da10000 - 0x00007ffc5da52000 	C:\Users\User_01\.openjfx\cache\21.0.1+6\amd64\glass.dll
0x00007ffc76730000 - 0x00007ffc76820000 	C:\WINDOWS\System32\COMDLG32.dll
0x00007ffc74ca0000 - 0x00007ffc74dfe000 	C:\WINDOWS\System32\MSCTF.dll
0x00007ffc236e0000 - 0x00007ffc23707000 	C:\WINDOWS\System32\DriverStore\FileRepository\iigd_dch.inf_amd64_03e2a5c7c3b3fa7c\igdinfo64.dll
0x00007ffc73520000 - 0x00007ffc7353b000 	C:\WINDOWS\SYSTEM32\CRYPTSP.dll
0x00007ffc72c50000 - 0x00007ffc72c8a000 	C:\WINDOWS\system32\rsaenh.dll
0x00007ffc73540000 - 0x00007ffc7354c000 	C:\WINDOWS\SYSTEM32\CRYPTBASE.dll
0x00007ffc73ea0000 - 0x00007ffc73eca000 	C:\WINDOWS\SYSTEM32\bcrypt.dll
0x00007ffc6b210000 - 0x00007ffc6b234000 	C:\WINDOWS\System32\DriverStore\FileRepository\iigd_dch.inf_amd64_03e2a5c7c3b3fa7c\igc64.dll
0x00007ffc66420000 - 0x00007ffc6ab8b000 	C:\WINDOWS\System32\DriverStore\FileRepository\iigd_dch.inf_amd64_03e2a5c7c3b3fa7c\igc1464.dll
0x00007ffc72870000 - 0x00007ffc7299c000 	C:\WINDOWS\SYSTEM32\DNSAPI.dll
0x00007ffc72830000 - 0x00007ffc72864000 	C:\WINDOWS\SYSTEM32\IPHLPAPI.DLL
0x00007ffc75e10000 - 0x00007ffc75e1a000 	C:\WINDOWS\System32\NSI.dll
0x00007ffc6b1c0000 - 0x00007ffc6b1cb000 	C:\Windows\System32\rasadhlp.dll
0x00007ffc6ab90000 - 0x00007ffc6ac16000 	C:\WINDOWS\System32\fwpuclnt.dll
0x00007ffc623c0000 - 0x00007ffc623c9000 	C:\Users\User_01\.jdks\jbr-17.0.12\bin\extnet.dll
0x00007ffc5d960000 - 0x00007ffc5d974000 	C:\Users\User_01\.openjfx\cache\21.0.1+6\amd64\javafx_font.dll
0x00007ffc6fb90000 - 0x00007ffc6fdf7000 	C:\WINDOWS\SYSTEM32\dwrite.dll
0x00007ffc76c20000 - 0x00007ffc76cd0000 	C:\WINDOWS\System32\clbcatq.dll
0x00007ffc6ee80000 - 0x00007ffc6f0b0000 	C:\WINDOWS\SYSTEM32\WindowsCodecs.dll

dbghelp: loaded successfully - version: 4.0.5 - missing functions: none
symbol engine: initialized successfully - sym options: 0x614 - pdb path: .;C:\Users\User_01\.jdks\jbr-17.0.12\bin;C:\WINDOWS\SYSTEM32;C:\WINDOWS\WinSxS\amd64_microsoft.windows.common-controls_6595b64144ccf1df_6.0.26100.7309_none_3e05feeae336a044;C:\Program Files (x86)\360\Total Security\safemon;C:\Users\User_01\.jdks\jbr-17.0.12\bin\server;C:\Users\User_01\.openjfx\cache\21.0.1+6\amd64;C:\WINDOWS\System32\DriverStore\FileRepository\iigd_dch.inf_amd64_03e2a5c7c3b3fa7c;C:\Program Files\Common Files\Microsoft Shared\Ink

VM Arguments:
jvm_args: --module-path=C:\Users\User_01\.m2\repository\org\openjfx\javafx-base\21.0.1\javafx-base-21.0.1-win.jar;C:\Users\User_01\.m2\repository\org\openjfx\javafx-base\21.0.1\javafx-base-21.0.1.jar;C:\Users\User_01\.m2\repository\org\openjfx\javafx-controls\21.0.1\javafx-controls-21.0.1-win.jar;C:\Users\User_01\.m2\repository\org\openjfx\javafx-controls\21.0.1\javafx-controls-21.0.1.jar;C:\Users\User_01\.m2\repository\org\openjfx\javafx-fxml\21.0.1\javafx-fxml-21.0.1-win.jar;C:\Users\User_01\.m2\repository\org\openjfx\javafx-fxml\21.0.1\javafx-fxml-21.0.1.jar;C:\Users\User_01\.m2\repository\org\openjfx\javafx-graphics\21.0.1\javafx-graphics-21.0.1-win.jar;C:\Users\User_01\.m2\repository\org\openjfx\javafx-graphics\21.0.1\javafx-graphics-21.0.1.jar --add-modules=javafx.base,javafx.controls,javafx.fxml,javafx.graphics 
java_command: Main -Xms64m -Xmx256m -XX:+UseSerialGC -XX:MaxHeapFreeRatio=50 -XX:MinHeapFreeRatio=30 -XX:+UseCompressedOops
java_class_path (initial): C:\Users\User_01\projet_Greencore\target\classes;C:\Users\User_01\.m2\repository\com\google\protobuf\protobuf-java\3.21.9\protobuf-java-3.21.9.jar;C:\Users\User_01\.m2\repository\com\mysql\mysql-connector-j\8.0.33\mysql-connector-j-8.0.33.jar
Launcher Type: SUN_STANDARD

[Global flags]
     intx CICompilerCount                          = 4                                         {product} {ergonomic}
     uint ConcGCThreads                            = 2                                         {product} {ergonomic}
     uint G1ConcRefinementThreads                  = 8                                         {product} {ergonomic}
   size_t G1HeapRegionSize                         = 2097152                                   {product} {ergonomic}
    uintx GCDrainStackTargetSize                   = 64                                        {product} {ergonomic}
   size_t InitialHeapSize                          = 199229440                                 {product} {ergonomic}
   size_t MarkStackSize                            = 4194304                                   {product} {ergonomic}
   size_t MaxHeapSize                              = 3164602368                                {product} {ergonomic}
   size_t MaxNewSize                               = 1897922560                                {product} {ergonomic}
   size_t MinHeapDeltaBytes                        = 2097152                                   {product} {ergonomic}
   size_t MinHeapSize                              = 8388608                                   {product} {ergonomic}
    uintx NonNMethodCodeHeapSize                   = 5839372                                {pd product} {ergonomic}
    uintx NonProfiledCodeHeapSize                  = 122909434                              {pd product} {ergonomic}
    uintx ProfiledCodeHeapSize                     = 122909434                              {pd product} {ergonomic}
    uintx ReservedCodeCacheSize                    = 251658240                              {pd product} {ergonomic}
     bool SegmentedCodeCache                       = true                                      {product} {ergonomic}
   size_t SoftMaxHeapSize                          = 3164602368                             {manageable} {ergonomic}
     bool UseCompressedClassPointers               = true                           {product lp64_product} {ergonomic}
     bool UseCompressedOops                        = true                           {product lp64_product} {ergonomic}
     bool UseG1GC                                  = true                                      {product} {ergonomic}
     bool UseLargePagesIndividualAllocation        = false                                  {pd product} {ergonomic}

Logging:
Log output configuration:
 #0: stdout all=warning uptime,level,tags
 #1: stderr all=off uptime,level,tags

Environment Variables:
JAVA_HOME=C:\Users\User_01\.jdks\jbr-17.0.12
PATH=C:\oraclexe\app\oracle\product\11.2.0\server\bin;C:\oraclexe\app\oracle\product\11.2.0\server\bin;C:\Program Files (x86)\VMware\VMware Workstation\bin\;C:\Windows\system32;C:\Windows;C:\Windows\System32\Wbem;C:\Windows\System32\WindowsPowerShell\v1.0\;C:\Windows\System32\OpenSSH\;C:\Program Files (x86)\NVIDIA Corporation\PhysX\Common;C:\Program Files\NVIDIA Corporation\NVIDIA NvDLISR;C:\xampp\php;C:\composer;C:\WINDOWS\system32;C:\WINDOWS;C:\WINDOWS\System32\Wbem;C:\WINDOWS\System32\WindowsPowerShell\v1.0\;C:\WINDOWS\System32\OpenSSH\;C:\Program Files\cursor\resources\app\bin;C:\Program Files\Git\cmd;C:\Users\User_01\AppData\Local\Programs\Eclipse Adoptium\jdk-25.0.1.8-hotspot\bin;C:\Users\User_01\AppData\Local\Programs\Python\Python312\Scripts\;C:\Users\User_01\AppData\Local\Programs\Python\Python312\;C:\Users\User_01\scoop\shims;C:\Users\User_01\AppData\Local\Microsoft\WindowsApps;C:\Users\User_01\AppData\Local\Programs\Microsoft VS Code\bin;C:\Users\User_01\AppData\Roaming\Composer\vendor\bin;C:\Program Files\JetBrains\IntelliJ IDEA 2024.1.2\bin;;C:\Program Files\JetBrains\PhpStorm 2024.2.1\bin;C:\Users\User_01\AppData\Local\Programs\Windsurf\bin
USERNAME=User_01
OS=Windows_NT
PROCESSOR_IDENTIFIER=Intel64 Family 6 Model 140 Stepping 2, GenuineIntel
TMP=C:\Users\User_01\AppData\Local\Temp
TEMP=C:\Users\User_01\AppData\Local\Temp



Periodic native trim disabled

JNI global refs:
JNI global refs: 31, weak refs: 0

JNI global refs memory usage: 843, weak refs: 841

Process memory usage:
Resident Set Size: 264900K (2% of 12361016K total physical memory with 726180K free physical memory)

OOME stack traces (most recent first):
Classloader memory used:
Loader jdk.internal.loader.ClassLoaders$AppClassLoader                                 : 1764K
Loader bootstrap                                                                       : 693K
Loader jdk.internal.loader.ClassLoaders$PlatformClassLoader                            : 46701B
Loader jdk.internal.reflect.DelegatingClassLoader                                      : 1601B
Loader com.sun.javafx.reflect.MethodUtil                                               : 364B


---------------  S Y S T E M  ---------------

OS:
 Windows 11 , 64 bit Build 26100 (10.0.26100.7623)
OS uptime: 0 days 7:45 hours
Hyper-V role detected

CPU: total 8 (initial active 8) (4 cores per cpu, 2 threads per core) family 6 model 140 stepping 2 microcode 0x3a, cx8, cmov, fxsr, ht, mmx, 3dnowpref, sse, sse2, sse3, ssse3, sse4.1, sse4.2, popcnt, lzcnt, tsc, tscinvbit, avx, avx2, aes, erms, clmul, bmi1, bmi2, adx, avx512f, avx512dq, avx512cd, avx512bw, avx512vl, sha, fma, vzeroupper, avx512_vpopcntdq, avx512_vpclmulqdq, avx512_vaes, avx512_vnni, clflush, clflushopt, clwb, avx512_vbmi2, avx512_vbmi, hv
Processor Information for all 8 processors :
  Max Mhz: 2496, Current Mhz: 2496, Mhz Limit: 2496

Memory: 4k page, system-wide physical 12071M (709M free)
TotalPageFile size 22146M (AvailPageFile size 3M)
current process WorkingSet (physical memory assigned to process): 259M, peak: 259M
current process commit charge ("private bytes"): 427M, peak: 431M

vm_info: OpenJDK 64-Bit Server VM (17.0.12+1-b1207.37) for windows-amd64 JRE (17.0.12+1-b1207.37), built on 2024-09-25 by "builduser" with MS VC++ 16.10 / 16.11 (VS2019)

END.
