#
# There is insufficient memory for the Java Runtime Environment to continue.
# Native memory allocation (malloc) failed to allocate 32744 bytes. Error detail: Chunk::new
# Possible reasons:
#   The system is out of physical RAM or swap space
#   This process is running with CompressedOops enabled, and the Java Heap may be blocking the growth of the native heap
# Possible solutions:
#   Reduce memory load on the system
#   Increase physical memory or swap space
#   Check if swap backing store is full
#   Decrease Java heap size (-Xmx/-Xms)
#   Decrease number of Java threads
#   Decrease Java thread stack sizes (-Xss)
#   Set larger code cache with -XX:ReservedCodeCacheSize=
#   JVM is running with Zero Based Compressed Oops mode in which the Java heap is
#     placed in the first 32GB address space. The Java Heap base address is the
#     maximum limit for the native heap growth. Please use -XX:HeapBaseMinAddress
#     to set the Java Heap base and to place the Java Heap above 32GB virtual address.
# This output file may be truncated or incomplete.
#
#  Out of Memory Error (arena.cpp:168), pid=9556, tid=25516
#
# JRE version: OpenJDK Runtime Environment Temurin-21.0.10+7 (21.0.10+7) (build 21.0.10+7-LTS)
# Java VM: OpenJDK 64-Bit Server VM Temurin-21.0.10+7 (21.0.10+7-LTS, mixed mode, sharing, tiered, compressed oops, compressed class ptrs, parallel gc, windows-amd64)
# No core dump will be written. Minidumps are not enabled by default on client versions of Windows
#

---------------  S U M M A R Y ------------

Command Line: --add-modules=ALL-SYSTEM --add-opens=java.base/java.util=ALL-UNNAMED --add-opens=java.base/java.lang=ALL-UNNAMED --add-opens=java.base/sun.nio.fs=ALL-UNNAMED -Declipse.application=org.eclipse.jdt.ls.core.id1 -Dosgi.bundles.defaultStartLevel=4 -Declipse.product=org.eclipse.jdt.ls.core.product -Djava.import.generatesMetadataFilesAtProjectRoot=false -DDetectVMInstallationsJob.disabled=true -Dfile.encoding=utf8 -XX:+UseParallelGC -XX:GCTimeRatio=4 -XX:AdaptiveSizePolicyWeight=90 -Dsun.zip.disableMemoryMapping=true -Xmx4G -Xms100m -Xlog:disable -javaagent:c:\Users\User_01\.windsurf\extensions\redhat.java-1.53.0-win32-x64\lombok\lombok-1.18.39-4050.jar -XX:+HeapDumpOnOutOfMemoryError -XX:HeapDumpPath=c:\Users\User_01\AppData\Roaming\Windsurf\User\workspaceStorage\3b64a31b5ae7a5ad84c6817e217fb5fe\redhat.java -Daether.dependencyCollector.impl=bf c:\Users\User_01\.windsurf\extensions\redhat.java-1.53.0-win32-x64\server\plugins\org.eclipse.equinox.launcher_1.7.100.v20251111-0406.jar -configuration c:\Users\User_01\AppData\Roaming\Windsurf\User\globalStorage\redhat.java\1.53.0\config_win -data c:\Users\User_01\AppData\Roaming\Windsurf\User\workspaceStorage\3b64a31b5ae7a5ad84c6817e217fb5fe\redhat.java\jdt_ws --pipe=\\.\pipe\lsp-14017c1b651b6f7819437c797cca8abc-sock

Host: 11th Gen Intel(R) Core(TM) i5-1155G7 @ 2.50GHz, 8 cores, 11G,  Windows 11 , 64 bit Build 26100 (10.0.26100.7623)
Time: Mon Apr 27 22:25:23 2026 Afr. centrale Ouest elapsed time: 43.066042 seconds (0d 0h 0m 43s)

---------------  T H R E A D  ---------------

Current thread (0x00000283acc21d60):  JavaThread "C2 CompilerThread0" daemon [_thread_in_native, id=25516, stack(0x000000d0e7f00000,0x000000d0e8000000) (1024K)]


Current CompileTask:
C2:43066 10717       4       java.util.Collections::eq (22 bytes)

Stack: [0x000000d0e7f00000,0x000000d0e8000000]
Native frames: (J=compiled Java code, j=interpreted, Vv=VM code, C=native code)
V  [jvm.dll+0x6d7a39]
V  [jvm.dll+0x8b4b26]
V  [jvm.dll+0x8b70de]
V  [jvm.dll+0x8b77c3]
V  [jvm.dll+0x284346]
V  [jvm.dll+0xc66ed]
V  [jvm.dll+0xc6c31]
V  [jvm.dll+0x65f8dd]
V  [jvm.dll+0x65fa6b]
V  [jvm.dll+0x65fa6b]
V  [jvm.dll+0x65fa6b]
V  [jvm.dll+0x66573b]
V  [jvm.dll+0x666736]
V  [jvm.dll+0x664a7b]
V  [jvm.dll+0x24c3db]
V  [jvm.dll+0x24bb40]
V  [jvm.dll+0x1cb34e]
V  [jvm.dll+0x25b85d]
V  [jvm.dll+0x259dea]
V  [jvm.dll+0x3f857e]
V  [jvm.dll+0x85f59d]
V  [jvm.dll+0x6d626d]
C  [ucrtbase.dll+0x37b0]
C  [KERNEL32.DLL+0x2e8d7]
C  [ntdll.dll+0x8c53c]


---------------  P R O C E S S  ---------------

Threads class SMR info:
_java_thread_list=0x0000028412544110, length=42, elements={
0x00000283aa6837c0, 0x00000283c7f7e670, 0x00000283acc13630, 0x00000283acc1aee0,
0x00000283acc1da50, 0x00000283acc204c0, 0x00000283acc20f20, 0x00000283acc21d60,
0x000002840a9ed290, 0x000002840ab50320, 0x000002840ad73bc0, 0x000002840f83cee0,
0x000002840f8e0f50, 0x000002840f6c36d0, 0x000002840f6c3d40, 0x000002840f6afb00,
0x000002840fd9c230, 0x000002840fd0c900, 0x000002840feffd90, 0x000002840ff00420,
0x000002840fefd630, 0x000002840fefcfa0, 0x000002840fefdcc0, 0x000002840fefe9e0,
0x000002840fefe350, 0x000002840feff070, 0x000002840feff700, 0x00000284128e7860,
0x00000284128e7ef0, 0x00000284128e5100, 0x00000284128e5790, 0x00000284128e8580,
0x00000284128e8c10, 0x00000284128e92a0, 0x00000284128e5e20, 0x00000284128e64b0,
0x00000284128e9930, 0x00000284128e9fc0, 0x00000284128e6b40, 0x00000284128ea650,
0x00000284128e71d0, 0x00000284128eace0
}

Java Threads: ( => current thread )
  0x00000283aa6837c0 JavaThread "main"                              [_thread_blocked, id=2888, stack(0x000000d0e7500000,0x000000d0e7600000) (1024K)]
  0x00000283c7f7e670 JavaThread "Reference Handler"          daemon [_thread_blocked, id=12880, stack(0x000000d0e7900000,0x000000d0e7a00000) (1024K)]
  0x00000283acc13630 JavaThread "Finalizer"                  daemon [_thread_blocked, id=12980, stack(0x000000d0e7a00000,0x000000d0e7b00000) (1024K)]
  0x00000283acc1aee0 JavaThread "Signal Dispatcher"          daemon [_thread_blocked, id=23452, stack(0x000000d0e7b00000,0x000000d0e7c00000) (1024K)]
  0x00000283acc1da50 JavaThread "Attach Listener"            daemon [_thread_blocked, id=9592, stack(0x000000d0e7c00000,0x000000d0e7d00000) (1024K)]
  0x00000283acc204c0 JavaThread "Service Thread"             daemon [_thread_blocked, id=14664, stack(0x000000d0e7d00000,0x000000d0e7e00000) (1024K)]
  0x00000283acc20f20 JavaThread "Monitor Deflation Thread"   daemon [_thread_blocked, id=6004, stack(0x000000d0e7e00000,0x000000d0e7f00000) (1024K)]
=>0x00000283acc21d60 JavaThread "C2 CompilerThread0"         daemon [_thread_in_native, id=25516, stack(0x000000d0e7f00000,0x000000d0e8000000) (1024K)]
  0x000002840a9ed290 JavaThread "C1 CompilerThread0"         daemon [_thread_blocked, id=8820, stack(0x000000d0e8000000,0x000000d0e8100000) (1024K)]
  0x000002840ab50320 JavaThread "Common-Cleaner"             daemon [_thread_blocked, id=10672, stack(0x000000d0e8200000,0x000000d0e8300000) (1024K)]
  0x000002840ad73bc0 JavaThread "Notification Thread"        daemon [_thread_blocked, id=26108, stack(0x000000d0e8100000,0x000000d0e8200000) (1024K)]
  0x000002840f83cee0 JavaThread "Active Thread: Equinox Container: eb9fac0e-dc20-445b-bda9-93832fd6c8e2"        [_thread_blocked, id=18272, stack(0x000000d0e8a00000,0x000000d0e8b00000) (1024K)]
  0x000002840f8e0f50 JavaThread "Refresh Thread: Equinox Container: eb9fac0e-dc20-445b-bda9-93832fd6c8e2" daemon [_thread_blocked, id=26180, stack(0x000000d0e8c00000,0x000000d0e8d00000) (1024K)]
  0x000002840f6c36d0 JavaThread "Framework Event Dispatcher: Equinox Container: eb9fac0e-dc20-445b-bda9-93832fd6c8e2" daemon [_thread_blocked, id=11664, stack(0x000000d0e8300000,0x000000d0e8400000) (1024K)]
  0x000002840f6c3d40 JavaThread "Start Level: Equinox Container: eb9fac0e-dc20-445b-bda9-93832fd6c8e2" daemon [_thread_blocked, id=26224, stack(0x000000d0e8d00000,0x000000d0e8e00000) (1024K)]
  0x000002840f6afb00 JavaThread "Bundle File Closer"         daemon [_thread_blocked, id=6724, stack(0x000000d0e8f00000,0x000000d0e9000000) (1024K)]
  0x000002840fd9c230 JavaThread "SCR Component Actor"        daemon [_thread_blocked, id=21180, stack(0x000000d0e9000000,0x000000d0e9100000) (1024K)]
  0x000002840fd0c900 JavaThread "Worker-JM"                         [_thread_blocked, id=4488, stack(0x000000d0e9200000,0x000000d0e9300000) (1024K)]
  0x000002840feffd90 JavaThread "JNA Cleaner"                daemon [_thread_blocked, id=26172, stack(0x000000d0e9100000,0x000000d0e9200000) (1024K)]
  0x000002840ff00420 JavaThread "Worker-0"                          [_thread_blocked, id=5644, stack(0x000000d0e9300000,0x000000d0e9400000) (1024K)]
  0x000002840fefd630 JavaThread "Worker-1"                          [_thread_blocked, id=27424, stack(0x000000d0e9400000,0x000000d0e9500000) (1024K)]
  0x000002840fefcfa0 JavaThread "Java indexing"              daemon [_thread_blocked, id=10332, stack(0x000000d0e9500000,0x000000d0e9600000) (1024K)]
  0x000002840fefdcc0 JavaThread "Worker-2"                          [_thread_blocked, id=20784, stack(0x000000d0e9900000,0x000000d0e9a00000) (1024K)]
  0x000002840fefe9e0 JavaThread "Worker-3"                          [_thread_blocked, id=15456, stack(0x000000d0e9a00000,0x000000d0e9b00000) (1024K)]
  0x000002840fefe350 JavaThread "Worker-4: Shutdown..."             [_thread_in_vm, id=9544, stack(0x000000d0e9b00000,0x000000d0e9c00000) (1024K)]
  0x000002840feff070 JavaThread "Thread-1"                   daemon [_thread_in_native, id=13016, stack(0x000000d0e9c00000,0x000000d0e9d00000) (1024K)]
  0x000002840feff700 JavaThread "Thread-2"                   daemon [_thread_in_native, id=16388, stack(0x000000d0e9d00000,0x000000d0e9e00000) (1024K)]
  0x00000284128e7860 JavaThread "Thread-3"                   daemon [_thread_in_native, id=24496, stack(0x000000d0e9e00000,0x000000d0e9f00000) (1024K)]
  0x00000284128e7ef0 JavaThread "Thread-4"                   daemon [_thread_in_native, id=23704, stack(0x000000d0e9f00000,0x000000d0ea000000) (1024K)]
  0x00000284128e5100 JavaThread "Thread-5"                   daemon [_thread_in_native, id=16352, stack(0x000000d0ea000000,0x000000d0ea100000) (1024K)]
  0x00000284128e5790 JavaThread "Thread-6"                   daemon [_thread_in_native, id=23900, stack(0x000000d0ea100000,0x000000d0ea200000) (1024K)]
  0x00000284128e8580 JavaThread "Thread-7"                   daemon [_thread_in_native, id=15828, stack(0x000000d0ea200000,0x000000d0ea300000) (1024K)]
  0x00000284128e8c10 JavaThread "Thread-8"                   daemon [_thread_in_native, id=21008, stack(0x000000d0ea300000,0x000000d0ea400000) (1024K)]
  0x00000284128e92a0 JavaThread "Thread-9"                   daemon [_thread_in_native, id=8620, stack(0x000000d0ea400000,0x000000d0ea500000) (1024K)]
  0x00000284128e5e20 JavaThread "pool-2-thread-1"                   [_thread_blocked, id=24104, stack(0x000000d0ea500000,0x000000d0ea600000) (1024K)]
  0x00000284128e64b0 JavaThread "WorkspaceEventsHandler"            [_thread_blocked, id=2324, stack(0x000000d0ea600000,0x000000d0ea700000) (1024K)]
  0x00000284128e9930 JavaThread "pool-1-thread-1"                   [_thread_in_vm, id=25136, stack(0x000000d0ea700000,0x000000d0ea800000) (1024K)]
  0x00000284128e9fc0 JavaThread "ForkJoinPool.commonPool-worker-1" daemon [_thread_blocked, id=17964, stack(0x000000d0ea800000,0x000000d0ea900000) (1024K)]
  0x00000284128e6b40 JavaThread "ForkJoinPool.commonPool-worker-2" daemon [_thread_blocked, id=14460, stack(0x000000d0ea900000,0x000000d0eaa00000) (1024K)]
  0x00000284128ea650 JavaThread "ForkJoinPool.commonPool-worker-3" daemon [_thread_blocked, id=25380, stack(0x000000d0eaa00000,0x000000d0eab00000) (1024K)]
  0x00000284128e71d0 JavaThread "ForkJoinPool.commonPool-worker-4" daemon [_thread_blocked, id=26500, stack(0x000000d0eab00000,0x000000d0eac00000) (1024K)]
  0x00000284128eace0 JavaThread "ForkJoinPool.commonPool-worker-5" daemon [_thread_blocked, id=13612, stack(0x000000d0eac00000,0x000000d0ead00000) (1024K)]
Total: 42

Other Threads:
  0x00000283c7f66f80 VMThread "VM Thread"                           [id=19344, stack(0x000000d0e7800000,0x000000d0e7900000) (1024K)]
  0x00000283acbfeaa0 WatcherThread "VM Periodic Task Thread"        [id=19196, stack(0x000000d0e7700000,0x000000d0e7800000) (1024K)]
  0x00000283acbb21a0 WorkerThread "GC Thread#0"                     [id=24324, stack(0x000000d0e7600000,0x000000d0e7700000) (1024K)]
  0x000002840f19b6e0 WorkerThread "GC Thread#1"                     [id=16264, stack(0x000000d0e8400000,0x000000d0e8500000) (1024K)]
  0x000002840f19ba90 WorkerThread "GC Thread#2"                     [id=3656, stack(0x000000d0e8500000,0x000000d0e8600000) (1024K)]
  0x000002840f19be40 WorkerThread "GC Thread#3"                     [id=27412, stack(0x000000d0e8600000,0x000000d0e8700000) (1024K)]
  0x000002840f19c1f0 WorkerThread "GC Thread#4"                     [id=7704, stack(0x000000d0e8700000,0x000000d0e8800000) (1024K)]
  0x000002840f198680 WorkerThread "GC Thread#5"                     [id=23364, stack(0x000000d0e8800000,0x000000d0e8900000) (1024K)]
  0x000002840f198a30 WorkerThread "GC Thread#6"                     [id=10296, stack(0x000000d0e8900000,0x000000d0e8a00000) (1024K)]
  0x000002840f6da500 WorkerThread "GC Thread#7"                     [id=25972, stack(0x000000d0e8b00000,0x000000d0e8c00000) (1024K)]
Total: 10

Threads with active compile tasks:
C2 CompilerThread0  43126 10717       4       java.util.Collections::eq (22 bytes)
Total: 1

VM state: not at safepoint (normal execution)

VM Mutex/Monitor currently owned by a thread: None

Heap address: 0x0000000700000000, size: 4096 MB, Compressed Oops mode: Zero based, Oop shift amount: 3

CDS archive(s) mapped at: [0x00000283c8000000-0x00000283c8ba0000-0x00000283c8ba0000), size 12189696, SharedBaseAddress: 0x00000283c8000000, ArchiveRelocationMode: 1.
Compressed class space mapped at: 0x00000283c9000000-0x0000028409000000, reserved size: 1073741824
Narrow klass base: 0x00000283c8000000, Narrow klass shift: 0, Narrow klass range: 0x100000000

GC Precious Log:
 CardTable entry size: 512
 CPUs: 8 total, 8 available
 Memory: 12071M
 Large Page Support: Disabled
 NUMA Support: Disabled
 Compressed Oops: Enabled (Zero based)
 Alignments: Space 512K, Generation 512K, Heap 2M
 Heap Min Capacity: 100M
 Heap Initial Capacity: 100M
 Heap Max Capacity: 4G
 Pre-touch: Disabled
 Parallel Workers: 8

Heap:
 PSYoungGen      total 22528K, used 8189K [0x00000007aab00000, 0x00000007ac200000, 0x0000000800000000)
  eden space 20992K, 35% used [0x00000007aab00000,0x00000007ab237588,0x00000007abf80000)
  from space 1536K, 52% used [0x00000007abf80000,0x00000007ac048000,0x00000007ac100000)
  to   space 1024K, 0% used [0x00000007ac100000,0x00000007ac100000,0x00000007ac200000)
 ParOldGen       total 68608K, used 46069K [0x0000000700000000, 0x0000000704300000, 0x00000007aab00000)
  object space 68608K, 67% used [0x0000000700000000,0x0000000702cfd510,0x0000000704300000)
 Metaspace       used 62830K, committed 64320K, reserved 1114112K
  class space    used 6747K, committed 7424K, reserved 1048576K

Card table byte_map: [0x00000283bed70000,0x00000283bf580000] _byte_map_base: 0x00000283bb570000

Marking Bits: (ParMarkBitMap*) 0x00007ffbb2273450
 Begin Bits: [0x00000283bf580000, 0x00000283c3580000)
 End Bits:   [0x00000283c3580000, 0x00000283c7580000)

Polling page: 0x00000283aa970000

Metaspace:

Usage:
  Non-class:     54.77 MB used.
      Class:      6.59 MB used.
       Both:     61.36 MB used.

Virtual space:
  Non-class space:       64.00 MB reserved,      55.56 MB ( 87%) committed,  1 nodes.
      Class space:        1.00 GB reserved,       7.25 MB ( <1%) committed,  1 nodes.
             Both:        1.06 GB reserved,      62.81 MB (  6%) committed. 

Chunk freelists:
   Non-Class:  7.58 MB
       Class:  8.60 MB
        Both:  16.18 MB

MaxMetaspaceSize: unlimited
CompressedClassSpaceSize: 1.00 GB
Initial GC threshold: 21.00 MB
Current GC threshold: 97.31 MB
CDS: on
 - commit_granule_bytes: 65536.
 - commit_granule_words: 8192.
 - virtual_space_node_default_size: 8388608.
 - enlarge_chunks_in_place: 1.
 - use_allocation_guard: 0.


Internal statistics:

num_allocs_failed_limit: 9.
num_arena_births: 1198.
num_arena_deaths: 16.
num_vsnodes_births: 2.
num_vsnodes_deaths: 0.
num_space_committed: 1005.
num_space_uncommitted: 0.
num_chunks_returned_to_freelist: 26.
num_chunks_taken_from_freelist: 4167.
num_chunk_merges: 15.
num_chunk_splits: 2564.
num_chunks_enlarged: 1457.
num_inconsistent_stats: 0.

CodeHeap 'non-profiled nmethods': size=120000Kb used=7294Kb max_used=7294Kb free=112706Kb
 bounds [0x00000283b7840000, 0x00000283b7f60000, 0x00000283bed70000]
CodeHeap 'profiled nmethods': size=120000Kb used=21339Kb max_used=21339Kb free=98660Kb
 bounds [0x00000283afd70000, 0x00000283b1250000, 0x00000283b72a0000]
CodeHeap 'non-nmethods': size=5760Kb used=1420Kb max_used=1478Kb free=4339Kb
 bounds [0x00000283b72a0000, 0x00000283b7510000, 0x00000283b7840000]
CodeCache: size=245760Kb, used=30053Kb, max_used=30111Kb, free=215705Kb
 total_blobs=10685, nmethods=9966, adapters=625, full_count=0
Compilation: enabled, stopped_count=0, restarted_count=0

Compilation events (20 events):
Event: 43.044 Thread 0x000002840a9ed290 nmethod 10707 0x00000283b1241690 code [0x00000283b1241840, 0x00000283b1241a28]
Event: 43.044 Thread 0x000002840a9ed290 10708       3       java.util.concurrent.atomic.AtomicLong::weakCompareAndSetVolatile (13 bytes)
Event: 43.045 Thread 0x000002840a9ed290 nmethod 10708 0x00000283b1241b10 code [0x00000283b1241cc0, 0x00000283b1241e20]
Event: 43.046 Thread 0x000002840a9ed290 10709       3       java.util.ArrayList$SubList::get (27 bytes)
Event: 43.047 Thread 0x000002840a9ed290 nmethod 10709 0x00000283b1241f10 code [0x00000283b12420e0, 0x00000283b1242538]
Event: 43.049 Thread 0x000002840a9ed290 10710       3       sun.nio.ch.AsynchronousFileChannelImpl::write (9 bytes)
Event: 43.049 Thread 0x000002840a9ed290 nmethod 10710 0x00000283b1242790 code [0x00000283b1242940, 0x00000283b1242b20]
Event: 43.053 Thread 0x000002840a9ed290 10711       3       java.util.concurrent.atomic.AtomicLong::updateAndGet (59 bytes)
Event: 43.054 Thread 0x000002840a9ed290 nmethod 10711 0x00000283b1242c10 code [0x00000283b1242e00, 0x00000283b1243310]
Event: 43.054 Thread 0x000002840a9ed290 10712       3       sun.nio.ch.WindowsAsynchronousFileChannelImpl::implWrite (202 bytes)
Event: 43.055 Thread 0x000002840a9ed290 nmethod 10712 0x00000283b1243590 code [0x00000283b1243860, 0x00000283b1244460]
Event: 43.055 Thread 0x000002840a9ed290 10713       3       sun.nio.ch.WindowsAsynchronousFileChannelImpl$WriteTask::<init> (38 bytes)
Event: 43.056 Thread 0x000002840a9ed290 nmethod 10713 0x00000283b1244890 code [0x00000283b1244a40, 0x00000283b1244c10]
Event: 43.056 Thread 0x000002840a9ed290 10714       3       sun.nio.ch.Util$BufferCache::get (164 bytes)
Event: 43.057 Thread 0x000002840a9ed290 nmethod 10714 0x00000283b1244d10 code [0x00000283b1244f40, 0x00000283b12458a8]
Event: 43.057 Thread 0x000002840a9ed290 10715       3       sun.nio.ch.WindowsAsynchronousFileChannelImpl$WriteTask::completed (42 bytes)
Event: 43.058 Thread 0x000002840a9ed290 nmethod 10715 0x00000283b1245b90 code [0x00000283b1245de0, 0x00000283b1246598]
Event: 43.058 Thread 0x000002840a9ed290 10716   !   3       sun.nio.ch.WindowsAsynchronousFileChannelImpl$WriteTask::updatePosition (23 bytes)
Event: 43.058 Thread 0x000002840a9ed290 nmethod 10716 0x00000283b1246910 code [0x00000283b1246ac0, 0x00000283b1246d28]
Event: 43.060 Thread 0x00000283acc21d60 10717       4       java.util.Collections::eq (22 bytes)

GC Heap History (20 events):
Event: 15.770 GC heap before
{Heap before GC invocations=35 (full 2):
 PSYoungGen      total 23552K, used 23435K [0x00000007aab00000, 0x00000007ac380000, 0x0000000800000000)
  eden space 22016K, 100% used [0x00000007aab00000,0x00000007ac080000,0x00000007ac080000)
  from space 1536K, 92% used [0x00000007ac200000,0x00000007ac362e58,0x00000007ac380000)
  to   space 1536K, 0% used [0x00000007ac080000,0x00000007ac080000,0x00000007ac200000)
 ParOldGen       total 68608K, used 42211K [0x0000000700000000, 0x0000000704300000, 0x00000007aab00000)
  object space 68608K, 61% used [0x0000000700000000,0x0000000702938d88,0x0000000704300000)
 Metaspace       used 56232K, committed 57728K, reserved 1114112K
  class space    used 6146K, committed 6784K, reserved 1048576K
}
Event: 15.772 GC heap after
{Heap after GC invocations=35 (full 2):
 PSYoungGen      total 23552K, used 1532K [0x00000007aab00000, 0x00000007ac680000, 0x0000000800000000)
  eden space 22016K, 0% used [0x00000007aab00000,0x00000007aab00000,0x00000007ac080000)
  from space 1536K, 99% used [0x00000007ac080000,0x00000007ac1ff300,0x00000007ac200000)
  to   space 3072K, 0% used [0x00000007ac380000,0x00000007ac380000,0x00000007ac680000)
 ParOldGen       total 68608K, used 43333K [0x0000000700000000, 0x0000000704300000, 0x00000007aab00000)
  object space 68608K, 63% used [0x0000000700000000,0x0000000702a51688,0x0000000704300000)
 Metaspace       used 56232K, committed 57728K, reserved 1114112K
  class space    used 6146K, committed 6784K, reserved 1048576K
}
Event: 15.930 GC heap before
{Heap before GC invocations=36 (full 2):
 PSYoungGen      total 23552K, used 23548K [0x00000007aab00000, 0x00000007ac680000, 0x0000000800000000)
  eden space 22016K, 100% used [0x00000007aab00000,0x00000007ac080000,0x00000007ac080000)
  from space 1536K, 99% used [0x00000007ac080000,0x00000007ac1ff300,0x00000007ac200000)
  to   space 3072K, 0% used [0x00000007ac380000,0x00000007ac380000,0x00000007ac680000)
 ParOldGen       total 68608K, used 43333K [0x0000000700000000, 0x0000000704300000, 0x00000007aab00000)
  object space 68608K, 63% used [0x0000000700000000,0x0000000702a51688,0x0000000704300000)
 Metaspace       used 56256K, committed 57728K, reserved 1114112K
  class space    used 6146K, committed 6784K, reserved 1048576K
}
Event: 15.933 GC heap after
{Heap after GC invocations=36 (full 2):
 PSYoungGen      total 23552K, used 1072K [0x00000007aab00000, 0x00000007ac500000, 0x0000000800000000)
  eden space 22016K, 0% used [0x00000007aab00000,0x00000007aab00000,0x00000007ac080000)
  from space 1536K, 69% used [0x00000007ac380000,0x00000007ac48c370,0x00000007ac500000)
  to   space 2048K, 0% used [0x00000007ac100000,0x00000007ac100000,0x00000007ac300000)
 ParOldGen       total 68608K, used 44429K [0x0000000700000000, 0x0000000704300000, 0x00000007aab00000)
  object space 68608K, 64% used [0x0000000700000000,0x0000000702b636a0,0x0000000704300000)
 Metaspace       used 56256K, committed 57728K, reserved 1114112K
  class space    used 6146K, committed 6784K, reserved 1048576K
}
Event: 16.297 GC heap before
{Heap before GC invocations=37 (full 2):
 PSYoungGen      total 23552K, used 23088K [0x00000007aab00000, 0x00000007ac500000, 0x0000000800000000)
  eden space 22016K, 100% used [0x00000007aab00000,0x00000007ac080000,0x00000007ac080000)
  from space 1536K, 69% used [0x00000007ac380000,0x00000007ac48c370,0x00000007ac500000)
  to   space 2048K, 0% used [0x00000007ac100000,0x00000007ac100000,0x00000007ac300000)
 ParOldGen       total 68608K, used 44429K [0x0000000700000000, 0x0000000704300000, 0x00000007aab00000)
  object space 68608K, 64% used [0x0000000700000000,0x0000000702b636a0,0x0000000704300000)
 Metaspace       used 57862K, committed 59328K, reserved 1114112K
  class space    used 6298K, committed 6912K, reserved 1048576K
}
Event: 16.298 GC heap after
{Heap after GC invocations=37 (full 2):
 PSYoungGen      total 24064K, used 352K [0x00000007aab00000, 0x00000007ac400000, 0x0000000800000000)
  eden space 22016K, 0% used [0x00000007aab00000,0x00000007aab00000,0x00000007ac080000)
  from space 2048K, 17% used [0x00000007ac100000,0x00000007ac158000,0x00000007ac300000)
  to   space 1024K, 0% used [0x00000007ac300000,0x00000007ac300000,0x00000007ac400000)
 ParOldGen       total 68608K, used 44461K [0x0000000700000000, 0x0000000704300000, 0x00000007aab00000)
  object space 68608K, 64% used [0x0000000700000000,0x0000000702b6b6a0,0x0000000704300000)
 Metaspace       used 57862K, committed 59328K, reserved 1114112K
  class space    used 6298K, committed 6912K, reserved 1048576K
}
Event: 16.597 GC heap before
{Heap before GC invocations=38 (full 2):
 PSYoungGen      total 24064K, used 9063K [0x00000007aab00000, 0x00000007ac400000, 0x0000000800000000)
  eden space 22016K, 39% used [0x00000007aab00000,0x00000007ab381ef0,0x00000007ac080000)
  from space 2048K, 17% used [0x00000007ac100000,0x00000007ac158000,0x00000007ac300000)
  to   space 1024K, 0% used [0x00000007ac300000,0x00000007ac300000,0x00000007ac400000)
 ParOldGen       total 68608K, used 44461K [0x0000000700000000, 0x0000000704300000, 0x00000007aab00000)
  object space 68608K, 64% used [0x0000000700000000,0x0000000702b6b6a0,0x0000000704300000)
 Metaspace       used 58334K, committed 59776K, reserved 1114112K
  class space    used 6338K, committed 6976K, reserved 1048576K
}
Event: 16.598 GC heap after
{Heap after GC invocations=38 (full 2):
 PSYoungGen      total 22528K, used 416K [0x00000007aab00000, 0x00000007ac380000, 0x0000000800000000)
  eden space 22016K, 0% used [0x00000007aab00000,0x00000007aab00000,0x00000007ac080000)
  from space 512K, 81% used [0x00000007ac300000,0x00000007ac368010,0x00000007ac380000)
  to   space 512K, 0% used [0x00000007ac280000,0x00000007ac280000,0x00000007ac300000)
 ParOldGen       total 68608K, used 44629K [0x0000000700000000, 0x0000000704300000, 0x00000007aab00000)
  object space 68608K, 65% used [0x0000000700000000,0x0000000702b956a0,0x0000000704300000)
 Metaspace       used 58334K, committed 59776K, reserved 1114112K
  class space    used 6338K, committed 6976K, reserved 1048576K
}
Event: 16.598 GC heap before
{Heap before GC invocations=39 (full 3):
 PSYoungGen      total 22528K, used 416K [0x00000007aab00000, 0x00000007ac380000, 0x0000000800000000)
  eden space 22016K, 0% used [0x00000007aab00000,0x00000007aab00000,0x00000007ac080000)
  from space 512K, 81% used [0x00000007ac300000,0x00000007ac368010,0x00000007ac380000)
  to   space 512K, 0% used [0x00000007ac280000,0x00000007ac280000,0x00000007ac300000)
 ParOldGen       total 68608K, used 44629K [0x0000000700000000, 0x0000000704300000, 0x00000007aab00000)
  object space 68608K, 65% used [0x0000000700000000,0x0000000702b956a0,0x0000000704300000)
 Metaspace       used 58334K, committed 59776K, reserved 1114112K
  class space    used 6338K, committed 6976K, reserved 1048576K
}
Event: 16.699 GC heap after
{Heap after GC invocations=39 (full 3):
 PSYoungGen      total 22528K, used 0K [0x00000007aab00000, 0x00000007ac380000, 0x0000000800000000)
  eden space 22016K, 0% used [0x00000007aab00000,0x00000007aab00000,0x00000007ac080000)
  from space 512K, 0% used [0x00000007ac300000,0x00000007ac300000,0x00000007ac380000)
  to   space 512K, 0% used [0x00000007ac280000,0x00000007ac280000,0x00000007ac300000)
 ParOldGen       total 68608K, used 41200K [0x0000000700000000, 0x0000000704300000, 0x00000007aab00000)
  object space 68608K, 60% used [0x0000000700000000,0x000000070283c3f8,0x0000000704300000)
 Metaspace       used 58332K, committed 59776K, reserved 1114112K
  class space    used 6337K, committed 6976K, reserved 1048576K
}
Event: 17.193 GC heap before
{Heap before GC invocations=40 (full 3):
 PSYoungGen      total 22528K, used 22016K [0x00000007aab00000, 0x00000007ac380000, 0x0000000800000000)
  eden space 22016K, 100% used [0x00000007aab00000,0x00000007ac080000,0x00000007ac080000)
  from space 512K, 0% used [0x00000007ac300000,0x00000007ac300000,0x00000007ac380000)
  to   space 512K, 0% used [0x00000007ac280000,0x00000007ac280000,0x00000007ac300000)
 ParOldGen       total 68608K, used 41200K [0x0000000700000000, 0x0000000704300000, 0x00000007aab00000)
  object space 68608K, 60% used [0x0000000700000000,0x000000070283c3f8,0x0000000704300000)
 Metaspace       used 60202K, committed 61696K, reserved 1114112K
  class space    used 6548K, committed 7232K, reserved 1048576K
}
Event: 17.195 GC heap after
{Heap after GC invocations=40 (full 3):
 PSYoungGen      total 22528K, used 512K [0x00000007aab00000, 0x00000007ac380000, 0x0000000800000000)
  eden space 22016K, 0% used [0x00000007aab00000,0x00000007aab00000,0x00000007ac080000)
  from space 512K, 100% used [0x00000007ac280000,0x00000007ac300000,0x00000007ac300000)
  to   space 512K, 0% used [0x00000007ac300000,0x00000007ac300000,0x00000007ac380000)
 ParOldGen       total 68608K, used 41485K [0x0000000700000000, 0x0000000704300000, 0x00000007aab00000)
  object space 68608K, 60% used [0x0000000700000000,0x0000000702883718,0x0000000704300000)
 Metaspace       used 60202K, committed 61696K, reserved 1114112K
  class space    used 6548K, committed 7232K, reserved 1048576K
}
Event: 34.633 GC heap before
{Heap before GC invocations=41 (full 3):
 PSYoungGen      total 22528K, used 22528K [0x00000007aab00000, 0x00000007ac380000, 0x0000000800000000)
  eden space 22016K, 100% used [0x00000007aab00000,0x00000007ac080000,0x00000007ac080000)
  from space 512K, 100% used [0x00000007ac280000,0x00000007ac300000,0x00000007ac300000)
  to   space 512K, 0% used [0x00000007ac300000,0x00000007ac300000,0x00000007ac380000)
 ParOldGen       total 68608K, used 41485K [0x0000000700000000, 0x0000000704300000, 0x00000007aab00000)
  object space 68608K, 60% used [0x0000000700000000,0x0000000702883718,0x0000000704300000)
 Metaspace       used 61276K, committed 62784K, reserved 1114112K
  class space    used 6649K, committed 7296K, reserved 1048576K
}
Event: 34.638 GC heap after
{Heap after GC invocations=41 (full 3):
 PSYoungGen      total 21504K, used 512K [0x00000007aab00000, 0x00000007ac780000, 0x0000000800000000)
  eden space 20992K, 0% used [0x00000007aab00000,0x00000007aab00000,0x00000007abf80000)
  from space 512K, 100% used [0x00000007ac300000,0x00000007ac380000,0x00000007ac380000)
  to   space 3584K, 0% used [0x00000007abf80000,0x00000007abf80000,0x00000007ac300000)
 ParOldGen       total 68608K, used 43722K [0x0000000700000000, 0x0000000704300000, 0x00000007aab00000)
  object space 68608K, 63% used [0x0000000700000000,0x0000000702ab2828,0x0000000704300000)
 Metaspace       used 61276K, committed 62784K, reserved 1114112K
  class space    used 6649K, committed 7296K, reserved 1048576K
}
Event: 34.937 GC heap before
{Heap before GC invocations=42 (full 3):
 PSYoungGen      total 21504K, used 21497K [0x00000007aab00000, 0x00000007ac780000, 0x0000000800000000)
  eden space 20992K, 99% used [0x00000007aab00000,0x00000007abf7e490,0x00000007abf80000)
  from space 512K, 100% used [0x00000007ac300000,0x00000007ac380000,0x00000007ac380000)
  to   space 3584K, 0% used [0x00000007abf80000,0x00000007abf80000,0x00000007ac300000)
 ParOldGen       total 68608K, used 43722K [0x0000000700000000, 0x0000000704300000, 0x00000007aab00000)
  object space 68608K, 63% used [0x0000000700000000,0x0000000702ab2828,0x0000000704300000)
 Metaspace       used 61769K, committed 63296K, reserved 1114112K
  class space    used 6691K, committed 7360K, reserved 1048576K
}
Event: 34.940 GC heap after
{Heap after GC invocations=42 (full 3):
 PSYoungGen      total 22528K, used 1287K [0x00000007aab00000, 0x00000007ac380000, 0x0000000800000000)
  eden space 20992K, 0% used [0x00000007aab00000,0x00000007aab00000,0x00000007abf80000)
  from space 1536K, 83% used [0x00000007abf80000,0x00000007ac0c1f70,0x00000007ac100000)
  to   space 2048K, 0% used [0x00000007ac180000,0x00000007ac180000,0x00000007ac380000)
 ParOldGen       total 68608K, used 44250K [0x0000000700000000, 0x0000000704300000, 0x00000007aab00000)
  object space 68608K, 64% used [0x0000000700000000,0x0000000702b36990,0x0000000704300000)
 Metaspace       used 61769K, committed 63296K, reserved 1114112K
  class space    used 6691K, committed 7360K, reserved 1048576K
}
Event: 38.215 GC heap before
{Heap before GC invocations=43 (full 3):
 PSYoungGen      total 22528K, used 22279K [0x00000007aab00000, 0x00000007ac380000, 0x0000000800000000)
  eden space 20992K, 100% used [0x00000007aab00000,0x00000007abf80000,0x00000007abf80000)
  from space 1536K, 83% used [0x00000007abf80000,0x00000007ac0c1f70,0x00000007ac100000)
  to   space 2048K, 0% used [0x00000007ac180000,0x00000007ac180000,0x00000007ac380000)
 ParOldGen       total 68608K, used 44250K [0x0000000700000000, 0x0000000704300000, 0x00000007aab00000)
  object space 68608K, 64% used [0x0000000700000000,0x0000000702b36990,0x0000000704300000)
 Metaspace       used 62293K, committed 63808K, reserved 1114112K
  class space    used 6718K, committed 7360K, reserved 1048576K
}
Event: 38.217 GC heap after
{Heap after GC invocations=43 (full 3):
 PSYoungGen      total 22016K, used 832K [0x00000007aab00000, 0x00000007ac280000, 0x0000000800000000)
  eden space 20992K, 0% used [0x00000007aab00000,0x00000007aab00000,0x00000007abf80000)
  from space 1024K, 81% used [0x00000007ac180000,0x00000007ac250040,0x00000007ac280000)
  to   space 1536K, 0% used [0x00000007abf80000,0x00000007abf80000,0x00000007ac100000)
 ParOldGen       total 68608K, used 45381K [0x0000000700000000, 0x0000000704300000, 0x00000007aab00000)
  object space 68608K, 66% used [0x0000000700000000,0x0000000702c514c0,0x0000000704300000)
 Metaspace       used 62293K, committed 63808K, reserved 1114112K
  class space    used 6718K, committed 7360K, reserved 1048576K
}
Event: 38.749 GC heap before
{Heap before GC invocations=44 (full 3):
 PSYoungGen      total 22016K, used 21824K [0x00000007aab00000, 0x00000007ac280000, 0x0000000800000000)
  eden space 20992K, 100% used [0x00000007aab00000,0x00000007abf80000,0x00000007abf80000)
  from space 1024K, 81% used [0x00000007ac180000,0x00000007ac250040,0x00000007ac280000)
  to   space 1536K, 0% used [0x00000007abf80000,0x00000007abf80000,0x00000007ac100000)
 ParOldGen       total 68608K, used 45381K [0x0000000700000000, 0x0000000704300000, 0x00000007aab00000)
  object space 68608K, 66% used [0x0000000700000000,0x0000000702c514c0,0x0000000704300000)
 Metaspace       used 62491K, committed 64000K, reserved 1114112K
  class space    used 6720K, committed 7360K, reserved 1048576K
}
Event: 38.752 GC heap after
{Heap after GC invocations=44 (full 3):
 PSYoungGen      total 22528K, used 800K [0x00000007aab00000, 0x00000007ac200000, 0x0000000800000000)
  eden space 20992K, 0% used [0x00000007aab00000,0x00000007aab00000,0x00000007abf80000)
  from space 1536K, 52% used [0x00000007abf80000,0x00000007ac048000,0x00000007ac100000)
  to   space 1024K, 0% used [0x00000007ac100000,0x00000007ac100000,0x00000007ac200000)
 ParOldGen       total 68608K, used 46069K [0x0000000700000000, 0x0000000704300000, 0x00000007aab00000)
  object space 68608K, 67% used [0x0000000700000000,0x0000000702cfd510,0x0000000704300000)
 Metaspace       used 62491K, committed 64000K, reserved 1114112K
  class space    used 6720K, committed 7360K, reserved 1048576K
}

Dll operation events (10 events):
Event: 0.036 Loaded shared library c:\Users\User_01\.windsurf\extensions\redhat.java-1.53.0-win32-x64\jre\21.0.10-win32-x86_64\bin\java.dll
Event: 0.263 Loaded shared library c:\Users\User_01\.windsurf\extensions\redhat.java-1.53.0-win32-x64\jre\21.0.10-win32-x86_64\bin\zip.dll
Event: 0.346 Loaded shared library C:\Users\User_01\.windsurf\extensions\redhat.java-1.53.0-win32-x64\jre\21.0.10-win32-x86_64\bin\instrument.dll
Event: 0.369 Loaded shared library C:\Users\User_01\.windsurf\extensions\redhat.java-1.53.0-win32-x64\jre\21.0.10-win32-x86_64\bin\net.dll
Event: 0.372 Loaded shared library C:\Users\User_01\.windsurf\extensions\redhat.java-1.53.0-win32-x64\jre\21.0.10-win32-x86_64\bin\nio.dll
Event: 0.378 Loaded shared library C:\Users\User_01\.windsurf\extensions\redhat.java-1.53.0-win32-x64\jre\21.0.10-win32-x86_64\bin\zip.dll
Event: 0.409 Loaded shared library C:\Users\User_01\.windsurf\extensions\redhat.java-1.53.0-win32-x64\jre\21.0.10-win32-x86_64\bin\jimage.dll
Event: 0.595 Loaded shared library c:\Users\User_01\.windsurf\extensions\redhat.java-1.53.0-win32-x64\jre\21.0.10-win32-x86_64\bin\verify.dll
Event: 3.018 Loaded shared library C:\Users\User_01\AppData\Roaming\Windsurf\User\globalStorage\redhat.java\1.53.0\config_win\org.eclipse.equinox.launcher\org.eclipse.equinox.launcher.win32.win32.x86_64_1.3.0.v20260203-2149\eclipse_11919.dll
Event: 5.458 Loaded shared library C:\Users\User_01\AppData\Local\Temp\jna-1517518549\jna8448050404782659710.dll

Deoptimization events (20 events):
Event: 38.154 Thread 0x000002840fefe350 DEOPT PACKING pc=0x00000283b7e7e9bc sp=0x000000d0e9bfe0f0
Event: 38.154 Thread 0x000002840fefe350 DEOPT UNPACKING pc=0x00000283b72f6da2 sp=0x000000d0e9bfe098 mode 2
Event: 38.158 Thread 0x000002840fefe350 Uncommon trap: trap_request=0xffffffc6 fr.pc=0x00000283b7e7640c relative=0x00000000000003ac
Event: 38.158 Thread 0x000002840fefe350 Uncommon trap: reason=bimorphic_or_optimized_type_check action=maybe_recompile pc=0x00000283b7e7640c method=java.util.Collections$UnmodifiableMap$UnmodifiableEntrySet$1.next()Ljava/util/Map$Entry; @ 8 c2
Event: 38.158 Thread 0x000002840fefe350 DEOPT PACKING pc=0x00000283b7e7640c sp=0x000000d0e9bfde00
Event: 38.158 Thread 0x000002840fefe350 DEOPT UNPACKING pc=0x00000283b72f6da2 sp=0x000000d0e9bfdd48 mode 2
Event: 38.158 Thread 0x000002840fefe350 Uncommon trap: trap_request=0xffffffc6 fr.pc=0x00000283b7e75cd4 relative=0x0000000000000094
Event: 38.158 Thread 0x000002840fefe350 Uncommon trap: reason=bimorphic_or_optimized_type_check action=maybe_recompile pc=0x00000283b7e75cd4 method=java.util.Collections$UnmodifiableMap$UnmodifiableEntrySet$UnmodifiableEntry.getKey()Ljava/lang/Object; @ 4 c2
Event: 38.158 Thread 0x000002840fefe350 DEOPT PACKING pc=0x00000283b7e75cd4 sp=0x000000d0e9bfde30
Event: 38.158 Thread 0x000002840fefe350 DEOPT UNPACKING pc=0x00000283b72f6da2 sp=0x000000d0e9bfddb8 mode 2
Event: 38.158 Thread 0x000002840fefe350 Uncommon trap: trap_request=0xffffffc6 fr.pc=0x00000283b79730d4 relative=0x0000000000000094
Event: 38.158 Thread 0x000002840fefe350 Uncommon trap: reason=bimorphic_or_optimized_type_check action=maybe_recompile pc=0x00000283b79730d4 method=java.util.Collections$UnmodifiableMap$UnmodifiableEntrySet$UnmodifiableEntry.getValue()Ljava/lang/Object; @ 4 c2
Event: 38.158 Thread 0x000002840fefe350 DEOPT PACKING pc=0x00000283b79730d4 sp=0x000000d0e9bfde30
Event: 38.158 Thread 0x000002840fefe350 DEOPT UNPACKING pc=0x00000283b72f6da2 sp=0x000000d0e9bfddb8 mode 2
Event: 38.282 Thread 0x0000028414395d60 DEOPT PACKING pc=0x00000283b0de284e sp=0x000000d0e8efe0d0
Event: 38.282 Thread 0x0000028414395d60 DEOPT UNPACKING pc=0x00000283b72f78e2 sp=0x000000d0e8efd5c0 mode 0
Event: 38.610 Thread 0x000002840fefe350 Uncommon trap: trap_request=0xffffffde fr.pc=0x00000283b7e3bb38 relative=0x0000000000000d98
Event: 38.610 Thread 0x000002840fefe350 Uncommon trap: reason=class_check action=maybe_recompile pc=0x00000283b7e3bb38 method=org.eclipse.core.internal.resources.Workspace.getResourceInfo(Lorg/eclipse/core/runtime/IPath;ZZ)Lorg/eclipse/core/internal/resources/ResourceInfo; @ 60 c2
Event: 38.610 Thread 0x000002840fefe350 DEOPT PACKING pc=0x00000283b7e3bb38 sp=0x000000d0e9bfe160
Event: 38.610 Thread 0x000002840fefe350 DEOPT UNPACKING pc=0x00000283b72f6da2 sp=0x000000d0e9bfe158 mode 2

Classes loaded (20 events):
Event: 32.926 Loading class sun/util/resources/TimeZoneNames
Event: 32.928 Loading class sun/util/resources/TimeZoneNames done
Event: 32.928 Loading class sun/util/resources/TimeZoneNames_en
Event: 32.928 Loading class sun/util/resources/TimeZoneNames_en done
Event: 34.205 Loading class org/xml/sax/SAXNotRecognizedException
Event: 34.205 Loading class org/xml/sax/SAXNotRecognizedException done
Event: 34.205 Loading class org/xml/sax/SAXNotSupportedException
Event: 34.205 Loading class org/xml/sax/SAXNotSupportedException done
Event: 34.206 Loading class com/sun/org/apache/xerces/internal/util/URI
Event: 34.207 Loading class com/sun/org/apache/xerces/internal/util/URI done
Event: 34.211 Loading class com/sun/org/apache/xerces/internal/xni/XNIException
Event: 34.212 Loading class com/sun/org/apache/xerces/internal/xni/XNIException done
Event: 34.212 Loading class com/sun/org/apache/xerces/internal/xni/parser/XMLParseException
Event: 34.212 Loading class com/sun/org/apache/xerces/internal/xni/parser/XMLParseException done
Event: 34.235 Loading class java/io/ObjectOutputStream$BlockDataOutputStream
Event: 34.237 Loading class java/io/ObjectOutputStream$BlockDataOutputStream done
Event: 34.237 Loading class java/io/ObjectOutputStream$HandleTable
Event: 34.238 Loading class java/io/ObjectOutputStream$HandleTable done
Event: 34.238 Loading class java/io/ObjectOutputStream$ReplaceTable
Event: 34.238 Loading class java/io/ObjectOutputStream$ReplaceTable done

Classes unloaded (8 events):
Event: 6.532 Thread 0x00000283c7f66f80 Unloading class 0x00000283c91ad400 'java/lang/invoke/LambdaForm$MH+0x00000283c91ad400'
Event: 6.532 Thread 0x00000283c7f66f80 Unloading class 0x00000283c91ad000 'java/lang/invoke/LambdaForm$MH+0x00000283c91ad000'
Event: 6.532 Thread 0x00000283c7f66f80 Unloading class 0x00000283c91acc00 'java/lang/invoke/LambdaForm$MH+0x00000283c91acc00'
Event: 6.532 Thread 0x00000283c7f66f80 Unloading class 0x00000283c91ac800 'java/lang/invoke/LambdaForm$MH+0x00000283c91ac800'
Event: 6.532 Thread 0x00000283c7f66f80 Unloading class 0x00000283c91ac400 'java/lang/invoke/LambdaForm$BMH+0x00000283c91ac400'
Event: 6.532 Thread 0x00000283c7f66f80 Unloading class 0x00000283c91ac000 'java/lang/invoke/LambdaForm$DMH+0x00000283c91ac000'
Event: 6.532 Thread 0x00000283c7f66f80 Unloading class 0x00000283c91aac00 'java/lang/invoke/LambdaForm$DMH+0x00000283c91aac00'
Event: 16.615 Thread 0x00000283c7f66f80 Unloading class 0x00000283c961c400 'java/lang/invoke/LambdaForm$DMH+0x00000283c961c400'

Classes redefined (0 events):
No events

Internal exceptions (20 events):
Event: 34.989 Thread 0x000002840fefe9e0 Exception <a 'sun/nio/fs/WindowsException'{0x00000007aade7740}> (0x00000007aade7740) 
thrown [s\src\hotspot\share\prims\jni.cpp, line 520]
Event: 34.989 Thread 0x000002840fefe9e0 Exception <a 'sun/nio/fs/WindowsException'{0x00000007aade81f0}> (0x00000007aade81f0) 
thrown [s\src\hotspot\share\prims\jni.cpp, line 520]
Event: 34.991 Thread 0x000002840fefe9e0 Exception <a 'sun/nio/fs/WindowsException'{0x00000007aadf3f58}> (0x00000007aadf3f58) 
thrown [s\src\hotspot\share\prims\jni.cpp, line 520]
Event: 34.991 Thread 0x000002840fefe9e0 Exception <a 'sun/nio/fs/WindowsException'{0x00000007aadf4a08}> (0x00000007aadf4a08) 
thrown [s\src\hotspot\share\prims\jni.cpp, line 520]
Event: 34.994 Thread 0x000002840fefe9e0 Exception <a 'sun/nio/fs/WindowsException'{0x00000007aae0bf88}> (0x00000007aae0bf88) 
thrown [s\src\hotspot\share\prims\jni.cpp, line 520]
Event: 34.994 Thread 0x000002840fefe9e0 Exception <a 'sun/nio/fs/WindowsException'{0x00000007aae0ca38}> (0x00000007aae0ca38) 
thrown [s\src\hotspot\share\prims\jni.cpp, line 520]
Event: 34.999 Thread 0x000002840fefe9e0 Exception <a 'java/lang/NoSuchMethodError'{0x00000007aae6cfb8}: static [Lorg/eclipse/jdt/core/IClasspathEntry;.<clinit>()V> (0x00000007aae6cfb8) 
thrown [s\src\hotspot\share\prims\jni.cpp, line 1111]
Event: 35.000 Thread 0x000002840fefe9e0 Exception <a 'java/lang/NoSuchMethodError'{0x00000007aae6dfd8}: static [Lorg/eclipse/jdt/core/IAccessRule;.<clinit>()V> (0x00000007aae6dfd8) 
thrown [s\src\hotspot\share\prims\jni.cpp, line 1111]
Event: 35.000 Thread 0x000002840fefe9e0 Exception <a 'java/lang/NoSuchMethodError'{0x00000007aae6eb08}: static [Lorg/eclipse/jdt/core/IClasspathAttribute;.<clinit>()V> (0x00000007aae6eb08) 
thrown [s\src\hotspot\share\prims\jni.cpp, line 1111]
Event: 35.181 Thread 0x000002840fefe9e0 Exception <a 'sun/nio/fs/WindowsException'{0x00000007abaee6a8}> (0x00000007abaee6a8) 
thrown [s\src\hotspot\share\prims\jni.cpp, line 520]
Event: 35.181 Thread 0x000002840fefe9e0 Exception <a 'sun/nio/fs/WindowsException'{0x00000007abaef158}> (0x00000007abaef158) 
thrown [s\src\hotspot\share\prims\jni.cpp, line 520]
Event: 36.050 Thread 0x000002840fefe9e0 Exception <a 'java/lang/NoSuchMethodError'{0x00000007abb4af90}: 'int java.lang.invoke.DirectMethodHandle$Holder.invokeSpecial(java.lang.Object, java.lang.Object, java.lang.Object, java.lang.Object, java.lang.Object, java.lang.Object)'> (0x00000007abb4af90) 
thrown [s\src\hotspot\share\interpreter\linkResolver.cpp, line 773]
Event: 38.605 Thread 0x000002840fefe350 Exception <a 'sun/nio/fs/WindowsException'{0x00000007ab75fd50}> (0x00000007ab75fd50) 
thrown [s\src\hotspot\share\prims\jni.cpp, line 520]
Event: 38.605 Thread 0x000002840fefe350 Exception <a 'sun/nio/fs/WindowsException'{0x00000007ab760800}> (0x00000007ab760800) 
thrown [s\src\hotspot\share\prims\jni.cpp, line 520]
Event: 38.606 Thread 0x000002840fefe350 Exception <a 'sun/nio/fs/WindowsException'{0x00000007ab764cd0}> (0x00000007ab764cd0) 
thrown [s\src\hotspot\share\prims\jni.cpp, line 520]
Event: 38.607 Thread 0x000002840fefe350 Exception <a 'sun/nio/fs/WindowsException'{0x00000007ab765780}> (0x00000007ab765780) 
thrown [s\src\hotspot\share\prims\jni.cpp, line 520]
Event: 38.609 Thread 0x000002840fefe350 Exception <a 'sun/nio/fs/WindowsException'{0x00000007ab775728}> (0x00000007ab775728) 
thrown [s\src\hotspot\share\prims\jni.cpp, line 520]
Event: 38.609 Thread 0x000002840fefe350 Exception <a 'sun/nio/fs/WindowsException'{0x00000007ab7761d8}> (0x00000007ab7761d8) 
thrown [s\src\hotspot\share\prims\jni.cpp, line 520]
Event: 38.921 Thread 0x000002840fefe350 Exception <a 'sun/nio/fs/WindowsException'{0x00000007ab0817f8}> (0x00000007ab0817f8) 
thrown [s\src\hotspot\share\prims\jni.cpp, line 520]
Event: 38.921 Thread 0x000002840fefe350 Exception <a 'sun/nio/fs/WindowsException'{0x00000007ab0822a8}> (0x00000007ab0822a8) 
thrown [s\src\hotspot\share\prims\jni.cpp, line 520]

ZGC Phase Switch (0 events):
No events

VM Operations (20 events):
Event: 34.491 Executing non-safepoint VM operation: HandshakeAllThreads (Deoptimize)
Event: 34.491 Executing non-safepoint VM operation: HandshakeAllThreads (Deoptimize) done
Event: 34.491 Executing safepoint VM operation: Cleanup
Event: 34.491 Executing safepoint VM operation: Cleanup done
Event: 34.633 Executing safepoint VM operation: ParallelGCFailedAllocation (Allocation Failure)
Event: 34.638 Executing safepoint VM operation: ParallelGCFailedAllocation (Allocation Failure) done
Event: 34.937 Executing safepoint VM operation: ParallelGCFailedAllocation (Allocation Failure)
Event: 34.940 Executing safepoint VM operation: ParallelGCFailedAllocation (Allocation Failure) done
Event: 35.951 Executing safepoint VM operation: Cleanup
Event: 35.951 Executing safepoint VM operation: Cleanup done
Event: 36.951 Executing safepoint VM operation: Cleanup
Event: 36.951 Executing safepoint VM operation: Cleanup done
Event: 38.214 Executing safepoint VM operation: ParallelGCFailedAllocation (Allocation Failure)
Event: 38.217 Executing safepoint VM operation: ParallelGCFailedAllocation (Allocation Failure) done
Event: 38.749 Executing safepoint VM operation: ParallelGCFailedAllocation (Allocation Failure)
Event: 38.752 Executing safepoint VM operation: ParallelGCFailedAllocation (Allocation Failure) done
Event: 39.759 Executing safepoint VM operation: Cleanup
Event: 39.759 Executing safepoint VM operation: Cleanup done
Event: 41.759 Executing safepoint VM operation: Cleanup
Event: 41.759 Executing safepoint VM operation: Cleanup done

Memory protections (0 events):
No events

Nmethod flushes (20 events):
Event: 16.638 Thread 0x00000283c7f66f80 flushing  nmethod 0x00000283b05fe390
Event: 16.638 Thread 0x00000283c7f66f80 flushing  nmethod 0x00000283b0602790
Event: 16.638 Thread 0x00000283c7f66f80 flushing  nmethod 0x00000283b0603690
Event: 16.638 Thread 0x00000283c7f66f80 flushing  nmethod 0x00000283b0603a10
Event: 16.638 Thread 0x00000283c7f66f80 flushing  nmethod 0x00000283b0604010
Event: 16.638 Thread 0x00000283c7f66f80 flushing  nmethod 0x00000283b0618110
Event: 16.638 Thread 0x00000283c7f66f80 flushing  nmethod 0x00000283b0619a10
Event: 16.638 Thread 0x00000283c7f66f80 flushing  nmethod 0x00000283b061a010
Event: 16.638 Thread 0x00000283c7f66f80 flushing  nmethod 0x00000283b061a890
Event: 16.638 Thread 0x00000283c7f66f80 flushing  nmethod 0x00000283b061af90
Event: 16.638 Thread 0x00000283c7f66f80 flushing  nmethod 0x00000283b061b310
Event: 16.638 Thread 0x00000283c7f66f80 flushing  nmethod 0x00000283b061f710
Event: 16.638 Thread 0x00000283c7f66f80 flushing  nmethod 0x00000283b0629b90
Event: 16.638 Thread 0x00000283c7f66f80 flushing  nmethod 0x00000283b062f490
Event: 16.638 Thread 0x00000283c7f66f80 flushing  nmethod 0x00000283b0643710
Event: 16.638 Thread 0x00000283c7f66f80 flushing  nmethod 0x00000283b064ec90
Event: 16.638 Thread 0x00000283c7f66f80 flushing  nmethod 0x00000283b065ad90
Event: 16.638 Thread 0x00000283c7f66f80 flushing  nmethod 0x00000283b0662a90
Event: 16.638 Thread 0x00000283c7f66f80 flushing  nmethod 0x00000283b0674910
Event: 16.638 Thread 0x00000283c7f66f80 flushing osr nmethod 0x00000283b06a3210

Events (20 events):
Event: 38.232 Thread 0x000002840fefe350 Thread added: 0x0000028414392f70
Event: 38.241 Thread 0x000002840a9ed290 Thread added: 0x0000028411f008c0
Event: 38.310 Thread 0x00000284143956d0 Thread exited: 0x00000284143956d0
Event: 38.310 Thread 0x00000284143949b0 Thread exited: 0x00000284143949b0
Event: 38.310 Thread 0x0000028414392f70 Thread exited: 0x0000028414392f70
Event: 38.310 Thread 0x0000028414395d60 Thread exited: 0x0000028414395d60
Event: 38.311 Thread 0x00000284143928e0 Thread exited: 0x00000284143928e0
Event: 38.498 Thread 0x0000028411f008c0 Thread exited: 0x0000028411f008c0
Event: 38.663 Thread 0x000002840fefe350 Thread added: 0x0000028414395040
Event: 38.663 Thread 0x000002840fefe350 Thread added: 0x0000028414393600
Event: 38.663 Thread 0x000002840fefe350 Thread added: 0x0000028414393c90
Event: 38.664 Thread 0x000002840fefe350 Thread added: 0x00000284143928e0
Event: 38.664 Thread 0x000002840fefe350 Thread added: 0x0000028414394320
Event: 38.744 Thread 0x000002840a9ed290 Thread added: 0x0000028411f008c0
Event: 38.748 Thread 0x0000028414393c90 Thread exited: 0x0000028414393c90
Event: 38.748 Thread 0x0000028414394320 Thread exited: 0x0000028414394320
Event: 38.748 Thread 0x0000028414395040 Thread exited: 0x0000028414395040
Event: 38.748 Thread 0x00000284143928e0 Thread exited: 0x00000284143928e0
Event: 38.749 Thread 0x0000028414393600 Thread exited: 0x0000028414393600
Event: 39.656 Thread 0x0000028411f008c0 Thread exited: 0x0000028411f008c0


Dynamic libraries:
0x00007ff72e7c0000 - 0x00007ff72e7ce000 	c:\Users\User_01\.windsurf\extensions\redhat.java-1.53.0-win32-x64\jre\21.0.10-win32-x86_64\bin\java.exe
0x00007ffc76e60000 - 0x00007ffc770c7000 	C:\WINDOWS\SYSTEM32\ntdll.dll
0x00007ffc75cc0000 - 0x00007ffc75d89000 	C:\WINDOWS\System32\KERNEL32.DLL
0x00007ffc742a0000 - 0x00007ffc7468f000 	C:\WINDOWS\System32\KERNELBASE.dll
0x00007ffc740a0000 - 0x00007ffc741eb000 	C:\WINDOWS\System32\ucrtbase.dll
0x00007ffc2d6a0000 - 0x00007ffc2d6b8000 	c:\Users\User_01\.windsurf\extensions\redhat.java-1.53.0-win32-x64\jre\21.0.10-win32-x86_64\bin\jli.dll
0x00007ffc00f00000 - 0x00007ffc00f1e000 	c:\Users\User_01\.windsurf\extensions\redhat.java-1.53.0-win32-x64\jre\21.0.10-win32-x86_64\bin\VCRUNTIME140.dll
0x00007ffc74fa0000 - 0x00007ffc75165000 	C:\WINDOWS\System32\USER32.dll
0x00007ffc73fb0000 - 0x00007ffc73fd7000 	C:\WINDOWS\System32\win32u.dll
0x00007ffc74e10000 - 0x00007ffc74e3b000 	C:\WINDOWS\System32\GDI32.dll
0x00007ffc746a0000 - 0x00007ffc747cc000 	C:\WINDOWS\System32\gdi32full.dll
0x00007ffc74940000 - 0x00007ffc749e3000 	C:\WINDOWS\System32\msvcp_win.dll
0x00007ffc57670000 - 0x00007ffc57903000 	C:\WINDOWS\WinSxS\amd64_microsoft.windows.common-controls_6595b64144ccf1df_6.0.26100.7309_none_3e05feeae336a044\COMCTL32.dll
0x00007ffc76d70000 - 0x00007ffc76e19000 	C:\WINDOWS\System32\msvcrt.dll
0x00007ffc76ce0000 - 0x00007ffc76d11000 	C:\WINDOWS\System32\IMM32.DLL
0x000000005bdd0000 - 0x000000005bddc000 	C:\Program Files (x86)\360\Total Security\safemon\SafeWrapper.dll
0x00007ffc75170000 - 0x00007ffc75224000 	C:\WINDOWS\System32\ADVAPI32.dll
0x00007ffc755c0000 - 0x00007ffc75666000 	C:\WINDOWS\System32\sechost.dll
0x00007ffc76610000 - 0x00007ffc76728000 	C:\WINDOWS\System32\RPCRT4.dll
0x00007ffc37f90000 - 0x00007ffc3803c000 	C:\Program Files (x86)\360\Total Security\safemon\libzdtp64.dll
0x00007ffc75e20000 - 0x00007ffc76573000 	C:\WINDOWS\System32\SHELL32.dll
0x00007ffc747d0000 - 0x00007ffc7493a000 	C:\WINDOWS\System32\wintypes.dll
0x00007ffc75230000 - 0x00007ffc755b6000 	C:\WINDOWS\System32\combase.dll
0x00007ffc75da0000 - 0x00007ffc75e06000 	C:\WINDOWS\System32\SHLWAPI.dll
0x00007ffc73a90000 - 0x00007ffc73a9b000 	C:\WINDOWS\SYSTEM32\VERSION.dll
0x00007ffc623a0000 - 0x00007ffc623ac000 	c:\Users\User_01\.windsurf\extensions\redhat.java-1.53.0-win32-x64\jre\21.0.10-win32-x86_64\bin\vcruntime140_1.dll
0x00007ffbc3770000 - 0x00007ffbc37fd000 	c:\Users\User_01\.windsurf\extensions\redhat.java-1.53.0-win32-x64\jre\21.0.10-win32-x86_64\bin\msvcp140.dll
0x00007ffbb15b0000 - 0x00007ffbb2351000 	c:\Users\User_01\.windsurf\extensions\redhat.java-1.53.0-win32-x64\jre\21.0.10-win32-x86_64\bin\server\jvm.dll
0x00007ffc76580000 - 0x00007ffc765f4000 	C:\WINDOWS\System32\WS2_32.dll
0x00007ffc73e10000 - 0x00007ffc73e6e000 	C:\WINDOWS\SYSTEM32\POWRPROF.dll
0x00007ffc6b560000 - 0x00007ffc6b595000 	C:\WINDOWS\SYSTEM32\WINMM.dll
0x00007ffc73df0000 - 0x00007ffc73e04000 	C:\WINDOWS\SYSTEM32\UMPDC.dll
0x00007ffc72cf0000 - 0x00007ffc72d0b000 	C:\WINDOWS\SYSTEM32\kernel.appcore.dll
0x00007ffc60f90000 - 0x00007ffc60f9a000 	c:\Users\User_01\.windsurf\extensions\redhat.java-1.53.0-win32-x64\jre\21.0.10-win32-x86_64\bin\jimage.dll
0x00007ffc70d80000 - 0x00007ffc70fc2000 	C:\WINDOWS\SYSTEM32\DBGHELP.DLL
0x00007ffc74e40000 - 0x00007ffc74f16000 	C:\WINDOWS\System32\OLEAUT32.dll
0x00007ffc575c0000 - 0x00007ffc575fc000 	C:\WINDOWS\SYSTEM32\dbgcore.DLL
0x00007ffc741f0000 - 0x00007ffc74295000 	C:\WINDOWS\System32\bcryptPrimitives.dll
0x00007ffc5e0b0000 - 0x00007ffc5e0bf000 	c:\Users\User_01\.windsurf\extensions\redhat.java-1.53.0-win32-x64\jre\21.0.10-win32-x86_64\bin\instrument.dll
0x00007ffbfe1e0000 - 0x00007ffbfe200000 	c:\Users\User_01\.windsurf\extensions\redhat.java-1.53.0-win32-x64\jre\21.0.10-win32-x86_64\bin\java.dll
0x00007ffc71b20000 - 0x00007ffc7237e000 	C:\WINDOWS\SYSTEM32\windows.storage.dll
0x00007ffc75700000 - 0x00007ffc757f5000 	C:\WINDOWS\System32\SHCORE.dll
0x00007ffc73ed0000 - 0x00007ffc73ef9000 	C:\WINDOWS\SYSTEM32\profapi.dll
0x00007ffbfde10000 - 0x00007ffbfde28000 	c:\Users\User_01\.windsurf\extensions\redhat.java-1.53.0-win32-x64\jre\21.0.10-win32-x86_64\bin\zip.dll
0x00007ffc629a0000 - 0x00007ffc629b0000 	C:\Users\User_01\.windsurf\extensions\redhat.java-1.53.0-win32-x64\jre\21.0.10-win32-x86_64\bin\net.dll
0x00007ffc66180000 - 0x00007ffc662a8000 	C:\WINDOWS\SYSTEM32\WINHTTP.dll
0x00007ffc73260000 - 0x00007ffc732cb000 	C:\WINDOWS\system32\mswsock.dll
0x00007ffbfbb60000 - 0x00007ffbfbb76000 	C:\Users\User_01\.windsurf\extensions\redhat.java-1.53.0-win32-x64\jre\21.0.10-win32-x86_64\bin\nio.dll
0x00007ffc5dab0000 - 0x00007ffc5dac0000 	c:\Users\User_01\.windsurf\extensions\redhat.java-1.53.0-win32-x64\jre\21.0.10-win32-x86_64\bin\verify.dll
0x00007ffbf86e0000 - 0x00007ffbf8725000 	C:\Users\User_01\AppData\Roaming\Windsurf\User\globalStorage\redhat.java\1.53.0\config_win\org.eclipse.equinox.launcher\org.eclipse.equinox.launcher.win32.win32.x86_64_1.3.0.v20260203-2149\eclipse_11919.dll
0x00007ffc76a10000 - 0x00007ffc76ba7000 	C:\WINDOWS\System32\ole32.dll
0x00007ffc73520000 - 0x00007ffc7353b000 	C:\WINDOWS\SYSTEM32\CRYPTSP.dll
0x00007ffc72c50000 - 0x00007ffc72c8a000 	C:\WINDOWS\system32\rsaenh.dll
0x00007ffc73310000 - 0x00007ffc7333b000 	C:\WINDOWS\SYSTEM32\USERENV.dll
0x00007ffc73ea0000 - 0x00007ffc73eca000 	C:\WINDOWS\SYSTEM32\bcrypt.dll
0x00007ffc73540000 - 0x00007ffc7354c000 	C:\WINDOWS\SYSTEM32\CRYPTBASE.dll
0x00007ffc72830000 - 0x00007ffc72864000 	C:\WINDOWS\SYSTEM32\IPHLPAPI.DLL
0x00007ffc75e10000 - 0x00007ffc75e1a000 	C:\WINDOWS\System32\NSI.dll
0x00007ffbf8640000 - 0x00007ffbf8689000 	C:\Users\User_01\AppData\Local\Temp\jna-1517518549\jna8448050404782659710.dll
0x00007ffc76c10000 - 0x00007ffc76c18000 	C:\WINDOWS\System32\PSAPI.DLL
0x00007ffc662e0000 - 0x00007ffc662fe000 	C:\WINDOWS\SYSTEM32\dhcpcsvc6.DLL
0x00007ffc662b0000 - 0x00007ffc662d3000 	C:\WINDOWS\SYSTEM32\dhcpcsvc.DLL

JVMTI agents:
c:\Users\User_01\.windsurf\extensions\redhat.java-1.53.0-win32-x64\lombok\lombok-1.18.39-4050.jar path:c:\Users\User_01\.windsurf\extensions\redhat.java-1.53.0-win32-x64\jre\21.0.10-win32-x86_64\bin\instrument.dll, loaded, initialized, instrumentlib options:none

dbghelp: loaded successfully - version: 4.0.5 - missing functions: none
symbol engine: initialized successfully - sym options: 0x614 - pdb path: .;c:\Users\User_01\.windsurf\extensions\redhat.java-1.53.0-win32-x64\jre\21.0.10-win32-x86_64\bin;C:\WINDOWS\SYSTEM32;C:\WINDOWS\WinSxS\amd64_microsoft.windows.common-controls_6595b64144ccf1df_6.0.26100.7309_none_3e05feeae336a044;C:\Program Files (x86)\360\Total Security\safemon;c:\Users\User_01\.windsurf\extensions\redhat.java-1.53.0-win32-x64\jre\21.0.10-win32-x86_64\bin\server;C:\Users\User_01\AppData\Roaming\Windsurf\User\globalStorage\redhat.java\1.53.0\config_win\org.eclipse.equinox.launcher\org.eclipse.equinox.launcher.win32.win32.x86_64_1.3.0.v20260203-2149;C:\Users\User_01\AppData\Local\Temp\jna-1517518549

VM Arguments:
jvm_args: --add-modules=ALL-SYSTEM --add-opens=java.base/java.util=ALL-UNNAMED --add-opens=java.base/java.lang=ALL-UNNAMED --add-opens=java.base/sun.nio.fs=ALL-UNNAMED -Declipse.application=org.eclipse.jdt.ls.core.id1 -Dosgi.bundles.defaultStartLevel=4 -Declipse.product=org.eclipse.jdt.ls.core.product -Djava.import.generatesMetadataFilesAtProjectRoot=false -DDetectVMInstallationsJob.disabled=true -Dfile.encoding=utf8 -XX:+UseParallelGC -XX:GCTimeRatio=4 -XX:AdaptiveSizePolicyWeight=90 -Dsun.zip.disableMemoryMapping=true -Xmx4G -Xms100m -Xlog:disable -javaagent:c:\Users\User_01\.windsurf\extensions\redhat.java-1.53.0-win32-x64\lombok\lombok-1.18.39-4050.jar -XX:+HeapDumpOnOutOfMemoryError -XX:HeapDumpPath=c:\Users\User_01\AppData\Roaming\Windsurf\User\workspaceStorage\3b64a31b5ae7a5ad84c6817e217fb5fe\redhat.java -Daether.dependencyCollector.impl=bf 
java_command: c:\Users\User_01\.windsurf\extensions\redhat.java-1.53.0-win32-x64\server\plugins\org.eclipse.equinox.launcher_1.7.100.v20251111-0406.jar -configuration c:\Users\User_01\AppData\Roaming\Windsurf\User\globalStorage\redhat.java\1.53.0\config_win -data c:\Users\User_01\AppData\Roaming\Windsurf\User\workspaceStorage\3b64a31b5ae7a5ad84c6817e217fb5fe\redhat.java\jdt_ws --pipe=\\.\pipe\lsp-14017c1b651b6f7819437c797cca8abc-sock
java_class_path (initial): c:\Users\User_01\.windsurf\extensions\redhat.java-1.53.0-win32-x64\server\plugins\org.eclipse.equinox.launcher_1.7.100.v20251111-0406.jar
Launcher Type: SUN_STANDARD

[Global flags]
    uintx AdaptiveSizePolicyWeight                 = 90                                        {product} {command line}
     intx CICompilerCount                          = 4                                         {product} {ergonomic}
    uintx GCTimeRatio                              = 4                                         {product} {command line}
     bool HeapDumpOnOutOfMemoryError               = true                                   {manageable} {command line}
    ccstr HeapDumpPath                             = c:\Users\User_01\AppData\Roaming\Windsurf\User\workspaceStorage\3b64a31b5ae7a5ad84c6817e217fb5fe\redhat.java         {manageable} {command line}
   size_t InitialHeapSize                          = 104857600                                 {product} {command line}
   size_t MaxHeapSize                              = 4294967296                                {product} {command line}
   size_t MaxNewSize                               = 1431306240                                {product} {ergonomic}
   size_t MinHeapDeltaBytes                        = 524288                                    {product} {ergonomic}
   size_t MinHeapSize                              = 104857600                                 {product} {command line}
   size_t NewSize                                  = 34603008                                  {product} {ergonomic}
    uintx NonNMethodCodeHeapSize                   = 5839372                                {pd product} {ergonomic}
    uintx NonProfiledCodeHeapSize                  = 122909434                              {pd product} {ergonomic}
   size_t OldSize                                  = 70254592                                  {product} {ergonomic}
    uintx ProfiledCodeHeapSize                     = 122909434                              {pd product} {ergonomic}
    uintx ReservedCodeCacheSize                    = 251658240                              {pd product} {ergonomic}
     bool SegmentedCodeCache                       = true                                      {product} {ergonomic}
   size_t SoftMaxHeapSize                          = 4294967296                             {manageable} {ergonomic}
     bool UseCompressedOops                        = true                           {product lp64_product} {ergonomic}
     bool UseLargePagesIndividualAllocation        = false                                  {pd product} {ergonomic}
     bool UseParallelGC                            = true                                      {product} {command line}

Logging:
Log output configuration:
 #0: stdout all=off uptime,level,tags foldmultilines=false
 #1: stderr all=off uptime,level,tags foldmultilines=false

Release file:
JAVA_VERSION="21.0.10" 
MODULES="java.base java.compiler java.datatransfer java.xml java.prefs java.desktop java.instrument java.logging java.management java.security.sasl java.naming java.rmi java.management.rmi java.net.http java.scripting java.security.jgss java.transaction.xa java.sql java.sql.rowset java.xml.crypto java.se java.smartcardio jdk.accessibility jdk.internal.jvmstat jdk.attach jdk.charsets jdk.internal.opt jdk.zipfs jdk.compiler jdk.crypto.ec jdk.crypto.cryptoki jdk.crypto.mscapi jdk.dynalink jdk.internal.ed jdk.editpad jdk.hotspot.agent jdk.httpserver jdk.internal.le jdk.internal.vm.ci jdk.internal.vm.compiler jdk.internal.vm.compiler.management jdk.jartool jdk.javadoc jdk.jcmd jdk.management jdk.management.agent jdk.jconsole jdk.jdeps jdk.jdwp.agent jdk.jdi jdk.jfr jdk.jshell jdk.jsobject jdk.jstatd jdk.localedata jdk.management.jfr jdk.naming.dns jdk.naming.rmi jdk.net jdk.nio.mapmode jdk.random jdk.sctp jdk.security.auth jdk.security.jgss jdk.unsupported jdk.unsupported.desktop jdk.xml.dom" 

Environment Variables:
PATH=C:\oraclexe\app\oracle\product\11.2.0\server\bin;C:\oraclexe\app\oracle\product\11.2.0\server\bin;C:\Program Files (x86)\VMware\VMware Workstation\bin\;C:\Windows\system32;C:\Windows;C:\Windows\System32\Wbem;C:\Windows\System32\WindowsPowerShell\v1.0\;C:\Windows\System32\OpenSSH\;C:\Program Files (x86)\NVIDIA Corporation\PhysX\Common;C:\Program Files\NVIDIA Corporation\NVIDIA NvDLISR;C:\xampp\php;C:\composer;C:\WINDOWS\system32;C:\WINDOWS;C:\WINDOWS\System32\Wbem;C:\WINDOWS\System32\WindowsPowerShell\v1.0\;C:\WINDOWS\System32\OpenSSH\;C:\Program Files\cursor\resources\app\bin;C:\Program Files\Git\cmd;C:\Users\User_01\AppData\Local\Programs\Eclipse Adoptium\jdk-25.0.1.8-hotspot\bin;C:\Users\User_01\AppData\Local\Programs\Python\Python312\Scripts\;C:\Users\User_01\AppData\Local\Programs\Python\Python312\;C:\Users\User_01\scoop\shims;C:\Users\User_01\AppData\Local\Microsoft\WindowsApps;C:\Users\User_01\AppData\Local\Programs\Microsoft VS Code\bin;C:\Users\User_01\AppData\Roaming\Composer\vendor\bin;C:\Program Files\JetBrains\IntelliJ IDEA 2024.1.2\bin;;C:\Program Files\JetBrains\PhpStorm 2024.2.1\bin;C:\Users\User_01\AppData\Local\Programs\Windsurf\bin
USERNAME=User_01
OS=Windows_NT
PROCESSOR_IDENTIFIER=Intel64 Family 6 Model 140 Stepping 2, GenuineIntel
TMP=C:\Users\User_01\AppData\Local\Temp
TEMP=C:\Users\User_01\AppData\Local\Temp




Periodic native trim disabled

---------------  S Y S T E M  ---------------

OS:
 Windows 11 , 64 bit Build 26100 (10.0.26100.7623)
OS uptime: 0 days 8:59 hours
Hyper-V role detected

CPU: total 8 (initial active 8) (4 cores per cpu, 2 threads per core) family 6 model 140 stepping 2 microcode 0x3a, cx8, cmov, fxsr, ht, mmx, 3dnowpref, sse, sse2, sse3, ssse3, sse4.1, sse4.2, popcnt, lzcnt, tsc, tscinvbit, avx, avx2, aes, erms, clmul, bmi1, bmi2, adx, avx512f, avx512dq, avx512cd, avx512bw, avx512vl, sha, fma, vzeroupper, avx512_vpopcntdq, avx512_vpclmulqdq, avx512_vaes, avx512_vnni, clflush, clflushopt, clwb, avx512_vbmi2, avx512_vbmi, hv, rdtscp, rdpid, fsrm, gfni, avx512_bitalg, f16c, cet_ibt, cet_ss, avx512_ifma
Processor Information for the first 8 processors :
  Max Mhz: 2496, Current Mhz: 2496, Mhz Limit: 2496

Memory: 4k page, system-wide physical 12071M (865M free)
TotalPageFile size 22153M (AvailPageFile size 210M)
current process WorkingSet (physical memory assigned to process): 247M, peak: 299M
current process commit charge ("private bytes"): 407M, peak: 460M

vm_info: OpenJDK 64-Bit Server VM (21.0.10+7-LTS) for windows-amd64 JRE (21.0.10+7-LTS), built on 2026-01-20T00:00:00Z by "admin" with MS VC++ 17.12 (VS2022)

END.
