#
# There is insufficient memory for the Java Runtime Environment to continue.
# Native memory allocation (malloc) failed to allocate 980160 bytes. Error detail: Chunk::new
# Possible reasons:
#   The system is out of physical RAM or swap space
#   This process is running with CompressedOops enabled, and the Java Heap may be blocking the growth of the native heap
# Possible solutions:
#   Reduce memory load on the system
#   Increase physical memory or swap space
#   Check if swap backing store is full
#   Decrease Java heap size (-Xmx/-Xms)
#   Decrease number of Java threads
#   Decrease Java thread stack sizes (-Xss)
#   Set larger code cache with -XX:ReservedCodeCacheSize=
#   JVM is running with Zero Based Compressed Oops mode in which the Java heap is
#     placed in the first 32GB address space. The Java Heap base address is the
#     maximum limit for the native heap growth. Please use -XX:HeapBaseMinAddress
#     to set the Java Heap base and to place the Java Heap above 32GB virtual address.
# This output file may be truncated or incomplete.
#
#  Out of Memory Error (arena.cpp:191), pid=13288, tid=13664
#
# JRE version: OpenJDK Runtime Environment JBR-17.0.12+1-1207.37-nomod (17.0.12+1) (build 17.0.12+1-b1207.37)
# Java VM: OpenJDK 64-Bit Server VM JBR-17.0.12+1-1207.37-nomod (17.0.12+1-b1207.37, mixed mode, sharing, tiered, compressed oops, compressed class ptrs, g1 gc, windows-amd64)
# No core dump will be written. Minidumps are not enabled by default on client versions of Windows
#

---------------  S U M M A R Y ------------

Command Line: --module-path=C:\Users\User_01\.m2\repository\org\openjfx\javafx-base\21.0.1\javafx-base-21.0.1-win.jar;C:\Users\User_01\.m2\repository\org\openjfx\javafx-base\21.0.1\javafx-base-21.0.1.jar;C:\Users\User_01\.m2\repository\org\openjfx\javafx-controls\21.0.1\javafx-controls-21.0.1-win.jar;C:\Users\User_01\.m2\repository\org\openjfx\javafx-controls\21.0.1\javafx-controls-21.0.1.jar;C:\Users\User_01\.m2\repository\org\openjfx\javafx-fxml\21.0.1\javafx-fxml-21.0.1-win.jar;C:\Users\User_01\.m2\repository\org\openjfx\javafx-fxml\21.0.1\javafx-fxml-21.0.1.jar;C:\Users\User_01\.m2\repository\org\openjfx\javafx-graphics\21.0.1\javafx-graphics-21.0.1-win.jar;C:\Users\User_01\.m2\repository\org\openjfx\javafx-graphics\21.0.1\javafx-graphics-21.0.1.jar --add-modules=javafx.base,javafx.controls,javafx.fxml,javafx.graphics Main -Xms64m -Xmx256m -XX:+UseSerialGC -XX:MaxHeapFreeRatio=70 -XX:MinHeapFreeRatio=40

Host: 11th Gen Intel(R) Core(TM) i5-1155G7 @ 2.50GHz, 8 cores, 11G,  Windows 11 , 64 bit Build 26100 (10.0.26100.7623)
Time: Sun Apr 26 22:51:09 2026 Afr. centrale Ouest elapsed time: 29.959272 seconds (0d 0h 0m 29s)

---------------  T H R E A D  ---------------

Current thread (0x0000024f6f1d8100):  JavaThread "C2 CompilerThread1" daemon [_thread_in_native, id=13664, stack(0x000000fe1cb00000,0x000000fe1cc00000)]


Current CompileTask:
C2:  29959 4663       4       javafx.scene.Node::updateBounds (174 bytes)

Stack: [0x000000fe1cb00000,0x000000fe1cc00000]
Native frames: (J=compiled Java code, j=interpreted, Vv=VM code, C=native code)
V  [jvm.dll+0x689d89]
V  [jvm.dll+0x84386a]
V  [jvm.dll+0x8454ee]
V  [jvm.dll+0x845b53]
V  [jvm.dll+0x24a56f]
V  [jvm.dll+0xac9e4]
V  [jvm.dll+0xad02c]
V  [jvm.dll+0x36a6f7]
V  [jvm.dll+0x334b8a]
V  [jvm.dll+0x33402a]
V  [jvm.dll+0x21bfb1]
V  [jvm.dll+0x21b3f1]
V  [jvm.dll+0x1a68ed]
V  [jvm.dll+0x22b2de]
V  [jvm.dll+0x229445]
V  [jvm.dll+0x7f7917]
V  [jvm.dll+0x7f1cec]
V  [jvm.dll+0x688be7]
C  [ucrtbase.dll+0x37b0]
C  [KERNEL32.DLL+0x2e8d7]
C  [ntdll.dll+0x8c53c]


---------------  P R O C E S S  ---------------

Threads class SMR info:
_java_thread_list=0x0000024f71f23dc0, length=21, elements={
0x0000024f4612adf0, 0x0000024f647dd6e0, 0x0000024f647e01c0, 0x0000024f647f3b80,
0x0000024f647f6460, 0x0000024f647f6e20, 0x0000024f647f77e0, 0x0000024f647f84d0,
0x0000024f64a70080, 0x0000024f64ac4c60, 0x0000024f64b90e70, 0x0000024f64e6e000,
0x0000024f64dce530, 0x0000024f6954e1d0, 0x0000024f6954e6b0, 0x0000024f697d7b50,
0x0000024f6e844310, 0x0000024f6e851b10, 0x0000024f6ecb72a0, 0x0000024f6ecb9610,
0x0000024f6f1d8100
}

Java Threads: ( => current thread )
  0x0000024f4612adf0 JavaThread "main" [_thread_blocked, id=5536, stack(0x000000fe1a000000,0x000000fe1a100000)]
  0x0000024f647dd6e0 JavaThread "Reference Handler" daemon [_thread_blocked, id=21552, stack(0x000000fe1a700000,0x000000fe1a800000)]
  0x0000024f647e01c0 JavaThread "Finalizer" daemon [_thread_blocked, id=19564, stack(0x000000fe1a800000,0x000000fe1a900000)]
  0x0000024f647f3b80 JavaThread "Signal Dispatcher" daemon [_thread_blocked, id=14556, stack(0x000000fe1a900000,0x000000fe1aa00000)]
  0x0000024f647f6460 JavaThread "Attach Listener" daemon [_thread_blocked, id=20188, stack(0x000000fe1aa00000,0x000000fe1ab00000)]
  0x0000024f647f6e20 JavaThread "Service Thread" daemon [_thread_blocked, id=14352, stack(0x000000fe1ab00000,0x000000fe1ac00000)]
  0x0000024f647f77e0 JavaThread "Monitor Deflation Thread" daemon [_thread_blocked, id=17036, stack(0x000000fe1ac00000,0x000000fe1ad00000)]
  0x0000024f647f84d0 JavaThread "C2 CompilerThread0" daemon [_thread_in_native, id=8672, stack(0x000000fe1ad00000,0x000000fe1ae00000)]
  0x0000024f64a70080 JavaThread "C1 CompilerThread0" daemon [_thread_blocked, id=22496, stack(0x000000fe1ae00000,0x000000fe1af00000)]
  0x0000024f64ac4c60 JavaThread "Sweeper thread" daemon [_thread_blocked, id=21856, stack(0x000000fe1af00000,0x000000fe1b000000)]
  0x0000024f64b90e70 JavaThread "Common-Cleaner" daemon [_thread_blocked, id=21672, stack(0x000000fe1b000000,0x000000fe1b100000)]
  0x0000024f64e6e000 JavaThread "Notification Thread" daemon [_thread_blocked, id=21004, stack(0x000000fe1b300000,0x000000fe1b400000)]
  0x0000024f64dce530 JavaThread "QuantumRenderer-0" daemon [_thread_in_native, id=22600, stack(0x000000fe1b100000,0x000000fe1b200000)]
  0x0000024f6954e1d0 JavaThread "InvokeLaterDispatcher" daemon [_thread_blocked, id=21916, stack(0x000000fe1b200000,0x000000fe1b300000)]
  0x0000024f6954e6b0 JavaThread "JavaFX Application Thread" [_thread_blocked, id=22460, stack(0x000000fe1b500000,0x000000fe1b600000)]
  0x0000024f697d7b50 JavaThread "JavaFX-Launcher" [_thread_blocked, id=5564, stack(0x000000fe1ba00000,0x000000fe1bb00000)]
  0x0000024f6e844310 JavaThread "Thread-2" daemon [_thread_in_native, id=7352, stack(0x000000fe1b900000,0x000000fe1ba00000)]
  0x0000024f6e851b10 JavaThread "mysql-cj-abandoned-connection-cleanup" daemon [_thread_blocked, id=23616, stack(0x000000fe1c000000,0x000000fe1c100000)]
  0x0000024f6ecb72a0 JavaThread "Prism Font Disposer" daemon [_thread_blocked, id=1912, stack(0x000000fe1c400000,0x000000fe1c500000)]
  0x0000024f6ecb9610 JavaThread "Cleaner-0" daemon [_thread_blocked, id=17104, stack(0x000000fe1c900000,0x000000fe1ca00000)]
=>0x0000024f6f1d8100 JavaThread "C2 CompilerThread1" daemon [_thread_in_native, id=13664, stack(0x000000fe1cb00000,0x000000fe1cc00000)]

Other Threads:
  0x0000024f647e38d0 VMThread "VM Thread" [stack: 0x000000fe1a600000,0x000000fe1a700000] [id=19660]
  0x0000024f64e6ecf0 WatcherThread [stack: 0x000000fe1b400000,0x000000fe1b500000] [id=15316]
  0x0000024f462e9a30 GCTaskThread "GC Thread#0" [stack: 0x000000fe1a100000,0x000000fe1a200000] [id=18016]
  0x0000024f6e83d570 GCTaskThread "GC Thread#1" [stack: 0x000000fe1bb00000,0x000000fe1bc00000] [id=24524]
  0x0000024f6e89a560 GCTaskThread "GC Thread#2" [stack: 0x000000fe1bc00000,0x000000fe1bd00000] [id=22076]
  0x0000024f6e89a820 GCTaskThread "GC Thread#3" [stack: 0x000000fe1bd00000,0x000000fe1be00000] [id=9120]
  0x0000024f6e89aae0 GCTaskThread "GC Thread#4" [stack: 0x000000fe1be00000,0x000000fe1bf00000] [id=14240]
  0x0000024f6e89ada0 GCTaskThread "GC Thread#5" [stack: 0x000000fe1bf00000,0x000000fe1c000000] [id=5808]
  0x0000024f6f2b8090 GCTaskThread "GC Thread#6" [stack: 0x000000fe1c500000,0x000000fe1c600000] [id=23368]
  0x0000024f6f2bc360 GCTaskThread "GC Thread#7" [stack: 0x000000fe1c600000,0x000000fe1c700000] [id=19000]
  0x0000024f462f6610 ConcurrentGCThread "G1 Main Marker" [stack: 0x000000fe1a200000,0x000000fe1a300000] [id=14076]
  0x0000024f462f7030 ConcurrentGCThread "G1 Conc#0" [stack: 0x000000fe1a300000,0x000000fe1a400000] [id=13344]
  0x0000024f695e2c50 ConcurrentGCThread "G1 Conc#1" [stack: 0x000000fe1ca00000,0x000000fe1cb00000] [id=6928]
  0x0000024f646866a0 ConcurrentGCThread "G1 Refine#0" [stack: 0x000000fe1a400000,0x000000fe1a500000] [id=20704]
  0x0000024f6f680590 ConcurrentGCThread "G1 Refine#1" [stack: 0x000000fe1c700000,0x000000fe1c800000] [id=16708]
  0x0000024f646870d0 ConcurrentGCThread "G1 Service" [stack: 0x000000fe1a500000,0x000000fe1a600000] [id=21260]

Threads with active compile tasks:
C2 CompilerThread0    30006 4649 %     4       com.sun.marlin.Renderer::_endRendering @ 2076 (2639 bytes)
C2 CompilerThread1    30006 4663       4       javafx.scene.Node::updateBounds (174 bytes)

VM state: not at safepoint (normal execution)

VM Mutex/Monitor currently owned by a thread: None

Heap address: 0x0000000743600000, size: 3018 MB, Compressed Oops mode: Zero based, Oop shift amount: 3

CDS archive(s) mapped at: [0x0000024f00000000-0x0000024f00c00000-0x0000024f00c00000), size 12582912, SharedBaseAddress: 0x0000024f00000000, ArchiveRelocationMode: 1.
Compressed class space mapped at: 0x0000024f01000000-0x0000024f41000000, reserved size: 1073741824
Narrow klass base: 0x0000024f00000000, Narrow klass shift: 0, Narrow klass range: 0x100000000

GC Precious Log:
 CPUs: 8 total, 8 available
 Memory: 12071M
 Large Page Support: Disabled
 NUMA Support: Disabled
 Compressed Oops: Enabled (Zero based)
 Heap Region Size: 2M
 Heap Min Capacity: 8M
 Heap Initial Capacity: 190M
 Heap Max Capacity: 3018M
 Pre-touch: Disabled
 Parallel Workers: 8
 Concurrent Workers: 2
 Concurrent Refinement Workers: 8
 Periodic GC: Disabled

Heap:
 garbage-first heap   total 59392K, used 20792K [0x0000000743600000, 0x0000000800000000)
  region size 2048K, 9 young (18432K), 7 survivors (14336K)
 Metaspace       used 23718K, committed 24000K, reserved 1114112K
  class space    used 3413K, committed 3520K, reserved 1048576K

Heap Regions: E=young(eden), S=young(survivor), O=old, HS=humongous(starts), HC=humongous(continues), CS=collection set, F=free, OA=open archive, CA=closed archive, TAMS=top-at-mark-start (previous, next)
|   0|0x0000000743600000, 0x00000007437ef200, 0x0000000743800000| 96%| O|  |TAMS 0x00000007437ef200, 0x0000000743600000| Untracked 
|   1|0x0000000743800000, 0x0000000743a00000, 0x0000000743a00000|100%|HS|  |TAMS 0x0000000743a00000, 0x0000000743800000| Complete 
|   2|0x0000000743a00000, 0x0000000743c00000, 0x0000000743c00000|100%| O|  |TAMS 0x0000000743a00000, 0x0000000743a00000| Untracked 
|   3|0x0000000743c00000, 0x0000000743c2ba00, 0x0000000743e00000|  8%| O|  |TAMS 0x0000000743c00000, 0x0000000743c00000| Untracked 
|   4|0x0000000743e00000, 0x0000000744000000, 0x0000000744000000|100%| S|CS|TAMS 0x0000000743e00000, 0x0000000743e00000| Complete 
|   5|0x0000000744000000, 0x0000000744200000, 0x0000000744200000|100%| S|CS|TAMS 0x0000000744000000, 0x0000000744000000| Complete 
|   6|0x0000000744200000, 0x0000000744400000, 0x0000000744400000|100%| S|CS|TAMS 0x0000000744200000, 0x0000000744200000| Complete 
|   7|0x0000000744400000, 0x0000000744600000, 0x0000000744600000|100%| S|CS|TAMS 0x0000000744400000, 0x0000000744400000| Complete 
|   8|0x0000000744600000, 0x0000000744800000, 0x0000000744800000|100%| S|CS|TAMS 0x0000000744600000, 0x0000000744600000| Complete 
|   9|0x0000000744800000, 0x0000000744800000, 0x0000000744a00000|  0%| F|  |TAMS 0x0000000744800000, 0x0000000744800000| Untracked 
|  10|0x0000000744a00000, 0x0000000744a00000, 0x0000000744c00000|  0%| F|  |TAMS 0x0000000744a00000, 0x0000000744a00000| Untracked 
|  11|0x0000000744c00000, 0x0000000744c00000, 0x0000000744e00000|  0%| F|  |TAMS 0x0000000744c00000, 0x0000000744c00000| Untracked 
|  12|0x0000000744e00000, 0x0000000744e00000, 0x0000000745000000|  0%| F|  |TAMS 0x0000000744e00000, 0x0000000744e00000| Untracked 
|  13|0x0000000745000000, 0x0000000745000000, 0x0000000745200000|  0%| F|  |TAMS 0x0000000745000000, 0x0000000745000000| Untracked 
|  14|0x0000000745200000, 0x0000000745200000, 0x0000000745400000|  0%| F|  |TAMS 0x0000000745200000, 0x0000000745200000| Untracked 
|  15|0x0000000745400000, 0x0000000745400000, 0x0000000745600000|  0%| F|  |TAMS 0x0000000745400000, 0x0000000745400000| Untracked 
|  16|0x0000000745600000, 0x0000000745600000, 0x0000000745800000|  0%| F|  |TAMS 0x0000000745600000, 0x0000000745600000| Untracked 
|  17|0x0000000745800000, 0x0000000745800000, 0x0000000745a00000|  0%| F|  |TAMS 0x0000000745800000, 0x0000000745800000| Untracked 
|  18|0x0000000745a00000, 0x0000000745a00000, 0x0000000745c00000|  0%| F|  |TAMS 0x0000000745a00000, 0x0000000745a00000| Untracked 
|  19|0x0000000745c00000, 0x0000000745c00000, 0x0000000745e00000|  0%| F|  |TAMS 0x0000000745c00000, 0x0000000745c00000| Untracked 
|  20|0x0000000745e00000, 0x0000000745e00000, 0x0000000746000000|  0%| F|  |TAMS 0x0000000745e00000, 0x0000000745e00000| Untracked 
|  21|0x0000000746000000, 0x0000000746200000, 0x0000000746200000|100%| S|CS|TAMS 0x0000000746000000, 0x0000000746000000| Complete 
|  22|0x0000000746200000, 0x0000000746233710, 0x0000000746400000| 10%| S|CS|TAMS 0x0000000746200000, 0x0000000746200000| Complete 
|  76|0x000000074ce00000, 0x000000074ce00000, 0x000000074d000000|  0%| F|  |TAMS 0x000000074ce00000, 0x000000074ce00000| Untracked 
|  77|0x000000074d000000, 0x000000074d000000, 0x000000074d200000|  0%| F|  |TAMS 0x000000074d000000, 0x000000074d000000| Untracked 
|  78|0x000000074d200000, 0x000000074d200000, 0x000000074d400000|  0%| F|  |TAMS 0x000000074d200000, 0x000000074d200000| Untracked 
|  79|0x000000074d400000, 0x000000074d400000, 0x000000074d600000|  0%| F|  |TAMS 0x000000074d400000, 0x000000074d400000| Untracked 
|  80|0x000000074d600000, 0x000000074d727d08, 0x000000074d800000| 57%| E|  |TAMS 0x000000074d600000, 0x000000074d600000| Complete 
|  94|0x000000074f200000, 0x000000074f400000, 0x000000074f400000|100%| E|CS|TAMS 0x000000074f200000, 0x000000074f200000| Complete 

Card table byte_map: [0x0000024f5b2d0000,0x0000024f5b8c0000] _byte_map_base: 0x0000024f578b5000

Marking Bits (Prev, Next): (CMBitMap*) 0x0000024f462ea090, (CMBitMap*) 0x0000024f462ea050
 Prev Bits: [0x0000024f5ede0000, 0x0000024f61d08000)
 Next Bits: [0x0000024f5beb0000, 0x0000024f5edd8000)

Polling page: 0x0000024f46320000

Metaspace:

Usage:
  Non-class:     19.83 MB used.
      Class:      3.33 MB used.
       Both:     23.16 MB used.

Virtual space:
  Non-class space:       64.00 MB reserved,      20.00 MB ( 31%) committed,  1 nodes.
      Class space:        1.00 GB reserved,       3.44 MB ( <1%) committed,  1 nodes.
             Both:        1.06 GB reserved,      23.44 MB (  2%) committed. 

Chunk freelists:
   Non-Class:  11.73 MB
       Class:  12.50 MB
        Both:  24.24 MB

MaxMetaspaceSize: unlimited
CompressedClassSpaceSize: 1.00 GB
Initial GC threshold: 21.00 MB
Current GC threshold: 35.31 MB
CDS: on
MetaspaceReclaimPolicy: balanced
 - commit_granule_bytes: 65536.
 - commit_granule_words: 8192.
 - virtual_space_node_default_size: 8388608.
 - enlarge_chunks_in_place: 1.
 - new_chunks_are_fully_committed: 0.
 - uncommit_free_chunks: 1.
 - use_allocation_guard: 0.
 - handle_deallocations: 1.


Internal statistics:

num_allocs_failed_limit: 3.
num_arena_births: 240.
num_arena_deaths: 0.
num_vsnodes_births: 2.
num_vsnodes_deaths: 0.
num_space_committed: 375.
num_space_uncommitted: 0.
num_chunks_returned_to_freelist: 3.
num_chunks_taken_from_freelist: 1035.
num_chunk_merges: 3.
num_chunk_splits: 740.
num_chunks_enlarged: 580.
num_inconsistent_stats: 0.

CodeHeap 'non-profiled nmethods': size=120000Kb used=2180Kb max_used=2180Kb free=117819Kb
 bounds [0x0000024f52d50000, 0x0000024f52fc0000, 0x0000024f5a280000]
CodeHeap 'profiled nmethods': size=120000Kb used=10378Kb max_used=10378Kb free=109621Kb
 bounds [0x0000024f4b280000, 0x0000024f4bcb0000, 0x0000024f527b0000]
CodeHeap 'non-nmethods': size=5760Kb used=1486Kb max_used=1538Kb free=4273Kb
 bounds [0x0000024f527b0000, 0x0000024f52a20000, 0x0000024f52d50000]
 total_blobs=5515 nmethods=4670 adapters=756
 compilation: enabled
              stopped_count=0, restarted_count=0
 full_count=0

Compilation events (20 events):
Event: 29.934 Thread 0x0000024f64a70080 4664       3       javafx.scene.layout.Region::doPickNodeLocal (30 bytes)
Event: 29.934 Thread 0x0000024f64a70080 nmethod 4664 0x0000024f4bc93990 code [0x0000024f4bc93ba0, 0x0000024f4bc94288]
Event: 29.945 Thread 0x0000024f64a70080 4665       3       javafx.scene.paint.Stop::hashCode (56 bytes)
Event: 29.945 Thread 0x0000024f64a70080 nmethod 4665 0x0000024f4bc94610 code [0x0000024f4bc947c0, 0x0000024f4bc94b48]
Event: 29.945 Thread 0x0000024f64a70080 4666       3       com.sun.javafx.css.StyleCache::getStyleCacheEntry (25 bytes)
Event: 29.945 Thread 0x0000024f64a70080 nmethod 4666 0x0000024f4bc94c90 code [0x0000024f4bc94e40, 0x0000024f4bc95168]
Event: 29.945 Thread 0x0000024f64a70080 4668       3       javafx.scene.layout.BackgroundConverter::convert (574 bytes)
Event: 29.947 Thread 0x0000024f64a70080 nmethod 4668 0x0000024f4bc95290 code [0x0000024f4bc95640, 0x0000024f4bc97c88]
Event: 29.947 Thread 0x0000024f64a70080 4669       3       com.sun.javafx.util.Utils::ladder (82 bytes)
Event: 29.947 Thread 0x0000024f64a70080 nmethod 4669 0x0000024f4bc98690 code [0x0000024f4bc98860, 0x0000024f4bc98c28]
Event: 29.947 Thread 0x0000024f64a70080 4670       3       com.sun.javafx.css.StyleCache::addStyleCacheEntry (32 bytes)
Event: 29.947 Thread 0x0000024f64a70080 nmethod 4670 0x0000024f4bc98d90 code [0x0000024f4bc98f80, 0x0000024f4bc99338]
Event: 29.947 Thread 0x0000024f64a70080 4675       3       javafx.scene.layout.Background::computeOpaqueInsets (1450 bytes)
Event: 29.951 Thread 0x0000024f64a70080 nmethod 4675 0x0000024f4bc99490 code [0x0000024f4bc99d80, 0x0000024f4bc9ea28]
Event: 29.951 Thread 0x0000024f64a70080 4673       3       com.sun.javafx.scene.ParentHelper::processCSSImpl (10 bytes)
Event: 29.951 Thread 0x0000024f64a70080 nmethod 4673 0x0000024f4bca1b10 code [0x0000024f4bca1cc0, 0x0000024f4bca1fa8]
Event: 29.951 Thread 0x0000024f64a70080 4674       3       javafx.scene.Parent$1::doProcessCSS (8 bytes)
Event: 29.951 Thread 0x0000024f64a70080 nmethod 4674 0x0000024f4bca2110 code [0x0000024f4bca22c0, 0x0000024f4bca2508]
Event: 29.951 Thread 0x0000024f64a70080 4671       3       com.sun.javafx.css.StyleCacheEntry::<init> (5 bytes)
Event: 29.951 Thread 0x0000024f64a70080 nmethod 4671 0x0000024f4bca2610 code [0x0000024f4bca27a0, 0x0000024f4bca28f8]

GC Heap History (8 events):
Event: 1.210 GC heap before
{Heap before GC invocations=0 (full 0):
 garbage-first heap   total 194560K, used 20480K [0x0000000743600000, 0x0000000800000000)
  region size 2048K, 11 young (22528K), 0 survivors (0K)
 Metaspace       used 5797K, committed 6016K, reserved 1114112K
  class space    used 679K, committed 768K, reserved 1048576K
}
Event: 1.233 GC heap after
{Heap after GC invocations=1 (full 0):
 garbage-first heap   total 194560K, used 3040K [0x0000000743600000, 0x0000000800000000)
  region size 2048K, 2 young (4096K), 2 survivors (4096K)
 Metaspace       used 5797K, committed 6016K, reserved 1114112K
  class space    used 679K, committed 768K, reserved 1048576K
}
Event: 3.323 GC heap before
{Heap before GC invocations=1 (full 0):
 garbage-first heap   total 194560K, used 39904K [0x0000000743600000, 0x0000000800000000)
  region size 2048K, 20 young (40960K), 2 survivors (4096K)
 Metaspace       used 16082K, committed 16320K, reserved 1114112K
  class space    used 2218K, committed 2304K, reserved 1048576K
}
Event: 3.329 GC heap after
{Heap after GC invocations=2 (full 0):
 garbage-first heap   total 194560K, used 8124K [0x0000000743600000, 0x0000000800000000)
  region size 2048K, 3 young (6144K), 3 survivors (6144K)
 Metaspace       used 16082K, committed 16320K, reserved 1114112K
  class space    used 2218K, committed 2304K, reserved 1048576K
}
Event: 25.908 GC heap before
{Heap before GC invocations=2 (full 0):
 garbage-first heap   total 194560K, used 36796K [0x0000000743600000, 0x0000000800000000)
  region size 2048K, 17 young (34816K), 3 survivors (6144K)
 Metaspace       used 21323K, committed 21504K, reserved 1114112K
  class space    used 3032K, committed 3136K, reserved 1048576K
}
Event: 25.913 GC heap after
{Heap after GC invocations=3 (full 0):
 garbage-first heap   total 194560K, used 13564K [0x0000000743600000, 0x0000000800000000)
  region size 2048K, 5 young (10240K), 5 survivors (10240K)
 Metaspace       used 21323K, committed 21504K, reserved 1114112K
  class space    used 3032K, committed 3136K, reserved 1048576K
}
Event: 29.332 GC heap before
{Heap before GC invocations=4 (full 0):
 garbage-first heap   total 55296K, used 38140K [0x0000000743600000, 0x0000000800000000)
  region size 2048K, 18 young (36864K), 5 survivors (10240K)
 Metaspace       used 23375K, committed 23680K, reserved 1114112K
  class space    used 3378K, committed 3520K, reserved 1048576K
}
Event: 29.377 GC heap after
{Heap after GC invocations=5 (full 0):
 garbage-first heap   total 59392K, used 18744K [0x0000000743600000, 0x0000000800000000)
  region size 2048K, 7 young (14336K), 7 survivors (14336K)
 Metaspace       used 23375K, committed 23680K, reserved 1114112K
  class space    used 3378K, committed 3520K, reserved 1048576K
}

Dll operation events (2 events):
Event: 0.019 Loaded shared library C:\Users\User_01\.jdks\jbr-17.0.12\bin\java.dll
Event: 0.041 Loaded shared library C:\Users\User_01\.jdks\jbr-17.0.12\bin\jsvml.dll

Deoptimization events (20 events):
Event: 29.913 Thread 0x0000024f6954e6b0 Uncommon trap: trap_request=0xffffffbe fr.pc=0x0000024f52f5e22c relative=0x0000000000005d6c
Event: 29.913 Thread 0x0000024f6954e6b0 Uncommon trap: reason=profile_predicate action=maybe_recompile pc=0x0000024f52f5e22c method=javafx.scene.CssStyleHelper.transitionToState(Ljavafx/scene/Node;)V @ 291 c2
Event: 29.913 Thread 0x0000024f6954e6b0 DEOPT PACKING pc=0x0000024f52f5e22c sp=0x000000fe1b5fddc0
Event: 29.913 Thread 0x0000024f6954e6b0 DEOPT UNPACKING pc=0x0000024f5280a1a3 sp=0x000000fe1b5fdd38 mode 2
Event: 29.913 Thread 0x0000024f6954e6b0 Uncommon trap: trap_request=0xffffffbe fr.pc=0x0000024f52f5e22c relative=0x0000000000005d6c
Event: 29.913 Thread 0x0000024f6954e6b0 Uncommon trap: reason=profile_predicate action=maybe_recompile pc=0x0000024f52f5e22c method=javafx.scene.CssStyleHelper.transitionToState(Ljavafx/scene/Node;)V @ 291 c2
Event: 29.913 Thread 0x0000024f6954e6b0 DEOPT PACKING pc=0x0000024f52f5e22c sp=0x000000fe1b5fddc0
Event: 29.913 Thread 0x0000024f6954e6b0 DEOPT UNPACKING pc=0x0000024f5280a1a3 sp=0x000000fe1b5fdd38 mode 2
Event: 29.913 Thread 0x0000024f6954e6b0 Uncommon trap: trap_request=0xffffffbe fr.pc=0x0000024f52f5e22c relative=0x0000000000005d6c
Event: 29.913 Thread 0x0000024f6954e6b0 Uncommon trap: reason=profile_predicate action=maybe_recompile pc=0x0000024f52f5e22c method=javafx.scene.CssStyleHelper.transitionToState(Ljavafx/scene/Node;)V @ 291 c2
Event: 29.913 Thread 0x0000024f6954e6b0 DEOPT PACKING pc=0x0000024f52f5e22c sp=0x000000fe1b5fddc0
Event: 29.913 Thread 0x0000024f6954e6b0 DEOPT UNPACKING pc=0x0000024f5280a1a3 sp=0x000000fe1b5fdd38 mode 2
Event: 29.934 Thread 0x0000024f6954e6b0 Uncommon trap: trap_request=0xffffff45 fr.pc=0x0000024f52ef4efc relative=0x00000000000002fc
Event: 29.934 Thread 0x0000024f6954e6b0 Uncommon trap: reason=unstable_if action=reinterpret pc=0x0000024f52ef4efc method=javafx.scene.Node$MiscProperties.isMouseTransparent()Z @ 4 c2
Event: 29.934 Thread 0x0000024f6954e6b0 DEOPT PACKING pc=0x0000024f52ef4efc sp=0x000000fe1b5fd7a0
Event: 29.934 Thread 0x0000024f6954e6b0 DEOPT UNPACKING pc=0x0000024f5280a1a3 sp=0x000000fe1b5fd3a8 mode 2
Event: 29.940 Thread 0x0000024f6954e6b0 Uncommon trap: trap_request=0xffffff45 fr.pc=0x0000024f52ed5c80 relative=0x0000000000000080
Event: 29.940 Thread 0x0000024f6954e6b0 Uncommon trap: reason=unstable_if action=reinterpret pc=0x0000024f52ed5c80 method=javafx.scene.Node$MiscProperties.isMouseTransparent()Z @ 4 c2
Event: 29.940 Thread 0x0000024f6954e6b0 DEOPT PACKING pc=0x0000024f52ed5c80 sp=0x000000fe1b5fce80
Event: 29.940 Thread 0x0000024f6954e6b0 DEOPT UNPACKING pc=0x0000024f5280a1a3 sp=0x000000fe1b5fcd20 mode 2

Classes loaded (20 events):
Event: 29.324 Loading class sun/util/locale/provider/BreakIteratorProviderImpl
Event: 29.325 Loading class sun/util/locale/provider/BreakIteratorProviderImpl done
Event: 29.325 Loading class sun/util/locale/provider/BaseLocaleDataMetaInfo
Event: 29.325 Loading class sun/util/locale/provider/BaseLocaleDataMetaInfo done
Event: 29.327 Loading class sun/text/resources/BreakIteratorInfo
Event: 29.327 Loading class sun/text/resources/BreakIteratorInfo done
Event: 29.327 Loading class sun/text/resources/BreakIteratorResources
Event: 29.327 Loading class sun/util/resources/BreakIteratorResourceBundle
Event: 29.328 Loading class sun/util/resources/BreakIteratorResourceBundle done
Event: 29.328 Loading class sun/text/resources/BreakIteratorResources done
Event: 29.328 Loading class sun/text/RuleBasedBreakIterator
Event: 29.329 Loading class sun/text/RuleBasedBreakIterator done
Event: 29.330 Loading class sun/text/CompactByteArray
Event: 29.330 Loading class sun/text/CompactByteArray done
Event: 29.330 Loading class sun/text/SupplementaryCharacterData
Event: 29.330 Loading class sun/text/SupplementaryCharacterData done
Event: 29.330 Loading class java/text/BreakIterator$BreakIteratorCache
Event: 29.330 Loading class java/text/BreakIterator$BreakIteratorCache done
Event: 29.330 Loading class java/text/StringCharacterIterator
Event: 29.331 Loading class java/text/StringCharacterIterator done

Classes unloaded (0 events):
No events

Classes redefined (0 events):
No events

Internal exceptions (20 events):
Event: 3.080 Thread 0x0000024f6954e6b0 Implicit null exception at 0x0000024f52dc260d to 0x0000024f52dc2b74
Event: 3.083 Thread 0x0000024f6954e6b0 Implicit null exception at 0x0000024f52d7020f to 0x0000024f52d70289
Event: 3.264 Thread 0x0000024f6954e6b0 Exception <a 'java/lang/NoSuchMethodError'{0x000000074cc50e68}: 'java.lang.Object java.lang.invoke.DirectMethodHandle$Holder.invokeInterface(java.lang.Object, java.lang.Object, java.lang.Object)'> (0x000000074cc50e68) 
thrown [s\src\hotspot\share\interpreter\linkResolver.cpp, line 771]
Event: 3.264 Thread 0x0000024f6954e6b0 Exception <a 'java/lang/IncompatibleClassChangeError'{0x000000074cc54530}: Found class java.lang.Object, but interface was expected> (0x000000074cc54530) 
thrown [s\src\hotspot\share\interpreter\linkResolver.cpp, line 838]
Event: 3.338 Thread 0x0000024f6954e6b0 Exception <a 'java/lang/ClassNotFoundException'{0x000000074f242ee8}: com/sun/javafx/scene/control/skin/resources/controls> (0x000000074f242ee8) 
thrown [s\src\hotspot\share\prims\jni.cpp, line 550]
Event: 3.339 Thread 0x0000024f6954e6b0 Exception <a 'java/lang/ClassNotFoundException'{0x000000074f251318}: com/sun/javafx/scene/control/skin/resources/controls_fr> (0x000000074f251318) 
thrown [s\src\hotspot\share\prims\jni.cpp, line 550]
Event: 3.339 Thread 0x0000024f6954e6b0 Exception <a 'java/lang/ClassNotFoundException'{0x000000074f25f050}: com/sun/javafx/scene/control/skin/resources/controls_fr_FR> (0x000000074f25f050) 
thrown [s\src\hotspot\share\prims\jni.cpp, line 550]
Event: 3.374 Thread 0x0000024f6954e6b0 Exception <a 'java/lang/NoSuchMethodError'{0x000000074f0d1758}: 'void java.lang.invoke.DirectMethodHandle$Holder.invokeSpecial(java.lang.Object, java.lang.Object, java.lang.Object, java.lang.Object, java.lang.Object, java.lang.Object)'> (0x000000074f0d1758) 
thrown [s\src\hotspot\share\interpreter\linkResolver.cpp, line 771]
Event: 3.471 Thread 0x0000024f6954e6b0 Exception <a 'java/lang/NoSuchMethodError'{0x000000074ecaaa60}: 'java.lang.Object java.lang.invoke.DirectMethodHandle$Holder.newInvokeSpecial(java.lang.Object, java.lang.Object, int)'> (0x000000074ecaaa60) 
thrown [s\src\hotspot\share\interpreter\linkResolver.cpp, line 771]
Event: 3.539 Thread 0x0000024f64dce530 Exception <a 'java/lang/NoSuchMethodError'{0x000000074ea22170}: 'int java.lang.invoke.DirectMethodHandle$Holder.invokeStaticInit(java.lang.Object, java.lang.Object)'> (0x000000074ea22170) 
thrown [s\src\hotspot\share\interpreter\linkResolver.cpp, line 771]
Event: 3.548 Thread 0x0000024f6954e6b0 Exception <a 'java/lang/NoSuchMethodError'{0x000000074eb2ddd8}: 'long java.lang.invoke.DirectMethodHandle$Holder.invokeStatic(java.lang.Object, java.lang.Object, java.lang.Object)'> (0x000000074eb2ddd8) 
thrown [s\src\hotspot\share\interpreter\linkResolver.cpp, line 771]
Event: 3.549 Thread 0x0000024f6954e6b0 Exception <a 'java/lang/NoSuchMethodError'{0x000000074eb31580}: 'long java.lang.invoke.DirectMethodHandle$Holder.invokeStaticInit(java.lang.Object, java.lang.Object, java.lang.Object)'> (0x000000074eb31580) 
thrown [s\src\hotspot\share\interpreter\linkResolver.cpp, line 771]
Event: 3.551 Thread 0x0000024f6954e6b0 Exception <a 'java/lang/NoSuchMethodError'{0x000000074eb49100}: 'java.lang.Object java.lang.invoke.DirectMethodHandle$Holder.newInvokeSpecial(java.lang.Object, java.lang.Object, long)'> (0x000000074eb49100) 
thrown [s\src\hotspot\share\interpreter\linkResolver.cpp, line 771]
Event: 3.551 Thread 0x0000024f6954e6b0 Exception <a 'java/lang/NoSuchMethodError'{0x000000074eb4cc70}: 'java.lang.Object java.lang.invoke.Invokers$Holder.linkToTargetMethod(java.lang.Object, long, java.lang.Object)'> (0x000000074eb4cc70) 
thrown [s\src\hotspot\share\interpreter\linkResolver.cpp, line 771]
Event: 20.265 Thread 0x0000024f6954e6b0 Exception <a 'java/io/FileNotFoundException'{0x000000074deed988}> (0x000000074deed988) 
thrown [s\src\hotspot\share\prims\jni.cpp, line 531]
Event: 20.266 Thread 0x0000024f6954e6b0 Exception <a 'java/io/FileNotFoundException'{0x000000074deef4b8}> (0x000000074deef4b8) 
thrown [s\src\hotspot\share\prims\jni.cpp, line 531]
Event: 20.269 Thread 0x0000024f6954e6b0 Exception <a 'java/io/FileNotFoundException'{0x000000074df10c70}> (0x000000074df10c70) 
thrown [s\src\hotspot\share\prims\jni.cpp, line 531]
Event: 20.269 Thread 0x0000024f6954e6b0 Exception <a 'java/io/FileNotFoundException'{0x000000074df12798}> (0x000000074df12798) 
thrown [s\src\hotspot\share\prims\jni.cpp, line 531]
Event: 25.920 Thread 0x0000024f6954e6b0 Exception <a 'java/lang/NoSuchMethodError'{0x000000074f27aec8}: 'int java.lang.invoke.DirectMethodHandle$Holder.invokeSpecial(java.lang.Object, java.lang.Object, int)'> (0x000000074f27aec8) 
thrown [s\src\hotspot\share\interpreter\linkResolver.cpp, line 771]
Event: 29.457 Thread 0x0000024f64dce530 Exception <a 'java/lang/NoSuchMethodError'{0x000000074f3e25f0}: 'java.lang.Object java.lang.invoke.DirectMethodHandle$Holder.invokeStaticInit(java.lang.Object, int)'> (0x000000074f3e25f0) 
thrown [s\src\hotspot\share\interpreter\linkResolver.cpp, line 771]

VM Operations (20 events):
Event: 25.919 Executing VM operation: G1PauseRemark
Event: 25.920 Executing VM operation: G1PauseRemark done
Event: 25.920 Executing VM operation: G1PauseCleanup
Event: 25.924 Executing VM operation: G1PauseCleanup done
Event: 25.986 Executing VM operation: HandshakeAllThreads
Event: 25.986 Executing VM operation: HandshakeAllThreads done
Event: 26.985 Executing VM operation: Cleanup
Event: 26.985 Executing VM operation: Cleanup done
Event: 27.986 Executing VM operation: Cleanup
Event: 27.986 Executing VM operation: Cleanup done
Event: 28.987 Executing VM operation: Cleanup
Event: 28.987 Executing VM operation: Cleanup done
Event: 29.126 Executing VM operation: HandshakeAllThreads
Event: 29.126 Executing VM operation: HandshakeAllThreads done
Event: 29.216 Executing VM operation: ICBufferFull
Event: 29.216 Executing VM operation: ICBufferFull done
Event: 29.331 Executing VM operation: G1CollectForAllocation
Event: 29.377 Executing VM operation: G1CollectForAllocation done
Event: 29.447 Executing VM operation: HandshakeAllThreads
Event: 29.447 Executing VM operation: HandshakeAllThreads done

Events (20 events):
Event: 1.033 Thread 0x0000024f6e844310 Thread added: 0x0000024f6e844310
Event: 1.095 Loaded shared library C:\Users\User_01\.jdks\jbr-17.0.12\bin\jimage.dll
Event: 1.241 Thread 0x0000024f6e851b10 Thread added: 0x0000024f6e851b10
Event: 1.298 Thread 0x0000024f6e844db0 Thread added: 0x0000024f6e844db0
Event: 1.513 Loaded shared library C:\Users\User_01\.jdks\jbr-17.0.12\bin\extnet.dll
Event: 2.039 Loaded shared library C:\Users\User_01\.openjfx\cache\21.0.1+6\amd64\javafx_font.dll
Event: 2.551 Thread 0x0000024f6e844db0 Thread exited: 0x0000024f6e844db0
Event: 3.257 Thread 0x0000024f6ecb72a0 Thread added: 0x0000024f6ecb72a0
Event: 3.603 Thread 0x0000024f6ecb9610 Thread added: 0x0000024f6ecb9610
Event: 3.612 Thread 0x0000024f6f5b61e0 Thread added: 0x0000024f6f5b61e0
Event: 3.897 Thread 0x0000024f6f5b61e0 Thread exited: 0x0000024f6f5b61e0
Event: 20.218 Thread 0x0000024f71f9d220 Thread added: 0x0000024f71f9d220
Event: 20.222 Thread 0x0000024f71f9d740 Thread added: 0x0000024f71f9d740
Event: 20.951 Thread 0x0000024f71f9d220 Thread exited: 0x0000024f71f9d220
Event: 20.951 Thread 0x0000024f71f9d740 Thread exited: 0x0000024f71f9d740
Event: 25.939 Thread 0x0000024f6f463a90 Thread added: 0x0000024f6f463a90
Event: 26.716 Thread 0x0000024f6f463a90 Thread exited: 0x0000024f6f463a90
Event: 29.073 Thread 0x0000024f6f1d8100 Thread added: 0x0000024f6f1d8100
Event: 29.095 Thread 0x0000024f6f28ee80 Thread added: 0x0000024f6f28ee80
Event: 29.899 Thread 0x0000024f6f28ee80 Thread exited: 0x0000024f6f28ee80


Dynamic libraries:
0x00007ff7e8100000 - 0x00007ff7e810a000 	C:\Users\User_01\.jdks\jbr-17.0.12\bin\java.exe
0x00007fff6aee0000 - 0x00007fff6b147000 	C:\WINDOWS\SYSTEM32\ntdll.dll
0x00007fff6a1b0000 - 0x00007fff6a279000 	C:\WINDOWS\System32\KERNEL32.DLL
0x00007fff68790000 - 0x00007fff68b7f000 	C:\WINDOWS\System32\KERNELBASE.dll
0x00007fff68260000 - 0x00007fff683ab000 	C:\WINDOWS\System32\ucrtbase.dll
0x00007fff3b0b0000 - 0x00007fff3b0c7000 	C:\Users\User_01\.jdks\jbr-17.0.12\bin\jli.dll
0x00007fff6a7b0000 - 0x00007fff6a975000 	C:\WINDOWS\System32\USER32.dll
0x00007fff68b90000 - 0x00007fff68bb7000 	C:\WINDOWS\System32\win32u.dll
0x00007fff6a6c0000 - 0x00007fff6a6eb000 	C:\WINDOWS\System32\GDI32.dll
0x00007fff68460000 - 0x00007fff6858c000 	C:\WINDOWS\System32\gdi32full.dll
0x00007fff683b0000 - 0x00007fff68453000 	C:\WINDOWS\System32\msvcp_win.dll
0x00007fff3aea0000 - 0x00007fff3aebb000 	C:\Users\User_01\.jdks\jbr-17.0.12\bin\VCRUNTIME140.dll
0x00007fff4b860000 - 0x00007fff4baf3000 	C:\WINDOWS\WinSxS\amd64_microsoft.windows.common-controls_6595b64144ccf1df_6.0.26100.7309_none_3e05feeae336a044\COMCTL32.dll
0x00007fff6a100000 - 0x00007fff6a1a9000 	C:\WINDOWS\System32\msvcrt.dll
0x00007fff6a2f0000 - 0x00007fff6a321000 	C:\WINDOWS\System32\IMM32.DLL
0x0000000076a70000 - 0x0000000076a7c000 	C:\Program Files (x86)\360\Total Security\safemon\SafeWrapper.dll
0x00007fff69950000 - 0x00007fff69a04000 	C:\WINDOWS\System32\ADVAPI32.dll
0x00007fff6a050000 - 0x00007fff6a0f6000 	C:\WINDOWS\System32\sechost.dll
0x00007fff6ad00000 - 0x00007fff6ae18000 	C:\WINDOWS\System32\RPCRT4.dll
0x00007ffed2400000 - 0x00007ffed24ac000 	C:\Program Files (x86)\360\Total Security\safemon\libzdtp64.dll
0x00007fff68f20000 - 0x00007fff69673000 	C:\WINDOWS\System32\SHELL32.dll
0x00007fff68620000 - 0x00007fff6878a000 	C:\WINDOWS\System32\wintypes.dll
0x00007fff6a330000 - 0x00007fff6a6b6000 	C:\WINDOWS\System32\combase.dll
0x00007fff6a280000 - 0x00007fff6a2e6000 	C:\WINDOWS\System32\SHLWAPI.dll
0x00007fff67b10000 - 0x00007fff67b1b000 	C:\WINDOWS\SYSTEM32\VERSION.dll
0x00007fff45060000 - 0x00007fff4506c000 	C:\Users\User_01\.jdks\jbr-17.0.12\bin\vcruntime140_1.dll
0x00007ffef6740000 - 0x00007ffef67cd000 	C:\Users\User_01\.jdks\jbr-17.0.12\bin\msvcp140.dll
0x00007ffe9ff50000 - 0x00007ffea0bda000 	C:\Users\User_01\.jdks\jbr-17.0.12\bin\server\jvm.dll
0x00007fff6ae20000 - 0x00007fff6ae94000 	C:\WINDOWS\System32\WS2_32.dll
0x00007fff67e90000 - 0x00007fff67eee000 	C:\WINDOWS\SYSTEM32\POWRPROF.dll
0x00007fff5f360000 - 0x00007fff5f395000 	C:\WINDOWS\SYSTEM32\WINMM.dll
0x00007fff67e70000 - 0x00007fff67e84000 	C:\WINDOWS\SYSTEM32\UMPDC.dll
0x00007fff66d70000 - 0x00007fff66d8b000 	C:\WINDOWS\SYSTEM32\kernel.appcore.dll
0x00007fff44fe0000 - 0x00007fff44fea000 	C:\Users\User_01\.jdks\jbr-17.0.12\bin\jimage.dll
0x00007fff64f20000 - 0x00007fff65162000 	C:\WINDOWS\SYSTEM32\DBGHELP.DLL
0x00007fff69ea0000 - 0x00007fff69f76000 	C:\WINDOWS\System32\OLEAUT32.dll
0x00007fff4b770000 - 0x00007fff4b7ac000 	C:\WINDOWS\SYSTEM32\dbgcore.DLL
0x00007fff681b0000 - 0x00007fff68255000 	C:\WINDOWS\System32\bcryptPrimitives.dll
0x00007fff200f0000 - 0x00007fff20115000 	C:\Users\User_01\.jdks\jbr-17.0.12\bin\java.dll
0x00007ffef6660000 - 0x00007ffef6737000 	C:\Users\User_01\.jdks\jbr-17.0.12\bin\jsvml.dll
0x00007fff65ba0000 - 0x00007fff663fe000 	C:\WINDOWS\SYSTEM32\windows.storage.dll
0x00007fff69850000 - 0x00007fff69945000 	C:\WINDOWS\System32\SHCORE.dll
0x00007fff67f50000 - 0x00007fff67f79000 	C:\WINDOWS\SYSTEM32\profapi.dll
0x00007ffefb520000 - 0x00007ffefb539000 	C:\Users\User_01\.jdks\jbr-17.0.12\bin\net.dll
0x00007fff5a1e0000 - 0x00007fff5a308000 	C:\WINDOWS\SYSTEM32\WINHTTP.dll
0x00007fff672e0000 - 0x00007fff6734b000 	C:\WINDOWS\system32\mswsock.dll
0x00007ffefb150000 - 0x00007ffefb166000 	C:\Users\User_01\.jdks\jbr-17.0.12\bin\nio.dll
0x00007fff1ca80000 - 0x00007fff1ca98000 	C:\Users\User_01\.jdks\jbr-17.0.12\bin\zip.dll
0x0000024f46360000 - 0x0000024f46363000 	C:\Users\User_01\.openjfx\cache\21.0.1+6\amd64\api-ms-win-core-console-l1-1-0.dll
0x0000024f46370000 - 0x0000024f46373000 	C:\Users\User_01\.openjfx\cache\21.0.1+6\amd64\api-ms-win-core-console-l1-2-0.dll
0x0000024f46380000 - 0x0000024f46383000 	C:\Users\User_01\.openjfx\cache\21.0.1+6\amd64\api-ms-win-core-datetime-l1-1-0.dll
0x0000024f463a0000 - 0x0000024f463a3000 	C:\Users\User_01\.openjfx\cache\21.0.1+6\amd64\api-ms-win-core-debug-l1-1-0.dll
0x0000024f64e70000 - 0x0000024f64e73000 	C:\Users\User_01\.openjfx\cache\21.0.1+6\amd64\api-ms-win-core-errorhandling-l1-1-0.dll
0x0000024f64e80000 - 0x0000024f64e84000 	C:\Users\User_01\.openjfx\cache\21.0.1+6\amd64\api-ms-win-core-file-l1-1-0.dll
0x0000024f64e90000 - 0x0000024f64e93000 	C:\Users\User_01\.openjfx\cache\21.0.1+6\amd64\api-ms-win-core-file-l1-2-0.dll
0x0000024f64ea0000 - 0x0000024f64ea3000 	C:\Users\User_01\.openjfx\cache\21.0.1+6\amd64\api-ms-win-core-file-l2-1-0.dll
0x0000024f64eb0000 - 0x0000024f64eb3000 	C:\Users\User_01\.openjfx\cache\21.0.1+6\amd64\api-ms-win-core-handle-l1-1-0.dll
0x0000024f64ec0000 - 0x0000024f64ec3000 	C:\Users\User_01\.openjfx\cache\21.0.1+6\amd64\api-ms-win-core-heap-l1-1-0.dll
0x0000024f64ed0000 - 0x0000024f64ed3000 	C:\Users\User_01\.openjfx\cache\21.0.1+6\amd64\api-ms-win-core-interlocked-l1-1-0.dll
0x0000024f64ee0000 - 0x0000024f64ee3000 	C:\Users\User_01\.openjfx\cache\21.0.1+6\amd64\api-ms-win-core-libraryloader-l1-1-0.dll
0x0000024f64ef0000 - 0x0000024f64ef3000 	C:\Users\User_01\.openjfx\cache\21.0.1+6\amd64\api-ms-win-core-localization-l1-2-0.dll
0x0000024f64f00000 - 0x0000024f64f03000 	C:\Users\User_01\.openjfx\cache\21.0.1+6\amd64\api-ms-win-core-memory-l1-1-0.dll
0x0000024f64f10000 - 0x0000024f64f13000 	C:\Users\User_01\.openjfx\cache\21.0.1+6\amd64\api-ms-win-core-namedpipe-l1-1-0.dll
0x0000024f64f20000 - 0x0000024f64f23000 	C:\Users\User_01\.openjfx\cache\21.0.1+6\amd64\api-ms-win-core-processenvironment-l1-1-0.dll
0x0000024f64f30000 - 0x0000024f64f33000 	C:\Users\User_01\.openjfx\cache\21.0.1+6\amd64\api-ms-win-core-processthreads-l1-1-0.dll
0x0000024f64f40000 - 0x0000024f64f43000 	C:\Users\User_01\.openjfx\cache\21.0.1+6\amd64\api-ms-win-core-processthreads-l1-1-1.dll
0x0000024f64f50000 - 0x0000024f64f53000 	C:\Users\User_01\.openjfx\cache\21.0.1+6\amd64\api-ms-win-core-profile-l1-1-0.dll
0x0000024f64f60000 - 0x0000024f64f63000 	C:\Users\User_01\.openjfx\cache\21.0.1+6\amd64\api-ms-win-core-rtlsupport-l1-1-0.dll
0x0000024f64f70000 - 0x0000024f64f73000 	C:\Users\User_01\.openjfx\cache\21.0.1+6\amd64\api-ms-win-core-string-l1-1-0.dll
0x0000024f64f80000 - 0x0000024f64f83000 	C:\Users\User_01\.openjfx\cache\21.0.1+6\amd64\api-ms-win-core-synch-l1-1-0.dll
0x0000024f64f90000 - 0x0000024f64f93000 	C:\Users\User_01\.openjfx\cache\21.0.1+6\amd64\api-ms-win-core-synch-l1-2-0.dll
0x0000024f64fa0000 - 0x0000024f64fa3000 	C:\Users\User_01\.openjfx\cache\21.0.1+6\amd64\api-ms-win-core-sysinfo-l1-1-0.dll
0x0000024f64fb0000 - 0x0000024f64fb3000 	C:\Users\User_01\.openjfx\cache\21.0.1+6\amd64\api-ms-win-core-timezone-l1-1-0.dll
0x0000024f64fc0000 - 0x0000024f64fc3000 	C:\Users\User_01\.openjfx\cache\21.0.1+6\amd64\api-ms-win-core-util-l1-1-0.dll
0x0000024f64fd0000 - 0x0000024f64fd3000 	C:\Users\User_01\.openjfx\cache\21.0.1+6\amd64\api-ms-win-crt-conio-l1-1-0.dll
0x0000024f64fe0000 - 0x0000024f64fe4000 	C:\Users\User_01\.openjfx\cache\21.0.1+6\amd64\api-ms-win-crt-convert-l1-1-0.dll
0x0000024f64ff0000 - 0x0000024f64ff3000 	C:\Users\User_01\.openjfx\cache\21.0.1+6\amd64\api-ms-win-crt-environment-l1-1-0.dll
0x0000024f69800000 - 0x0000024f69803000 	C:\Users\User_01\.openjfx\cache\21.0.1+6\amd64\api-ms-win-crt-filesystem-l1-1-0.dll
0x0000024f69810000 - 0x0000024f69813000 	C:\Users\User_01\.openjfx\cache\21.0.1+6\amd64\api-ms-win-crt-heap-l1-1-0.dll
0x0000024f69820000 - 0x0000024f69823000 	C:\Users\User_01\.openjfx\cache\21.0.1+6\amd64\api-ms-win-crt-locale-l1-1-0.dll
0x0000024f69830000 - 0x0000024f69835000 	C:\Users\User_01\.openjfx\cache\21.0.1+6\amd64\api-ms-win-crt-math-l1-1-0.dll
0x0000024f69840000 - 0x0000024f69845000 	C:\Users\User_01\.openjfx\cache\21.0.1+6\amd64\api-ms-win-crt-multibyte-l1-1-0.dll
0x0000024f69850000 - 0x0000024f69860000 	C:\Users\User_01\.openjfx\cache\21.0.1+6\amd64\api-ms-win-crt-private-l1-1-0.dll
0x0000024f69860000 - 0x0000024f69863000 	C:\Users\User_01\.openjfx\cache\21.0.1+6\amd64\api-ms-win-crt-process-l1-1-0.dll
0x0000024f69870000 - 0x0000024f69874000 	C:\Users\User_01\.openjfx\cache\21.0.1+6\amd64\api-ms-win-crt-runtime-l1-1-0.dll
0x0000024f69880000 - 0x0000024f69884000 	C:\Users\User_01\.openjfx\cache\21.0.1+6\amd64\api-ms-win-crt-stdio-l1-1-0.dll
0x0000024f69890000 - 0x0000024f69894000 	C:\Users\User_01\.openjfx\cache\21.0.1+6\amd64\api-ms-win-crt-string-l1-1-0.dll
0x0000024f698a0000 - 0x0000024f698a3000 	C:\Users\User_01\.openjfx\cache\21.0.1+6\amd64\api-ms-win-crt-time-l1-1-0.dll
0x0000024f698b0000 - 0x0000024f698b3000 	C:\Users\User_01\.openjfx\cache\21.0.1+6\amd64\api-ms-win-crt-utility-l1-1-0.dll
0x00007ffee2460000 - 0x00007ffee255c000 	C:\Users\User_01\.openjfx\cache\21.0.1+6\amd64\ucrtbase.dll
0x00007fff39d30000 - 0x00007fff39d4b000 	C:\Users\User_01\.openjfx\cache\21.0.1+6\amd64\vcruntime140.dll
0x00007fff3b7c0000 - 0x00007fff3b7cc000 	C:\Users\User_01\.openjfx\cache\21.0.1+6\amd64\vcruntime140_1.dll
0x00007ffee1bb0000 - 0x00007ffee1c3e000 	C:\Users\User_01\.openjfx\cache\21.0.1+6\amd64\msvcp140.dll
0x00007fff68d80000 - 0x00007fff68f17000 	C:\WINDOWS\System32\ole32.dll
0x00007fff3b5f0000 - 0x00007fff3b5f9000 	C:\Users\User_01\.openjfx\cache\21.0.1+6\amd64\msvcp140_1.dll
0x00007ffefb190000 - 0x00007ffefb1bf000 	C:\Users\User_01\.openjfx\cache\21.0.1+6\amd64\msvcp140_2.dll
0x00007ffef65c0000 - 0x00007ffef65ef000 	C:\Users\User_01\.openjfx\cache\21.0.1+6\amd64\prism_d3d.dll
0x00007ffed7300000 - 0x00007ffed74b3000 	C:\WINDOWS\system32\d3d9.dll
0x00007fff652f0000 - 0x00007fff65320000 	C:\WINDOWS\SYSTEM32\dwmapi.dll
0x00007fff654c0000 - 0x00007fff65504000 	C:\WINDOWS\SYSTEM32\dxcore.dll
0x00007fff64d40000 - 0x00007fff64deb000 	C:\WINDOWS\system32\uxtheme.dll
0x00007ffea6320000 - 0x00007ffea658f000 	C:\WINDOWS\System32\DriverStore\FileRepository\iigd_dch.inf_amd64_03e2a5c7c3b3fa7c\igdumdim64.dll
0x00007ffea4df0000 - 0x00007ffea6313000 	C:\WINDOWS\System32\DriverStore\FileRepository\iigd_dch.inf_amd64_03e2a5c7c3b3fa7c\igd9dxva64.dll
0x00007fff69a10000 - 0x00007fff69e9a000 	C:\WINDOWS\System32\SETUPAPI.dll
0x00007fff67b50000 - 0x00007fff67ba7000 	C:\WINDOWS\SYSTEM32\cfgmgr32.dll
0x00007ffef76c0000 - 0x00007ffef93eb000 	C:\WINDOWS\System32\DriverStore\FileRepository\iigd_dch.inf_amd64_03e2a5c7c3b3fa7c\media_bin_64.dll
0x00007fff5ebb0000 - 0x00007fff5efef000 	C:\WINDOWS\System32\DriverStore\FileRepository\iigd_dch.inf_amd64_03e2a5c7c3b3fa7c\igdgmm64.dll
0x00007fff622d0000 - 0x00007fff62333000 	C:\WINDOWS\SYSTEM32\directxdatabasehelper.dll
0x00007ffee1b60000 - 0x00007ffee1ba2000 	C:\Users\User_01\.openjfx\cache\21.0.1+6\amd64\glass.dll
0x00007fff69740000 - 0x00007fff69830000 	C:\WINDOWS\System32\COMDLG32.dll
0x00007fff6a980000 - 0x00007fff6aade000 	C:\WINDOWS\System32\MSCTF.dll
0x00007ffefa870000 - 0x00007ffefa897000 	C:\WINDOWS\System32\DriverStore\FileRepository\iigd_dch.inf_amd64_03e2a5c7c3b3fa7c\igdinfo64.dll
0x00007fff675b0000 - 0x00007fff675cb000 	C:\WINDOWS\SYSTEM32\CRYPTSP.dll
0x00007fff66cd0000 - 0x00007fff66d0a000 	C:\WINDOWS\system32\rsaenh.dll
0x00007fff675a0000 - 0x00007fff675ac000 	C:\WINDOWS\SYSTEM32\CRYPTBASE.dll
0x00007fff67f20000 - 0x00007fff67f4a000 	C:\WINDOWS\SYSTEM32\bcrypt.dll
0x00007fff5f090000 - 0x00007fff5f0b4000 	C:\WINDOWS\System32\DriverStore\FileRepository\iigd_dch.inf_amd64_03e2a5c7c3b3fa7c\igc64.dll
0x00007fff5a380000 - 0x00007fff5eaeb000 	C:\WINDOWS\System32\DriverStore\FileRepository\iigd_dch.inf_amd64_03e2a5c7c3b3fa7c\igc1464.dll
0x00007fff668f0000 - 0x00007fff66a1c000 	C:\WINDOWS\SYSTEM32\DNSAPI.dll
0x00007fff668b0000 - 0x00007fff668e4000 	C:\WINDOWS\SYSTEM32\IPHLPAPI.DLL
0x00007fff6aaf0000 - 0x00007fff6aafa000 	C:\WINDOWS\System32\NSI.dll
0x00007fff5f0c0000 - 0x00007fff5f0cb000 	C:\Windows\System32\rasadhlp.dll
0x00007fff5f100000 - 0x00007fff5f186000 	C:\WINDOWS\System32\fwpuclnt.dll
0x00007fff3b0a0000 - 0x00007fff3b0a9000 	C:\Users\User_01\.jdks\jbr-17.0.12\bin\extnet.dll
0x00007ffefb170000 - 0x00007ffefb184000 	C:\Users\User_01\.openjfx\cache\21.0.1+6\amd64\javafx_font.dll
0x00007fff63c00000 - 0x00007fff63e67000 	C:\WINDOWS\SYSTEM32\dwrite.dll
0x00007fff6a6f0000 - 0x00007fff6a7a0000 	C:\WINDOWS\System32\clbcatq.dll
0x00007fff63380000 - 0x00007fff635b0000 	C:\WINDOWS\SYSTEM32\WindowsCodecs.dll

dbghelp: loaded successfully - version: 4.0.5 - missing functions: none
symbol engine: initialized successfully - sym options: 0x614 - pdb path: .;C:\Users\User_01\.jdks\jbr-17.0.12\bin;C:\WINDOWS\SYSTEM32;C:\WINDOWS\WinSxS\amd64_microsoft.windows.common-controls_6595b64144ccf1df_6.0.26100.7309_none_3e05feeae336a044;C:\Program Files (x86)\360\Total Security\safemon;C:\Users\User_01\.jdks\jbr-17.0.12\bin\server;C:\Users\User_01\.openjfx\cache\21.0.1+6\amd64;C:\WINDOWS\System32\DriverStore\FileRepository\iigd_dch.inf_amd64_03e2a5c7c3b3fa7c;C:\Program Files\Common Files\Microsoft Shared\Ink

VM Arguments:
jvm_args: --module-path=C:\Users\User_01\.m2\repository\org\openjfx\javafx-base\21.0.1\javafx-base-21.0.1-win.jar;C:\Users\User_01\.m2\repository\org\openjfx\javafx-base\21.0.1\javafx-base-21.0.1.jar;C:\Users\User_01\.m2\repository\org\openjfx\javafx-controls\21.0.1\javafx-controls-21.0.1-win.jar;C:\Users\User_01\.m2\repository\org\openjfx\javafx-controls\21.0.1\javafx-controls-21.0.1.jar;C:\Users\User_01\.m2\repository\org\openjfx\javafx-fxml\21.0.1\javafx-fxml-21.0.1-win.jar;C:\Users\User_01\.m2\repository\org\openjfx\javafx-fxml\21.0.1\javafx-fxml-21.0.1.jar;C:\Users\User_01\.m2\repository\org\openjfx\javafx-graphics\21.0.1\javafx-graphics-21.0.1-win.jar;C:\Users\User_01\.m2\repository\org\openjfx\javafx-graphics\21.0.1\javafx-graphics-21.0.1.jar --add-modules=javafx.base,javafx.controls,javafx.fxml,javafx.graphics 
java_command: Main -Xms64m -Xmx256m -XX:+UseSerialGC -XX:MaxHeapFreeRatio=70 -XX:MinHeapFreeRatio=40
java_class_path (initial): C:\Users\User_01\projet_Greencore\target\classes;C:\Users\User_01\.m2\repository\com\google\protobuf\protobuf-java\3.21.9\protobuf-java-3.21.9.jar;C:\Users\User_01\.m2\repository\com\mysql\mysql-connector-j\8.0.33\mysql-connector-j-8.0.33.jar
Launcher Type: SUN_STANDARD

[Global flags]
     intx CICompilerCount                          = 4                                         {product} {ergonomic}
     uint ConcGCThreads                            = 2                                         {product} {ergonomic}
     uint G1ConcRefinementThreads                  = 8                                         {product} {ergonomic}
   size_t G1HeapRegionSize                         = 2097152                                   {product} {ergonomic}
    uintx GCDrainStackTargetSize                   = 64                                        {product} {ergonomic}
   size_t InitialHeapSize                          = 199229440                                 {product} {ergonomic}
   size_t MarkStackSize                            = 4194304                                   {product} {ergonomic}
   size_t MaxHeapSize                              = 3164602368                                {product} {ergonomic}
   size_t MaxNewSize                               = 1897922560                                {product} {ergonomic}
   size_t MinHeapDeltaBytes                        = 2097152                                   {product} {ergonomic}
   size_t MinHeapSize                              = 8388608                                   {product} {ergonomic}
    uintx NonNMethodCodeHeapSize                   = 5839372                                {pd product} {ergonomic}
    uintx NonProfiledCodeHeapSize                  = 122909434                              {pd product} {ergonomic}
    uintx ProfiledCodeHeapSize                     = 122909434                              {pd product} {ergonomic}
    uintx ReservedCodeCacheSize                    = 251658240                              {pd product} {ergonomic}
     bool SegmentedCodeCache                       = true                                      {product} {ergonomic}
   size_t SoftMaxHeapSize                          = 3164602368                             {manageable} {ergonomic}
     bool UseCompressedClassPointers               = true                           {product lp64_product} {ergonomic}
     bool UseCompressedOops                        = true                           {product lp64_product} {ergonomic}
     bool UseG1GC                                  = true                                      {product} {ergonomic}
     bool UseLargePagesIndividualAllocation        = false                                  {pd product} {ergonomic}

Logging:
Log output configuration:
 #0: stdout all=warning uptime,level,tags
 #1: stderr all=off uptime,level,tags

Environment Variables:
JAVA_HOME=C:\Users\User_01\.jdks\jbr-17.0.12
PATH=C:\oraclexe\app\oracle\product\11.2.0\server\bin;C:\oraclexe\app\oracle\product\11.2.0\server\bin;C:\Program Files (x86)\VMware\VMware Workstation\bin\;C:\Windows\system32;C:\Windows;C:\Windows\System32\Wbem;C:\Windows\System32\WindowsPowerShell\v1.0\;C:\Windows\System32\OpenSSH\;C:\Program Files (x86)\NVIDIA Corporation\PhysX\Common;C:\Program Files\NVIDIA Corporation\NVIDIA NvDLISR;C:\xampp\php;C:\composer;C:\WINDOWS\system32;C:\WINDOWS;C:\WINDOWS\System32\Wbem;C:\WINDOWS\System32\WindowsPowerShell\v1.0\;C:\WINDOWS\System32\OpenSSH\;C:\Program Files\cursor\resources\app\bin;C:\Program Files\Git\cmd;C:\Users\User_01\AppData\Local\Programs\Eclipse Adoptium\jdk-25.0.1.8-hotspot\bin;C:\Users\User_01\AppData\Local\Programs\Python\Python312\Scripts\;C:\Users\User_01\AppData\Local\Programs\Python\Python312\;C:\Users\User_01\scoop\shims;C:\Users\User_01\AppData\Local\Microsoft\WindowsApps;C:\Users\User_01\AppData\Local\Programs\Microsoft VS Code\bin;C:\Users\User_01\AppData\Roaming\Composer\vendor\bin;C:\Program Files\JetBrains\IntelliJ IDEA 2024.1.2\bin;;C:\Program Files\JetBrains\PhpStorm 2024.2.1\bin;C:\Users\User_01\AppData\Local\Programs\Windsurf\bin
USERNAME=User_01
OS=Windows_NT
PROCESSOR_IDENTIFIER=Intel64 Family 6 Model 140 Stepping 2, GenuineIntel
TMP=C:\Users\User_01\AppData\Local\Temp
TEMP=C:\Users\User_01\AppData\Local\Temp



Periodic native trim disabled

JNI global refs:
JNI global refs: 34, weak refs: 3

JNI global refs memory usage: 843, weak refs: 841

Process memory usage:
Resident Set Size: 263432K (2% of 12361016K total physical memory with 780600K free physical memory)

OOME stack traces (most recent first):
Classloader memory used:
Loader jdk.internal.loader.ClassLoaders$AppClassLoader                                 : 2159K
Loader bootstrap                                                                       : 751K
Loader jdk.internal.loader.ClassLoaders$PlatformClassLoader                            : 47216B
Loader jdk.internal.reflect.DelegatingClassLoader                                      : 7824B
Loader com.sun.javafx.reflect.MethodUtil                                               : 510B


---------------  S Y S T E M  ---------------

OS:
 Windows 11 , 64 bit Build 26100 (10.0.26100.7623)
OS uptime: 0 days 2:18 hours
Hyper-V role detected

CPU: total 8 (initial active 8) (4 cores per cpu, 2 threads per core) family 6 model 140 stepping 2 microcode 0x3a, cx8, cmov, fxsr, ht, mmx, 3dnowpref, sse, sse2, sse3, ssse3, sse4.1, sse4.2, popcnt, lzcnt, tsc, tscinvbit, avx, avx2, aes, erms, clmul, bmi1, bmi2, adx, avx512f, avx512dq, avx512cd, avx512bw, avx512vl, sha, fma, vzeroupper, avx512_vpopcntdq, avx512_vpclmulqdq, avx512_vaes, avx512_vnni, clflush, clflushopt, clwb, avx512_vbmi2, avx512_vbmi, hv
Processor Information for processor 0
  Max Mhz: 2496, Current Mhz: 2496, Mhz Limit: 2496
Processor Information for processor 1
  Max Mhz: 2496, Current Mhz: 2496, Mhz Limit: 2496
Processor Information for processor 2
  Max Mhz: 2496, Current Mhz: 1198, Mhz Limit: 2496
Processor Information for processor 3
  Max Mhz: 2496, Current Mhz: 2496, Mhz Limit: 2496
Processor Information for processor 4
  Max Mhz: 2496, Current Mhz: 1198, Mhz Limit: 2496
Processor Information for processor 5
  Max Mhz: 2496, Current Mhz: 2496, Mhz Limit: 2496
Processor Information for processor 6
  Max Mhz: 2496, Current Mhz: 1198, Mhz Limit: 2496
Processor Information for processor 7
  Max Mhz: 2496, Current Mhz: 1198, Mhz Limit: 2496

Memory: 4k page, system-wide physical 12071M (803M free)
TotalPageFile size 21395M (AvailPageFile size 65M)
current process WorkingSet (physical memory assigned to process): 257M, peak: 268M
current process commit charge ("private bytes"): 290M, peak: 419M

vm_info: OpenJDK 64-Bit Server VM (17.0.12+1-b1207.37) for windows-amd64 JRE (17.0.12+1-b1207.37), built on 2024-09-25 by "builduser" with MS VC++ 16.10 / 16.11 (VS2019)

END.
