#
# There is insufficient memory for the Java Runtime Environment to continue.
# Native memory allocation (malloc) failed to allocate 890496 bytes. Error detail: Chunk::new
# Possible reasons:
#   The system is out of physical RAM or swap space
#   This process is running with CompressedOops enabled, and the Java Heap may be blocking the growth of the native heap
# Possible solutions:
#   Reduce memory load on the system
#   Increase physical memory or swap space
#   Check if swap backing store is full
#   Decrease Java heap size (-Xmx/-Xms)
#   Decrease number of Java threads
#   Decrease Java thread stack sizes (-Xss)
#   Set larger code cache with -XX:ReservedCodeCacheSize=
#   JVM is running with Zero Based Compressed Oops mode in which the Java heap is
#     placed in the first 32GB address space. The Java Heap base address is the
#     maximum limit for the native heap growth. Please use -XX:HeapBaseMinAddress
#     to set the Java Heap base and to place the Java Heap above 32GB virtual address.
# This output file may be truncated or incomplete.
#
#  Out of Memory Error (arena.cpp:191), pid=8624, tid=15692
#
# JRE version: OpenJDK Runtime Environment JBR-17.0.12+1-1207.37-nomod (17.0.12+1) (build 17.0.12+1-b1207.37)
# Java VM: OpenJDK 64-Bit Server VM JBR-17.0.12+1-1207.37-nomod (17.0.12+1-b1207.37, mixed mode, sharing, tiered, compressed oops, compressed class ptrs, g1 gc, windows-amd64)
# No core dump will be written. Minidumps are not enabled by default on client versions of Windows
#

---------------  S U M M A R Y ------------

Command Line: -Dclassworlds.conf=C:\Program Files\JetBrains\IntelliJ IDEA 2025.2.3\plugins\maven\lib\maven3\bin\m2.conf -Dmaven.home=C:\Program Files\JetBrains\IntelliJ IDEA 2025.2.3\plugins\maven\lib\maven3 -Dlibrary.jansi.path=C:\Program Files\JetBrains\IntelliJ IDEA 2025.2.3\plugins\maven\lib\maven3\lib\jansi-native -Dmaven.multiModuleProjectDirectory=C:\Users\User_01\projet_Greencore org.codehaus.plexus.classworlds.launcher.Launcher -Didea.version=2025.2.3 -Dmaven.ext.class.path=C:\Program Files\JetBrains\IntelliJ IDEA 2025.2.3\plugins\maven\lib\maven-event-listener.jar -Djansi.passthrough=true -Dstyle.color=always -Dmaven.repo.local=C:\Users\User_01\.m2\repository javafx:run -f pom.xml

Host: 11th Gen Intel(R) Core(TM) i5-1155G7 @ 2.50GHz, 8 cores, 11G,  Windows 11 , 64 bit Build 26100 (10.0.26100.7623)
Time: Mon Apr 27 22:22:37 2026 Afr. centrale Ouest elapsed time: 0.864321 seconds (0d 0h 0m 0s)

---------------  T H R E A D  ---------------

Current thread (0x0000018072529ef0):  JavaThread "C2 CompilerThread1" daemon [_thread_in_native, id=15692, stack(0x0000005814800000,0x0000005814900000)]


Current CompileTask:
C2:    864 1777   !   4       java.net.URL::<init> (543 bytes)

Stack: [0x0000005814800000,0x0000005814900000]
Native frames: (J=compiled Java code, j=interpreted, Vv=VM code, C=native code)
V  [jvm.dll+0x689d89]
V  [jvm.dll+0x84386a]
V  [jvm.dll+0x8454ee]
V  [jvm.dll+0x845b53]
V  [jvm.dll+0x24a56f]
V  [jvm.dll+0xac9e4]
V  [jvm.dll+0xad02c]
V  [jvm.dll+0x2b1c4f]
V  [jvm.dll+0x5908f7]
V  [jvm.dll+0x2248c2]
V  [jvm.dll+0x224cbf]
V  [jvm.dll+0x21dde0]
V  [jvm.dll+0x21b2e1]
V  [jvm.dll+0x1a68ed]
V  [jvm.dll+0x22b2de]
V  [jvm.dll+0x229445]
V  [jvm.dll+0x7f7917]
V  [jvm.dll+0x7f1cec]
V  [jvm.dll+0x688be7]
C  [ucrtbase.dll+0x37b0]
C  [KERNEL32.DLL+0x2e8d7]
C  [ntdll.dll+0x8c53c]


---------------  P R O C E S S  ---------------

Threads class SMR info:
_java_thread_list=0x0000018072bc82f0, length=14, elements={
0x000001801042fde0, 0x000001802c9abf30, 0x000001802c9ad570, 0x000001802c9c2fd0,
0x000001802c9c38a0, 0x000001802c9c4170, 0x000001802c9c55b0, 0x000001802c9cabb0,
0x000001802c9cd950, 0x000001807200f010, 0x000001807216ed20, 0x0000018072170690,
0x0000018072529ef0, 0x0000018072bf5a40
}

Java Threads: ( => current thread )
  0x000001801042fde0 JavaThread "main" [_thread_in_Java, id=20976, stack(0x0000005813500000,0x0000005813600000)]
  0x000001802c9abf30 JavaThread "Reference Handler" daemon [_thread_blocked, id=20432, stack(0x0000005813c00000,0x0000005813d00000)]
  0x000001802c9ad570 JavaThread "Finalizer" daemon [_thread_blocked, id=9020, stack(0x0000005813d00000,0x0000005813e00000)]
  0x000001802c9c2fd0 JavaThread "Signal Dispatcher" daemon [_thread_blocked, id=25192, stack(0x0000005813e00000,0x0000005813f00000)]
  0x000001802c9c38a0 JavaThread "Attach Listener" daemon [_thread_blocked, id=17788, stack(0x0000005813f00000,0x0000005814000000)]
  0x000001802c9c4170 JavaThread "Service Thread" daemon [_thread_blocked, id=18884, stack(0x0000005814000000,0x0000005814100000)]
  0x000001802c9c55b0 JavaThread "Monitor Deflation Thread" daemon [_thread_blocked, id=20960, stack(0x0000005814100000,0x0000005814200000)]
  0x000001802c9cabb0 JavaThread "C2 CompilerThread0" daemon [_thread_blocked, id=17504, stack(0x0000005814200000,0x0000005814300000)]
  0x000001802c9cd950 JavaThread "C1 CompilerThread0" daemon [_thread_blocked, id=17292, stack(0x0000005814300000,0x0000005814400000)]
  0x000001807200f010 JavaThread "Sweeper thread" daemon [_thread_blocked, id=13668, stack(0x0000005814400000,0x0000005814500000)]
  0x000001807216ed20 JavaThread "Notification Thread" daemon [_thread_blocked, id=16836, stack(0x0000005814500000,0x0000005814600000)]
  0x0000018072170690 JavaThread "Common-Cleaner" daemon [_thread_blocked, id=3736, stack(0x0000005814700000,0x0000005814800000)]
=>0x0000018072529ef0 JavaThread "C2 CompilerThread1" daemon [_thread_in_native, id=15692, stack(0x0000005814800000,0x0000005814900000)]
  0x0000018072bf5a40 JavaThread "C2 CompilerThread2" daemon [_thread_blocked, id=20764, stack(0x0000005814900000,0x0000005814a00000)]

Other Threads:
  0x000001802c9a1e60 VMThread "VM Thread" [stack: 0x0000005813b00000,0x0000005813c00000] [id=7840]
  0x000001807216f200 WatcherThread [stack: 0x0000005814600000,0x0000005814700000] [id=21824]
  0x0000018010487030 GCTaskThread "GC Thread#0" [stack: 0x0000005813600000,0x0000005813700000] [id=25808]
  0x0000018072bf03f0 GCTaskThread "GC Thread#1" [stack: 0x0000005814a00000,0x0000005814b00000] [id=12412]
  0x0000018072bf06b0 GCTaskThread "GC Thread#2" [stack: 0x0000005814b00000,0x0000005814c00000] [id=4660]
  0x0000018072b103c0 GCTaskThread "GC Thread#3" [stack: 0x0000005814c00000,0x0000005814d00000] [id=7124]
  0x000001807202b570 GCTaskThread "GC Thread#4" [stack: 0x0000005814d00000,0x0000005814e00000] [id=20416]
  0x000001807202bc40 GCTaskThread "GC Thread#5" [stack: 0x0000005814e00000,0x0000005814f00000] [id=15480]
  0x000001807202bf00 GCTaskThread "GC Thread#6" [stack: 0x0000005814f00000,0x0000005815000000] [id=7612]
  0x00000180725f2cb0 GCTaskThread "GC Thread#7" [stack: 0x0000005815000000,0x0000005815100000] [id=16156]
  0x0000018010493b20 ConcurrentGCThread "G1 Main Marker" [stack: 0x0000005813700000,0x0000005813800000] [id=14464]
  0x00000180104951c0 ConcurrentGCThread "G1 Conc#0" [stack: 0x0000005813800000,0x0000005813900000] [id=6332]
  0x000001802c85acf0 ConcurrentGCThread "G1 Refine#0" [stack: 0x0000005813900000,0x0000005813a00000] [id=27340]
  0x000001802c85b630 ConcurrentGCThread "G1 Service" [stack: 0x0000005813a00000,0x0000005813b00000] [id=23172]

Threads with active compile tasks:
C2 CompilerThread1      885 1777   !   4       java.net.URL::<init> (543 bytes)

VM state: not at safepoint (normal execution)

VM Mutex/Monitor currently owned by a thread: None

Heap address: 0x0000000743600000, size: 3018 MB, Compressed Oops mode: Zero based, Oop shift amount: 3

CDS archive(s) mapped at: [0x000001802d000000-0x000001802dc00000-0x000001802dc00000), size 12582912, SharedBaseAddress: 0x000001802d000000, ArchiveRelocationMode: 1.
Compressed class space mapped at: 0x000001802e000000-0x000001806e000000, reserved size: 1073741824
Narrow klass base: 0x000001802d000000, Narrow klass shift: 0, Narrow klass range: 0x100000000

GC Precious Log:
 CPUs: 8 total, 8 available
 Memory: 12071M
 Large Page Support: Disabled
 NUMA Support: Disabled
 Compressed Oops: Enabled (Zero based)
 Heap Region Size: 2M
 Heap Min Capacity: 8M
 Heap Initial Capacity: 190M
 Heap Max Capacity: 3018M
 Pre-touch: Disabled
 Parallel Workers: 8
 Concurrent Workers: 2
 Concurrent Refinement Workers: 8
 Periodic GC: Disabled

Heap:
 garbage-first heap   total 194560K, used 13418K [0x0000000743600000, 0x0000000800000000)
  region size 2048K, 6 young (12288K), 1 survivors (2048K)
 Metaspace       used 11477K, committed 11712K, reserved 1114112K
  class space    used 1456K, committed 1600K, reserved 1048576K

Heap Regions: E=young(eden), S=young(survivor), O=old, HS=humongous(starts), HC=humongous(continues), CS=collection set, F=free, OA=open archive, CA=closed archive, TAMS=top-at-mark-start (previous, next)
|   0|0x0000000743600000, 0x0000000743800000, 0x0000000743800000|100%| O|  |TAMS 0x0000000743600000, 0x0000000743600000| Untracked 
|   1|0x0000000743800000, 0x000000074395a600, 0x0000000743a00000| 67%| O|  |TAMS 0x0000000743800000, 0x0000000743800000| Untracked 
|   2|0x0000000743a00000, 0x0000000743a00000, 0x0000000743c00000|  0%| F|  |TAMS 0x0000000743a00000, 0x0000000743a00000| Untracked 
|   3|0x0000000743c00000, 0x0000000743c00000, 0x0000000743e00000|  0%| F|  |TAMS 0x0000000743c00000, 0x0000000743c00000| Untracked 
|   4|0x0000000743e00000, 0x0000000743e00000, 0x0000000744000000|  0%| F|  |TAMS 0x0000000743e00000, 0x0000000743e00000| Untracked 
|   5|0x0000000744000000, 0x0000000744000000, 0x0000000744200000|  0%| F|  |TAMS 0x0000000744000000, 0x0000000744000000| Untracked 
|   6|0x0000000744200000, 0x0000000744200000, 0x0000000744400000|  0%| F|  |TAMS 0x0000000744200000, 0x0000000744200000| Untracked 
|   7|0x0000000744400000, 0x0000000744400000, 0x0000000744600000|  0%| F|  |TAMS 0x0000000744400000, 0x0000000744400000| Untracked 
|   8|0x0000000744600000, 0x0000000744600000, 0x0000000744800000|  0%| F|  |TAMS 0x0000000744600000, 0x0000000744600000| Untracked 
|   9|0x0000000744800000, 0x0000000744800000, 0x0000000744a00000|  0%| F|  |TAMS 0x0000000744800000, 0x0000000744800000| Untracked 
|  10|0x0000000744a00000, 0x0000000744a00000, 0x0000000744c00000|  0%| F|  |TAMS 0x0000000744a00000, 0x0000000744a00000| Untracked 
|  11|0x0000000744c00000, 0x0000000744c00000, 0x0000000744e00000|  0%| F|  |TAMS 0x0000000744c00000, 0x0000000744c00000| Untracked 
|  12|0x0000000744e00000, 0x0000000744e00000, 0x0000000745000000|  0%| F|  |TAMS 0x0000000744e00000, 0x0000000744e00000| Untracked 
|  13|0x0000000745000000, 0x0000000745000000, 0x0000000745200000|  0%| F|  |TAMS 0x0000000745000000, 0x0000000745000000| Untracked 
|  14|0x0000000745200000, 0x0000000745200000, 0x0000000745400000|  0%| F|  |TAMS 0x0000000745200000, 0x0000000745200000| Untracked 
|  15|0x0000000745400000, 0x0000000745400000, 0x0000000745600000|  0%| F|  |TAMS 0x0000000745400000, 0x0000000745400000| Untracked 
|  16|0x0000000745600000, 0x0000000745600000, 0x0000000745800000|  0%| F|  |TAMS 0x0000000745600000, 0x0000000745600000| Untracked 
|  17|0x0000000745800000, 0x0000000745800000, 0x0000000745a00000|  0%| F|  |TAMS 0x0000000745800000, 0x0000000745800000| Untracked 
|  18|0x0000000745a00000, 0x0000000745a00000, 0x0000000745c00000|  0%| F|  |TAMS 0x0000000745a00000, 0x0000000745a00000| Untracked 
|  19|0x0000000745c00000, 0x0000000745c00000, 0x0000000745e00000|  0%| F|  |TAMS 0x0000000745c00000, 0x0000000745c00000| Untracked 
|  20|0x0000000745e00000, 0x0000000745e00000, 0x0000000746000000|  0%| F|  |TAMS 0x0000000745e00000, 0x0000000745e00000| Untracked 
|  21|0x0000000746000000, 0x0000000746000000, 0x0000000746200000|  0%| F|  |TAMS 0x0000000746000000, 0x0000000746000000| Untracked 
|  22|0x0000000746200000, 0x0000000746200000, 0x0000000746400000|  0%| F|  |TAMS 0x0000000746200000, 0x0000000746200000| Untracked 
|  23|0x0000000746400000, 0x0000000746400000, 0x0000000746600000|  0%| F|  |TAMS 0x0000000746400000, 0x0000000746400000| Untracked 
|  24|0x0000000746600000, 0x0000000746600000, 0x0000000746800000|  0%| F|  |TAMS 0x0000000746600000, 0x0000000746600000| Untracked 
|  25|0x0000000746800000, 0x0000000746800000, 0x0000000746a00000|  0%| F|  |TAMS 0x0000000746800000, 0x0000000746800000| Untracked 
|  26|0x0000000746a00000, 0x0000000746a00000, 0x0000000746c00000|  0%| F|  |TAMS 0x0000000746a00000, 0x0000000746a00000| Untracked 
|  27|0x0000000746c00000, 0x0000000746c00000, 0x0000000746e00000|  0%| F|  |TAMS 0x0000000746c00000, 0x0000000746c00000| Untracked 
|  28|0x0000000746e00000, 0x0000000746e00000, 0x0000000747000000|  0%| F|  |TAMS 0x0000000746e00000, 0x0000000746e00000| Untracked 
|  29|0x0000000747000000, 0x0000000747000000, 0x0000000747200000|  0%| F|  |TAMS 0x0000000747000000, 0x0000000747000000| Untracked 
|  30|0x0000000747200000, 0x0000000747200000, 0x0000000747400000|  0%| F|  |TAMS 0x0000000747200000, 0x0000000747200000| Untracked 
|  31|0x0000000747400000, 0x0000000747400000, 0x0000000747600000|  0%| F|  |TAMS 0x0000000747400000, 0x0000000747400000| Untracked 
|  32|0x0000000747600000, 0x0000000747600000, 0x0000000747800000|  0%| F|  |TAMS 0x0000000747600000, 0x0000000747600000| Untracked 
|  33|0x0000000747800000, 0x0000000747800000, 0x0000000747a00000|  0%| F|  |TAMS 0x0000000747800000, 0x0000000747800000| Untracked 
|  34|0x0000000747a00000, 0x0000000747a00000, 0x0000000747c00000|  0%| F|  |TAMS 0x0000000747a00000, 0x0000000747a00000| Untracked 
|  35|0x0000000747c00000, 0x0000000747c00000, 0x0000000747e00000|  0%| F|  |TAMS 0x0000000747c00000, 0x0000000747c00000| Untracked 
|  36|0x0000000747e00000, 0x0000000747e00000, 0x0000000748000000|  0%| F|  |TAMS 0x0000000747e00000, 0x0000000747e00000| Untracked 
|  37|0x0000000748000000, 0x0000000748000000, 0x0000000748200000|  0%| F|  |TAMS 0x0000000748000000, 0x0000000748000000| Untracked 
|  38|0x0000000748200000, 0x0000000748200000, 0x0000000748400000|  0%| F|  |TAMS 0x0000000748200000, 0x0000000748200000| Untracked 
|  39|0x0000000748400000, 0x0000000748400000, 0x0000000748600000|  0%| F|  |TAMS 0x0000000748400000, 0x0000000748400000| Untracked 
|  40|0x0000000748600000, 0x0000000748600000, 0x0000000748800000|  0%| F|  |TAMS 0x0000000748600000, 0x0000000748600000| Untracked 
|  41|0x0000000748800000, 0x0000000748800000, 0x0000000748a00000|  0%| F|  |TAMS 0x0000000748800000, 0x0000000748800000| Untracked 
|  42|0x0000000748a00000, 0x0000000748a00000, 0x0000000748c00000|  0%| F|  |TAMS 0x0000000748a00000, 0x0000000748a00000| Untracked 
|  43|0x0000000748c00000, 0x0000000748c00000, 0x0000000748e00000|  0%| F|  |TAMS 0x0000000748c00000, 0x0000000748c00000| Untracked 
|  44|0x0000000748e00000, 0x0000000748e00000, 0x0000000749000000|  0%| F|  |TAMS 0x0000000748e00000, 0x0000000748e00000| Untracked 
|  45|0x0000000749000000, 0x0000000749000000, 0x0000000749200000|  0%| F|  |TAMS 0x0000000749000000, 0x0000000749000000| Untracked 
|  46|0x0000000749200000, 0x0000000749200000, 0x0000000749400000|  0%| F|  |TAMS 0x0000000749200000, 0x0000000749200000| Untracked 
|  47|0x0000000749400000, 0x0000000749400000, 0x0000000749600000|  0%| F|  |TAMS 0x0000000749400000, 0x0000000749400000| Untracked 
|  48|0x0000000749600000, 0x0000000749600000, 0x0000000749800000|  0%| F|  |TAMS 0x0000000749600000, 0x0000000749600000| Untracked 
|  49|0x0000000749800000, 0x0000000749800000, 0x0000000749a00000|  0%| F|  |TAMS 0x0000000749800000, 0x0000000749800000| Untracked 
|  50|0x0000000749a00000, 0x0000000749a00000, 0x0000000749c00000|  0%| F|  |TAMS 0x0000000749a00000, 0x0000000749a00000| Untracked 
|  51|0x0000000749c00000, 0x0000000749c00000, 0x0000000749e00000|  0%| F|  |TAMS 0x0000000749c00000, 0x0000000749c00000| Untracked 
|  52|0x0000000749e00000, 0x0000000749e00000, 0x000000074a000000|  0%| F|  |TAMS 0x0000000749e00000, 0x0000000749e00000| Untracked 
|  53|0x000000074a000000, 0x000000074a000000, 0x000000074a200000|  0%| F|  |TAMS 0x000000074a000000, 0x000000074a000000| Untracked 
|  54|0x000000074a200000, 0x000000074a200000, 0x000000074a400000|  0%| F|  |TAMS 0x000000074a200000, 0x000000074a200000| Untracked 
|  55|0x000000074a400000, 0x000000074a400000, 0x000000074a600000|  0%| F|  |TAMS 0x000000074a400000, 0x000000074a400000| Untracked 
|  56|0x000000074a600000, 0x000000074a600000, 0x000000074a800000|  0%| F|  |TAMS 0x000000074a600000, 0x000000074a600000| Untracked 
|  57|0x000000074a800000, 0x000000074a800000, 0x000000074aa00000|  0%| F|  |TAMS 0x000000074a800000, 0x000000074a800000| Untracked 
|  58|0x000000074aa00000, 0x000000074aa00000, 0x000000074ac00000|  0%| F|  |TAMS 0x000000074aa00000, 0x000000074aa00000| Untracked 
|  59|0x000000074ac00000, 0x000000074ac00000, 0x000000074ae00000|  0%| F|  |TAMS 0x000000074ac00000, 0x000000074ac00000| Untracked 
|  60|0x000000074ae00000, 0x000000074ae00000, 0x000000074b000000|  0%| F|  |TAMS 0x000000074ae00000, 0x000000074ae00000| Untracked 
|  61|0x000000074b000000, 0x000000074b000000, 0x000000074b200000|  0%| F|  |TAMS 0x000000074b000000, 0x000000074b000000| Untracked 
|  62|0x000000074b200000, 0x000000074b200000, 0x000000074b400000|  0%| F|  |TAMS 0x000000074b200000, 0x000000074b200000| Untracked 
|  63|0x000000074b400000, 0x000000074b400000, 0x000000074b600000|  0%| F|  |TAMS 0x000000074b400000, 0x000000074b400000| Untracked 
|  64|0x000000074b600000, 0x000000074b600000, 0x000000074b800000|  0%| F|  |TAMS 0x000000074b600000, 0x000000074b600000| Untracked 
|  65|0x000000074b800000, 0x000000074b800000, 0x000000074ba00000|  0%| F|  |TAMS 0x000000074b800000, 0x000000074b800000| Untracked 
|  66|0x000000074ba00000, 0x000000074ba00000, 0x000000074bc00000|  0%| F|  |TAMS 0x000000074ba00000, 0x000000074ba00000| Untracked 
|  67|0x000000074bc00000, 0x000000074bc00000, 0x000000074be00000|  0%| F|  |TAMS 0x000000074bc00000, 0x000000074bc00000| Untracked 
|  68|0x000000074be00000, 0x000000074be00000, 0x000000074c000000|  0%| F|  |TAMS 0x000000074be00000, 0x000000074be00000| Untracked 
|  69|0x000000074c000000, 0x000000074c000000, 0x000000074c200000|  0%| F|  |TAMS 0x000000074c000000, 0x000000074c000000| Untracked 
|  70|0x000000074c200000, 0x000000074c200000, 0x000000074c400000|  0%| F|  |TAMS 0x000000074c200000, 0x000000074c200000| Untracked 
|  71|0x000000074c400000, 0x000000074c400000, 0x000000074c600000|  0%| F|  |TAMS 0x000000074c400000, 0x000000074c400000| Untracked 
|  72|0x000000074c600000, 0x000000074c600000, 0x000000074c800000|  0%| F|  |TAMS 0x000000074c600000, 0x000000074c600000| Untracked 
|  73|0x000000074c800000, 0x000000074c800000, 0x000000074ca00000|  0%| F|  |TAMS 0x000000074c800000, 0x000000074c800000| Untracked 
|  74|0x000000074ca00000, 0x000000074ca00000, 0x000000074cc00000|  0%| F|  |TAMS 0x000000074ca00000, 0x000000074ca00000| Untracked 
|  75|0x000000074cc00000, 0x000000074cc00000, 0x000000074ce00000|  0%| F|  |TAMS 0x000000074cc00000, 0x000000074cc00000| Untracked 
|  76|0x000000074ce00000, 0x000000074ce00000, 0x000000074d000000|  0%| F|  |TAMS 0x000000074ce00000, 0x000000074ce00000| Untracked 
|  77|0x000000074d000000, 0x000000074d1c0258, 0x000000074d200000| 87%| S|CS|TAMS 0x000000074d000000, 0x000000074d000000| Complete 
|  78|0x000000074d200000, 0x000000074d200000, 0x000000074d400000|  0%| F|  |TAMS 0x000000074d200000, 0x000000074d200000| Untracked 
|  79|0x000000074d400000, 0x000000074d400000, 0x000000074d600000|  0%| F|  |TAMS 0x000000074d400000, 0x000000074d400000| Untracked 
|  80|0x000000074d600000, 0x000000074d600000, 0x000000074d800000|  0%| F|  |TAMS 0x000000074d600000, 0x000000074d600000| Untracked 
|  81|0x000000074d800000, 0x000000074d800000, 0x000000074da00000|  0%| F|  |TAMS 0x000000074d800000, 0x000000074d800000| Untracked 
|  82|0x000000074da00000, 0x000000074da00000, 0x000000074dc00000|  0%| F|  |TAMS 0x000000074da00000, 0x000000074da00000| Untracked 
|  83|0x000000074dc00000, 0x000000074dc00000, 0x000000074de00000|  0%| F|  |TAMS 0x000000074dc00000, 0x000000074dc00000| Untracked 
|  84|0x000000074de00000, 0x000000074de00000, 0x000000074e000000|  0%| F|  |TAMS 0x000000074de00000, 0x000000074de00000| Untracked 
|  85|0x000000074e000000, 0x000000074e000000, 0x000000074e200000|  0%| F|  |TAMS 0x000000074e000000, 0x000000074e000000| Untracked 
|  86|0x000000074e200000, 0x000000074e200000, 0x000000074e400000|  0%| F|  |TAMS 0x000000074e200000, 0x000000074e200000| Untracked 
|  87|0x000000074e400000, 0x000000074e400000, 0x000000074e600000|  0%| F|  |TAMS 0x000000074e400000, 0x000000074e400000| Untracked 
|  88|0x000000074e600000, 0x000000074e600000, 0x000000074e800000|  0%| F|  |TAMS 0x000000074e600000, 0x000000074e600000| Untracked 
|  89|0x000000074e800000, 0x000000074e800000, 0x000000074ea00000|  0%| F|  |TAMS 0x000000074e800000, 0x000000074e800000| Untracked 
|  90|0x000000074ea00000, 0x000000074ec00000, 0x000000074ec00000|100%| E|  |TAMS 0x000000074ea00000, 0x000000074ea00000| Complete 
|  91|0x000000074ec00000, 0x000000074ee00000, 0x000000074ee00000|100%| E|CS|TAMS 0x000000074ec00000, 0x000000074ec00000| Complete 
|  92|0x000000074ee00000, 0x000000074f000000, 0x000000074f000000|100%| E|CS|TAMS 0x000000074ee00000, 0x000000074ee00000| Complete 
|  93|0x000000074f000000, 0x000000074f200000, 0x000000074f200000|100%| E|CS|TAMS 0x000000074f000000, 0x000000074f000000| Complete 
|  94|0x000000074f200000, 0x000000074f400000, 0x000000074f400000|100%| E|CS|TAMS 0x000000074f200000, 0x000000074f200000| Complete 

Card table byte_map: [0x0000018023510000,0x0000018023b00000] _byte_map_base: 0x000001801faf5000

Marking Bits (Prev, Next): (CMBitMap*) 0x0000018010487560, (CMBitMap*) 0x00000180104875a0
 Prev Bits: [0x00000180240f0000, 0x0000018027018000)
 Next Bits: [0x0000018027020000, 0x0000018029f48000)

Polling page: 0x000001800e5a0000

Metaspace:

Usage:
  Non-class:      9.80 MB used.
      Class:      1.42 MB used.
       Both:     11.23 MB used.

Virtual space:
  Non-class space:       64.00 MB reserved,       9.88 MB ( 15%) committed,  1 nodes.
      Class space:        1.00 GB reserved,       1.56 MB ( <1%) committed,  1 nodes.
             Both:        1.06 GB reserved,      11.44 MB (  1%) committed. 

Chunk freelists:
   Non-Class:  4.70 MB
       Class:  14.48 MB
        Both:  19.19 MB

MaxMetaspaceSize: unlimited
CompressedClassSpaceSize: 1.00 GB
Initial GC threshold: 21.00 MB
Current GC threshold: 21.00 MB
CDS: on
MetaspaceReclaimPolicy: balanced
 - commit_granule_bytes: 65536.
 - commit_granule_words: 8192.
 - virtual_space_node_default_size: 8388608.
 - enlarge_chunks_in_place: 1.
 - new_chunks_are_fully_committed: 0.
 - uncommit_free_chunks: 1.
 - use_allocation_guard: 0.
 - handle_deallocations: 1.


Internal statistics:

num_allocs_failed_limit: 0.
num_arena_births: 64.
num_arena_deaths: 0.
num_vsnodes_births: 2.
num_vsnodes_deaths: 0.
num_space_committed: 183.
num_space_uncommitted: 0.
num_chunks_returned_to_freelist: 0.
num_chunks_taken_from_freelist: 474.
num_chunk_merges: 0.
num_chunk_splits: 316.
num_chunks_enlarged: 253.
num_inconsistent_stats: 0.

CodeHeap 'non-profiled nmethods': size=120000Kb used=748Kb max_used=748Kb free=119251Kb
 bounds [0x000001801b6b0000, 0x000001801b920000, 0x0000018022be0000]
CodeHeap 'profiled nmethods': size=120000Kb used=3806Kb max_used=3806Kb free=116193Kb
 bounds [0x0000018013be0000, 0x0000018013fa0000, 0x000001801b110000]
CodeHeap 'non-nmethods': size=5760Kb used=1172Kb max_used=1198Kb free=4587Kb
 bounds [0x000001801b110000, 0x000001801b380000, 0x000001801b6b0000]
 total_blobs=2334 nmethods=1889 adapters=357
 compilation: enabled
              stopped_count=0, restarted_count=0
 full_count=0

Compilation events (20 events):
Event: 0.845 Thread 0x000001802c9cd950 nmethod 1827 0x0000018013f7e890 code [0x0000018013f7ea40, 0x0000018013f7ed98]
Event: 0.845 Thread 0x000001802c9cd950 1828       3       java.lang.invoke.MethodType::parameterSlotCount (8 bytes)
Event: 0.845 Thread 0x000001802c9cd950 nmethod 1828 0x0000018013f7ee90 code [0x0000018013f7f020, 0x0000018013f7f158]
Event: 0.845 Thread 0x000001802c9cd950 1829       3       java.lang.invoke.MemberName::getType (19 bytes)
Event: 0.845 Thread 0x000001802c9cd950 nmethod 1829 0x0000018013f7f210 code [0x0000018013f7f3e0, 0x0000018013f7f798]
Event: 0.846 Thread 0x000001802c9cd950 1831       3       java.util.LinkedHashMap$LinkedValueIterator::next (8 bytes)
Event: 0.846 Thread 0x0000018072bf5a40 nmethod 1824 0x000001801b765710 code [0x000001801b7658c0, 0x000001801b765ee8]
Event: 0.846 Thread 0x000001802c9cd950 nmethod 1831 0x0000018013f7f910 code [0x0000018013f7fac0, 0x0000018013f7fc08]
Event: 0.849 Thread 0x000001802c9cabb0 1832       4       jdk.internal.org.objectweb.asm.Symbol::<init> (38 bytes)
Event: 0.849 Thread 0x000001802c9cd950 1833       3       java.lang.invoke.LambdaForm::uncustomize (57 bytes)
Event: 0.849 Thread 0x000001802c9cd950 nmethod 1833 0x0000018013f7fd10 code [0x0000018013f7fec0, 0x0000018013f801e8]
Event: 0.849 Thread 0x000001802c9cd950 1834       3       sun.invoke.util.BytecodeDescriptor::unparse (24 bytes)
Event: 0.849 Thread 0x0000018072bf5a40 1835       4       java.lang.String::indexOf (18 bytes)
Event: 0.849 Thread 0x000001802c9cd950 nmethod 1834 0x0000018013f80310 code [0x0000018013f804c0, 0x0000018013f806c8]
Event: 0.850 Thread 0x0000018072bf5a40 nmethod 1835 0x000001801b766210 code [0x000001801b7663a0, 0x000001801b766758]
Event: 0.850 Thread 0x000001802c9cabb0 nmethod 1832 0x000001801b766990 code [0x000001801b766b00, 0x000001801b766e38]
Event: 0.851 Thread 0x000001802c9cd950 1836       3       java.util.concurrent.ConcurrentHashMap::get (162 bytes)
Event: 0.851 Thread 0x000001802c9cd950 nmethod 1836 0x0000018013f80790 code [0x0000018013f809e0, 0x0000018013f814e8]
Event: 0.851 Thread 0x000001802c9cabb0 1837       4       java.util.WeakHashMap::getTable (9 bytes)
Event: 0.853 Thread 0x000001802c9cabb0 nmethod 1837 0x000001801b766f10 code [0x000001801b7670a0, 0x000001801b7673c8]

GC Heap History (4 events):
Event: 0.384 GC heap before
{Heap before GC invocations=0 (full 0):
 garbage-first heap   total 194560K, used 22528K [0x0000000743600000, 0x0000000800000000)
  region size 2048K, 11 young (22528K), 0 survivors (0K)
 Metaspace       used 5633K, committed 5824K, reserved 1114112K
  class space    used 701K, committed 768K, reserved 1048576K
}
Event: 0.388 GC heap after
{Heap after GC invocations=1 (full 0):
 garbage-first heap   total 194560K, used 3683K [0x0000000743600000, 0x0000000800000000)
  region size 2048K, 2 young (4096K), 2 survivors (4096K)
 Metaspace       used 5633K, committed 5824K, reserved 1114112K
  class space    used 701K, committed 768K, reserved 1048576K
}
Event: 0.757 GC heap before
{Heap before GC invocations=1 (full 0):
 garbage-first heap   total 194560K, used 34403K [0x0000000743600000, 0x0000000800000000)
  region size 2048K, 17 young (34816K), 2 survivors (4096K)
 Metaspace       used 9593K, committed 9792K, reserved 1114112K
  class space    used 1210K, committed 1280K, reserved 1048576K
}
Event: 0.760 GC heap after
{Heap after GC invocations=2 (full 0):
 garbage-first heap   total 194560K, used 5226K [0x0000000743600000, 0x0000000800000000)
  region size 2048K, 1 young (2048K), 1 survivors (2048K)
 Metaspace       used 9593K, committed 9792K, reserved 1114112K
  class space    used 1210K, committed 1280K, reserved 1048576K
}

Dll operation events (3 events):
Event: 0.007 Loaded shared library C:\Users\User_01\.jdks\jbr-17.0.12\bin\java.dll
Event: 0.028 Loaded shared library C:\Users\User_01\.jdks\jbr-17.0.12\bin\jsvml.dll
Event: 0.126 Loaded shared library C:\Users\User_01\.jdks\jbr-17.0.12\bin\verify.dll

Deoptimization events (20 events):
Event: 0.803 Thread 0x000001801042fde0 Uncommon trap: trap_request=0xffffffd6 fr.pc=0x000001801b76027c relative=0x000000000000015c
Event: 0.803 Thread 0x000001801042fde0 Uncommon trap: reason=array_check action=maybe_recompile pc=0x000001801b76027c method=java.util.stream.Nodes$FixedNodeBuilder.accept(Ljava/lang/Object;)V @ 28 c2
Event: 0.803 Thread 0x000001801042fde0 DEOPT PACKING pc=0x000001801b76027c sp=0x00000058135fdba0
Event: 0.803 Thread 0x000001801042fde0 DEOPT UNPACKING pc=0x000001801b16a1a3 sp=0x00000058135fdb50 mode 2
Event: 0.803 Thread 0x000001801042fde0 Uncommon trap: trap_request=0xffffffd6 fr.pc=0x000001801b76027c relative=0x000000000000015c
Event: 0.803 Thread 0x000001801042fde0 Uncommon trap: reason=array_check action=maybe_recompile pc=0x000001801b76027c method=java.util.stream.Nodes$FixedNodeBuilder.accept(Ljava/lang/Object;)V @ 28 c2
Event: 0.803 Thread 0x000001801042fde0 DEOPT PACKING pc=0x000001801b76027c sp=0x00000058135fdba0
Event: 0.803 Thread 0x000001801042fde0 DEOPT UNPACKING pc=0x000001801b16a1a3 sp=0x00000058135fdb50 mode 2
Event: 0.803 Thread 0x000001801042fde0 Uncommon trap: trap_request=0xffffffd6 fr.pc=0x000001801b76027c relative=0x000000000000015c
Event: 0.803 Thread 0x000001801042fde0 Uncommon trap: reason=array_check action=maybe_recompile pc=0x000001801b76027c method=java.util.stream.Nodes$FixedNodeBuilder.accept(Ljava/lang/Object;)V @ 28 c2
Event: 0.803 Thread 0x000001801042fde0 DEOPT PACKING pc=0x000001801b76027c sp=0x00000058135fdba0
Event: 0.803 Thread 0x000001801042fde0 DEOPT UNPACKING pc=0x000001801b16a1a3 sp=0x00000058135fdb50 mode 2
Event: 0.803 Thread 0x000001801042fde0 Uncommon trap: trap_request=0xffffffd6 fr.pc=0x000001801b76027c relative=0x000000000000015c
Event: 0.803 Thread 0x000001801042fde0 Uncommon trap: reason=array_check action=maybe_recompile pc=0x000001801b76027c method=java.util.stream.Nodes$FixedNodeBuilder.accept(Ljava/lang/Object;)V @ 28 c2
Event: 0.803 Thread 0x000001801042fde0 DEOPT PACKING pc=0x000001801b76027c sp=0x00000058135fdba0
Event: 0.803 Thread 0x000001801042fde0 DEOPT UNPACKING pc=0x000001801b16a1a3 sp=0x00000058135fdb50 mode 2
Event: 0.846 Thread 0x000001801042fde0 Uncommon trap: trap_request=0xffffff45 fr.pc=0x000001801b6f0698 relative=0x0000000000000278
Event: 0.846 Thread 0x000001801042fde0 Uncommon trap: reason=unstable_if action=reinterpret pc=0x000001801b6f0698 method=java.util.concurrent.ConcurrentHashMap.get(Ljava/lang/Object;)Ljava/lang/Object; @ 76 c2
Event: 0.846 Thread 0x000001801042fde0 DEOPT PACKING pc=0x000001801b6f0698 sp=0x00000058135fae70
Event: 0.846 Thread 0x000001801042fde0 DEOPT UNPACKING pc=0x000001801b16a1a3 sp=0x00000058135fade8 mode 2

Classes loaded (20 events):
Event: 0.721 Loading class sun/reflect/generics/tree/MethodTypeSignature
Event: 0.721 Loading class sun/reflect/generics/tree/MethodTypeSignature done
Event: 0.791 Loading class sun/reflect/generics/repository/FieldRepository
Event: 0.791 Loading class sun/reflect/generics/repository/FieldRepository done
Event: 0.797 Loading class java/io/UncheckedIOException
Event: 0.797 Loading class java/io/UncheckedIOException done
Event: 0.800 Loading class java/util/concurrent/atomic/AtomicBoolean
Event: 0.800 Loading class java/util/concurrent/atomic/AtomicBoolean done
Event: 0.802 Loading class java/nio/channels/OverlappingFileLockException
Event: 0.802 Loading class java/nio/channels/OverlappingFileLockException done
Event: 0.802 Loading class java/nio/channels/FileLock
Event: 0.802 Loading class java/nio/channels/FileLock done
Event: 0.819 Loading class java/nio/file/AccessDeniedException
Event: 0.819 Loading class java/nio/file/FileSystemException
Event: 0.819 Loading class java/nio/file/FileSystemException done
Event: 0.819 Loading class java/nio/file/AccessDeniedException done
Event: 0.844 Loading class java/lang/ExceptionInInitializerError
Event: 0.844 Loading class java/lang/ExceptionInInitializerError done
Event: 0.846 Loading class jdk/internal/vm/annotation/ForceInline
Event: 0.846 Loading class jdk/internal/vm/annotation/ForceInline done

Classes unloaded (0 events):
No events

Classes redefined (0 events):
No events

Internal exceptions (20 events):
Event: 0.120 Thread 0x000001801042fde0 Exception <a 'java/lang/NullPointerException'{0x000000074eeadd78}> (0x000000074eeadd78) 
thrown [s\src\hotspot\share\interpreter\linkResolver.cpp, line 1362]
Event: 0.122 Thread 0x000001801042fde0 Exception <a 'java/lang/NullPointerException'{0x000000074eec1208}> (0x000000074eec1208) 
thrown [s\src\hotspot\share\interpreter\linkResolver.cpp, line 1362]
Event: 0.122 Thread 0x000001801042fde0 Exception <a 'java/lang/NullPointerException'{0x000000074eec14e0}> (0x000000074eec14e0) 
thrown [s\src\hotspot\share\interpreter\linkResolver.cpp, line 1362]
Event: 0.122 Thread 0x000001801042fde0 Exception <a 'java/lang/NullPointerException'{0x000000074eec17b8}> (0x000000074eec17b8) 
thrown [s\src\hotspot\share\interpreter\linkResolver.cpp, line 1362]
Event: 0.122 Thread 0x000001801042fde0 Exception <a 'java/lang/NullPointerException'{0x000000074eec1a90}> (0x000000074eec1a90) 
thrown [s\src\hotspot\share\interpreter\linkResolver.cpp, line 1362]
Event: 0.132 Thread 0x000001801042fde0 Exception <a 'java/lang/NoSuchMethodError'{0x000000074efb4db8}: 'void java.lang.invoke.DirectMethodHandle$Holder.invokeStatic(java.lang.Object, java.lang.Object)'> (0x000000074efb4db8) 
thrown [s\src\hotspot\share\interpreter\linkResolver.cpp, line 771]
Event: 0.132 Thread 0x000001801042fde0 Exception <a 'java/lang/NoSuchMethodError'{0x000000074efb86d0}: 'void java.lang.invoke.DirectMethodHandle$Holder.invokeStaticInit(java.lang.Object, java.lang.Object)'> (0x000000074efb86d0) 
thrown [s\src\hotspot\share\interpreter\linkResolver.cpp, line 771]
Event: 0.139 Thread 0x000001801042fde0 Exception <a 'java/lang/NoSuchMethodError'{0x000000074ec098e8}: 'void java.lang.invoke.DirectMethodHandle$Holder.invokeStatic(java.lang.Object, java.lang.Object, java.lang.Object)'> (0x000000074ec098e8) 
thrown [s\src\hotspot\share\interpreter\linkResolver.cpp, line 771]
Event: 0.156 Thread 0x000001801042fde0 Exception <a 'java/lang/NullPointerException'{0x000000074ecb88b8}> (0x000000074ecb88b8) 
thrown [s\src\hotspot\share\interpreter\linkResolver.cpp, line 1362]
Event: 0.156 Thread 0x000001801042fde0 Exception <a 'java/lang/NullPointerException'{0x000000074ecc0e88}> (0x000000074ecc0e88) 
thrown [s\src\hotspot\share\interpreter\linkResolver.cpp, line 1362]
Event: 0.173 Thread 0x000001801042fde0 Exception <a 'java/lang/NoSuchMethodError'{0x000000074edb1848}: 'java.lang.Object java.lang.invoke.DirectMethodHandle$Holder.invokeSpecialIFC(java.lang.Object, java.lang.Object, java.lang.Object, java.lang.Object)'> (0x000000074edb1848) 
thrown [s\src\hotspot\share\interpreter\linkResolver.cpp, line 771]
Event: 0.275 Thread 0x000001801042fde0 Exception <a 'java/lang/NoSuchMethodError'{0x000000074e7afce8}: 'void java.lang.invoke.DirectMethodHandle$Holder.invokeSpecial(java.lang.Object, java.lang.Object, java.lang.Object)'> (0x000000074e7afce8) 
thrown [s\src\hotspot\share\interpreter\linkResolver.cpp, line 771]
Event: 0.292 Thread 0x000001801042fde0 Exception <a 'java/lang/NoSuchMethodError'{0x000000074e516e70}: 'java.lang.Object java.lang.invoke.DirectMethodHandle$Holder.invokeInterface(java.lang.Object, java.lang.Object)'> (0x000000074e516e70) 
thrown [s\src\hotspot\share\interpreter\linkResolver.cpp, line 771]
Event: 0.301 Thread 0x000001801042fde0 Exception <a 'java/lang/NoSuchMethodError'{0x000000074e5c6770}: 'java.lang.Object java.lang.invoke.Invokers$Holder.invokeExact_MT(java.lang.Object, java.lang.Object, java.lang.Object, java.lang.Object, java.lang.Object, java.lang.Object)'> (0x000000074e5c6770) 
thrown [s\src\hotspot\share\interpreter\linkResolver.cpp, line 771]
Event: 0.303 Thread 0x000001801042fde0 Exception <a 'java/lang/NoSuchMethodError'{0x000000074e5d7bb0}: 'int java.lang.invoke.DirectMethodHandle$Holder.invokeSpecialIFC(java.lang.Object, java.lang.Object, java.lang.Object, java.lang.Object, java.lang.Object)'> (0x000000074e5d7bb0) 
thrown [s\src\hotspot\share\interpreter\linkResolver.cpp, line 771]
Event: 0.331 Thread 0x000001801042fde0 Exception <a 'java/lang/NoSuchMethodError'{0x000000074e388348}: 'java.lang.Object java.lang.invoke.DirectMethodHandle$Holder.newInvokeSpecial(java.lang.Object, java.lang.Object, java.lang.Object, java.lang.Object, java.lang.Object)'> (0x000000074e388348) 
thrown [s\src\hotspot\share\interpreter\linkResolver.cpp, line 771]
Event: 0.349 Thread 0x000001801042fde0 Exception <a 'java/lang/NoSuchMethodError'{0x000000074e093b70}: 'int java.lang.invoke.DirectMethodHandle$Holder.invokeStaticInit(java.lang.Object, java.lang.Object)'> (0x000000074e093b70) 
thrown [s\src\hotspot\share\interpreter\linkResolver.cpp, line 771]
Event: 0.356 Thread 0x000001801042fde0 Exception <a 'java/lang/NoClassDefFoundError'{0x000000074e0ccd50}: javax/enterprise/inject/Typed> (0x000000074e0ccd50) 
thrown [s\src\hotspot\share\classfile\systemDictionary.cpp, line 245]
Event: 0.843 Thread 0x000001801042fde0 Exception <a 'java/lang/NoSuchMethodError'{0x000000074ec96e80}: 'void java.lang.invoke.DirectMethodHandle$Holder.invokeStaticInit(java.lang.Object, java.lang.Object, java.lang.Object)'> (0x000000074ec96e80) 
thrown [s\src\hotspot\share\interpreter\linkResolver.cpp, line 771]
Event: 0.845 Thread 0x000001801042fde0 Exception <a 'java/lang/ExceptionInInitializerError'{0x000000074ecc2f38}> (0x000000074ecc2f38) 
thrown [s\src\hotspot\share\oops\instanceKlass.cpp, line 1233]

VM Operations (20 events):
Event: 0.114 Executing VM operation: HandshakeAllThreads
Event: 0.114 Executing VM operation: HandshakeAllThreads done
Event: 0.121 Executing VM operation: HandshakeAllThreads
Event: 0.121 Executing VM operation: HandshakeAllThreads done
Event: 0.183 Executing VM operation: HandshakeAllThreads
Event: 0.183 Executing VM operation: HandshakeAllThreads done
Event: 0.374 Executing VM operation: ICBufferFull
Event: 0.374 Executing VM operation: ICBufferFull done
Event: 0.384 Executing VM operation: G1CollectForAllocation
Event: 0.388 Executing VM operation: G1CollectForAllocation done
Event: 0.642 Executing VM operation: HandshakeAllThreads
Event: 0.642 Executing VM operation: HandshakeAllThreads done
Event: 0.677 Executing VM operation: HandshakeAllThreads
Event: 0.677 Executing VM operation: HandshakeAllThreads done
Event: 0.753 Executing VM operation: ICBufferFull
Event: 0.753 Executing VM operation: ICBufferFull done
Event: 0.757 Executing VM operation: G1CollectForAllocation
Event: 0.760 Executing VM operation: G1CollectForAllocation done
Event: 0.848 Executing VM operation: HandshakeAllThreads
Event: 0.848 Executing VM operation: HandshakeAllThreads done

Events (20 events):
Event: 0.029 Thread 0x000001802c9abf30 Thread added: 0x000001802c9abf30
Event: 0.030 Thread 0x000001802c9ad570 Thread added: 0x000001802c9ad570
Event: 0.034 Thread 0x000001802c9c2fd0 Thread added: 0x000001802c9c2fd0
Event: 0.034 Thread 0x000001802c9c38a0 Thread added: 0x000001802c9c38a0
Event: 0.034 Thread 0x000001802c9c4170 Thread added: 0x000001802c9c4170
Event: 0.034 Thread 0x000001802c9c55b0 Thread added: 0x000001802c9c55b0
Event: 0.034 Thread 0x000001802c9cabb0 Thread added: 0x000001802c9cabb0
Event: 0.034 Thread 0x000001802c9cd950 Thread added: 0x000001802c9cd950
Event: 0.034 Thread 0x000001807200f010 Thread added: 0x000001807200f010
Event: 0.045 Thread 0x000001807216ed20 Thread added: 0x000001807216ed20
Event: 0.046 Thread 0x0000018072170690 Thread added: 0x0000018072170690
Event: 0.048 Loaded shared library C:\Users\User_01\.jdks\jbr-17.0.12\bin\net.dll
Event: 0.049 Loaded shared library C:\Users\User_01\.jdks\jbr-17.0.12\bin\nio.dll
Event: 0.050 Loaded shared library C:\Users\User_01\.jdks\jbr-17.0.12\bin\zip.dll
Event: 0.117 Thread 0x00000180723ea500 Thread added: 0x00000180723ea500
Event: 0.118 Loaded shared library C:\Users\User_01\.jdks\jbr-17.0.12\bin\jimage.dll
Event: 0.118 Loaded shared library C:\Program Files\JetBrains\IntelliJ IDEA 2025.2.3\plugins\maven\lib\maven3\lib\jansi-native\Windows\x86_64\jansi.dll
Event: 0.123 Thread 0x00000180723ea500 Thread exited: 0x00000180723ea500
Event: 0.229 Thread 0x0000018072529ef0 Thread added: 0x0000018072529ef0
Event: 0.377 Thread 0x0000018072bf5a40 Thread added: 0x0000018072bf5a40


Dynamic libraries:
0x00007ff690b80000 - 0x00007ff690b8a000 	C:\Users\User_01\.jdks\jbr-17.0.12\bin\java.exe
0x00007ffc76e60000 - 0x00007ffc770c7000 	C:\WINDOWS\SYSTEM32\ntdll.dll
0x00007ffc75cc0000 - 0x00007ffc75d89000 	C:\WINDOWS\System32\KERNEL32.DLL
0x00007ffc742a0000 - 0x00007ffc7468f000 	C:\WINDOWS\System32\KERNELBASE.dll
0x00007ffc740a0000 - 0x00007ffc741eb000 	C:\WINDOWS\System32\ucrtbase.dll
0x00007ffc51a60000 - 0x00007ffc51a7b000 	C:\Users\User_01\.jdks\jbr-17.0.12\bin\VCRUNTIME140.dll
0x00007ffc51940000 - 0x00007ffc51957000 	C:\Users\User_01\.jdks\jbr-17.0.12\bin\jli.dll
0x00007ffc74fa0000 - 0x00007ffc75165000 	C:\WINDOWS\System32\USER32.dll
0x00007ffc57670000 - 0x00007ffc57903000 	C:\WINDOWS\WinSxS\amd64_microsoft.windows.common-controls_6595b64144ccf1df_6.0.26100.7309_none_3e05feeae336a044\COMCTL32.dll
0x00007ffc73fb0000 - 0x00007ffc73fd7000 	C:\WINDOWS\System32\win32u.dll
0x00007ffc76d70000 - 0x00007ffc76e19000 	C:\WINDOWS\System32\msvcrt.dll
0x00007ffc74e10000 - 0x00007ffc74e3b000 	C:\WINDOWS\System32\GDI32.dll
0x00007ffc746a0000 - 0x00007ffc747cc000 	C:\WINDOWS\System32\gdi32full.dll
0x00007ffc74940000 - 0x00007ffc749e3000 	C:\WINDOWS\System32\msvcp_win.dll
0x00007ffc76ce0000 - 0x00007ffc76d11000 	C:\WINDOWS\System32\IMM32.DLL
0x000000005bdd0000 - 0x000000005bddc000 	C:\Program Files (x86)\360\Total Security\safemon\SafeWrapper.dll
0x00007ffc75170000 - 0x00007ffc75224000 	C:\WINDOWS\System32\ADVAPI32.dll
0x00007ffc755c0000 - 0x00007ffc75666000 	C:\WINDOWS\System32\sechost.dll
0x00007ffc76610000 - 0x00007ffc76728000 	C:\WINDOWS\System32\RPCRT4.dll
0x00007ffc37f90000 - 0x00007ffc3803c000 	C:\Program Files (x86)\360\Total Security\safemon\libzdtp64.dll
0x00007ffc75e20000 - 0x00007ffc76573000 	C:\WINDOWS\System32\SHELL32.dll
0x00007ffc747d0000 - 0x00007ffc7493a000 	C:\WINDOWS\System32\wintypes.dll
0x00007ffc75230000 - 0x00007ffc755b6000 	C:\WINDOWS\System32\combase.dll
0x00007ffc75da0000 - 0x00007ffc75e06000 	C:\WINDOWS\System32\SHLWAPI.dll
0x00007ffc73a90000 - 0x00007ffc73a9b000 	C:\WINDOWS\SYSTEM32\VERSION.dll
0x00007ffc6ea20000 - 0x00007ffc6ea2c000 	C:\Users\User_01\.jdks\jbr-17.0.12\bin\vcruntime140_1.dll
0x00007ffbf8a30000 - 0x00007ffbf8abd000 	C:\Users\User_01\.jdks\jbr-17.0.12\bin\msvcp140.dll
0x00007ffb85150000 - 0x00007ffb85dda000 	C:\Users\User_01\.jdks\jbr-17.0.12\bin\server\jvm.dll
0x00007ffc76580000 - 0x00007ffc765f4000 	C:\WINDOWS\System32\WS2_32.dll
0x00007ffc73e10000 - 0x00007ffc73e6e000 	C:\WINDOWS\SYSTEM32\POWRPROF.dll
0x00007ffc6b560000 - 0x00007ffc6b595000 	C:\WINDOWS\SYSTEM32\WINMM.dll
0x00007ffc73df0000 - 0x00007ffc73e04000 	C:\WINDOWS\SYSTEM32\UMPDC.dll
0x00007ffc72cf0000 - 0x00007ffc72d0b000 	C:\WINDOWS\SYSTEM32\kernel.appcore.dll
0x00007ffc62d00000 - 0x00007ffc62d0a000 	C:\Users\User_01\.jdks\jbr-17.0.12\bin\jimage.dll
0x00007ffc70d80000 - 0x00007ffc70fc2000 	C:\WINDOWS\SYSTEM32\DBGHELP.DLL
0x00007ffc74e40000 - 0x00007ffc74f16000 	C:\WINDOWS\System32\OLEAUT32.dll
0x00007ffc575c0000 - 0x00007ffc575fc000 	C:\WINDOWS\SYSTEM32\dbgcore.DLL
0x00007ffc741f0000 - 0x00007ffc74295000 	C:\WINDOWS\System32\bcryptPrimitives.dll
0x00007ffc27790000 - 0x00007ffc277b5000 	C:\Users\User_01\.jdks\jbr-17.0.12\bin\java.dll
0x00007ffbbfff0000 - 0x00007ffbc00c7000 	C:\Users\User_01\.jdks\jbr-17.0.12\bin\jsvml.dll
0x00007ffc71b20000 - 0x00007ffc7237e000 	C:\WINDOWS\SYSTEM32\windows.storage.dll
0x00007ffc75700000 - 0x00007ffc757f5000 	C:\WINDOWS\System32\SHCORE.dll
0x00007ffc73ed0000 - 0x00007ffc73ef9000 	C:\WINDOWS\SYSTEM32\profapi.dll
0x00007ffc489a0000 - 0x00007ffc489b8000 	C:\Users\User_01\.jdks\jbr-17.0.12\bin\zip.dll
0x00007ffc38070000 - 0x00007ffc38089000 	C:\Users\User_01\.jdks\jbr-17.0.12\bin\net.dll
0x00007ffc66180000 - 0x00007ffc662a8000 	C:\WINDOWS\SYSTEM32\WINHTTP.dll
0x00007ffc73260000 - 0x00007ffc732cb000 	C:\WINDOWS\system32\mswsock.dll
0x00007ffc348a0000 - 0x00007ffc348b6000 	C:\Users\User_01\.jdks\jbr-17.0.12\bin\nio.dll
0x00007ffbfe480000 - 0x00007ffbfe4a4000 	C:\Program Files\JetBrains\IntelliJ IDEA 2025.2.3\plugins\maven\lib\maven3\lib\jansi-native\Windows\x86_64\jansi.dll
0x00007ffc623a0000 - 0x00007ffc623b0000 	C:\Users\User_01\.jdks\jbr-17.0.12\bin\verify.dll

dbghelp: loaded successfully - version: 4.0.5 - missing functions: none
symbol engine: initialized successfully - sym options: 0x614 - pdb path: .;C:\Users\User_01\.jdks\jbr-17.0.12\bin;C:\WINDOWS\SYSTEM32;C:\WINDOWS\WinSxS\amd64_microsoft.windows.common-controls_6595b64144ccf1df_6.0.26100.7309_none_3e05feeae336a044;C:\Program Files (x86)\360\Total Security\safemon;C:\Users\User_01\.jdks\jbr-17.0.12\bin\server;C:\Program Files\JetBrains\IntelliJ IDEA 2025.2.3\plugins\maven\lib\maven3\lib\jansi-native\Windows\x86_64

VM Arguments:
jvm_args: -Dclassworlds.conf=C:\Program Files\JetBrains\IntelliJ IDEA 2025.2.3\plugins\maven\lib\maven3\bin\m2.conf -Dmaven.home=C:\Program Files\JetBrains\IntelliJ IDEA 2025.2.3\plugins\maven\lib\maven3 -Dlibrary.jansi.path=C:\Program Files\JetBrains\IntelliJ IDEA 2025.2.3\plugins\maven\lib\maven3\lib\jansi-native -Dmaven.multiModuleProjectDirectory=C:\Users\User_01\projet_Greencore 
java_command: org.codehaus.plexus.classworlds.launcher.Launcher -Didea.version=2025.2.3 -Dmaven.ext.class.path=C:\Program Files\JetBrains\IntelliJ IDEA 2025.2.3\plugins\maven\lib\maven-event-listener.jar -Djansi.passthrough=true -Dstyle.color=always -Dmaven.repo.local=C:\Users\User_01\.m2\repository javafx:run -f pom.xml
java_class_path (initial): C:\Program Files\JetBrains\IntelliJ IDEA 2025.2.3\plugins\maven\lib\maven3\boot\plexus-classworlds-2.8.0.jar
Launcher Type: SUN_STANDARD

[Global flags]
     intx CICompilerCount                          = 4                                         {product} {ergonomic}
     uint ConcGCThreads                            = 2                                         {product} {ergonomic}
     uint G1ConcRefinementThreads                  = 8                                         {product} {ergonomic}
   size_t G1HeapRegionSize                         = 2097152                                   {product} {ergonomic}
    uintx GCDrainStackTargetSize                   = 64                                        {product} {ergonomic}
   size_t InitialHeapSize                          = 199229440                                 {product} {ergonomic}
   size_t MarkStackSize                            = 4194304                                   {product} {ergonomic}
   size_t MaxHeapSize                              = 3164602368                                {product} {ergonomic}
   size_t MaxNewSize                               = 1897922560                                {product} {ergonomic}
   size_t MinHeapDeltaBytes                        = 2097152                                   {product} {ergonomic}
   size_t MinHeapSize                              = 8388608                                   {product} {ergonomic}
    uintx NonNMethodCodeHeapSize                   = 5839372                                {pd product} {ergonomic}
    uintx NonProfiledCodeHeapSize                  = 122909434                              {pd product} {ergonomic}
    uintx ProfiledCodeHeapSize                     = 122909434                              {pd product} {ergonomic}
    uintx ReservedCodeCacheSize                    = 251658240                              {pd product} {ergonomic}
     bool SegmentedCodeCache                       = true                                      {product} {ergonomic}
   size_t SoftMaxHeapSize                          = 3164602368                             {manageable} {ergonomic}
     bool UseCompressedClassPointers               = true                           {product lp64_product} {ergonomic}
     bool UseCompressedOops                        = true                           {product lp64_product} {ergonomic}
     bool UseG1GC                                  = true                                      {product} {ergonomic}
     bool UseLargePagesIndividualAllocation        = false                                  {pd product} {ergonomic}

Logging:
Log output configuration:
 #0: stdout all=warning uptime,level,tags
 #1: stderr all=off uptime,level,tags

Environment Variables:
JAVA_HOME=C:\Users\User_01\.jdks\jbr-17.0.12
PATH=C:\oraclexe\app\oracle\product\11.2.0\server\bin;C:\oraclexe\app\oracle\product\11.2.0\server\bin;C:\Program Files (x86)\VMware\VMware Workstation\bin\;C:\Windows\system32;C:\Windows;C:\Windows\System32\Wbem;C:\Windows\System32\WindowsPowerShell\v1.0\;C:\Windows\System32\OpenSSH\;C:\Program Files (x86)\NVIDIA Corporation\PhysX\Common;C:\Program Files\NVIDIA Corporation\NVIDIA NvDLISR;C:\xampp\php;C:\composer;C:\WINDOWS\system32;C:\WINDOWS;C:\WINDOWS\System32\Wbem;C:\WINDOWS\System32\WindowsPowerShell\v1.0\;C:\WINDOWS\System32\OpenSSH\;C:\Program Files\cursor\resources\app\bin;C:\Program Files\Git\cmd;C:\Users\User_01\AppData\Local\Programs\Eclipse Adoptium\jdk-25.0.1.8-hotspot\bin;C:\Users\User_01\AppData\Local\Programs\Python\Python312\Scripts\;C:\Users\User_01\AppData\Local\Programs\Python\Python312\;C:\Users\User_01\scoop\shims;C:\Users\User_01\AppData\Local\Microsoft\WindowsApps;C:\Users\User_01\AppData\Local\Programs\Microsoft VS Code\bin;C:\Users\User_01\AppData\Roaming\Composer\vendor\bin;C:\Program Files\JetBrains\IntelliJ IDEA 2024.1.2\bin;;C:\Program Files\JetBrains\PhpStorm 2024.2.1\bin;C:\Users\User_01\AppData\Local\Programs\Windsurf\bin
USERNAME=User_01
OS=Windows_NT
PROCESSOR_IDENTIFIER=Intel64 Family 6 Model 140 Stepping 2, GenuineIntel
TMP=C:\Users\User_01\AppData\Local\Temp
TEMP=C:\Users\User_01\AppData\Local\Temp



Periodic native trim disabled

JNI global refs:
JNI global refs: 8, weak refs: 2

JNI global refs memory usage: 843, weak refs: 841

Process memory usage:
Resident Set Size: 113044K (0% of 12361016K total physical memory with 1033736K free physical memory)

OOME stack traces (most recent first):
Classloader memory used:
Loader org.codehaus.plexus.classworlds.realm.ClassRealm                                : 1061K
Loader bootstrap                                                                       : 361K
Loader jdk.internal.loader.ClassLoaders$AppClassLoader                                 : 11926B
Loader org.eclipse.sisu.space.CloningClassSpace$CloningClassLoader                     : 3112B
Loader jdk.internal.reflect.DelegatingClassLoader                                      : 2562B
Loader jdk.internal.loader.ClassLoaders$PlatformClassLoader                            : 335B


---------------  S Y S T E M  ---------------

OS:
 Windows 11 , 64 bit Build 26100 (10.0.26100.7623)
OS uptime: 0 days 8:56 hours
Hyper-V role detected

CPU: total 8 (initial active 8) (4 cores per cpu, 2 threads per core) family 6 model 140 stepping 2 microcode 0x3a, cx8, cmov, fxsr, ht, mmx, 3dnowpref, sse, sse2, sse3, ssse3, sse4.1, sse4.2, popcnt, lzcnt, tsc, tscinvbit, avx, avx2, aes, erms, clmul, bmi1, bmi2, adx, avx512f, avx512dq, avx512cd, avx512bw, avx512vl, sha, fma, vzeroupper, avx512_vpopcntdq, avx512_vpclmulqdq, avx512_vaes, avx512_vnni, clflush, clflushopt, clwb, avx512_vbmi2, avx512_vbmi, hv
Processor Information for all 8 processors :
  Max Mhz: 2496, Current Mhz: 2496, Mhz Limit: 2496

Memory: 4k page, system-wide physical 12071M (1009M free)
TotalPageFile size 22153M (AvailPageFile size 5M)
current process WorkingSet (physical memory assigned to process): 110M, peak: 110M
current process commit charge ("private bytes"): 304M, peak: 306M

vm_info: OpenJDK 64-Bit Server VM (17.0.12+1-b1207.37) for windows-amd64 JRE (17.0.12+1-b1207.37), built on 2024-09-25 by "builduser" with MS VC++ 16.10 / 16.11 (VS2019)

END.
