#
# There is insufficient memory for the Java Runtime Environment to continue.
# Native memory allocation (malloc) failed to allocate 1525296 bytes. Error detail: Chunk::new
# Possible reasons:
#   The system is out of physical RAM or swap space
#   This process is running with CompressedOops enabled, and the Java Heap may be blocking the growth of the native heap
# Possible solutions:
#   Reduce memory load on the system
#   Increase physical memory or swap space
#   Check if swap backing store is full
#   Decrease Java heap size (-Xmx/-Xms)
#   Decrease number of Java threads
#   Decrease Java thread stack sizes (-Xss)
#   Set larger code cache with -XX:ReservedCodeCacheSize=
#   JVM is running with Zero Based Compressed Oops mode in which the Java heap is
#     placed in the first 32GB address space. The Java Heap base address is the
#     maximum limit for the native heap growth. Please use -XX:HeapBaseMinAddress
#     to set the Java Heap base and to place the Java Heap above 32GB virtual address.
# This output file may be truncated or incomplete.
#
#  Out of Memory Error (arena.cpp:191), pid=16580, tid=12028
#
# JRE version: OpenJDK Runtime Environment JBR-17.0.12+1-1207.37-nomod (17.0.12+1) (build 17.0.12+1-b1207.37)
# Java VM: OpenJDK 64-Bit Server VM JBR-17.0.12+1-1207.37-nomod (17.0.12+1-b1207.37, mixed mode, sharing, tiered, compressed oops, compressed class ptrs, g1 gc, windows-amd64)
# No core dump will be written. Minidumps are not enabled by default on client versions of Windows
#

---------------  S U M M A R Y ------------

Command Line: -Dclassworlds.conf=C:\Program Files\JetBrains\IntelliJ IDEA 2025.2.3\plugins\maven\lib\maven3\bin\m2.conf -Dmaven.home=C:\Program Files\JetBrains\IntelliJ IDEA 2025.2.3\plugins\maven\lib\maven3 -Dlibrary.jansi.path=C:\Program Files\JetBrains\IntelliJ IDEA 2025.2.3\plugins\maven\lib\maven3\lib\jansi-native -Dmaven.multiModuleProjectDirectory=C:\Users\User_01\projet_Greencore org.codehaus.plexus.classworlds.launcher.Launcher -Didea.version=2025.2.3 -Dmaven.ext.class.path=C:\Program Files\JetBrains\IntelliJ IDEA 2025.2.3\plugins\maven\lib\maven-event-listener.jar -Djansi.passthrough=true -Dstyle.color=always -Dmaven.repo.local=C:\Users\User_01\.m2\repository javafx:run -f pom.xml

Host: 11th Gen Intel(R) Core(TM) i5-1155G7 @ 2.50GHz, 8 cores, 11G,  Windows 11 , 64 bit Build 26100 (10.0.26100.7623)
Time: Mon Apr 27 22:24:09 2026 Afr. centrale Ouest elapsed time: 1.844582 seconds (0d 0h 0m 1s)

---------------  T H R E A D  ---------------

Current thread (0x000002dbc6067950):  JavaThread "C2 CompilerThread1" daemon [_thread_in_native, id=12028, stack(0x000000f626c00000,0x000000f626d00000)]


Current CompileTask:
C2:   1844 4124   !   4       org.codehaus.plexus.interpolation.StringSearchInterpolator::interpolate (668 bytes)

Stack: [0x000000f626c00000,0x000000f626d00000]
Native frames: (J=compiled Java code, j=interpreted, Vv=VM code, C=native code)
V  [jvm.dll+0x689d89]
V  [jvm.dll+0x84386a]
V  [jvm.dll+0x8454ee]
V  [jvm.dll+0x845b53]
V  [jvm.dll+0x24a56f]
V  [jvm.dll+0xac9e4]
V  [jvm.dll+0xad02c]
V  [jvm.dll+0x36a6a2]
V  [jvm.dll+0x334b8a]
V  [jvm.dll+0x33402a]
V  [jvm.dll+0x21bfb1]
V  [jvm.dll+0x21b3f1]
V  [jvm.dll+0x1a68ed]
V  [jvm.dll+0x22b2de]
V  [jvm.dll+0x229445]
V  [jvm.dll+0x7f7917]
V  [jvm.dll+0x7f1cec]
V  [jvm.dll+0x688be7]
C  [ucrtbase.dll+0x37b0]
C  [KERNEL32.DLL+0x2e8d7]
C  [ntdll.dll+0x8c53c]


---------------  P R O C E S S  ---------------

Threads class SMR info:
_java_thread_list=0x000002dbc6f0b570, length=15, elements={
0x000002dbe1d212c0, 0x000002db802eb860, 0x000002db802ecea0, 0x000002db80300130,
0x000002db80302a10, 0x000002db80305e90, 0x000002db80598090, 0x000002db80599350,
0x000002db8030e790, 0x000002db8059d070, 0x000002db806d7b90, 0x000002db806e5f30,
0x000002dbc6067950, 0x000002dbc60693e0, 0x000002dbc6d8b830
}

Java Threads: ( => current thread )
  0x000002dbe1d212c0 JavaThread "main" [_thread_in_vm, id=13132, stack(0x000000f625900000,0x000000f625a00000)]
  0x000002db802eb860 JavaThread "Reference Handler" daemon [_thread_blocked, id=9672, stack(0x000000f626000000,0x000000f626100000)]
  0x000002db802ecea0 JavaThread "Finalizer" daemon [_thread_blocked, id=11596, stack(0x000000f626100000,0x000000f626200000)]
  0x000002db80300130 JavaThread "Signal Dispatcher" daemon [_thread_blocked, id=20596, stack(0x000000f626200000,0x000000f626300000)]
  0x000002db80302a10 JavaThread "Attach Listener" daemon [_thread_blocked, id=13596, stack(0x000000f626300000,0x000000f626400000)]
  0x000002db80305e90 JavaThread "Service Thread" daemon [_thread_blocked, id=26312, stack(0x000000f626400000,0x000000f626500000)]
  0x000002db80598090 JavaThread "Monitor Deflation Thread" daemon [_thread_blocked, id=23052, stack(0x000000f626500000,0x000000f626600000)]
  0x000002db80599350 JavaThread "C2 CompilerThread0" daemon [_thread_in_native, id=12936, stack(0x000000f626600000,0x000000f626700000)]
  0x000002db8030e790 JavaThread "C1 CompilerThread0" daemon [_thread_blocked, id=14032, stack(0x000000f626700000,0x000000f626800000)]
  0x000002db8059d070 JavaThread "Sweeper thread" daemon [_thread_blocked, id=21320, stack(0x000000f626800000,0x000000f626900000)]
  0x000002db806d7b90 JavaThread "Notification Thread" daemon [_thread_blocked, id=24080, stack(0x000000f626900000,0x000000f626a00000)]
  0x000002db806e5f30 JavaThread "Common-Cleaner" daemon [_thread_blocked, id=9044, stack(0x000000f626b00000,0x000000f626c00000)]
=>0x000002dbc6067950 JavaThread "C2 CompilerThread1" daemon [_thread_in_native, id=12028, stack(0x000000f626c00000,0x000000f626d00000)]
  0x000002dbc60693e0 JavaThread "C2 CompilerThread2" daemon [_thread_in_native, id=12628, stack(0x000000f626d00000,0x000000f626e00000)]
  0x000002dbc6d8b830 JavaThread "Thread-1" daemon [_thread_blocked, id=11268, stack(0x000000f627500000,0x000000f627600000)]

Other Threads:
  0x000002db802e5b80 VMThread "VM Thread" [stack: 0x000000f625f00000,0x000000f626000000] [id=12656]
  0x000002db806d8070 WatcherThread [stack: 0x000000f626a00000,0x000000f626b00000] [id=9264]
  0x000002dbe1d7a520 GCTaskThread "GC Thread#0" [stack: 0x000000f625a00000,0x000000f625b00000] [id=6744]
  0x000002dbc6572650 GCTaskThread "GC Thread#1" [stack: 0x000000f626e00000,0x000000f626f00000] [id=26708]
  0x000002dbc6570d90 GCTaskThread "GC Thread#2" [stack: 0x000000f626f00000,0x000000f627000000] [id=12800]
  0x000002dbc6571310 GCTaskThread "GC Thread#3" [stack: 0x000000f627000000,0x000000f627100000] [id=22832]
  0x000002dbc6571050 GCTaskThread "GC Thread#4" [stack: 0x000000f627100000,0x000000f627200000] [id=21880]
  0x000002dbc65715d0 GCTaskThread "GC Thread#5" [stack: 0x000000f627200000,0x000000f627300000] [id=24688]
  0x000002dbc6572390 GCTaskThread "GC Thread#6" [stack: 0x000000f627300000,0x000000f627400000] [id=10476]
  0x000002dbc6571890 GCTaskThread "GC Thread#7" [stack: 0x000000f627400000,0x000000f627500000] [id=25964]
  0x000002dbe1d87010 ConcurrentGCThread "G1 Main Marker" [stack: 0x000000f625b00000,0x000000f625c00000] [id=24712]
  0x000002dbe1d886b0 ConcurrentGCThread "G1 Conc#0" [stack: 0x000000f625c00000,0x000000f625d00000] [id=26824]
  0x000002db801a02f0 ConcurrentGCThread "G1 Refine#0" [stack: 0x000000f625d00000,0x000000f625e00000] [id=21584]
  0x000002db801a1ae0 ConcurrentGCThread "G1 Service" [stack: 0x000000f625e00000,0x000000f625f00000] [id=26528]

Threads with active compile tasks:
C2 CompilerThread0     1890 4289       4       jdk.internal.org.objectweb.asm.Frame::execute (2305 bytes)
C2 CompilerThread1     1890 4124   !   4       org.codehaus.plexus.interpolation.StringSearchInterpolator::interpolate (668 bytes)
C2 CompilerThread2     1890 4294   !   4       java.util.jar.JarFile::checkForSpecialAttributes (163 bytes)

VM state: not at safepoint (normal execution)

VM Mutex/Monitor currently owned by a thread:  ([mutex/lock_event])
[0x000002dbe1a08e60] Metaspace_lock - owner thread: 0x000002dbe1d212c0

Heap address: 0x0000000743600000, size: 3018 MB, Compressed Oops mode: Zero based, Oop shift amount: 3

CDS archive(s) mapped at: [0x000002db81000000-0x000002db81c00000-0x000002db81c00000), size 12582912, SharedBaseAddress: 0x000002db81000000, ArchiveRelocationMode: 1.
Compressed class space mapped at: 0x000002db82000000-0x000002dbc2000000, reserved size: 1073741824
Narrow klass base: 0x000002db81000000, Narrow klass shift: 0, Narrow klass range: 0x100000000

GC Precious Log:
 CPUs: 8 total, 8 available
 Memory: 12071M
 Large Page Support: Disabled
 NUMA Support: Disabled
 Compressed Oops: Enabled (Zero based)
 Heap Region Size: 2M
 Heap Min Capacity: 8M
 Heap Initial Capacity: 190M
 Heap Max Capacity: 3018M
 Pre-touch: Disabled
 Parallel Workers: 8
 Concurrent Workers: 2
 Concurrent Refinement Workers: 8
 Periodic GC: Disabled

Heap:
 garbage-first heap   total 194560K, used 111598K [0x0000000743600000, 0x0000000800000000)
  region size 2048K, 54 young (110592K), 1 survivors (2048K)
 Metaspace       used 18914K, committed 19072K, reserved 1114112K
  class space    used 2281K, committed 2368K, reserved 1048576K

Heap Regions: E=young(eden), S=young(survivor), O=old, HS=humongous(starts), HC=humongous(continues), CS=collection set, F=free, OA=open archive, CA=closed archive, TAMS=top-at-mark-start (previous, next)
|   0|0x0000000743600000, 0x0000000743800000, 0x0000000743800000|100%| O|  |TAMS 0x0000000743600000, 0x0000000743600000| Untracked 
|   1|0x0000000743800000, 0x000000074395a600, 0x0000000743a00000| 67%| O|  |TAMS 0x0000000743800000, 0x0000000743800000| Untracked 
|   2|0x0000000743a00000, 0x0000000743a00000, 0x0000000743c00000|  0%| F|  |TAMS 0x0000000743a00000, 0x0000000743a00000| Untracked 
|   3|0x0000000743c00000, 0x0000000743c00000, 0x0000000743e00000|  0%| F|  |TAMS 0x0000000743c00000, 0x0000000743c00000| Untracked 
|   4|0x0000000743e00000, 0x0000000743e00000, 0x0000000744000000|  0%| F|  |TAMS 0x0000000743e00000, 0x0000000743e00000| Untracked 
|   5|0x0000000744000000, 0x0000000744000000, 0x0000000744200000|  0%| F|  |TAMS 0x0000000744000000, 0x0000000744000000| Untracked 
|   6|0x0000000744200000, 0x0000000744200000, 0x0000000744400000|  0%| F|  |TAMS 0x0000000744200000, 0x0000000744200000| Untracked 
|   7|0x0000000744400000, 0x0000000744400000, 0x0000000744600000|  0%| F|  |TAMS 0x0000000744400000, 0x0000000744400000| Untracked 
|   8|0x0000000744600000, 0x0000000744600000, 0x0000000744800000|  0%| F|  |TAMS 0x0000000744600000, 0x0000000744600000| Untracked 
|   9|0x0000000744800000, 0x0000000744800000, 0x0000000744a00000|  0%| F|  |TAMS 0x0000000744800000, 0x0000000744800000| Untracked 
|  10|0x0000000744a00000, 0x0000000744a00000, 0x0000000744c00000|  0%| F|  |TAMS 0x0000000744a00000, 0x0000000744a00000| Untracked 
|  11|0x0000000744c00000, 0x0000000744c00000, 0x0000000744e00000|  0%| F|  |TAMS 0x0000000744c00000, 0x0000000744c00000| Untracked 
|  12|0x0000000744e00000, 0x0000000744e00000, 0x0000000745000000|  0%| F|  |TAMS 0x0000000744e00000, 0x0000000744e00000| Untracked 
|  13|0x0000000745000000, 0x0000000745000000, 0x0000000745200000|  0%| F|  |TAMS 0x0000000745000000, 0x0000000745000000| Untracked 
|  14|0x0000000745200000, 0x0000000745200000, 0x0000000745400000|  0%| F|  |TAMS 0x0000000745200000, 0x0000000745200000| Untracked 
|  15|0x0000000745400000, 0x0000000745400000, 0x0000000745600000|  0%| F|  |TAMS 0x0000000745400000, 0x0000000745400000| Untracked 
|  16|0x0000000745600000, 0x0000000745600000, 0x0000000745800000|  0%| F|  |TAMS 0x0000000745600000, 0x0000000745600000| Untracked 
|  17|0x0000000745800000, 0x0000000745800000, 0x0000000745a00000|  0%| F|  |TAMS 0x0000000745800000, 0x0000000745800000| Untracked 
|  18|0x0000000745a00000, 0x0000000745a00000, 0x0000000745c00000|  0%| F|  |TAMS 0x0000000745a00000, 0x0000000745a00000| Untracked 
|  19|0x0000000745c00000, 0x0000000745c00000, 0x0000000745e00000|  0%| F|  |TAMS 0x0000000745c00000, 0x0000000745c00000| Untracked 
|  20|0x0000000745e00000, 0x0000000745e00000, 0x0000000746000000|  0%| F|  |TAMS 0x0000000745e00000, 0x0000000745e00000| Untracked 
|  21|0x0000000746000000, 0x0000000746000000, 0x0000000746200000|  0%| F|  |TAMS 0x0000000746000000, 0x0000000746000000| Untracked 
|  22|0x0000000746200000, 0x0000000746200000, 0x0000000746400000|  0%| F|  |TAMS 0x0000000746200000, 0x0000000746200000| Untracked 
|  23|0x0000000746400000, 0x0000000746400000, 0x0000000746600000|  0%| F|  |TAMS 0x0000000746400000, 0x0000000746400000| Untracked 
|  24|0x0000000746600000, 0x0000000746600000, 0x0000000746800000|  0%| F|  |TAMS 0x0000000746600000, 0x0000000746600000| Untracked 
|  25|0x0000000746800000, 0x0000000746800000, 0x0000000746a00000|  0%| F|  |TAMS 0x0000000746800000, 0x0000000746800000| Untracked 
|  26|0x0000000746a00000, 0x0000000746a00000, 0x0000000746c00000|  0%| F|  |TAMS 0x0000000746a00000, 0x0000000746a00000| Untracked 
|  27|0x0000000746c00000, 0x0000000746c00000, 0x0000000746e00000|  0%| F|  |TAMS 0x0000000746c00000, 0x0000000746c00000| Untracked 
|  28|0x0000000746e00000, 0x0000000746e00000, 0x0000000747000000|  0%| F|  |TAMS 0x0000000746e00000, 0x0000000746e00000| Untracked 
|  29|0x0000000747000000, 0x0000000747000000, 0x0000000747200000|  0%| F|  |TAMS 0x0000000747000000, 0x0000000747000000| Untracked 
|  30|0x0000000747200000, 0x0000000747200000, 0x0000000747400000|  0%| F|  |TAMS 0x0000000747200000, 0x0000000747200000| Untracked 
|  31|0x0000000747400000, 0x0000000747400000, 0x0000000747600000|  0%| F|  |TAMS 0x0000000747400000, 0x0000000747400000| Untracked 
|  32|0x0000000747600000, 0x0000000747600000, 0x0000000747800000|  0%| F|  |TAMS 0x0000000747600000, 0x0000000747600000| Untracked 
|  33|0x0000000747800000, 0x0000000747800000, 0x0000000747a00000|  0%| F|  |TAMS 0x0000000747800000, 0x0000000747800000| Untracked 
|  34|0x0000000747a00000, 0x0000000747a00000, 0x0000000747c00000|  0%| F|  |TAMS 0x0000000747a00000, 0x0000000747a00000| Untracked 
|  35|0x0000000747c00000, 0x0000000747c00000, 0x0000000747e00000|  0%| F|  |TAMS 0x0000000747c00000, 0x0000000747c00000| Untracked 
|  36|0x0000000747e00000, 0x0000000747e00000, 0x0000000748000000|  0%| F|  |TAMS 0x0000000747e00000, 0x0000000747e00000| Untracked 
|  37|0x0000000748000000, 0x0000000748000000, 0x0000000748200000|  0%| F|  |TAMS 0x0000000748000000, 0x0000000748000000| Untracked 
|  38|0x0000000748200000, 0x0000000748200000, 0x0000000748400000|  0%| F|  |TAMS 0x0000000748200000, 0x0000000748200000| Untracked 
|  39|0x0000000748400000, 0x0000000748400000, 0x0000000748600000|  0%| F|  |TAMS 0x0000000748400000, 0x0000000748400000| Untracked 
|  40|0x0000000748600000, 0x0000000748600000, 0x0000000748800000|  0%| F|  |TAMS 0x0000000748600000, 0x0000000748600000| Untracked 
|  41|0x0000000748800000, 0x0000000748a00000, 0x0000000748a00000|100%| E|  |TAMS 0x0000000748800000, 0x0000000748800000| Complete 
|  42|0x0000000748a00000, 0x0000000748c00000, 0x0000000748c00000|100%| E|CS|TAMS 0x0000000748a00000, 0x0000000748a00000| Complete 
|  43|0x0000000748c00000, 0x0000000748e00000, 0x0000000748e00000|100%| E|CS|TAMS 0x0000000748c00000, 0x0000000748c00000| Complete 
|  44|0x0000000748e00000, 0x0000000749000000, 0x0000000749000000|100%| E|CS|TAMS 0x0000000748e00000, 0x0000000748e00000| Complete 
|  45|0x0000000749000000, 0x0000000749200000, 0x0000000749200000|100%| E|CS|TAMS 0x0000000749000000, 0x0000000749000000| Complete 
|  46|0x0000000749200000, 0x0000000749400000, 0x0000000749400000|100%| E|CS|TAMS 0x0000000749200000, 0x0000000749200000| Complete 
|  47|0x0000000749400000, 0x0000000749600000, 0x0000000749600000|100%| E|CS|TAMS 0x0000000749400000, 0x0000000749400000| Complete 
|  48|0x0000000749600000, 0x0000000749800000, 0x0000000749800000|100%| E|CS|TAMS 0x0000000749600000, 0x0000000749600000| Complete 
|  49|0x0000000749800000, 0x0000000749a00000, 0x0000000749a00000|100%| E|CS|TAMS 0x0000000749800000, 0x0000000749800000| Complete 
|  50|0x0000000749a00000, 0x0000000749c00000, 0x0000000749c00000|100%| E|CS|TAMS 0x0000000749a00000, 0x0000000749a00000| Complete 
|  51|0x0000000749c00000, 0x0000000749e00000, 0x0000000749e00000|100%| E|CS|TAMS 0x0000000749c00000, 0x0000000749c00000| Complete 
|  52|0x0000000749e00000, 0x000000074a000000, 0x000000074a000000|100%| E|CS|TAMS 0x0000000749e00000, 0x0000000749e00000| Complete 
|  53|0x000000074a000000, 0x000000074a200000, 0x000000074a200000|100%| E|CS|TAMS 0x000000074a000000, 0x000000074a000000| Complete 
|  54|0x000000074a200000, 0x000000074a400000, 0x000000074a400000|100%| E|CS|TAMS 0x000000074a200000, 0x000000074a200000| Complete 
|  55|0x000000074a400000, 0x000000074a600000, 0x000000074a600000|100%| E|CS|TAMS 0x000000074a400000, 0x000000074a400000| Complete 
|  56|0x000000074a600000, 0x000000074a800000, 0x000000074a800000|100%| E|CS|TAMS 0x000000074a600000, 0x000000074a600000| Complete 
|  57|0x000000074a800000, 0x000000074aa00000, 0x000000074aa00000|100%| E|CS|TAMS 0x000000074a800000, 0x000000074a800000| Complete 
|  58|0x000000074aa00000, 0x000000074ac00000, 0x000000074ac00000|100%| E|CS|TAMS 0x000000074aa00000, 0x000000074aa00000| Complete 
|  59|0x000000074ac00000, 0x000000074ae00000, 0x000000074ae00000|100%| E|CS|TAMS 0x000000074ac00000, 0x000000074ac00000| Complete 
|  60|0x000000074ae00000, 0x000000074b000000, 0x000000074b000000|100%| E|CS|TAMS 0x000000074ae00000, 0x000000074ae00000| Complete 
|  61|0x000000074b000000, 0x000000074b200000, 0x000000074b200000|100%| E|CS|TAMS 0x000000074b000000, 0x000000074b000000| Complete 
|  62|0x000000074b200000, 0x000000074b400000, 0x000000074b400000|100%| E|CS|TAMS 0x000000074b200000, 0x000000074b200000| Complete 
|  63|0x000000074b400000, 0x000000074b600000, 0x000000074b600000|100%| E|CS|TAMS 0x000000074b400000, 0x000000074b400000| Complete 
|  64|0x000000074b600000, 0x000000074b800000, 0x000000074b800000|100%| E|CS|TAMS 0x000000074b600000, 0x000000074b600000| Complete 
|  65|0x000000074b800000, 0x000000074ba00000, 0x000000074ba00000|100%| E|CS|TAMS 0x000000074b800000, 0x000000074b800000| Complete 
|  66|0x000000074ba00000, 0x000000074bc00000, 0x000000074bc00000|100%| E|CS|TAMS 0x000000074ba00000, 0x000000074ba00000| Complete 
|  67|0x000000074bc00000, 0x000000074be00000, 0x000000074be00000|100%| E|CS|TAMS 0x000000074bc00000, 0x000000074bc00000| Complete 
|  68|0x000000074be00000, 0x000000074c000000, 0x000000074c000000|100%| E|CS|TAMS 0x000000074be00000, 0x000000074be00000| Complete 
|  69|0x000000074c000000, 0x000000074c200000, 0x000000074c200000|100%| E|CS|TAMS 0x000000074c000000, 0x000000074c000000| Complete 
|  70|0x000000074c200000, 0x000000074c400000, 0x000000074c400000|100%| E|CS|TAMS 0x000000074c200000, 0x000000074c200000| Complete 
|  71|0x000000074c400000, 0x000000074c600000, 0x000000074c600000|100%| E|CS|TAMS 0x000000074c400000, 0x000000074c400000| Complete 
|  72|0x000000074c600000, 0x000000074c800000, 0x000000074c800000|100%| E|CS|TAMS 0x000000074c600000, 0x000000074c600000| Complete 
|  73|0x000000074c800000, 0x000000074ca00000, 0x000000074ca00000|100%| E|CS|TAMS 0x000000074c800000, 0x000000074c800000| Complete 
|  74|0x000000074ca00000, 0x000000074cc00000, 0x000000074cc00000|100%| E|CS|TAMS 0x000000074ca00000, 0x000000074ca00000| Complete 
|  75|0x000000074cc00000, 0x000000074ce00000, 0x000000074ce00000|100%| E|CS|TAMS 0x000000074cc00000, 0x000000074cc00000| Complete 
|  76|0x000000074ce00000, 0x000000074d000000, 0x000000074d000000|100%| E|CS|TAMS 0x000000074ce00000, 0x000000074ce00000| Complete 
|  77|0x000000074d000000, 0x000000074d1a1500, 0x000000074d200000| 81%| S|CS|TAMS 0x000000074d000000, 0x000000074d000000| Complete 
|  78|0x000000074d200000, 0x000000074d400000, 0x000000074d400000|100%| E|CS|TAMS 0x000000074d200000, 0x000000074d200000| Complete 
|  79|0x000000074d400000, 0x000000074d600000, 0x000000074d600000|100%| E|CS|TAMS 0x000000074d400000, 0x000000074d400000| Complete 
|  80|0x000000074d600000, 0x000000074d800000, 0x000000074d800000|100%| E|CS|TAMS 0x000000074d600000, 0x000000074d600000| Complete 
|  81|0x000000074d800000, 0x000000074da00000, 0x000000074da00000|100%| E|CS|TAMS 0x000000074d800000, 0x000000074d800000| Complete 
|  82|0x000000074da00000, 0x000000074dc00000, 0x000000074dc00000|100%| E|CS|TAMS 0x000000074da00000, 0x000000074da00000| Complete 
|  83|0x000000074dc00000, 0x000000074de00000, 0x000000074de00000|100%| E|CS|TAMS 0x000000074dc00000, 0x000000074dc00000| Complete 
|  84|0x000000074de00000, 0x000000074e000000, 0x000000074e000000|100%| E|CS|TAMS 0x000000074de00000, 0x000000074de00000| Complete 
|  85|0x000000074e000000, 0x000000074e200000, 0x000000074e200000|100%| E|CS|TAMS 0x000000074e000000, 0x000000074e000000| Complete 
|  86|0x000000074e200000, 0x000000074e400000, 0x000000074e400000|100%| E|CS|TAMS 0x000000074e200000, 0x000000074e200000| Complete 
|  87|0x000000074e400000, 0x000000074e600000, 0x000000074e600000|100%| E|CS|TAMS 0x000000074e400000, 0x000000074e400000| Complete 
|  88|0x000000074e600000, 0x000000074e800000, 0x000000074e800000|100%| E|CS|TAMS 0x000000074e600000, 0x000000074e600000| Complete 
|  89|0x000000074e800000, 0x000000074ea00000, 0x000000074ea00000|100%| E|CS|TAMS 0x000000074e800000, 0x000000074e800000| Complete 
|  90|0x000000074ea00000, 0x000000074ec00000, 0x000000074ec00000|100%| E|CS|TAMS 0x000000074ea00000, 0x000000074ea00000| Complete 
|  91|0x000000074ec00000, 0x000000074ee00000, 0x000000074ee00000|100%| E|CS|TAMS 0x000000074ec00000, 0x000000074ec00000| Complete 
|  92|0x000000074ee00000, 0x000000074f000000, 0x000000074f000000|100%| E|CS|TAMS 0x000000074ee00000, 0x000000074ee00000| Complete 
|  93|0x000000074f000000, 0x000000074f200000, 0x000000074f200000|100%| E|CS|TAMS 0x000000074f000000, 0x000000074f000000| Complete 
|  94|0x000000074f200000, 0x000000074f400000, 0x000000074f400000|100%| E|CS|TAMS 0x000000074f200000, 0x000000074f200000| Complete 

Card table byte_map: [0x000002dbf6ce0000,0x000002dbf72d0000] _byte_map_base: 0x000002dbf32c5000

Marking Bits (Prev, Next): (CMBitMap*) 0x000002dbe1d7aa50, (CMBitMap*) 0x000002dbe1d7aa90
 Prev Bits: [0x000002dbf78c0000, 0x000002dbfa7e8000)
 Next Bits: [0x000002dbfa7f0000, 0x000002dbfd718000)

Polling page: 0x000002dbe1c80000

Metaspace:

Usage:
  Non-class:     16.24 MB used.
      Class:      2.23 MB used.
       Both:     18.47 MB used.

Virtual space:
  Non-class space:       64.00 MB reserved,      16.31 MB ( 25%) committed,  1 nodes.
      Class space:        1.00 GB reserved,       2.31 MB ( <1%) committed,  1 nodes.
             Both:        1.06 GB reserved,      18.62 MB (  2%) committed. 

Chunk freelists:
   Non-Class:  15.48 MB
       Class:  13.69 MB
        Both:  29.18 MB

MaxMetaspaceSize: unlimited
CompressedClassSpaceSize: 1.00 GB
Initial GC threshold: 21.00 MB
Current GC threshold: 21.00 MB
CDS: on
MetaspaceReclaimPolicy: balanced
 - commit_granule_bytes: 65536.
 - commit_granule_words: 8192.
 - virtual_space_node_default_size: 8388608.
 - enlarge_chunks_in_place: 1.
 - new_chunks_are_fully_committed: 0.
 - uncommit_free_chunks: 1.
 - use_allocation_guard: 0.
 - handle_deallocations: 1.


Internal statistics:

num_allocs_failed_limit: 0.
num_arena_births: 118.
num_arena_deaths: 0.
num_vsnodes_births: 2.
num_vsnodes_deaths: 0.
num_space_committed: 298.
num_space_uncommitted: 0.
num_chunks_returned_to_freelist: 0.
num_chunks_taken_from_freelist: 808.
num_chunk_merges: 0.
num_chunk_splits: 542.
num_chunks_enlarged: 436.
num_inconsistent_stats: 0.

CodeHeap 'non-profiled nmethods': size=120000Kb used=2108Kb max_used=2108Kb free=117891Kb
 bounds [0x000002dbee760000, 0x000002dbee9d0000, 0x000002dbf5c90000]
CodeHeap 'profiled nmethods': size=120000Kb used=9096Kb max_used=9096Kb free=110903Kb
 bounds [0x000002dbe6c90000, 0x000002dbe7580000, 0x000002dbee1c0000]
CodeHeap 'non-nmethods': size=5760Kb used=1200Kb max_used=1242Kb free=4559Kb
 bounds [0x000002dbee1c0000, 0x000002dbee430000, 0x000002dbee760000]
 total_blobs=4780 nmethods=4298 adapters=394
 compilation: enabled
              stopped_count=0, restarted_count=0
 full_count=0

Compilation events (20 events):
Event: 1.832 Thread 0x000002db8030e790 nmethod 4270 0x000002dbe7559d90 code [0x000002dbe7559f40, 0x000002dbe755a248]
Event: 1.832 Thread 0x000002db8030e790 4271       3       jdk.internal.perf.PerfCounter::getZipFileOpenTime (4 bytes)
Event: 1.832 Thread 0x000002db8030e790 nmethod 4271 0x000002dbe755a390 code [0x000002dbe755a520, 0x000002dbe755a618]
Event: 1.832 Thread 0x000002db8030e790 4272       3       jdk.internal.perf.PerfCounter::getZipFileCount (4 bytes)
Event: 1.832 Thread 0x000002db8030e790 nmethod 4272 0x000002dbe755a690 code [0x000002dbe755a820, 0x000002dbe755a918]
Event: 1.833 Thread 0x000002db8030e790 4275       3       org.eclipse.sisu.space.Streams::open (26 bytes)
Event: 1.833 Thread 0x000002db8030e790 nmethod 4275 0x000002dbe755a990 code [0x000002dbe755ab60, 0x000002dbe755af28]
Event: 1.833 Thread 0x000002db8030e790 4276       3       sun.net.www.protocol.jar.JarURLConnection::setUseCaches (9 bytes)
Event: 1.833 Thread 0x000002db8030e790 nmethod 4276 0x000002dbe755b090 code [0x000002dbe755b240, 0x000002dbe755b428]
Event: 1.833 Thread 0x000002db8030e790 4277   !   3       sun.net.www.protocol.jar.JarFileFactory::get (146 bytes)
Event: 1.833 Thread 0x000002db8030e790 nmethod 4277 0x000002dbe755b510 code [0x000002dbe755b780, 0x000002dbe755c208]
Event: 1.833 Thread 0x000002db8030e790 4278       3       sun.net.www.protocol.jar.URLJarFile::close (22 bytes)
Event: 1.833 Thread 0x000002db8030e790 nmethod 4278 0x000002dbe755c690 code [0x000002dbe755c840, 0x000002dbe755ca58]
Event: 1.836 Thread 0x000002dbc60693e0 4279  s!   4       java.lang.StackTraceElement::computeFormat (71 bytes)
Event: 1.837 Thread 0x000002db8030e790 4280       3       com.google.inject.internal.InstanceBindingImpl::acceptTargetVisitor (8 bytes)
Event: 1.837 Thread 0x000002db80599350 nmethod 4239 0x000002dbee969390 code [0x000002dbee969600, 0x000002dbee96b710]
Event: 1.837 Thread 0x000002db8030e790 nmethod 4280 0x000002dbe755cb90 code [0x000002dbe755cd40, 0x000002dbe755cf28]
Event: 1.840 Thread 0x000002dbc60693e0 nmethod 4279 0x000002dbee96ca10 code [0x000002dbee96cba0, 0x000002dbee96d1f8]
Event: 1.840 Thread 0x000002db8030e790 4281   !   3       jdk.internal.loader.URLClassPath$JarLoader::getResource (65 bytes)
Event: 1.840 Thread 0x000002db8030e790 nmethod 4281 0x000002dbe755d010 code [0x000002dbe755d260, 0x000002dbe755dcc8]

GC Heap History (4 events):
Event: 0.347 GC heap before
{Heap before GC invocations=0 (full 0):
 garbage-first heap   total 194560K, used 22528K [0x0000000743600000, 0x0000000800000000)
  region size 2048K, 11 young (22528K), 0 survivors (0K)
 Metaspace       used 5628K, committed 5824K, reserved 1114112K
  class space    used 701K, committed 768K, reserved 1048576K
}
Event: 0.351 GC heap after
{Heap after GC invocations=1 (full 0):
 garbage-first heap   total 194560K, used 3712K [0x0000000743600000, 0x0000000800000000)
  region size 2048K, 2 young (4096K), 2 survivors (4096K)
 Metaspace       used 5628K, committed 5824K, reserved 1114112K
  class space    used 701K, committed 768K, reserved 1048576K
}
Event: 0.647 GC heap before
{Heap before GC invocations=1 (full 0):
 garbage-first heap   total 194560K, used 34432K [0x0000000743600000, 0x0000000800000000)
  region size 2048K, 17 young (34816K), 2 survivors (4096K)
 Metaspace       used 9456K, committed 9536K, reserved 1114112K
  class space    used 1189K, committed 1216K, reserved 1048576K
}
Event: 0.650 GC heap after
{Heap after GC invocations=2 (full 0):
 garbage-first heap   total 194560K, used 5102K [0x0000000743600000, 0x0000000800000000)
  region size 2048K, 1 young (2048K), 1 survivors (2048K)
 Metaspace       used 9456K, committed 9536K, reserved 1114112K
  class space    used 1189K, committed 1216K, reserved 1048576K
}

Dll operation events (3 events):
Event: 0.006 Loaded shared library C:\Users\User_01\.jdks\jbr-17.0.12\bin\java.dll
Event: 0.021 Loaded shared library C:\Users\User_01\.jdks\jbr-17.0.12\bin\jsvml.dll
Event: 0.109 Loaded shared library C:\Users\User_01\.jdks\jbr-17.0.12\bin\verify.dll

Deoptimization events (20 events):
Event: 1.680 Thread 0x000002dbe1d212c0 DEOPT PACKING pc=0x000002dbee79cb1c sp=0x000000f6259fc8d0
Event: 1.680 Thread 0x000002dbe1d212c0 DEOPT UNPACKING pc=0x000002dbee21a1a3 sp=0x000000f6259fc840 mode 2
Event: 1.703 Thread 0x000002dbe1d212c0 Uncommon trap: trap_request=0xffffffde fr.pc=0x000002dbee79cb1c relative=0x0000000000000ffc
Event: 1.703 Thread 0x000002dbe1d212c0 Uncommon trap: reason=class_check action=maybe_recompile pc=0x000002dbee79cb1c method=java.util.concurrent.ConcurrentHashMap.putVal(Ljava/lang/Object;Ljava/lang/Object;Z)Ljava/lang/Object; @ 242 c2
Event: 1.703 Thread 0x000002dbe1d212c0 DEOPT PACKING pc=0x000002dbee79cb1c sp=0x000000f6259fc440
Event: 1.703 Thread 0x000002dbe1d212c0 DEOPT UNPACKING pc=0x000002dbee21a1a3 sp=0x000000f6259fc3b0 mode 2
Event: 1.726 Thread 0x000002dbe1d212c0 Uncommon trap: trap_request=0xffffffc6 fr.pc=0x000002dbee8e9768 relative=0x0000000000000508
Event: 1.726 Thread 0x000002dbe1d212c0 Uncommon trap: reason=bimorphic_or_optimized_type_check action=maybe_recompile pc=0x000002dbee8e9768 method=java.util.regex.Pattern$Slice.match(Ljava/util/regex/Matcher;ILjava/lang/CharSequence;)Z @ 75 c2
Event: 1.726 Thread 0x000002dbe1d212c0 DEOPT PACKING pc=0x000002dbee8e9768 sp=0x000000f6259fb9b0
Event: 1.726 Thread 0x000002dbe1d212c0 DEOPT UNPACKING pc=0x000002dbee21a1a3 sp=0x000000f6259fb940 mode 2
Event: 1.742 Thread 0x000002dbe1d212c0 DEOPT PACKING pc=0x000002dbe6ed17cc sp=0x000000f6259fb1f0
Event: 1.742 Thread 0x000002dbe1d212c0 DEOPT UNPACKING pc=0x000002dbee21ace3 sp=0x000000f6259fa748 mode 0
Event: 1.777 Thread 0x000002dbe1d212c0 DEOPT PACKING pc=0x000002dbe6ddf28b sp=0x000000f6259fceb0
Event: 1.777 Thread 0x000002dbe1d212c0 DEOPT UNPACKING pc=0x000002dbee21ace3 sp=0x000000f6259fc390 mode 0
Event: 1.809 Thread 0x000002dbe1d212c0 DEOPT PACKING pc=0x000002dbe6ed17cc sp=0x000000f6259fc340
Event: 1.809 Thread 0x000002dbe1d212c0 DEOPT UNPACKING pc=0x000002dbee21ace3 sp=0x000000f6259fb898 mode 0
Event: 1.820 Thread 0x000002dbe1d212c0 Uncommon trap: trap_request=0xffffff45 fr.pc=0x000002dbee79f088 relative=0x0000000000000f68
Event: 1.820 Thread 0x000002dbe1d212c0 Uncommon trap: reason=unstable_if action=reinterpret pc=0x000002dbee79f088 method=jdk.internal.loader.URLClassPath$JarLoader.getResource(Ljava/lang/String;Z)Ljdk/internal/loader/Resource; @ 42 c2
Event: 1.820 Thread 0x000002dbe1d212c0 DEOPT PACKING pc=0x000002dbee79f088 sp=0x000000f6259fc5f0
Event: 1.820 Thread 0x000002dbe1d212c0 DEOPT UNPACKING pc=0x000002dbee21a1a3 sp=0x000000f6259fc5f8 mode 2

Classes loaded (20 events):
Event: 1.384 Loading class jdk/internal/reflect/UnsafeBooleanFieldAccessorImpl
Event: 1.384 Loading class jdk/internal/reflect/UnsafeBooleanFieldAccessorImpl done
Event: 1.389 Loading class java/lang/Character$UnicodeBlock
Event: 1.389 Loading class java/lang/Character$Subset
Event: 1.389 Loading class java/lang/Character$Subset done
Event: 1.389 Loading class java/lang/Character$UnicodeBlock done
Event: 1.398 Loading class java/nio/file/NoSuchFileException
Event: 1.398 Loading class java/nio/file/NoSuchFileException done
Event: 1.398 Loading class java/nio/file/attribute/PosixFileAttributes
Event: 1.398 Loading class java/nio/file/attribute/PosixFileAttributes done
Event: 1.510 Loading class java/io/FileWriter
Event: 1.510 Loading class java/io/FileWriter done
Event: 1.520 Loading class jdk/internal/reflect/UnsafeIntegerFieldAccessorImpl
Event: 1.520 Loading class jdk/internal/reflect/UnsafeIntegerFieldAccessorImpl done
Event: 1.523 Loading class java/util/ServiceConfigurationError
Event: 1.523 Loading class java/util/ServiceConfigurationError done
Event: 1.535 Loading class sun/nio/fs/WindowsChannelFactory$2
Event: 1.535 Loading class sun/nio/fs/WindowsChannelFactory$2 done
Event: 1.536 Loading class java/nio/channels/Channels$1
Event: 1.536 Loading class java/nio/channels/Channels$1 done

Classes unloaded (0 events):
No events

Classes redefined (0 events):
No events

Internal exceptions (20 events):
Event: 0.318 Thread 0x000002dbe1d212c0 Exception <a 'java/lang/NoClassDefFoundError'{0x000000074e0d5e20}: javax/enterprise/inject/Typed> (0x000000074e0d5e20) 
thrown [s\src\hotspot\share\classfile\systemDictionary.cpp, line 245]
Event: 0.743 Thread 0x000002dbe1d212c0 Exception <a 'java/lang/NoSuchMethodError'{0x000000074eca8068}: 'void java.lang.invoke.DirectMethodHandle$Holder.invokeStaticInit(java.lang.Object, java.lang.Object, java.lang.Object)'> (0x000000074eca8068) 
thrown [s\src\hotspot\share\interpreter\linkResolver.cpp, line 771]
Event: 0.747 Thread 0x000002dbe1d212c0 Exception <a 'java/lang/ExceptionInInitializerError'{0x000000074ecd4120}> (0x000000074ecd4120) 
thrown [s\src\hotspot\share\oops\instanceKlass.cpp, line 1233]
Event: 0.763 Thread 0x000002dbe1d212c0 Implicit null exception at 0x000002dbee7d7caf to 0x000002dbee7d7e10
Event: 0.764 Thread 0x000002dbe1d212c0 Exception <a 'java/lang/NoSuchMethodError'{0x000000074ede8460}: 'java.lang.Object java.lang.invoke.Invokers$Holder.invokeExact_MT(java.lang.Object, int, java.lang.Object)'> (0x000000074ede8460) 
thrown [s\src\hotspot\share\interpreter\linkResolver.cpp, line 771]
Event: 0.773 Thread 0x000002dbe1d212c0 Exception <a 'java/lang/NoSuchMethodError'{0x000000074ea514a0}: 'int java.lang.invoke.DirectMethodHandle$Holder.invokeSpecial(java.lang.Object, java.lang.Object, java.lang.Object, java.lang.Object)'> (0x000000074ea514a0) 
thrown [s\src\hotspot\share\interpreter\linkResolver.cpp, line 771]
Event: 0.901 Thread 0x000002dbe1d212c0 Exception <a 'java/lang/NoClassDefFoundError'{0x000000074e369c38}: com/google/inject/servlet/ServletModuleTargetVisitor> (0x000000074e369c38) 
thrown [s\src\hotspot\share\classfile\systemDictionary.cpp, line 245]
Event: 0.933 Thread 0x000002dbe1d212c0 Exception <a 'java/lang/NoSuchMethodError'{0x000000074e1f3680}: 'void java.lang.invoke.DirectMethodHandle$Holder.invokeVirtual(java.lang.Object, java.lang.Object)'> (0x000000074e1f3680) 
thrown [s\src\hotspot\share\interpreter\linkResolver.cpp, line 771]
Event: 0.947 Thread 0x000002dbe1d212c0 Exception <a 'java/lang/NoSuchMethodError'{0x000000074de7b628}: 'java.lang.Object java.lang.invoke.DirectMethodHandle$Holder.invokeStaticInit(java.lang.Object, int, int, int, int)'> (0x000000074de7b628) 
thrown [s\src\hotspot\share\interpreter\linkResolver.cpp, line 771]
Event: 1.010 Thread 0x000002dbe1d212c0 Exception <a 'java/lang/NoSuchMethodError'{0x000000074d849cb8}: 'void java.lang.invoke.DirectMethodHandle$Holder.invokeSpecial(java.lang.Object, java.lang.Object, java.lang.Object, java.lang.Object, java.lang.Object)'> (0x000000074d849cb8) 
thrown [s\src\hotspot\share\interpreter\linkResolver.cpp, line 771]
Event: 1.011 Thread 0x000002dbe1d212c0 Exception <a 'java/lang/NoSuchMethodError'{0x000000074d8678c8}: 'java.lang.Object java.lang.invoke.DirectMethodHandle$Holder.invokeVirtual(java.lang.Object, java.lang.Object, java.lang.Object)'> (0x000000074d8678c8) 
thrown [s\src\hotspot\share\interpreter\linkResolver.cpp, line 771]
Event: 1.013 Thread 0x000002dbe1d212c0 Exception <a 'java/lang/NoSuchMethodError'{0x000000074d87b080}: 'void java.lang.invoke.DirectMethodHandle$Holder.invokeSpecial(java.lang.Object, java.lang.Object, java.lang.Object, java.lang.Object, java.lang.Object, java.lang.Object)'> (0x000000074d87b080) 
thrown [s\src\hotspot\share\interpreter\linkResolver.cpp, line 771]
Event: 1.141 Thread 0x000002dbe1d212c0 Implicit null exception at 0x000002dbee802058 to 0x000002dbee8020ee
Event: 1.141 Thread 0x000002dbe1d212c0 Implicit null exception at 0x000002dbee811bed to 0x000002dbee811dc4
Event: 1.141 Thread 0x000002dbe1d212c0 Implicit null exception at 0x000002dbee80aa0f to 0x000002dbee80aa89
Event: 1.220 Thread 0x000002dbe1d212c0 Implicit null exception at 0x000002dbee810f6d to 0x000002dbee81113c
Event: 1.234 Thread 0x000002dbe1d212c0 Exception <a 'java/lang/NoSuchMethodError'{0x000000074c65d200}: 'java.lang.Object java.lang.invoke.DirectMethodHandle$Holder.newInvokeSpecial(java.lang.Object, java.lang.Object, java.lang.Object, java.lang.Object, java.lang.Object, java.lang.Object, java.lang.Object)'> (0x000000074c65d200) 
thrown [s\src\hotspot\share\interpreter\linkResolver.cpp, line 771]
Event: 1.234 Thread 0x000002dbe1d212c0 Exception <a 'java/lang/NoSuchMethodError'{0x000000074c661b10}: 'java.lang.Object java.lang.invoke.Invokers$Holder.linkToTargetMethod(java.lang.Object, java.lang.Object, java.lang.Object, java.lang.Object, java.lang.Object, java.lang.Object, java.lang.Object)'> (0x000000074c661b10) 
thrown [s\src\hotspot\share\interpreter\linkResolver.cpp, line 771]
Event: 1.372 Thread 0x000002dbe1d212c0 Exception <a 'java/lang/NoSuchMethodError'{0x000000074bc66e58}: 'int java.lang.invoke.DirectMethodHandle$Holder.invokeVirtual(java.lang.Object, java.lang.Object)'> (0x000000074bc66e58) 
thrown [s\src\hotspot\share\interpreter\linkResolver.cpp, line 771]
Event: 1.391 Thread 0x000002dbe1d212c0 Exception <a 'java/lang/NoSuchMethodError'{0x000000074ba554d0}: 'int java.lang.invoke.DirectMethodHandle$Holder.invokeStatic(java.lang.Object, java.lang.Object, int)'> (0x000000074ba554d0) 
thrown [s\src\hotspot\share\interpreter\linkResolver.cpp, line 771]

VM Operations (20 events):
Event: 0.890 Executing VM operation: HandshakeAllThreads
Event: 0.890 Executing VM operation: HandshakeAllThreads done
Event: 0.940 Executing VM operation: HandshakeAllThreads
Event: 0.940 Executing VM operation: HandshakeAllThreads done
Event: 0.953 Executing VM operation: HandshakeAllThreads
Event: 0.953 Executing VM operation: HandshakeAllThreads done
Event: 0.992 Executing VM operation: HandshakeAllThreads
Event: 0.992 Executing VM operation: HandshakeAllThreads done
Event: 0.993 Executing VM operation: HandshakeAllThreads
Event: 0.993 Executing VM operation: HandshakeAllThreads done
Event: 1.029 Executing VM operation: ICBufferFull
Event: 1.029 Executing VM operation: ICBufferFull done
Event: 1.213 Executing VM operation: ICBufferFull
Event: 1.213 Executing VM operation: ICBufferFull done
Event: 1.377 Executing VM operation: HandshakeAllThreads
Event: 1.377 Executing VM operation: HandshakeAllThreads done
Event: 1.382 Executing VM operation: ICBufferFull
Event: 1.382 Executing VM operation: ICBufferFull done
Event: 1.563 Executing VM operation: ICBufferFull
Event: 1.564 Executing VM operation: ICBufferFull done

Events (20 events):
Event: 0.023 Thread 0x000002db802ecea0 Thread added: 0x000002db802ecea0
Event: 0.030 Thread 0x000002db80300130 Thread added: 0x000002db80300130
Event: 0.030 Thread 0x000002db80302a10 Thread added: 0x000002db80302a10
Event: 0.030 Thread 0x000002db80305e90 Thread added: 0x000002db80305e90
Event: 0.030 Thread 0x000002db80598090 Thread added: 0x000002db80598090
Event: 0.030 Thread 0x000002db80599350 Thread added: 0x000002db80599350
Event: 0.030 Thread 0x000002db8030e790 Thread added: 0x000002db8030e790
Event: 0.030 Thread 0x000002db8059d070 Thread added: 0x000002db8059d070
Event: 0.038 Thread 0x000002db806d7b90 Thread added: 0x000002db806d7b90
Event: 0.040 Thread 0x000002db806e5f30 Thread added: 0x000002db806e5f30
Event: 0.043 Loaded shared library C:\Users\User_01\.jdks\jbr-17.0.12\bin\net.dll
Event: 0.044 Loaded shared library C:\Users\User_01\.jdks\jbr-17.0.12\bin\nio.dll
Event: 0.045 Loaded shared library C:\Users\User_01\.jdks\jbr-17.0.12\bin\zip.dll
Event: 0.101 Thread 0x000002db8093d870 Thread added: 0x000002db8093d870
Event: 0.103 Loaded shared library C:\Program Files\JetBrains\IntelliJ IDEA 2025.2.3\plugins\maven\lib\maven3\lib\jansi-native\Windows\x86_64\jansi.dll
Event: 0.103 Loaded shared library C:\Users\User_01\.jdks\jbr-17.0.12\bin\jimage.dll
Event: 0.107 Thread 0x000002db8093d870 Thread exited: 0x000002db8093d870
Event: 0.199 Thread 0x000002dbc6067950 Thread added: 0x000002dbc6067950
Event: 0.333 Thread 0x000002dbc60693e0 Thread added: 0x000002dbc60693e0
Event: 0.978 Thread 0x000002dbc6d8b830 Thread added: 0x000002dbc6d8b830


Dynamic libraries:
0x00007ff690b80000 - 0x00007ff690b8a000 	C:\Users\User_01\.jdks\jbr-17.0.12\bin\java.exe
0x00007ffc76e60000 - 0x00007ffc770c7000 	C:\WINDOWS\SYSTEM32\ntdll.dll
0x00007ffc75cc0000 - 0x00007ffc75d89000 	C:\WINDOWS\System32\KERNEL32.DLL
0x00007ffc742a0000 - 0x00007ffc7468f000 	C:\WINDOWS\System32\KERNELBASE.dll
0x00007ffc740a0000 - 0x00007ffc741eb000 	C:\WINDOWS\System32\ucrtbase.dll
0x00007ffc624b0000 - 0x00007ffc624c7000 	C:\Users\User_01\.jdks\jbr-17.0.12\bin\jli.dll
0x00007ffc5da50000 - 0x00007ffc5da6b000 	C:\Users\User_01\.jdks\jbr-17.0.12\bin\VCRUNTIME140.dll
0x00007ffc74fa0000 - 0x00007ffc75165000 	C:\WINDOWS\System32\USER32.dll
0x00007ffc57670000 - 0x00007ffc57903000 	C:\WINDOWS\WinSxS\amd64_microsoft.windows.common-controls_6595b64144ccf1df_6.0.26100.7309_none_3e05feeae336a044\COMCTL32.dll
0x00007ffc73fb0000 - 0x00007ffc73fd7000 	C:\WINDOWS\System32\win32u.dll
0x00007ffc76d70000 - 0x00007ffc76e19000 	C:\WINDOWS\System32\msvcrt.dll
0x00007ffc74e10000 - 0x00007ffc74e3b000 	C:\WINDOWS\System32\GDI32.dll
0x00007ffc746a0000 - 0x00007ffc747cc000 	C:\WINDOWS\System32\gdi32full.dll
0x00007ffc74940000 - 0x00007ffc749e3000 	C:\WINDOWS\System32\msvcp_win.dll
0x00007ffc76ce0000 - 0x00007ffc76d11000 	C:\WINDOWS\System32\IMM32.DLL
0x000000005bdd0000 - 0x000000005bddc000 	C:\Program Files (x86)\360\Total Security\safemon\SafeWrapper.dll
0x00007ffc75170000 - 0x00007ffc75224000 	C:\WINDOWS\System32\ADVAPI32.dll
0x00007ffc755c0000 - 0x00007ffc75666000 	C:\WINDOWS\System32\sechost.dll
0x00007ffc76610000 - 0x00007ffc76728000 	C:\WINDOWS\System32\RPCRT4.dll
0x00007ffc37f90000 - 0x00007ffc3803c000 	C:\Program Files (x86)\360\Total Security\safemon\libzdtp64.dll
0x00007ffc75e20000 - 0x00007ffc76573000 	C:\WINDOWS\System32\SHELL32.dll
0x00007ffc747d0000 - 0x00007ffc7493a000 	C:\WINDOWS\System32\wintypes.dll
0x00007ffc75230000 - 0x00007ffc755b6000 	C:\WINDOWS\System32\combase.dll
0x00007ffc75da0000 - 0x00007ffc75e06000 	C:\WINDOWS\System32\SHLWAPI.dll
0x00007ffc73a90000 - 0x00007ffc73a9b000 	C:\WINDOWS\SYSTEM32\VERSION.dll
0x00007ffc709c0000 - 0x00007ffc709cc000 	C:\Users\User_01\.jdks\jbr-17.0.12\bin\vcruntime140_1.dll
0x00007ffc34550000 - 0x00007ffc345dd000 	C:\Users\User_01\.jdks\jbr-17.0.12\bin\msvcp140.dll
0x00007ffb85150000 - 0x00007ffb85dda000 	C:\Users\User_01\.jdks\jbr-17.0.12\bin\server\jvm.dll
0x00007ffc76580000 - 0x00007ffc765f4000 	C:\WINDOWS\System32\WS2_32.dll
0x00007ffc73e10000 - 0x00007ffc73e6e000 	C:\WINDOWS\SYSTEM32\POWRPROF.dll
0x00007ffc6b560000 - 0x00007ffc6b595000 	C:\WINDOWS\SYSTEM32\WINMM.dll
0x00007ffc73df0000 - 0x00007ffc73e04000 	C:\WINDOWS\SYSTEM32\UMPDC.dll
0x00007ffc72cf0000 - 0x00007ffc72d0b000 	C:\WINDOWS\SYSTEM32\kernel.appcore.dll
0x00007ffc6ea20000 - 0x00007ffc6ea2a000 	C:\Users\User_01\.jdks\jbr-17.0.12\bin\jimage.dll
0x00007ffc70d80000 - 0x00007ffc70fc2000 	C:\WINDOWS\SYSTEM32\DBGHELP.DLL
0x00007ffc74e40000 - 0x00007ffc74f16000 	C:\WINDOWS\System32\OLEAUT32.dll
0x00007ffc575c0000 - 0x00007ffc575fc000 	C:\WINDOWS\SYSTEM32\dbgcore.DLL
0x00007ffc741f0000 - 0x00007ffc74295000 	C:\WINDOWS\System32\bcryptPrimitives.dll
0x00007ffc27790000 - 0x00007ffc277b5000 	C:\Users\User_01\.jdks\jbr-17.0.12\bin\java.dll
0x00007ffbbfff0000 - 0x00007ffbc00c7000 	C:\Users\User_01\.jdks\jbr-17.0.12\bin\jsvml.dll
0x00007ffc71b20000 - 0x00007ffc7237e000 	C:\WINDOWS\SYSTEM32\windows.storage.dll
0x00007ffc75700000 - 0x00007ffc757f5000 	C:\WINDOWS\System32\SHCORE.dll
0x00007ffc73ed0000 - 0x00007ffc73ef9000 	C:\WINDOWS\SYSTEM32\profapi.dll
0x00007ffc51a60000 - 0x00007ffc51a78000 	C:\Users\User_01\.jdks\jbr-17.0.12\bin\zip.dll
0x00007ffc51940000 - 0x00007ffc51959000 	C:\Users\User_01\.jdks\jbr-17.0.12\bin\net.dll
0x00007ffc66180000 - 0x00007ffc662a8000 	C:\WINDOWS\SYSTEM32\WINHTTP.dll
0x00007ffc73260000 - 0x00007ffc732cb000 	C:\WINDOWS\system32\mswsock.dll
0x00007ffc489a0000 - 0x00007ffc489b6000 	C:\Users\User_01\.jdks\jbr-17.0.12\bin\nio.dll
0x00007ffbfe480000 - 0x00007ffbfe4a4000 	C:\Program Files\JetBrains\IntelliJ IDEA 2025.2.3\plugins\maven\lib\maven3\lib\jansi-native\Windows\x86_64\jansi.dll
0x00007ffc62d00000 - 0x00007ffc62d10000 	C:\Users\User_01\.jdks\jbr-17.0.12\bin\verify.dll

dbghelp: loaded successfully - version: 4.0.5 - missing functions: none
symbol engine: initialized successfully - sym options: 0x614 - pdb path: .;C:\Users\User_01\.jdks\jbr-17.0.12\bin;C:\WINDOWS\SYSTEM32;C:\WINDOWS\WinSxS\amd64_microsoft.windows.common-controls_6595b64144ccf1df_6.0.26100.7309_none_3e05feeae336a044;C:\Program Files (x86)\360\Total Security\safemon;C:\Users\User_01\.jdks\jbr-17.0.12\bin\server;C:\Program Files\JetBrains\IntelliJ IDEA 2025.2.3\plugins\maven\lib\maven3\lib\jansi-native\Windows\x86_64

VM Arguments:
jvm_args: -Dclassworlds.conf=C:\Program Files\JetBrains\IntelliJ IDEA 2025.2.3\plugins\maven\lib\maven3\bin\m2.conf -Dmaven.home=C:\Program Files\JetBrains\IntelliJ IDEA 2025.2.3\plugins\maven\lib\maven3 -Dlibrary.jansi.path=C:\Program Files\JetBrains\IntelliJ IDEA 2025.2.3\plugins\maven\lib\maven3\lib\jansi-native -Dmaven.multiModuleProjectDirectory=C:\Users\User_01\projet_Greencore 
java_command: org.codehaus.plexus.classworlds.launcher.Launcher -Didea.version=2025.2.3 -Dmaven.ext.class.path=C:\Program Files\JetBrains\IntelliJ IDEA 2025.2.3\plugins\maven\lib\maven-event-listener.jar -Djansi.passthrough=true -Dstyle.color=always -Dmaven.repo.local=C:\Users\User_01\.m2\repository javafx:run -f pom.xml
java_class_path (initial): C:\Program Files\JetBrains\IntelliJ IDEA 2025.2.3\plugins\maven\lib\maven3\boot\plexus-classworlds-2.8.0.jar
Launcher Type: SUN_STANDARD

[Global flags]
     intx CICompilerCount                          = 4                                         {product} {ergonomic}
     uint ConcGCThreads                            = 2                                         {product} {ergonomic}
     uint G1ConcRefinementThreads                  = 8                                         {product} {ergonomic}
   size_t G1HeapRegionSize                         = 2097152                                   {product} {ergonomic}
    uintx GCDrainStackTargetSize                   = 64                                        {product} {ergonomic}
   size_t InitialHeapSize                          = 199229440                                 {product} {ergonomic}
   size_t MarkStackSize                            = 4194304                                   {product} {ergonomic}
   size_t MaxHeapSize                              = 3164602368                                {product} {ergonomic}
   size_t MaxNewSize                               = 1897922560                                {product} {ergonomic}
   size_t MinHeapDeltaBytes                        = 2097152                                   {product} {ergonomic}
   size_t MinHeapSize                              = 8388608                                   {product} {ergonomic}
    uintx NonNMethodCodeHeapSize                   = 5839372                                {pd product} {ergonomic}
    uintx NonProfiledCodeHeapSize                  = 122909434                              {pd product} {ergonomic}
    uintx ProfiledCodeHeapSize                     = 122909434                              {pd product} {ergonomic}
    uintx ReservedCodeCacheSize                    = 251658240                              {pd product} {ergonomic}
     bool SegmentedCodeCache                       = true                                      {product} {ergonomic}
   size_t SoftMaxHeapSize                          = 3164602368                             {manageable} {ergonomic}
     bool UseCompressedClassPointers               = true                           {product lp64_product} {ergonomic}
     bool UseCompressedOops                        = true                           {product lp64_product} {ergonomic}
     bool UseG1GC                                  = true                                      {product} {ergonomic}
     bool UseLargePagesIndividualAllocation        = false                                  {pd product} {ergonomic}

Logging:
Log output configuration:
 #0: stdout all=warning uptime,level,tags
 #1: stderr all=off uptime,level,tags

Environment Variables:
JAVA_HOME=C:\Users\User_01\.jdks\jbr-17.0.12
PATH=C:\oraclexe\app\oracle\product\11.2.0\server\bin;C:\oraclexe\app\oracle\product\11.2.0\server\bin;C:\Program Files (x86)\VMware\VMware Workstation\bin\;C:\Windows\system32;C:\Windows;C:\Windows\System32\Wbem;C:\Windows\System32\WindowsPowerShell\v1.0\;C:\Windows\System32\OpenSSH\;C:\Program Files (x86)\NVIDIA Corporation\PhysX\Common;C:\Program Files\NVIDIA Corporation\NVIDIA NvDLISR;C:\xampp\php;C:\composer;C:\WINDOWS\system32;C:\WINDOWS;C:\WINDOWS\System32\Wbem;C:\WINDOWS\System32\WindowsPowerShell\v1.0\;C:\WINDOWS\System32\OpenSSH\;C:\Program Files\cursor\resources\app\bin;C:\Program Files\Git\cmd;C:\Users\User_01\AppData\Local\Programs\Eclipse Adoptium\jdk-25.0.1.8-hotspot\bin;C:\Users\User_01\AppData\Local\Programs\Python\Python312\Scripts\;C:\Users\User_01\AppData\Local\Programs\Python\Python312\;C:\Users\User_01\scoop\shims;C:\Users\User_01\AppData\Local\Microsoft\WindowsApps;C:\Users\User_01\AppData\Local\Programs\Microsoft VS Code\bin;C:\Users\User_01\AppData\Roaming\Composer\vendor\bin;C:\Program Files\JetBrains\IntelliJ IDEA 2024.1.2\bin;;C:\Program Files\JetBrains\PhpStorm 2024.2.1\bin;C:\Users\User_01\AppData\Local\Programs\Windsurf\bin
USERNAME=User_01
OS=Windows_NT
PROCESSOR_IDENTIFIER=Intel64 Family 6 Model 140 Stepping 2, GenuineIntel
TMP=C:\Users\User_01\AppData\Local\Temp
TEMP=C:\Users\User_01\AppData\Local\Temp



Periodic native trim disabled

JNI global refs:
JNI global refs: 9, weak refs: 0

JNI global refs memory usage: 843, weak refs: 841

Process memory usage:
Resident Set Size: 227384K (1% of 12361016K total physical memory with 945588K free physical memory)

OOME stack traces (most recent first):
Classloader memory used:
